05-01 08:01:10.960 19994 19994 I warp-android-host: warp_mobile_android_host: terminal_set_scroll_offset requested=348 clamped=348
05-01 08:01:10.961  1802  2321 I CompositionEngine: [setDisplaySize] size=(434, 42)
05-01 08:01:10.968 19994 19994 I warp-android-host: warp_mobile_android_host::vulkan: dynamic_grid_fast_path_ok dt_ms=4 instances=696 fast_path_updates=107 full_reinits=1
05-01 08:01:10.970 19994 19994 I warp-android-host: warp_mobile_android_host::vulkan: present_ok frame=2592 ts=164663444
05-01 08:01:10.970 19994 19994 I warp-android-host: warp_mobile_android_host: terminal_push_frame_dynamic ok=true cells=1920 rows=24 cols=80
05-01 08:01:10.972  2814  4599 D InputDispatcher: Inject motion (20638/2000): action=0x0, time=164663445000000, f=0x0, d=0 dsdx=1.000000 dtdx=0.000000
05-01 08:01:10.973  2814  3644 I InputDispatcher: Delivering touch to (3998): action: 0x4, f=0x0, d=0, 'c5a7fd5', t=1 
05-01 08:01:10.973  2814  3644 I InputDispatcher: Delivering touch to (19994): action: 0x0, f=0x0, d=0, 'b65a79d', t=1 
05-01 08:01:10.973  2814  3644 D PowerManagerService: [api] userActivityFromNative : touch displayId=0 eventTime=164663445
05-01 08:01:10.974 19994 19994 I warp-android-host: warp_mobile_android_host::vulkan: present_ok frame=2593 ts=164663448
05-01 08:01:10.974 19994 19994 I VRI[MainActivity]@afeb858: ViewPostIme pointer 0
05-01 08:01:10.975  4483  4483 I HoneySpace.GestureInputHandler: inputConsumers = [com.honeyspace.gesture.inputconsumer.InputConsumer$Companion$NO_OP$1@3c5d14e]
05-01 08:01:10.975  4483  4483 I HoneySpace.InputSession: inputConsumers = NO_OP
05-01 08:01:10.975  4483  4483 I HoneySpace.InputSession: open
05-01 08:01:10.976  2814  3005 I GestureDetector: obtain mCurrentDownEvent. id: -238449105 caller: com.android.server.wm.SystemGesturesPointerEventListener.onPointerEvent:17 com.android.server.wm.PointerEventDispatcher.onInputEvent:51 android.view.InputEventReceiver.dispatchInputEvent:392 
05-01 08:01:10.976  2814  3005 I GestureDetector: obtain mCurrentDownEvent. id: -238449105 caller: com.android.server.wm.SystemPerformancePointerEventListener.onPointerEvent:13 com.android.server.wm.PointerEventDispatcher.onInputEvent:51 android.view.InputEventReceiver.dispatchInputEvent:392 
05-01 08:01:10.977 19994 19994 D warp-android-host: android_logger: android_logger: log::set_logger failed: attempted to set a logger after the logging system was already initialized
05-01 08:01:10.977 19994 19994 I warp-android-host: warp_mobile_android_host: terminal_set_scroll_offset requested=350 clamped=350
05-01 08:01:10.979  7128  7128 I SemDvfsHyPerManager: acquire hyper - TATouchBoost/7128@30, type = -999
05-01 08:01:10.979  7128  7128 I SemDvfsHyPerManager: acquire hyper - TA_TOUCH_SHARE/7128@31, type = -999
05-01 08:01:10.980  1684  1724 I HYPER-HAL: [RequestManager.cpp]acquire(): Acquired ID : 25622091  [7128 / 30]    HINT :      list : [TABoost / 1] [TIMEOUT / 1500] 
05-01 08:01:10.980  1684  1724 I HYPER-HAL: [RequestManager.cpp]acquire(): Acquired ID : 25629251  [7128 / 31]    HINT : TA_TOUCH_SHARE    list : [TIMEOUT / 1500] 
05-01 08:01:10.981  2814  3005 I GestureDetector: obtain mCurrentMotionEventRaw. action: 2 id: -249880523
05-01 08:01:10.982  2814  3005 I GestureDetector: obtain mCurrentMotionEventRaw. action: 2 id: -249880523
05-01 08:01:10.982  2814  2814 I SemDvfsHyPerManager: acquire hyper - WM_SCROLL_DETECTED/2814@2, type = -999
05-01 08:01:10.982 19994 19994 I warp-android-host: warp_mobile_android_host::vulkan: dynamic_grid_fast_path_ok dt_ms=1 instances=696 fast_path_updates=108 full_reinits=1
05-01 08:01:10.983  1684  1724 I HYPER-HAL: [RequestManager.cpp]acquire(): Acquired ID : 3966338  [2814 / 2]    HINT :      list : [CoreNumBigMin / 3] 
05-01 08:01:10.984 19994 19994 I warp-android-host: warp_mobile_android_host::vulkan: present_ok frame=2594 ts=164663458
05-01 08:01:10.984 19994 19994 I warp-android-host: warp_mobile_android_host: terminal_push_frame_dynamic ok=true cells=1920 rows=24 cols=80
05-01 08:01:10.992 19994 19994 I warp-android-host: warp_mobile_android_host::vulkan: present_ok frame=2595 ts=164663465
05-01 08:01:10.993 19994 19994 D warp-android-host: android_logger: android_logger: log::set_logger failed: attempted to set a logger after the logging system was already initialized
05-01 08:01:10.993 19994 19994 I warp-android-host: warp_mobile_android_host: terminal_set_scroll_offset requested=352 clamped=352
05-01 08:01:11.003 19994 19994 I warp-android-host: warp_mobile_android_host::vulkan: dynamic_grid_fast_path_ok dt_ms=4 instances=696 fast_path_updates=109 full_reinits=1
05-01 08:01:11.005 19994 19994 I warp-android-host: warp_mobile_android_host::vulkan: present_ok frame=2596 ts=164663478
05-01 08:01:11.005 19994 19994 I warp-android-host: warp_mobile_android_host: terminal_push_frame_dynamic ok=true cells=1920 rows=24 cols=80
05-01 08:01:11.009 19994 19994 I warp-android-host: warp_mobile_android_host::vulkan: present_ok frame=2597 ts=164663482
05-01 08:01:11.009 19994 19994 D warp-android-host: android_logger: android_logger: log::set_logger failed: attempted to set a logger after the logging system was already initialized
05-01 08:01:11.009 19994 19994 I warp-android-host: warp_mobile_android_host: terminal_set_scroll_offset requested=353 clamped=353
05-01 08:01:11.020 19994 19994 I warp-android-host: warp_mobile_android_host::vulkan: dynamic_grid_fast_path_ok dt_ms=4 instances=696 fast_path_updates=110 full_reinits=1
05-01 08:01:11.021 19994 19994 I warp-android-host: warp_mobile_android_host::vulkan: present_ok frame=2598 ts=164663495
05-01 08:01:11.022 19994 19994 I warp-android-host: warp_mobile_android_host: terminal_push_frame_dynamic ok=true cells=1920 rows=24 cols=80
05-01 08:01:11.024 19994 19994 I warp-android-host: warp_mobile_android_host::vulkan: present_ok frame=2599 ts=164663498
05-01 08:01:11.026 19994 19994 D warp-android-host: android_logger: android_logger: log::set_logger failed: attempted to set a logger after the logging system was already initialized
05-01 08:01:11.026 19994 19994 I warp-android-host: warp_mobile_android_host: terminal_set_scroll_offset requested=354 clamped=354
05-01 08:01:11.036 19994 19994 I warp-android-host: warp_mobile_android_host::vulkan: dynamic_grid_fast_path_ok dt_ms=4 instances=696 fast_path_updates=111 full_reinits=1
05-01 08:01:11.038 19994 19994 I warp-android-host: warp_mobile_android_host::vulkan: present_ok frame=2600 ts=164663511
05-01 08:01:11.038 19994 19994 I warp-android-host: warp_mobile_android_host: terminal_push_frame_dynamic ok=true cells=1920 rows=24 cols=80
05-01 08:01:11.042 19994 19994 I warp-android-host: warp_mobile_android_host::vulkan: present_ok frame=2601 ts=164663515
05-01 08:01:11.042 19994 19994 D warp-android-host: android_logger: android_logger: log::set_logger failed: attempted to set a logger after the logging system was already initialized
05-01 08:01:11.042 19994 19994 I warp-android-host: warp_mobile_android_host: terminal_set_scroll_offset requested=356 clamped=356
05-01 08:01:11.052 19994 19994 I warp-android-host: warp_mobile_android_host::vulkan: dynamic_grid_fast_path_ok dt_ms=4 instances=696 fast_path_updates=112 full_reinits=1
05-01 08:01:11.054 19994 19994 I warp-android-host: warp_mobile_android_host::vulkan: present_ok frame=2602 ts=164663527
05-01 08:01:11.054 19994 19994 I warp-android-host: warp_mobile_android_host: terminal_push_frame_dynamic ok=true cells=1920 rows=24 cols=80
05-01 08:01:11.058 19994 19994 I warp-android-host: warp_mobile_android_host::vulkan: present_ok frame=2603 ts=164663532
05-01 08:01:11.058 19994 19994 D warp-android-host: android_logger: android_logger: log::set_logger failed: attempted to set a logger after the logging system was already initialized
05-01 08:01:11.058 19994 19994 I warp-android-host: warp_mobile_android_host: terminal_set_scroll_offset requested=357 clamped=357
05-01 08:01:11.068  1802  2321 I CompositionEngine: [setDisplaySize] size=(434, 42)
05-01 08:01:11.069 19994 19994 I warp-android-host: warp_mobile_android_host::vulkan: dynamic_grid_fast_path_ok dt_ms=4 instances=696 fast_path_updates=113 full_reinits=1
05-01 08:01:11.073 19994 19994 I warp-android-host: warp_mobile_android_host::vulkan: present_ok frame=2604 ts=164663547
05-01 08:01:11.073 19994 19994 I warp-android-host: warp_mobile_android_host: terminal_push_frame_dynamic ok=true cells=1920 rows=24 cols=80
05-01 08:01:11.074  2814  4599 D InputDispatcher: Inject motion (20638/2000): action=0x1, time=164663548000000, f=0x0, d=0 dsdx=1.000000 dtdx=0.000000
05-01 08:01:11.075  2814  3644 I InputDispatcher: Delivering touch to (19994): action: 0x1, f=0x0, d=0, 'b65a79d', t=1 
05-01 08:01:11.076 19994 19994 I warp-android-host: warp_mobile_android_host::vulkan: present_ok frame=2605 ts=164663550
05-01 08:01:11.076 19994 19994 I VRI[MainActivity]@afeb858: ViewPostIme pointer 1
05-01 08:01:11.077  7128  7128 I SemDvfsHyPerManager: acquire hyper - TATouchBoost/7128@30, type = -999
05-01 08:01:11.077  2814  2814 I SemDvfsHyPerManager: acquire hyper - GESTURE_DETECTED_HRR/2814@29, type = -999
05-01 08:01:11.077 19994 19994 D warp-android-host: android_logger: android_logger: log::set_logger failed: attempted to set a logger after the logging system was already initialized
05-01 08:01:11.077 19994 19994 I warp-android-host: warp_mobile_android_host: terminal_set_scroll_offset requested=358 clamped=358
05-01 08:01:11.077  2814  2814 I SemDvfsHyPerManager: acquire hyper - SMOOTH_SCROLL/2814@25, type = -999
05-01 08:01:11.077  7128  7128 I SemDvfsHyPerManager: acquire hyper - TA_TOUCH_SHARE/7128@31, type = -999
05-01 08:01:11.077  2814  2814 I SemDvfsHyPerManager: acquire hyper - GESTURE_DETECTED_HRR/2814@29, type = -999
05-01 08:01:11.077  4483  4483 I HoneySpace.GestureInputHandler: reset
05-01 08:01:11.078  4483  4483 I HoneySpace.InputSession: close
05-01 08:01:11.079  1684  1724 I HYPER-HAL: [RequestManager.cpp]releaseLocked(): Released ID : 3966338
05-01 08:01:11.079  1684  1724 I HYPER-HAL: [RequestManager.cpp]acquire(): Acquired ID : 4042775  [2814 / 29]    HINT : GESTURE_DETECTED_HRR    list : [TIMEOUT / 2083] 
05-01 08:01:11.079  1684  1724 I HYPER-HAL: [RequestManager.cpp]acquire(): Acquired ID : 25622091  [7128 / 30]    HINT :      list : [TABoost / 1] [TIMEOUT / 1500] 
05-01 08:01:11.079  1684  1724 I HYPER-HAL: [RequestManager.cpp]acquire(): Acquired ID : 4042775  [2814 / 29]    HINT : GESTURE_DETECTED_HRR    list : [TIMEOUT / 2282] 
05-01 08:01:11.079  1684  1724 I HYPER-HAL: [RequestManager.cpp]acquire(): Acquired ID : 25629251  [7128 / 31]    HINT : TA_TOUCH_SHARE    list : [TIMEOUT / 1500] 
05-01 08:01:11.083 19994 19994 I warp-android-host: warp_mobile_android_host::vulkan: dynamic_grid_fast_path_ok dt_ms=2 instances=696 fast_path_updates=114 full_reinits=1
05-01 08:01:11.085 19994 19994 I warp-android-host: warp_mobile_android_host::vulkan: present_ok frame=2606 ts=164663558
05-01 08:01:11.085 19994 19994 I warp-android-host: warp_mobile_android_host: terminal_push_frame_dynamic ok=true cells=1920 rows=24 cols=80
05-01 08:01:11.090 19994 19994 I warp-android-host: warp_mobile_android_host::vulkan: present_ok frame=2607 ts=164663564
05-01 08:01:11.100 19994 19994 I warp-android-host: warp_mobile_android_host::vulkan: present_ok frame=2608 ts=164663574
05-01 08:01:11.108 19994 19994 I warp-android-host: warp_mobile_android_host::vulkan: present_ok frame=2609 ts=164663581
05-01 08:01:11.109 19994 19994 D warp-android-host: android_logger: android_logger: log::set_logger failed: attempted to set a logger after the logging system was already initialized
05-01 08:01:11.109 19994 19994 I warp-android-host: warp_mobile_android_host: terminal_set_scroll_offset requested=359 clamped=359
05-01 08:01:11.119 19994 19994 I warp-android-host: warp_mobile_android_host::vulkan: dynamic_grid_fast_path_ok dt_ms=4 instances=696 fast_path_updates=115 full_reinits=1
05-01 08:01:11.121 19994 19994 I warp-android-host: warp_mobile_android_host::vulkan: present_ok frame=2610 ts=164663594
05-01 08:01:11.121 19994 19994 I warp-android-host: warp_mobile_android_host: terminal_push_frame_dynamic ok=true cells=1920 rows=24 cols=80
05-01 08:01:11.124 19994 19994 I warp-android-host: warp_mobile_android_host::vulkan: present_ok frame=2611 ts=164663598
05-01 08:01:11.125 19994 19994 D warp-android-host: android_logger: android_logger: log::set_logger failed: attempted to set a logger after the logging system was already initialized
05-01 08:01:11.126 19994 19994 I warp-android-host: warp_mobile_android_host: terminal_set_scroll_offset requested=360 clamped=360
05-01 08:01:11.135 19994 19994 I warp-android-host: warp_mobile_android_host::vulkan: dynamic_grid_fast_path_ok dt_ms=4 instances=696 fast_path_updates=116 full_reinits=1
05-01 08:01:11.137 19994 19994 I warp-android-host: warp_mobile_android_host::vulkan: present_ok frame=2612 ts=164663611
05-01 08:01:11.137 19994 19994 I warp-android-host: warp_mobile_android_host: terminal_push_frame_dynamic ok=true cells=1920 rows=24 cols=80
05-01 08:01:11.141 19994 19994 I warp-android-host: warp_mobile_android_host::vulkan: present_ok frame=2613 ts=164663615
05-01 08:01:11.150 19994 19994 I warp-android-host: warp_mobile_android_host::vulkan: present_ok frame=2614 ts=164663624
05-01 08:01:11.158 19994 19994 I warp-android-host: warp_mobile_android_host::vulkan: present_ok frame=2615 ts=164663631
05-01 08:01:11.158 19994 19994 D warp-android-host: android_logger: android_logger: log::set_logger failed: attempted to set a logger after the logging system was already initialized
05-01 08:01:11.158 19994 19994 I warp-android-host: warp_mobile_android_host: terminal_set_scroll_offset requested=361 clamped=361
05-01 08:01:11.168  1802  2321 I CompositionEngine: [setDisplaySize] size=(434, 42)
05-01 08:01:11.168 19994 19994 I warp-android-host: warp_mobile_android_host::vulkan: dynamic_grid_fast_path_ok dt_ms=4 instances=696 fast_path_updates=117 full_reinits=1
05-01 08:01:11.171 19994 19994 I warp-android-host: warp_mobile_android_host::vulkan: present_ok frame=2616 ts=164663644
05-01 08:01:11.171 19994 19994 I warp-android-host: warp_mobile_android_host: terminal_push_frame_dynamic ok=true cells=1920 rows=24 cols=80
05-01 08:01:11.175 19994 19994 I warp-android-host: warp_mobile_android_host::vulkan: present_ok frame=2617 ts=164663648
05-01 08:01:11.182 19994 19994 I warp-android-host: warp_mobile_android_host::vulkan: present_ok frame=2618 ts=164663656
05-01 08:01:11.191 19994 19994 I warp-android-host: warp_mobile_android_host::vulkan: present_ok frame=2619 ts=164663665
05-01 08:01:11.191 19994 19994 D warp-android-host: android_logger: android_logger: log::set_logger failed: attempted to set a logger after the logging system was already initialized
05-01 08:01:11.192 19994 19994 I warp-android-host: warp_mobile_android_host: terminal_set_scroll_offset requested=362 clamped=362
05-01 08:01:11.202 19994 19994 I warp-android-host: warp_mobile_android_host::vulkan: dynamic_grid_fast_path_ok dt_ms=3 instances=696 fast_path_updates=118 full_reinits=1
05-01 08:01:11.204 19994 19994 I warp-android-host: warp_mobile_android_host::vulkan: present_ok frame=2620 ts=164663677
05-01 08:01:11.204 19994 19994 I warp-android-host: warp_mobile_android_host: terminal_push_frame_dynamic ok=true cells=1920 rows=24 cols=80
05-01 08:01:11.207 19994 19994 I warp-android-host: warp_mobile_android_host::vulkan: present_ok frame=2621 ts=164663681
05-01 08:01:11.216 19994 19994 I warp-android-host: warp_mobile_android_host::vulkan: present_ok frame=2622 ts=164663690
05-01 08:01:11.225 19994 19994 I warp-android-host: warp_mobile_android_host::vulkan: present_ok frame=2623 ts=164663699
05-01 08:01:11.225 19994 19994 D warp-android-host: android_logger: android_logger: log::set_logger failed: attempted to set a logger after the logging system was already initialized
05-01 08:01:11.226 19994 19994 I warp-android-host: warp_mobile_android_host: terminal_set_scroll_offset requested=363 clamped=363
05-01 08:01:11.235 19994 19994 I warp-android-host: warp_mobile_android_host::vulkan: dynamic_grid_fast_path_ok dt_ms=4 instances=696 fast_path_updates=119 full_reinits=1
05-01 08:01:11.237 19994 19994 I warp-android-host: warp_mobile_android_host::vulkan: present_ok frame=2624 ts=164663711
05-01 08:01:11.237 19994 19994 I warp-android-host: warp_mobile_android_host: terminal_push_frame_dynamic ok=true cells=1920 rows=24 cols=80
05-01 08:01:11.240 19994 19994 I warp-android-host: warp_mobile_android_host::vulkan: present_ok frame=2625 ts=164663714
05-01 08:01:11.249 19994 19994 I warp-android-host: warp_mobile_android_host::vulkan: present_ok frame=2626 ts=164663723
05-01 08:01:11.258 19994 19994 I warp-android-host: warp_mobile_android_host::vulkan: present_ok frame=2627 ts=164663731
05-01 08:01:11.265 19994 19994 I warp-android-host: warp_mobile_android_host::vulkan: present_ok frame=2628 ts=164663739
05-01 08:01:11.269  1802  2321 I CompositionEngine: [setDisplaySize] size=(434, 42)
05-01 08:01:11.275 19994 19994 I warp-android-host: warp_mobile_android_host::vulkan: present_ok frame=2629 ts=164663748
05-01 08:01:11.275 19994 19994 D warp-android-host: android_logger: android_logger: log::set_logger failed: attempted to set a logger after the logging system was already initialized
05-01 08:01:11.275 19994 19994 I warp-android-host: warp_mobile_android_host: terminal_set_scroll_offset requested=364 clamped=364
05-01 08:01:11.288 19994 19994 I warp-android-host: warp_mobile_android_host::vulkan: dynamic_grid_fast_path_ok dt_ms=4 instances=696 fast_path_updates=120 full_reinits=1
05-01 08:01:11.290 19994 19994 I warp-android-host: warp_mobile_android_host::vulkan: present_ok frame=2630 ts=164663764
05-01 08:01:11.290 19994 19994 I warp-android-host: warp_mobile_android_host: terminal_push_frame_dynamic ok=true cells=1920 rows=24 cols=80
05-01 08:01:11.298 19994 19994 I warp-android-host: warp_mobile_android_host::vulkan: present_ok frame=2631 ts=164663772
05-01 08:01:11.306 19994 19994 I warp-android-host: warp_mobile_android_host::vulkan: present_ok frame=2632 ts=164663780
05-01 08:01:11.315 19994 19994 I warp-android-host: warp_mobile_android_host::vulkan: present_ok frame=2633 ts=164663789
05-01 08:01:11.324 19994 19994 I warp-android-host: warp_mobile_android_host::vulkan: present_ok frame=2634 ts=164663798
05-01 08:01:11.332 19994 19994 I warp-android-host: warp_mobile_android_host::vulkan: present_ok frame=2635 ts=164663806
05-01 08:01:11.338  2814  4599 D InputDispatcher: Inject motion (20646/2000): action=0x0, time=164663812000000, f=0x0, d=0 dsdx=1.000000 dtdx=0.000000
05-01 08:01:11.340  2814  3644 I InputDispatcher: Delivering touch to (3998): action: 0x4, f=0x0, d=0, 'c5a7fd5', t=1 
05-01 08:01:11.340 19994 19994 I warp-android-host: warp_mobile_android_host::vulkan: present_ok frame=2636 ts=164663814
05-01 08:01:11.340  2814  3644 I InputDispatcher: Delivering touch to (19994): action: 0x0, f=0x0, d=0, 'b65a79d', t=1 
05-01 08:01:11.340 19994 19994 I VRI[MainActivity]@afeb858: ViewPostIme pointer 0
05-01 08:01:11.340 19994 19994 I WarpIme : touch_down x=540.0 y=1500.0
05-01 08:01:11.340 19994 19994 D warp-android-host: android_logger: android_logger: log::set_logger failed: attempted to set a logger after the logging system was already initialized
05-01 08:01:11.340 19994 19994 I warp-android-host: warp_mobile_android_host::input: input_event kind=touch_down x=540.0 y=1500.0 vx=0.0 vy=0.0 events_total=40
05-01 08:01:11.341 19994 19994 I GestureDetector: obtain mCurrentDownEvent. id: -538101914 caller: dev.warp.mobile.WarpInputView.onTouchEvent:395 android.view.View.performOnTouchCallback:17234 android.view.View.dispatchTouchEvent:17187 
05-01 08:01:11.342  4483  4483 I HoneySpace.GestureInputHandler: inputConsumers = [com.honeyspace.gesture.inputconsumer.InputConsumer$Companion$NO_OP$1@3c5d14e]
05-01 08:01:11.342  4483  4483 I HoneySpace.InputSession: inputConsumers = NO_OP
05-01 08:01:11.343  2814  3005 I GestureDetector: obtain mCurrentDownEvent. id: -538101914 caller: com.android.server.wm.SystemGesturesPointerEventListener.onPointerEvent:17 com.android.server.wm.PointerEventDispatcher.onInputEvent:51 android.view.InputEventReceiver.dispatchInputEvent:392 
05-01 08:01:11.343  2814  3005 I GestureDetector: obtain mCurrentDownEvent. id: -538101914 caller: com.android.server.wm.SystemPerformancePointerEventListener.onPointerEvent:13 com.android.server.wm.PointerEventDispatcher.onInputEvent:51 android.view.InputEventReceiver.dispatchInputEvent:392 
05-01 08:01:11.343  4483  4483 I HoneySpace.InputSession: open
05-01 08:01:11.342  7128  7128 I SemDvfsHyPerManager: acquire hyper - TATouchBoost/7128@30, type = -999
05-01 08:01:11.343  7128  7128 I SemDvfsHyPerManager: acquire hyper - TA_TOUCH_SHARE/7128@31, type = -999
05-01 08:01:11.344  1684  1724 I HYPER-HAL: [RequestManager.cpp]acquire(): Acquired ID : 25622091  [7128 / 30]    HINT :      list : [TABoost / 1] [TIMEOUT / 1500] 
05-01 08:01:11.344  1684  1724 I HYPER-HAL: [RequestManager.cpp]acquire(): Acquired ID : 25629251  [7128 / 31]    HINT : TA_TOUCH_SHARE    list : [TIMEOUT / 1500] 
05-01 08:01:11.348  2814  3005 I GestureDetector: obtain mCurrentMotionEventRaw. action: 2 id: -565112028
05-01 08:01:11.348 19994 19994 I warp-android-host: warp_mobile_android_host::vulkan: present_ok frame=2637 ts=164663822
05-01 08:01:11.349  2814  3005 I GestureDetector: obtain mCurrentMotionEventRaw. action: 2 id: -565112028
05-01 08:01:11.349  2814  2814 I SemDvfsHyPerManager: acquire hyper - WM_SCROLL_DETECTED/2814@2, type = -999
05-01 08:01:11.349  1684  1724 I HYPER-HAL: [RequestManager.cpp]acquire(): Acquired ID : 3966338  [2814 / 2]    HINT :      list : [CoreNumBigMin / 3] 
05-01 08:01:11.356 19994 19994 I GestureDetector: obtain mCurrentMotionEventRaw. action: 2 id: -565112028
05-01 08:01:11.356 19994 19994 D WarpIme : gesture_scroll x=540.0 y=1345.2178 dx=0.0 dy=154.78223 vx=0.0 vy=-13000.004
05-01 08:01:11.356 19994 19994 D warp-android-host: android_logger: android_logger: log::set_logger failed: attempted to set a logger after the logging system was already initialized
05-01 08:01:11.356 19994 19994 I warp-android-host: warp_mobile_android_host::input: input_event kind=scroll x=540.0 y=1345.2 vx=0.0 vy=-13000.0 events_total=41
05-01 08:01:11.356 19994 19994 D warp-android-host: android_logger: android_logger: log::set_logger failed: attempted to set a logger after the logging system was already initialized
05-01 08:01:11.357 19994 19994 I warp-android-host: warp_mobile_android_host: terminal_set_scroll_offset requested=370 clamped=370
05-01 08:01:11.362 19994 19994 I warp-android-host: warp_mobile_android_host::vulkan: dynamic_grid_fast_path_ok dt_ms=4 instances=696 fast_path_updates=121 full_reinits=1
05-01 08:01:11.364 19994 19994 I warp-android-host: warp_mobile_android_host::vulkan: present_ok frame=2638 ts=164663837
05-01 08:01:11.364 19994 19994 I warp-android-host: warp_mobile_android_host: terminal_push_frame_dynamic ok=true cells=1920 rows=24 cols=80
05-01 08:01:11.364 19994 19994 D WarpIme : gesture_scroll x=540.0 y=1237.0283 dx=0.0 dy=108.18945 vx=0.0 vy=-13000.015
05-01 08:01:11.365 19994 19994 D warp-android-host: android_logger: android_logger: log::set_logger failed: attempted to set a logger after the logging system was already initialized
05-01 08:01:11.365 19994 19994 I warp-android-host: warp_mobile_android_host::input: input_event kind=scroll x=540.0 y=1237.0 vx=0.0 vy=-13000.0 events_total=42
05-01 08:01:11.365 19994 19994 D warp-android-host: android_logger: android_logger: log::set_logger failed: attempted to set a logger after the logging system was already initialized
05-01 08:01:11.365 19994 19994 I warp-android-host: warp_mobile_android_host: terminal_set_scroll_offset requested=374 clamped=374
05-01 08:01:11.368 19994 19994 I warp-android-host: warp_mobile_android_host::vulkan: dynamic_grid_fast_path_ok dt_ms=2 instances=696 fast_path_updates=122 full_reinits=1
05-01 08:01:11.369 19994 19994 I warp-android-host: warp_mobile_android_host::vulkan: present_ok frame=2639 ts=164663843
05-01 08:01:11.369 19994 19994 I warp-android-host: warp_mobile_android_host: terminal_push_frame_dynamic ok=true cells=1920 rows=24 cols=80
05-01 08:01:11.372 19994 19994 D WarpIme : gesture_scroll x=540.0 y=1128.8379 dx=0.0 dy=108.19043 vx=0.0696559 vy=-13000.42
05-01 08:01:11.372 19994 19994 D warp-android-host: android_logger: android_logger: log::set_logger failed: attempted to set a logger after the logging system was already initialized
05-01 08:01:11.372 19994 19994 I warp-android-host: warp_mobile_android_host::input: input_event kind=scroll x=540.0 y=1128.8 vx=0.1 vy=-13000.4 events_total=43
05-01 08:01:11.372 19994 19994 D warp-android-host: android_logger: android_logger: log::set_logger failed: attempted to set a logger after the logging system was already initialized
05-01 08:01:11.372 19994 19994 I warp-android-host: warp_mobile_android_host: terminal_set_scroll_offset requested=378 clamped=378
05-01 08:01:11.375 19994 19994 I warp-android-host: warp_mobile_android_host::vulkan: dynamic_grid_fast_path_ok dt_ms=2 instances=696 fast_path_updates=123 full_reinits=1
05-01 08:01:11.376  1802  2321 I CompositionEngine: [setDisplaySize] size=(434, 42)
05-01 08:01:11.377 19994 19994 I warp-android-host: warp_mobile_android_host::vulkan: present_ok frame=2640 ts=164663850
05-01 08:01:11.377 19994 19994 I warp-android-host: warp_mobile_android_host: terminal_push_frame_dynamic ok=true cells=1920 rows=24 cols=80
05-01 08:01:11.381 19994 19994 D WarpIme : gesture_scroll x=540.0 y=1020.64844 dx=0.0 dy=108.18945 vx=-0.06626382 vy=-13000.188
05-01 08:01:11.381 19994 19994 D warp-android-host: android_logger: android_logger: log::set_logger failed: attempted to set a logger after the logging system was already initialized
05-01 08:01:11.381 19994 19994 I warp-android-host: warp_mobile_android_host::input: input_event kind=scroll x=540.0 y=1020.6 vx=-0.1 vy=-13000.2 events_total=44
05-01 08:01:11.381 19994 19994 D warp-android-host: android_logger: android_logger: log::set_logger failed: attempted to set a logger after the logging system was already initialized
05-01 08:01:11.381 19994 19994 I warp-android-host: warp_mobile_android_host: terminal_set_scroll_offset requested=382 clamped=382
05-01 08:01:11.384 19994 19994 I warp-android-host: warp_mobile_android_host::vulkan: dynamic_grid_fast_path_ok dt_ms=3 instances=696 fast_path_updates=124 full_reinits=1
05-01 08:01:11.386 19994 19994 I warp-android-host: warp_mobile_android_host::vulkan: present_ok frame=2641 ts=164663860
05-01 08:01:11.386 19994 19994 I warp-android-host: warp_mobile_android_host: terminal_push_frame_dynamic ok=true cells=1920 rows=24 cols=80
05-01 08:01:11.389 19994 19994 D WarpIme : gesture_scroll x=540.0 y=912.458 dx=0.0 dy=108.19043 vx=0.1282441 vy=-13000.051
05-01 08:01:11.389 19994 19994 D warp-android-host: android_logger: android_logger: log::set_logger failed: attempted to set a logger after the logging system was already initialized
05-01 08:01:11.389 19994 19994 I warp-android-host: warp_mobile_android_host::input: input_event kind=scroll x=540.0 y=912.5 vx=0.1 vy=-13000.1 events_total=45
05-01 08:01:11.389 19994 19994 D warp-android-host: android_logger: android_logger: log::set_logger failed: attempted to set a logger after the logging system was already initialized
05-01 08:01:11.389 19994 19994 I warp-android-host: warp_mobile_android_host: terminal_set_scroll_offset requested=386 clamped=386
05-01 08:01:11.393 19994 19994 I warp-android-host: warp_mobile_android_host::vulkan: dynamic_grid_fast_path_ok dt_ms=3 instances=696 fast_path_updates=125 full_reinits=1
05-01 08:01:11.394 19994 19994 I warp-android-host: warp_mobile_android_host::vulkan: present_ok frame=2642 ts=164663868
05-01 08:01:11.394 19994 19994 I warp-android-host: warp_mobile_android_host: terminal_push_frame_dynamic ok=true cells=1920 rows=24 cols=80
05-01 08:01:11.397 19994 19994 D WarpIme : gesture_scroll x=540.0 y=804.2666 dx=0.0 dy=108.19141 vx=-0.006105392 vy=-13000.021
05-01 08:01:11.397 19994 19994 D warp-android-host: android_logger: android_logger: log::set_logger failed: attempted to set a logger after the logging system was already initialized
05-01 08:01:11.397 19994 19994 I warp-android-host: warp_mobile_android_host::input: input_event kind=scroll x=540.0 y=804.3 vx=-0.0 vy=-13000.0 events_total=46
05-01 08:01:11.398 19994 19994 D warp-android-host: android_logger: android_logger: log::set_logger failed: attempted to set a logger after the logging system was already initialized
05-01 08:01:11.398 19994 19994 I warp-android-host: warp_mobile_android_host: terminal_set_scroll_offset requested=390 clamped=390
05-01 08:01:11.401 19994 19994 I warp-android-host: warp_mobile_android_host::vulkan: dynamic_grid_fast_path_ok dt_ms=3 instances=696 fast_path_updates=126 full_reinits=1
05-01 08:01:11.403 19994 19994 I warp-android-host: warp_mobile_android_host::vulkan: present_ok frame=2643 ts=164663876
05-01 08:01:11.403 19994 19994 I warp-android-host: warp_mobile_android_host: terminal_push_frame_dynamic ok=true cells=1920 rows=24 cols=80
05-01 08:01:11.406 19994 19994 D WarpIme : gesture_scroll x=540.0 y=696.0762 dx=0.0 dy=108.19043 vx=0.0015170032 vy=-12999.937
05-01 08:01:11.406 19994 19994 D warp-android-host: android_logger: android_logger: log::set_logger failed: attempted to set a logger after the logging system was already initialized
05-01 08:01:11.406 19994 19994 I warp-android-host: warp_mobile_android_host::input: input_event kind=scroll x=540.0 y=696.1 vx=0.0 vy=-12999.9 events_total=47
05-01 08:01:11.406 19994 19994 D warp-android-host: android_logger: android_logger: log::set_logger failed: attempted to set a logger after the logging system was already initialized
05-01 08:01:11.406 19994 19994 I warp-android-host: warp_mobile_android_host: terminal_set_scroll_offset requested=394 clamped=394
05-01 08:01:11.410 19994 19994 I warp-android-host: warp_mobile_android_host::vulkan: dynamic_grid_fast_path_ok dt_ms=2 instances=696 fast_path_updates=127 full_reinits=1
05-01 08:01:11.412 19994 19994 I warp-android-host: warp_mobile_android_host::vulkan: present_ok frame=2644 ts=164663885
05-01 08:01:11.412 19994 19994 I warp-android-host: warp_mobile_android_host: terminal_push_frame_dynamic ok=true cells=1920 rows=24 cols=80
05-01 08:01:11.414 19994 19994 D WarpIme : gesture_scroll x=540.0 y=587.8867 dx=0.0 dy=108.18945 vx=0.08274035 vy=-13000.054
05-01 08:01:11.414 19994 19994 D warp-android-host: android_logger: android_logger: log::set_logger failed: attempted to set a logger after the logging system was already initialized
05-01 08:01:11.414 19994 19994 I warp-android-host: warp_mobile_android_host::input: input_event kind=scroll x=540.0 y=587.9 vx=0.1 vy=-13000.1 events_total=48
05-01 08:01:11.414 19994 19994 D warp-android-host: android_logger: android_logger: log::set_logger failed: attempted to set a logger after the logging system was already initialized
05-01 08:01:11.414 19994 19994 I warp-android-host: warp_mobile_android_host: terminal_set_scroll_offset requested=398 clamped=398
05-01 08:01:11.418 19994 19994 I warp-android-host: warp_mobile_android_host::vulkan: dynamic_grid_fast_path_ok dt_ms=3 instances=696 fast_path_updates=128 full_reinits=1
05-01 08:01:11.420 19994 19994 I warp-android-host: warp_mobile_android_host::vulkan: present_ok frame=2645 ts=164663894
05-01 08:01:11.420 19994 19994 I warp-android-host: warp_mobile_android_host: terminal_push_frame_dynamic ok=true cells=1920 rows=24 cols=80
05-01 08:01:11.422 19994 19994 D WarpIme : gesture_scroll x=540.0 y=479.6953 dx=0.0 dy=108.19141 vx=-0.024949854 vy=-13000.04
05-01 08:01:11.422 19994 19994 D warp-android-host: android_logger: android_logger: log::set_logger failed: attempted to set a logger after the logging system was already initialized
05-01 08:01:11.422 19994 19994 I warp-android-host: warp_mobile_android_host::input: input_event kind=scroll x=540.0 y=479.7 vx=-0.0 vy=-13000.0 events_total=49
05-01 08:01:11.422 19994 19994 D warp-android-host: android_logger: android_logger: log::set_logger failed: attempted to set a logger after the logging system was already initialized
05-01 08:01:11.422 19994 19994 I warp-android-host: warp_mobile_android_host: terminal_set_scroll_offset requested=402 clamped=402
05-01 08:01:11.426 19994 19994 I warp-android-host: warp_mobile_android_host::vulkan: dynamic_grid_fast_path_ok dt_ms=3 instances=696 fast_path_updates=129 full_reinits=1
05-01 08:01:11.428 19994 19994 I warp-android-host: warp_mobile_android_host::vulkan: present_ok frame=2646 ts=164663901
05-01 08:01:11.428 19994 19994 I warp-android-host: warp_mobile_android_host: terminal_push_frame_dynamic ok=true cells=1920 rows=24 cols=80
05-01 08:01:11.431 19994 19994 D WarpIme : gesture_scroll x=540.0 y=371.50195 dx=0.0 dy=108.19336 vx=-0.01751463 vy=-12999.913
05-01 08:01:11.431 19994 19994 D warp-android-host: android_logger: android_logger: log::set_logger failed: attempted to set a logger after the logging system was already initialized
05-01 08:01:11.431 19994 19994 I warp-android-host: warp_mobile_android_host::input: input_event kind=scroll x=540.0 y=371.5 vx=-0.0 vy=-12999.9 events_total=50
05-01 08:01:11.431 19994 19994 D warp-android-host: android_logger: android_logger: log::set_logger failed: attempted to set a logger after the logging system was already initialized
05-01 08:01:11.431 19994 19994 I warp-android-host: warp_mobile_android_host: terminal_set_scroll_offset requested=406 clamped=406
05-01 08:01:11.435 19994 19994 I warp-android-host: warp_mobile_android_host::vulkan: dynamic_grid_fast_path_ok dt_ms=2 instances=696 fast_path_updates=130 full_reinits=1
05-01 08:01:11.436 19994 19994 I warp-android-host: warp_mobile_android_host::vulkan: present_ok frame=2647 ts=164663910
05-01 08:01:11.436 19994 19994 I warp-android-host: warp_mobile_android_host: terminal_push_frame_dynamic ok=true cells=1920 rows=24 cols=80
05-01 08:01:11.439 19994 19994 D WarpIme : gesture_scroll x=540.0 y=263.30762 dx=0.0 dy=108.194336 vx=0.066002764 vy=-12999.922
05-01 08:01:11.439 19994 19994 D warp-android-host: android_logger: android_logger: log::set_logger failed: attempted to set a logger after the logging system was already initialized
05-01 08:01:11.439 19994 19994 I warp-android-host: warp_mobile_android_host::input: input_event kind=scroll x=540.0 y=263.3 vx=0.1 vy=-12999.9 events_total=51
05-01 08:01:11.439 19994 19994 D warp-android-host: android_logger: android_logger: log::set_logger failed: attempted to set a logger after the logging system was already initialized
05-01 08:01:11.439 19994 19994 I warp-android-host: warp_mobile_android_host: terminal_set_scroll_offset requested=410 clamped=410
05-01 08:01:11.440  2814  4599 D InputDispatcher: Inject motion (20646/2000): action=0x1, time=164663914000000, f=0x0, d=0 dsdx=1.000000 dtdx=0.000000
05-01 08:01:11.441  2814  3644 I InputDispatcher: Delivering touch to (19994): action: 0x1, f=0x0, d=0, 'b65a79d', t=1 
05-01 08:01:11.442  4483  4483 I HoneySpace.GestureInputHandler: reset
05-01 08:01:11.442  4483  4483 I HoneySpace.InputSession: close
05-01 08:01:11.443  2814  2814 I SemDvfsHyPerManager: acquire hyper - GESTURE_DETECTED_HRR/2814@29, type = -999
05-01 08:01:11.443  2814  2814 I SemDvfsHyPerManager: acquire hyper - SMOOTH_SCROLL/2814@25, type = -999
05-01 08:01:11.443  2814  2814 I SemDvfsHyPerManager: acquire hyper - GESTURE_DETECTED_HRR/2814@29, type = -999
05-01 08:01:11.443 19994 19994 I warp-android-host: warp_mobile_android_host::vulkan: dynamic_grid_fast_path_ok dt_ms=3 instances=696 fast_path_updates=131 full_reinits=1
05-01 08:01:11.444  7128  7128 I SemDvfsHyPerManager: acquire hyper - TATouchBoost/7128@30, type = -999
05-01 08:01:11.444  7128  7128 I SemDvfsHyPerManager: acquire hyper - TA_TOUCH_SHARE/7128@31, type = -999
05-01 08:01:11.444 19994 19994 I warp-android-host: warp_mobile_android_host::vulkan: present_ok frame=2648 ts=164663918
05-01 08:01:11.444 19994 19994 I warp-android-host: warp_mobile_android_host: terminal_push_frame_dynamic ok=true cells=1920 rows=24 cols=80
05-01 08:01:11.445 19994 19994 I VRI[MainActivity]@afeb858: ViewPostIme pointer 1
05-01 08:01:11.445 19994 19994 I WarpIme : touch_up x=540.0 y=200.0
05-01 08:01:11.445 19994 19994 D warp-android-host: android_logger: android_logger: log::set_logger failed: attempted to set a logger after the logging system was already initialized
05-01 08:01:11.445 19994 19994 I warp-android-host: warp_mobile_android_host::input: input_event kind=touch_up x=540.0 y=200.0 vx=0.0 vy=0.0 events_total=52
05-01 08:01:11.445 19994 19994 I WarpIme : gesture_fling vx=0.066002764 vy=-12999.922
05-01 08:01:11.446  1684  1724 I HYPER-HAL: [RequestManager.cpp]releaseLocked(): Released ID : 3966338
05-01 08:01:11.446  1684  1724 I HYPER-HAL: [RequestManager.cpp]acquire(): Acquired ID : 4042775  [2814 / 29]    HINT : GESTURE_DETECTED_HRR    list : [TIMEOUT / 2083] 
05-01 08:01:11.446  1684  1724 I HYPER-HAL: [RequestManager.cpp]acquire(): Acquired ID : 4042775  [2814 / 29]    HINT : GESTURE_DETECTED_HRR    list : [TIMEOUT / 2282] 
05-01 08:01:11.446  1684  1724 I HYPER-HAL: [RequestManager.cpp]acquire(): Acquired ID : 25622091  [7128 / 30]    HINT :      list : [TABoost / 1] [TIMEOUT / 1500] 
05-01 08:01:11.446  1684  1724 I HYPER-HAL: [RequestManager.cpp]acquire(): Acquired ID : 25629251  [7128 / 31]    HINT : TA_TOUCH_SHARE    list : [TIMEOUT / 1500] 
05-01 08:01:11.448 19994 19994 I warp-android-host: warp_mobile_android_host::vulkan: present_ok frame=2649 ts=164663922
05-01 08:01:11.457 19994 19994 I warp-android-host: warp_mobile_android_host::vulkan: present_ok frame=2650 ts=164663931
05-01 08:01:11.461 19994 19994 D warp-android-host: android_logger: android_logger: log::set_logger failed: attempted to set a logger after the logging system was already initialized
05-01 08:01:11.461 19994 19994 I warp-android-host: warp_mobile_android_host: terminal_set_scroll_offset requested=418 clamped=418
05-01 08:01:11.468 19994 19994 I warp-android-host: warp_mobile_android_host::vulkan: dynamic_grid_fast_path_ok dt_ms=4 instances=696 fast_path_updates=132 full_reinits=1
05-01 08:01:11.470 19994 19994 I warp-android-host: warp_mobile_android_host::vulkan: present_ok frame=2651 ts=164663944
05-01 08:01:11.470 19994 19994 I warp-android-host: warp_mobile_android_host: terminal_push_frame_dynamic ok=true cells=1920 rows=24 cols=80
05-01 08:01:11.474 19994 19994 I warp-android-host: warp_mobile_android_host::vulkan: present_ok frame=2652 ts=164663947
05-01 08:01:11.476  1802  2321 I CompositionEngine: [setDisplaySize] size=(434, 42)
05-01 08:01:11.477 19994 19994 D warp-android-host: android_logger: android_logger: log::set_logger failed: attempted to set a logger after the logging system was already initialized
05-01 08:01:11.477 19994 19994 I warp-android-host: warp_mobile_android_host: terminal_set_scroll_offset requested=425 clamped=425
05-01 08:01:11.484 19994 19994 I warp-android-host: warp_mobile_android_host::vulkan: dynamic_grid_fast_path_ok dt_ms=4 instances=696 fast_path_updates=133 full_reinits=1
05-01 08:01:11.486 19994 19994 I warp-android-host: warp_mobile_android_host::vulkan: present_ok frame=2653 ts=164663960
05-01 08:01:11.487 19994 19994 I warp-android-host: warp_mobile_android_host: terminal_push_frame_dynamic ok=true cells=1920 rows=24 cols=80
05-01 08:01:11.491 19994 19994 I warp-android-host: warp_mobile_android_host::vulkan: present_ok frame=2654 ts=164663964
05-01 08:01:11.493 19994 19994 D warp-android-host: android_logger: android_logger: log::set_logger failed: attempted to set a logger after the logging system was already initialized
05-01 08:01:11.494 19994 19994 I warp-android-host: warp_mobile_android_host: terminal_set_scroll_offset requested=431 clamped=431
05-01 08:01:11.501 19994 19994 I warp-android-host: warp_mobile_android_host::vulkan: dynamic_grid_fast_path_ok dt_ms=4 instances=696 fast_path_updates=134 full_reinits=1
05-01 08:01:11.503 19994 19994 I warp-android-host: warp_mobile_android_host::vulkan: present_ok frame=2655 ts=164663977
05-01 08:01:11.503 19994 19994 I warp-android-host: warp_mobile_android_host: terminal_push_frame_dynamic ok=true cells=1920 rows=24 cols=80
05-01 08:01:11.507 19994 19994 I warp-android-host: warp_mobile_android_host::vulkan: present_ok frame=2656 ts=164663981
05-01 08:01:11.510 19994 19994 D warp-android-host: android_logger: android_logger: log::set_logger failed: attempted to set a logger after the logging system was already initialized
05-01 08:01:11.510 19994 19994 I warp-android-host: warp_mobile_android_host: terminal_set_scroll_offset requested=437 clamped=437
05-01 08:01:11.518 19994 19994 I warp-android-host: warp_mobile_android_host::vulkan: dynamic_grid_fast_path_ok dt_ms=4 instances=696 fast_path_updates=135 full_reinits=1
05-01 08:01:11.520 19994 19994 I warp-android-host: warp_mobile_android_host::vulkan: present_ok frame=2657 ts=164663994
05-01 08:01:11.520 19994 19994 I warp-android-host: warp_mobile_android_host: terminal_push_frame_dynamic ok=true cells=1920 rows=24 cols=80
05-01 08:01:11.524 19994 19994 I warp-android-host: warp_mobile_android_host::vulkan: present_ok frame=2658 ts=164663997
05-01 08:01:11.525 19994 19994 D warp-android-host: android_logger: android_logger: log::set_logger failed: attempted to set a logger after the logging system was already initialized
05-01 08:01:11.525 19994 19994 I warp-android-host: warp_mobile_android_host: terminal_set_scroll_offset requested=442 clamped=442
05-01 08:01:11.535 19994 19994 I warp-android-host: warp_mobile_android_host::vulkan: dynamic_grid_fast_path_ok dt_ms=4 instances=696 fast_path_updates=136 full_reinits=1
05-01 08:01:11.537 19994 19994 I warp-android-host: warp_mobile_android_host::vulkan: present_ok frame=2659 ts=164664010
05-01 08:01:11.537 19994 19994 I warp-android-host: warp_mobile_android_host: terminal_push_frame_dynamic ok=true cells=1920 rows=24 cols=80
05-01 08:01:11.540 19994 19994 I warp-android-host: warp_mobile_android_host::vulkan: present_ok frame=2660 ts=164664014
05-01 08:01:11.542 19994 19994 D warp-android-host: android_logger: android_logger: log::set_logger failed: attempted to set a logger after the logging system was already initialized
05-01 08:01:11.542 19994 19994 I warp-android-host: warp_mobile_android_host: terminal_set_scroll_offset requested=446 clamped=446
05-01 08:01:11.551 19994 19994 I warp-android-host: warp_mobile_android_host::vulkan: dynamic_grid_fast_path_ok dt_ms=4 instances=696 fast_path_updates=137 full_reinits=1
05-01 08:01:11.553 19994 19994 I warp-android-host: warp_mobile_android_host::vulkan: present_ok frame=2661 ts=164664027
05-01 08:01:11.553 19994 19994 I warp-android-host: warp_mobile_android_host: terminal_push_frame_dynamic ok=true cells=1920 rows=24 cols=80
05-01 08:01:11.557 19994 19994 I warp-android-host: warp_mobile_android_host::vulkan: present_ok frame=2662 ts=164664030
05-01 08:01:11.558 19994 19994 D warp-android-host: android_logger: android_logger: log::set_logger failed: attempted to set a logger after the logging system was already initialized
05-01 08:01:11.559 19994 19994 I warp-android-host: warp_mobile_android_host: terminal_set_scroll_offset requested=450 clamped=450
05-01 08:01:11.568 19994 19994 I warp-android-host: warp_mobile_android_host::vulkan: dynamic_grid_fast_path_ok dt_ms=4 instances=696 fast_path_updates=138 full_reinits=1
05-01 08:01:11.570 19994 19994 I warp-android-host: warp_mobile_android_host::vulkan: present_ok frame=2663 ts=164664043
05-01 08:01:11.570 19994 19994 I warp-android-host: warp_mobile_android_host: terminal_push_frame_dynamic ok=true cells=1920 rows=24 cols=80
05-01 08:01:11.574 19994 19994 I warp-android-host: warp_mobile_android_host::vulkan: present_ok frame=2664 ts=164664047
05-01 08:01:11.574 19994 19994 D warp-android-host: android_logger: android_logger: log::set_logger failed: attempted to set a logger after the logging system was already initialized
05-01 08:01:11.574 19994 19994 I warp-android-host: warp_mobile_android_host: terminal_set_scroll_offset requested=454 clamped=454
05-01 08:01:11.576  1802  2321 I CompositionEngine: [setDisplaySize] size=(434, 42)
05-01 08:01:11.585 19994 19994 I warp-android-host: warp_mobile_android_host::vulkan: dynamic_grid_fast_path_ok dt_ms=4 instances=696 fast_path_updates=139 full_reinits=1
05-01 08:01:11.587 19994 19994 I warp-android-host: warp_mobile_android_host::vulkan: present_ok frame=2665 ts=164664061
05-01 08:01:11.587 19994 19994 I warp-android-host: warp_mobile_android_host: terminal_push_frame_dynamic ok=true cells=1920 rows=24 cols=80
05-01 08:01:11.591 19994 19994 I warp-android-host: warp_mobile_android_host::vulkan: present_ok frame=2666 ts=164664064
05-01 08:01:11.591 19994 19994 D warp-android-host: android_logger: android_logger: log::set_logger failed: attempted to set a logger after the logging system was already initialized
05-01 08:01:11.591 19994 19994 I warp-android-host: warp_mobile_android_host: terminal_set_scroll_offset requested=457 clamped=457
05-01 08:01:11.601 19994 19994 I warp-android-host: warp_mobile_android_host::vulkan: dynamic_grid_fast_path_ok dt_ms=4 instances=696 fast_path_updates=140 full_reinits=1
05-01 08:01:11.603 19994 19994 I warp-android-host: warp_mobile_android_host::vulkan: present_ok frame=2667 ts=164664077
05-01 08:01:11.604 19994 19994 I warp-android-host: warp_mobile_android_host: terminal_push_frame_dynamic ok=true cells=1920 rows=24 cols=80
05-01 08:01:11.607 19994 19994 I warp-android-host: warp_mobile_android_host::vulkan: present_ok frame=2668 ts=164664081
05-01 08:01:11.608 19994 19994 D warp-android-host: android_logger: android_logger: log::set_logger failed: attempted to set a logger after the logging system was already initialized
05-01 08:01:11.608 19994 19994 I warp-android-host: warp_mobile_android_host: terminal_set_scroll_offset requested=460 clamped=460
05-01 08:01:11.615  1672  6806 I sensors-hal: handle_sns_std_sensor_event:131, [SSC_LIGHT] A: 0(0),c:1,b:15,m:13,cl:0,l:0,s:0,l0:0,l1:0,s0:0,s1:0,acl:1,opr:0.02,f(r):77,u(bl):100,if:0,wi:0,si:0,po:0(N:0)
05-01 08:01:11.615  1672  2564 I sensors-hal: handle_sns_std_sensor_event:409, [SSC_LIGHT] P: 0(0),c:1,b:15,m:13,cl:0,l:0,s:0,l0:0,l1:0,s0:0,s1:0,acl:1,opr:0.02,f(r):77,u(bl):100,if:0,wi:0,si:0,po:0(N:0)
05-01 08:01:11.617 19994 19994 I warp-android-host: warp_mobile_android_host::vulkan: dynamic_grid_fast_path_ok dt_ms=3 instances=696 fast_path_updates=141 full_reinits=1
05-01 08:01:11.618 19994 19994 I warp-android-host: warp_mobile_android_host::vulkan: present_ok frame=2669 ts=164664092
05-01 08:01:11.619 19994 19994 I warp-android-host: warp_mobile_android_host: terminal_push_frame_dynamic ok=true cells=1920 rows=24 cols=80
05-01 08:01:11.624 19994 19994 I warp-android-host: warp_mobile_android_host::vulkan: present_ok frame=2670 ts=164664097
05-01 08:01:11.624 19994 19994 D warp-android-host: android_logger: android_logger: log::set_logger failed: attempted to set a logger after the logging system was already initialized
05-01 08:01:11.624 19994 19994 I warp-android-host: warp_mobile_android_host: terminal_set_scroll_offset requested=463 clamped=463
05-01 08:01:11.634 19994 19994 I warp-android-host: warp_mobile_android_host::vulkan: dynamic_grid_fast_path_ok dt_ms=3 instances=696 fast_path_updates=142 full_reinits=1
05-01 08:01:11.636 19994 19994 I warp-android-host: warp_mobile_android_host::vulkan: present_ok frame=2671 ts=164664110
05-01 08:01:11.636 19994 19994 I warp-android-host: warp_mobile_android_host: terminal_push_frame_dynamic ok=true cells=1920 rows=24 cols=80
05-01 08:01:11.640 19994 19994 I warp-android-host: warp_mobile_android_host::vulkan: present_ok frame=2672 ts=164664114
05-01 08:01:11.640 19994 19994 D warp-android-host: android_logger: android_logger: log::set_logger failed: attempted to set a logger after the logging system was already initialized
05-01 08:01:11.640 19994 19994 I warp-android-host: warp_mobile_android_host: terminal_set_scroll_offset requested=465 clamped=465
05-01 08:01:11.651 19994 19994 I warp-android-host: warp_mobile_android_host::vulkan: dynamic_grid_fast_path_ok dt_ms=4 instances=696 fast_path_updates=143 full_reinits=1
05-01 08:01:11.653 19994 19994 I warp-android-host: warp_mobile_android_host::vulkan: present_ok frame=2673 ts=164664126
05-01 08:01:11.653 19994 19994 I warp-android-host: warp_mobile_android_host: terminal_push_frame_dynamic ok=true cells=1920 rows=24 cols=80
05-01 08:01:11.657 19994 19994 I warp-android-host: warp_mobile_android_host::vulkan: present_ok frame=2674 ts=164664130
05-01 08:01:11.657 19994 19994 D warp-android-host: android_logger: android_logger: log::set_logger failed: attempted to set a logger after the logging system was already initialized
05-01 08:01:11.657 19994 19994 I warp-android-host: warp_mobile_android_host: terminal_set_scroll_offset requested=468 clamped=468
05-01 08:01:11.664 19994 19994 I warp-android-host: warp_mobile_android_host::vulkan: dynamic_grid_fast_path_ok dt_ms=1 instances=696 fast_path_updates=144 full_reinits=1
05-01 08:01:11.666 19994 19994 I warp-android-host: warp_mobile_android_host::vulkan: present_ok frame=2675 ts=164664139
05-01 08:01:11.666 19994 19994 I warp-android-host: warp_mobile_android_host: terminal_push_frame_dynamic ok=true cells=1920 rows=24 cols=80
05-01 08:01:11.673 19994 19994 I warp-android-host: warp_mobile_android_host::vulkan: present_ok frame=2676 ts=164664147
05-01 08:01:11.673 19994 19994 D warp-android-host: android_logger: android_logger: log::set_logger failed: attempted to set a logger after the logging system was already initialized
