05-01 06:47:29.535  2814  4860 D ActivityTaskManager: scheduleTopResumedActivityChanged, onTop=false, r=ActivityRecord{186519530 u0 com.sec.android.app.launcher/.Launcher t1889}, caller=com.android.server.wm.ActivityTaskSupervisor.scheduleTopResumedActivityStateLossIfNeeded:19 com.android.server.wm.ActivityTaskSupervisor.updateTopResumedActivityIfNeeded:20 com.android.server.wm.TaskDisplayArea.positionChildAt:252 com.android.server.wm.Task.moveToFront:40 com.android.server.wm.ActivityStarter.startActivityInner:315 com.android.server.wm.ActivityStarter.startActivityUnchecked:111 
05-01 06:47:29.535  2814  4860 V WindowManager: Checking theme of starting window: 0x7f0d00f4
05-01 06:47:29.535  2814  4860 V WindowManager: Translucent=false Floating=false ShowWallpaper=false Disable=false
05-01 06:47:29.535  2814  4860 D ActivityTaskManager: addStartingWindow: type=2 typeParameter=8b
05-01 06:47:29.535  2814  4860 V WindowManager: Creating SplashScreenStartingData
05-01 06:47:29.535  2814  4860 V WindowManager: Add starting ActivityRecord{54809081 u0 dev.warp.mobile/.MainActivity t2133}: startingData=SplashScreenStartingData{c99274a removeAfterTransaction= 0}
05-01 06:47:29.536  2814  4860 V WindowManager: Added starting ActivityRecord{54809081 u0 dev.warp.mobile/.MainActivity t2133}: startingWindow=null startingView=com.android.server.wm.StartingSurfaceController$StartingSurface@46a76bb
05-01 06:47:29.536  2814  4860 V WindowManager: Collecting in transition 3220: ActivityRecord{54809081 u0 dev.warp.mobile/.MainActivity t2133}, caller=com.android.server.wm.Transition.collectExistenceChange:40 com.android.server.wm.ActivityStarter.handleStartResult:761 com.android.server.wm.ActivityStarter.startActivityUnchecked:124 com.android.server.wm.ActivityStarter.executeRequest:3559 com.android.server.wm.ActivityStarter.execute:1752 
05-01 06:47:29.536  2814  4860 V WindowManager: Requesting StartTransition: TransitionRecord{89c90c0 id=3220 type=OPEN flags=0x0 c=[
05-01 06:47:29.536  2814  4860 V WindowManager:    ChangeInfo{7494731 container=ActivityRecord{54809081 u0 dev.warp.mobile/.MainActivity t2133} flags=0x0}
05-01 06:47:29.536  2814  4860 V WindowManager:    ChangeInfo{eca6e16 container=Task{5c37f9f #2133 type=standard A=11186:dev.warp.mobile} flags=0x0}
05-01 06:47:29.536  2814  4860 V WindowManager:    ChangeInfo{4bfc397 container=DefaultTaskDisplayArea_d0@203309895 flags=0x0}
05-01 06:47:29.536  2814  4860 V WindowManager:    ChangeInfo{1087984 container=Display{#0 state=ON size=1080x2340 ROTATION_0} flags=0x0}
05-01 06:47:29.536  2814  4860 V WindowManager: ]
05-01 06:47:29.536  2814  4860 V WindowManager: }, caller=com.android.server.wm.ActivityStarter.handleStartResult:982 com.android.server.wm.ActivityStarter.startActivityUnchecked:124 com.android.server.wm.ActivityStarter.executeRequest:3559 com.android.server.wm.ActivityStarter.execute:1752 com.android.server.wm.ActivityTaskManagerService.startActivityAsUser:95 
05-01 06:47:29.537  2814  4860 I Pageboost: stop alp
05-01 06:47:29.537  2814  4860 I ActivityTaskManager: START u0 {flg=0x10000000 xflg=0x5 cmp=dev.warp.mobile/.MainActivity (has extras)} with LAUNCH_MULTIPLE from uid 2000 (BAL_ALLOW_PERMISSION) result code=0
05-01 06:47:29.537  2814  4860 I SemDvfsHyPerManager: acquire hyper - AMS_APP_LAUNCH/2814@19, type = -999
05-01 06:47:29.537  5315  5315 E pageboostd: Received HALT command code 2
05-01 06:47:29.537  1684  1724 I HYPER-HAL: [RequestManager.cpp]acquire(): Acquired ID : 4014380  [2814 / 19]    HINT : AMS_APP_LAUNCH    list : 
05-01 06:47:29.538  4483  4483 I HoneySpace.Launcher: !@Boot_EBS_D: Launcher.onPause()
05-01 06:47:29.538  4483 21085 I HoneySpace.SPayHandler: updateSpayHandler launcher activity is paused false
05-01 06:47:29.538  1802  1802 I SurfaceFlinger: [Task=2133#43674] attach to parent LayerHierarchy{RequestedLayerState{DefaultTaskDisplayArea_d0#10 parentId=9} 20 children}
05-01 06:47:29.538  1802  1802 I SurfaceFlinger: [ActivityRecord{54809081 u0 dev.warp.mobile/.MainActivity t2133}#43675] attach to parent LayerHierarchy{RequestedLayerState{Task=2133#43674 parentId=10} 1 children}
05-01 06:47:29.538  4483  4483 I HoneySpace.Launcher: updateLauncherShowing true -> false
05-01 06:47:29.539  3998  4099 V WindowManagerShell: Transition requested (#3220): android.os.BinderProxy@5ca38f5 TransitionRequestInfo { type = OPEN, triggerTask = TaskInfo{userId=0 taskId=2133 effectiveUid=11186 displayId=0 isRunning=true baseIntent=Intent { flg=0x10000000 cmp=dev.warp.mobile/.MainActivity } baseActivity=ComponentInfo{dev.warp.mobile/dev.warp.mobile.MainActivity} topActivity=ComponentInfo{dev.warp.mobile/dev.warp.mobile.MainActivity} origActivity=null realActivity=ComponentInfo{dev.warp.mobile/dev.warp.mobile.MainActivity} numActivities=1 lastActiveTime=240962702 supportsMultiWindow=true resizeMode=1 isResizeable=true minWidth=-1 minHeight=-1 maxWidth=-1 maxHeight=-1 defaultMinSize=220 desktopDefaultMinSize=304 token=WCT{android.window.IWindowContainerToken$Stub$Proxy@6f3168a} topActivityType=1 pictureInPictureParams=null shouldDockBigOverlays=false launchIntoPipHostTaskId=-1 lastParentTaskIdBeforePip=-1 displayCutoutSafeInsets=Rect(0, 84 - 0, 0) topActivityInfo=ActivityInfo{f1ad4fb dev.warp.mobile.MainActivity} launchCookies=[] positionInParent=Point(0, 0) parentTaskId=-1 isFocused=false isVisible=false isVisibleRequested=false isTopActivityNoDisplay=false isSleeping=false locusId=null displayAreaFeatureId=1 isTopActivityTransparent=false isActivityStackTransparent=false lastNonFullscreenBounds=Rect(81, 606 - 999, 1776) capturedLink=null capturedLinkTimestamp=0 requestedVisibleTypes=-9 topActivityRequestOpenInBrowserEducationTimestamp=0 appCompatTaskInfo=AppCompatTaskInfo { topActivityInSizeCompat=false eligibleForLetterboxEducation= false isLetterboxEducationEnabled= false isLetterboxDoubleTapEnabled= false eligibleForUserAspectRatioButton= false topActivityBoundsLetterboxed= false isFromLetterboxDoubleTap= false topActivityLetterboxVerticalPosition= -1 topActivityLetterboxHorizontalPosition= -1 topActivityLetterboxWidth=-1 topActivityLetterboxHeight=-1 topActivityAppBounds=Rect(0, 0 - 1080, 2340) isUserFullscreenOverrideEnabled=false isSystemFullscreenOverrideEnabled=false hasMinAspectRatioOverride=false topActivityLetterboxBounds=null cameraCompatTaskInfo=CameraCompatTaskInfo { freeformCameraCompatMode=inactive} topActivityBounds=null topActivityInDisplayCompat=false singleTapFromLetterbox=false} topActivityMainWindowFrame=null originallySupportedMultiWindow=true hasWallpaper=false rootAffinity=11186:dev.warp.mobile isTopTaskInStage=false CoverLauncherWidgetTask=false LaunchedFromAppsCoverLauncherTask=false LaunchedFromMultistarCoverLauncherTask=false isAllowedSeamlessRotation=false isTopTransparentActivity=false isAliasManaged=false hasConfigChanged=false snappingGuideBounds=null isAiKeyRemoveAppTask=false lastDesktopWindowingBounds=null lastExternalDesktopWindowingBounds=null safeCutoutInsets=null}, pipChange = null, remoteTransition = null, displayChange = null, flags = 0, debugId = 3220 }
05-01 06:47:29.539  3998  4099 V ShellDesktopMode: DesktopTasksController: isDesktopModeShowing: hasVisibleTasks=false hasTopTransparentFullscreenTask=false
05-01 06:47:29.539  3998  4099 V ShellDesktopMode: DesktopTasksController: isDesktopModeShowing: hasVisibleTasks=false hasTopTransparentFullscreenTask=false
05-01 06:47:29.539  3998  4099 D ShellSplitScreen: logExit: no-op, mLoggerSessionId is null
05-01 06:47:29.539  3998  4099 D ShellDesktopMode: handleRequest: TransitionRequestInfo {type=1, tid=2133, debugId=3220}
05-01 06:47:29.539  2814  4406 I AppsFilter: interaction: PackageSetting{52a58ef com.cbstudio.typeless_app/11095} -> PackageSetting{6f755a2 dev.warp.mobile/11186} BLOCKED
05-01 06:47:29.539  2814  4406 I AppsFilter: interaction: PackageSetting{f85685 com.cbstudio.upstream_alert/11131} -> PackageSetting{6f755a2 dev.warp.mobile/11186} BLOCKED
05-01 06:47:29.540  2814  4406 I AppsFilter: interaction: PackageSetting{3f78cda com.autostar.autostar_app/11126} -> PackageSetting{6f755a2 dev.warp.mobile/11186} BLOCKED
05-01 06:47:29.540  7128  7128 I SemDvfsHyPerManager: acquire hyper - APP_START/7128@24, type = -999
05-01 06:47:29.540  2814  4406 I AppsFilter: interaction: PackageSetting{7ed950b com.android.microdroid.empty_payload/10471} -> PackageSetting{6f755a2 dev.warp.mobile/11186} BLOCKED
05-01 06:47:29.540  2814  4406 I AppsFilter: interaction: PackageSetting{513ffe8 com.example.test_cycle_2/10989} -> PackageSetting{6f755a2 dev.warp.mobile/11186} BLOCKED
05-01 06:47:29.540  2814  4406 I AppsFilter: interaction: PackageSetting{6ecd601 com.cbstudio.truestamp/11125} -> PackageSetting{6f755a2 dev.warp.mobile/11186} BLOCKED
05-01 06:47:29.540  2814  4406 I AppsFilter: interaction: PackageSetting{1d19ca6 com.cbstudio.openclaw_dashboard/11068} -> PackageSetting{6f755a2 dev.warp.mobile/11186} BLOCKED
05-01 06:47:29.540  2814  4406 I AppsFilter: interaction: PackageSetting{25e76e7 com.example.test_run/10994} -> PackageSetting{6f755a2 dev.warp.mobile/11186} BLOCKED
05-01 06:47:29.540  2814  4406 I AppsFilter: interaction: PackageSetting{81d3294 com.example.test_app/10988} -> PackageSetting{6f755a2 dev.warp.mobile/11186} BLOCKED
05-01 06:47:29.540  2814  4406 I AppsFilter: interaction: PackageSetting{c4fd13d com.example.cycle_test/10993} -> PackageSetting{6f755a2 dev.warp.mobile/11186} BLOCKED
05-01 06:47:29.540  2814  4406 I AppsFilter: interaction: PackageSetting{1eadd32 com.example.test_c/10999} -> PackageSetting{6f755a2 dev.warp.mobile/11186} BLOCKED
05-01 06:47:29.540  2814  4406 I AppsFilter: interaction: PackageSetting{7119a83 com.example.test_b/10998} -> PackageSetting{6f755a2 dev.warp.mobile/11186} BLOCKED
05-01 06:47:29.540  2814  4406 I AppsFilter: interaction: PackageSetting{3e4e400 com.example.test_a/10997} -> PackageSetting{6f755a2 dev.warp.mobile/11186} BLOCKED
05-01 06:47:29.540  2814  4406 I AppsFilter: interaction: PackageSetting{ded4439 com.example.run_test_/10995} -> PackageSetting{6f755a2 dev.warp.mobile/11186} BLOCKED
05-01 06:47:29.540  2814  4406 I AppsFilter: interaction: PackageSetting{5e59a7e com.cbstudio.mobile/10847} -> PackageSetting{6f755a2 dev.warp.mobile/11186} BLOCKED
05-01 06:47:29.540  2814  4406 I AppsFilter: interaction: PackageSetting{3495bdf dev.flashclaw.quickclaw/11061} -> PackageSetting{6f755a2 dev.warp.mobile/11186} BLOCKED
05-01 06:47:29.540  2814  4406 I AppsFilter: interaction: PackageSetting{db4402c com.cbstudio.claw_node/11062} -> PackageSetting{6f755a2 dev.warp.mobile/11186} BLOCKED
05-01 06:47:29.540  1684  1724 I HYPER-HAL: [RequestManager.cpp]acquire(): Acquired ID : 25579152  [7128 / 24]    HINT : APP_START    list : 
05-01 06:47:29.540  2814  4406 I AppsFilter: interaction: PackageSetting{f54eaf5 com.cnstudio.notificationgod/10835} -> PackageSetting{6f755a2 dev.warp.mobile/11186} BLOCKED
05-01 06:47:29.540  2814  4406 I AppsFilter: interaction: PackageSetting{53ce08a com.transa.transa/11058} -> PackageSetting{6f755a2 dev.warp.mobile/11186} BLOCKED
05-01 06:47:29.540  2814  4406 I AppsFilter: interaction: PackageSetting{c11d6fb com.warpmobile.spike/11067} -> PackageSetting{6f755a2 dev.warp.mobile/11186} BLOCKED
05-01 06:47:29.540  2814  4406 I AppsFilter: interaction: PackageSetting{43b3318 com.example.final_test/10996} -> PackageSetting{6f755a2 dev.warp.mobile/11186} BLOCKED
05-01 06:47:29.540  2814  4406 I AppsFilter: interaction: PackageSetting{3564171 com.example.test_cycle3/10990} -> PackageSetting{6f755a2 dev.warp.mobile/11186} BLOCKED
05-01 06:47:29.540  2814  4406 I AppsFilter: interaction: PackageSetting{2107b56 com.cbstudio.safer_radar/11103} -> PackageSetting{6f755a2 dev.warp.mobile/11186} BLOCKED
05-01 06:47:29.540  2814  4406 I AppsFilter: interaction: PackageSetting{11ce7d7 com.starlink.im/10436} -> PackageSetting{6f755a2 dev.warp.mobile/11186} BLOCKED
05-01 06:47:29.540  2814  4406 I AppsFilter: interaction: PackageSetting{f3c68c4 com.example.example/10231} -> PackageSetting{6f755a2 dev.warp.mobile/11186} BLOCKED
05-01 06:47:29.540  2814  4406 I AppsFilter: interaction: PackageSetting{3c83ad com.cusotmer.im.im_app/11134} -> PackageSetting{6f755a2 dev.warp.mobile/11186} BLOCKED
05-01 06:47:29.540  2814  4406 I AppsFilter: interaction: PackageSetting{eb0f6e2 com.termux.x11/10849} -> PackageSetting{6f755a2 dev.warp.mobile/11186} BLOCKED
05-01 06:47:29.540  2814  4406 I AppsFilter: interaction: PackageSetting{15e2a73 com.cbstudio.i_food_superman/11123} -> PackageSetting{6f755a2 dev.warp.mobile/11186} BLOCKED
05-01 06:47:29.540  2814  4406 V WindowManager: Checking theme of starting window: 0x7f0d00f4
05-01 06:47:29.540  2814  4406 V WindowManager: Translucent=false Floating=false ShowWallpaper=false Disable=false
05-01 06:47:29.540  2814  4406 V WindowManager: Collecting in transition 3220: ActivityRecord{54809081 u0 dev.warp.mobile/.MainActivity t2133}, caller=com.android.server.wm.TransitionController.collect:7 com.android.server.wm.ActivityRecord.setVisibility:132 com.android.server.wm.EnsureActivitiesVisibleHelper.process:459 com.android.server.wm.TaskFragment.updateActivityVisibilities:12 com.android.server.wm.Task$$ExternalSyntheticLambda37.accept:37 
05-01 06:47:29.540  2814  4406 V WindowManager: Collecting in transition 3220: ActivityRecord{186519530 u0 com.sec.android.app.launcher/.Launcher t1889}, caller=com.android.server.wm.TransitionController.collect:7 com.android.server.wm.ActivityRecord.setVisibility:132 com.android.server.wm.ActivityRecord.makeInvisible:32 com.android.server.wm.EnsureActivitiesVisibleHelper.process:542 com.android.server.wm.TaskFragment.updateActivityVisibilities:12 
05-01 06:47:29.540  2814  4406 D WindowManager: prepareSync <SYNC_STATE_WAITING_FOR_DRAW>, mPrepareSyncSeqId=0, win=Window{4105a7d u0 com.sec.android.app.launcher/com.sec.android.app.launcher.Launcher}
05-01 06:47:29.541  2814  4406 V WindowManager: Collecting in transition 3220: WallpaperWindowToken{a9d03f0 showWhenLocked=true}_<lock>, caller=com.android.server.wm.Transition.collect:387 com.android.server.wm.TransitionController.collect:7 com.android.server.wm.ActivityRecord.setVisibility:132 com.android.server.wm.ActivityRecord.makeInvisible:32 com.android.server.wm.EnsureActivitiesVisibleHelper.process:542 
05-01 06:47:29.541  2814  4406 V WindowManager: Collecting in transition 3220: WallpaperWindowToken{1e7166b showWhenLocked=false}_<system>, caller=com.android.server.wm.Transition.collect:410 com.android.server.wm.TransitionController.collect:7 com.android.server.wm.ActivityRecord.setVisibility:132 com.android.server.wm.ActivityRecord.makeInvisible:32 com.android.server.wm.EnsureActivitiesVisibleHelper.process:542 
05-01 06:47:29.541  2814  4406 V WindowManager: Collecting in transition 3220: WallpaperWindowToken{1e7166b showWhenLocked=false}_<system>, caller=com.android.server.wm.TransitionController.collect:7 com.android.server.wm.WallpaperWindowToken.setVisibility:55 com.android.server.wm.WallpaperController.adjustWallpaperWindows:857 com.android.server.wm.RootWindowContainer.applySurfaceChangesTransaction$1:141 com.android.server.wm.RootWindowContainer.performSurfacePlacementNoTrace:59 
05-01 06:47:29.541  3998  4099 V ShellDesktopMode: DesktopTasksController: handleFullscreenTaskLaunch
05-01 06:47:29.541  3998  4099 V ShellDesktopMode: DesktopTasksController: isDesktopModeShowing: hasVisibleTasks=false hasTopTransparentFullscreenTask=false
05-01 06:47:29.541  3998  4099 V ShellDesktopMode: DesktopTasksController: handleRequest result=null
05-01 06:47:29.542  2814  5825 V WindowManager: Starting Transition 3220, caller=com.android.server.wm.WindowOrganizerController.startTransition:47 com.android.server.wm.WindowOrganizerController.startTransition:1 android.window.IWindowOrganizerController$Stub.onTransact:259 
05-01 06:47:29.542  4483  4706 I HoneySpace.TopTaskSource: onTaskMovedToFront : taskId = 2133, displayId = 0
05-01 06:47:29.542  4483  4708 I HoneySpace.TopTaskUseCase: topTasks 2133 ComponentInfo{dev.warp.mobile/dev.warp.mobile.MainActivity}[displayId=0]
05-01 06:47:29.544  8385 28335 I CategoryBloomFilter: BloomFilterSize:- 2778349
05-01 06:47:29.546  2814  3007 D SGM:FgCheckThread: notePauseComponent(), received pkgName: com.sec.android.app.launcher, userId: 0
05-01 06:47:29.546  2814  3808 D BackgroundInstallControlService: Package event received: 0
05-01 06:47:29.546  1802  1802 I SurfaceFlinger: [Display 0 name="內建畫面"#49] setFrameRateCategory: High
05-01 06:47:29.547  2814  3867 D SemWifiTransportLayerMonitor.TcpMonitorHandler: MSG_SAVE_PACKAGE_INFO
05-01 06:47:29.547  2814  3867 D SemWifiTransportLayerFileManager: saveWifiPackageInfoToFile
05-01 06:47:29.547  2814  3867 D SemWifiTransportLayerFileManager: writeWifiPackageInfoList
05-01 06:47:29.547  2814  3664 V InputMethodManagerService: Checking com.google.android.tts/com.google.android.apps.speech.tts.googletts.settings.asr.voiceime.VoiceInputMethodService
05-01 06:47:29.548  2814  3798 I CocktailBarManagerServiceContainer: handleMessage: entry what = 6
05-01 06:47:29.548  2814  3664 V InputMethodManagerService: Found an input method InputMethodInfo{com.google.android.tts/com.google.android.apps.speech.tts.googletts.settings.asr.voiceime.VoiceInputMethodService, settings: com.google.android.apps.speech.tts.googletts.settings.asr.voiceime.ui.VoiceImeSettingsActivity, languageSettings: null}
05-01 06:47:29.548  3998  4099 D ShellDesktopMode: [u0] DesktopRepository: Removes freeform task: taskId=2132
05-01 06:47:29.548  3998  4099 W ShellDesktopMode: [u0] DesktopRepository: No display id found for task: taskId=2132
05-01 06:47:29.548  2814  3664 V InputMethodManagerService: Checking com.samsung.android.honeyboard/.service.HoneyBoardService
05-01 06:47:29.548  3998  4099 D ShellDesktopMode: [u0] DesktopRepository: Removes freeform task: taskId=2132
05-01 06:47:29.548  3998  4099 W ShellDesktopMode: [u0] DesktopRepository: No display id found for task: taskId=2132
05-01 06:47:29.549  2814  5825 D CompatChangeReporter: Compat change id reported: 377864165; UID 11186; state: ENABLED
05-01 06:47:29.549  4483 18892 I HoneySpace.RecentTasks: onRecentTasksChanged
05-01 06:47:29.549  4483 17751 I HoneySpace.RecentTasks: onRecentTasksChanged
05-01 06:47:29.550  3998  4140 D ViewRootImpl: desktopMode is false
05-01 06:47:29.550  3998  4140 I ViewRootImpl: dVRR is disabled
05-01 06:47:29.550  3998  4198 D NativeCustomFrequencyManager: [NativeCFMS] BpCustomFrequencyManager::BpCustomFrequencyManager()
05-01 06:47:29.553  2814  3007 I DisplayDeviceRepository: Display device changed render timings: "內建畫面", renderFrameRate=120.00001, presentationDeadlineNanos=9333333, appVsyncOffsetNanos=8333333, frameRateOverrides=[{uid=10049 frameRateHz=120.00001}, {uid=10157 frameRateHz=120.00001}]
05-01 06:47:29.553  5955  5986 V OsAgent : broadcastSystemEvent - 7
05-01 06:47:29.554  4483 21083 I HoneySpace.Memory-Monitor: current state = 2, didTrim = false
05-01 06:47:29.555  1802  1802 I BpBinder: onLastStrongRef automatically unlinking death recipients: 
05-01 06:47:29.556  2814  3664 V InputMethodManagerService: Found an input method InputMethodInfo{com.samsung.android.honeyboard/.service.HoneyBoardService, settings: com.samsung.android.honeyboard.settings.common.HoneyBoardSettingsActivity, languageSettings: null}
05-01 06:47:29.556  2814  3664 V InputMethodManagerService: Checking com.samsung.android.honeyboard/com.samsung.android.writingtoolkit.service.FakeHoneyBoardService
05-01 06:47:29.556  1596  1596 D Zygote  : Forked child process 21724
05-01 06:47:29.556  2814  4406 D InputTransport: Input channel constructed: '8df6f20', fd=1084
05-01 06:47:29.556  2814  4406 D InputTransport: Input channel constructed: '8df6f20', fd=1214
05-01 06:47:29.556  2814  4406 D InputTransport: Input channel constructed: '8df6f20', fd=1560
05-01 06:47:29.556  2814  4406 D InputTransport: Input channel destroyed: '8df6f20', fd=1214
05-01 06:47:29.556  2814  4406 D WindowManager: prepareSync <SYNC_STATE_WAITING_FOR_DRAW>, mPrepareSyncSeqId=0, win=Window{8df6f20 u0 Splash Screen dev.warp.mobile}
05-01 06:47:29.556  1802  4719 I SurfaceFlinger: id=43676 createSurf, flag=84004, 8df6f20 Splash Screen dev.warp.mobile#43676
05-01 06:47:29.556  2814  4406 D RestrictionPolicy: isScreenCaptureEnabled : ret=true userId=0
05-01 06:47:29.556  2814  4406 V WindowManager: addWindow: ActivityRecord{54809081 u0 dev.warp.mobile/.MainActivity t2133} startingWindow=Window{8df6f20 u0 Splash Screen dev.warp.mobile}
05-01 06:47:29.556  2814  3664 V InputMethodManagerService: Found an input method InputMethodInfo{com.samsung.android.honeyboard/com.samsung.android.writingtoolkit.service.FakeHoneyBoardService, settings: null, languageSettings: null}
05-01 06:47:29.557  2814  3664 V InputMethodManagerService: Checking com.touchtype.swiftkey/com.touchtype.KeyboardService
05-01 06:47:29.557  2814  3664 V InputMethodManagerService: Found an input method InputMethodInfo{com.touchtype.swiftkey/com.touchtype.KeyboardService, settings: com.touchtype.LauncherActivityFromSystemSettings, languageSettings: null}
05-01 06:47:29.557  2814  3664 V InputMethodManagerService: Checking com.cbstudio.typeless_app/.ime.VoxboardIMEService
05-01 06:47:29.557  2814  4406 V WindowManager: rotationForOrientation(orient=SCREEN_ORIENTATION_UNSPECIFIED (-1), last=ROTATION_0 (0)); user=ROTATION_0 (0) 
05-01 06:47:29.557  2814  4406 D WindowManager: rotationForOrientation, orientationSource=ActivityRecord{54809081 u0 dev.warp.mobile/.MainActivity t2133}
05-01 06:47:29.557  2814  3664 V InputMethodManagerService: Found an input method InputMethodInfo{com.cbstudio.typeless_app/.ime.VoxboardIMEService, settings: com.cbstudio.typeless_app.MainActivity, languageSettings: null}
05-01 06:47:29.557  2814  3664 V InputMethodManagerService: Checking com.google.android.inputmethod.latin/com.android.inputmethod.latin.LatinIME
05-01 06:47:29.557  2814  4406 D InputTransport: Input channel destroyed: '8df6f20', fd=1560
05-01 06:47:29.558  2075  9727 I CameraService: onUidStateChanged: uid=10049, procState is changed. (0 -> 1)
05-01 06:47:29.558  3998  4140 D InputTransport: Input channel constructed: '8df6f20', fd=495
05-01 06:47:29.558  2814  3023 I ActivityManager: Start proc 21724:dev.warp.mobile/u0a1186 for next-top-activity {dev.warp.mobile/dev.warp.mobile.MainActivity}
05-01 06:47:29.558  2814  3023 D DynamicHiddenApp_BGProtectManager: [SecIpm] it's a ML_TYPE_EMPTYPROCESS protected process dev.warp.mobile
05-01 06:47:29.558  3998  4140 I InsetsController: onStateChanged: host=Splash Screen dev.warp.mobile, from=android.view.ViewRootImpl.onInsetsStateChanged:3026, state=InsetsState: {mDisplayFrame=Rect(0, 0 - 1080, 2340), mDisplayCutout=DisplayCutout{insets=Rect(0, 84 - 0, 0) waterfall=Insets{left=0, top=0, right=0, bottom=0} boundingRect={Bounds=[Rect(0, 0 - 0, 0), Rect(515, 0 - 566, 84), Rect(0, 0 - 0, 0), Rect(0, 0 - 0, 0)]} cutoutPathParserInfo={CutoutPathParserInfo{displayWidth=1080 displayHeight=2340 physicalDisplayWidth=1080 physicalDisplayHeight=2340 density={2.8125} cutoutSpec={M 0,0 H -9.066666666666667 V 29.86666666666667 H 9.066666666666667 V 0 H 0 Z @dp} rotation={0} scale={1.0} physicalPixelDisplaySizeRatio={1.0}}} sideOverrides={}}, mRoundedCorners=RoundedCorners{[RoundedCorner{position=TopLeft, radius=6, center=Point(6, 6)}, RoundedCorner{position=TopRight, radius=6, center=Point(1074, 6)}, RoundedCorner{position=BottomRight, radius=6, center=Point(1074, 2334)}, RoundedCorner{position=BottomLeft, radius=6, center=Point(6, 2334)}]}  mRoundedCornerFrame=Rect(0, 0 - 1080, 2340), mPrivacyIndicatorBounds=PrivacyIndicatorBounds {static bounds=Rect(956, 0 - 1080, 84) rotation=0}, mDisplayShape=DisplayShape{ spec=1406003047 displayWidth=1080 displayHeight=2340 physicalPixelDisplaySizeRatio=0.75 rotation=0 offsetX=0 offsetY=0 scale=1.0}, mSources= { InsetsSource: {8dca0001 mType=navigationBars mFrame=[0,2298][1080,2340] mVisible=true mFlags=SUPPRESS_SCRIM mSideHint=BOTTOM mBoundingRects=null}, InsetsSource: {8dca0004 mType=systemGestures mFrame=[0,0][112,2340] mVisible=true mFlags= mSideHint=LEFT mBoundingRects=null}, InsetsSource: {8dca0005 mType=mandatorySystemGestures mFrame=[0,2250][1080,2340] mVisible=true mFlags= mSideHint=BOTTOM mBoundingRects=null}, InsetsSource: {8dca0006 mType=tappableElement mFrame=[0,0][0,0] mVisible=true mFlags= mSideHint=NONE mBoundingRects=null}, InsetsSource: {8dca0024 mType=systemGestures mFrame=[968,0][1080,2340] mVisible=true mFlags= mSideHint=RIGHT mBoundingRects=null}, InsetsSource: {3 mType=ime mFrame=[0,0][0,0] mVisible=false mFlags= mSideHint=NONE mBoundingRects=null}, InsetsSource: {27 mType=displayCutout mFrame=[0,0][1080,84] mVisible=true mFlags= mSideHint=TOP mBoundingRects=null}, InsetsSource: {42420000 mType=statusBars mFrame=[0,0][1080,84] mVisible=true mFlags= mSideHint=TOP mBoundingRects=null}, InsetsSource: {42420005 mType=mandatorySystemGestures mFrame=[0,0][1080,118] mVisible=true mFlags= mSideHint=TOP mBoundingRects=null}, InsetsSource: {42420006 mType=tappableElement mFrame=[0,0][1080,84] mVisible=true mFlags= mSideHint=TOP mBoundingRects=null} }
05-01 06:47:29.558  3998  4140 I VRI[mobile]@fee40a7: onActiveControlsChanged, removed=false, mAdded=true, caller=android.view.ViewRootImpl.handleInsetsControlChanged:3002 android.view.ViewRootImpl.setView:2014 android.view.WindowManagerGlobal.addView:604 com.android.wm.shell.startingsurface.SplashscreenWindowCreator.addWindow:38 com.android.wm.shell.startingsurface.StartingWindowController$$ExternalSyntheticLambda4.run:1365 
05-01 06:47:29.559  3998  4163 D StackScroller: onDisplayChanged for predraw skip to 2
05-01 06:47:29.559  3998  4140 I VRI[mobile]@fee40a7: synced displayState. AttachInfo displayState=2
05-01 06:47:29.559  3998  4140 I VRI[mobile]@fee40a7: setView = android.widget.FrameLayout@212a197 IsHRR=false mFlingFrameRateChange=0 TM=true
05-01 06:47:29.559  3998  4198 D HWUI    : HWUI - treat SMPTE_170M as sRGB
05-01 06:47:29.560  2814  3023 I ActivityManager: ProcessObserver broadcast disabled
05-01 06:47:29.560  2814  4051 D WifiDisplayAdapter: isFitToActiveDisplayLocked : false
05-01 06:47:29.560  3998  3998 D DisplayLifecycle: updateDisplay id = 0
05-01 06:47:29.561  2814  5825 I WindowManager: Relayout Window{8df6f20 u0 Splash Screen dev.warp.mobile}: viewVisibility=0 req=1080x2340 ty=3 d0
05-01 06:47:29.561  1684  1724 I HYPER-HAL: [RequestManager.cpp]acquire(): Acquired ID : 53326940  [1687 / 8639]    HINT :      list : [TID_LOW_LATENCY / 1] [TID / 4188] [TID / 4189] [TID / 4140] [TID / 4198] 
05-01 06:47:29.561  2814  3664 V InputMethodManagerService: Found an input method InputMethodInfo{com.google.android.inputmethod.latin/com.android.inputmethod.latin.LatinIME, settings: com.google.android.apps.inputmethod.latin.preference.SettingsActivity, languageSettings: null}
05-01 06:47:29.561  1802  1881 I SurfaceFlinger: id=43677 createSurf, flag=44004, Splash Screen dev.warp.mobile$_3998#43677
05-01 06:47:29.561  2814  3664 V InputMethodManagerService: Checking com.koushikdutta.vysor/.VysorIME
05-01 06:47:29.561  2814  5825 D WindowManager: makeSurface duration=0 name=Splash Screen dev.warp.mobile$_3998
05-01 06:47:29.562  2814  5825 D SurfaceComposerClient: setCornerRadius ## 8df6f20 Splash Screen dev.warp.mobile#43676 cornerRadius=0.000000
05-01 06:47:29.562  2814  3664 V InputMethodManagerService: Found an input method InputMethodInfo{com.koushikdutta.vysor/.VysorIME, settings: com.koushikdutta.vysor.DummyIMEActivity, languageSettings: null}
05-01 06:47:29.562  2814  3664 V InputMethodManagerService: Checking org.kde.kdeconnect_tp/org.kde.kdeconnect.plugins.remotekeyboard.RemoteKeyboardService
05-01 06:47:29.562  2814  5825 D SurfaceComposerClient: setCornerRadius ## 8df6f20 Splash Screen dev.warp.mobile#43676 cornerRadius=0.000000
05-01 06:47:29.562  2814  3664 V InputMethodManagerService: Found an input method InputMethodInfo{org.kde.kdeconnect_tp/org.kde.kdeconnect.plugins.remotekeyboard.RemoteKeyboardService, settings: null, languageSettings: null}
05-01 06:47:29.562  2814  5825 D WindowManager: Changing focus from Window{4105a7d u0 com.sec.android.app.launcher/com.sec.android.app.launcher.Launcher} to null displayId=0 Callers=com.android.server.wm.WindowManagerService.relayoutWindow:1366 com.android.server.wm.Session.relayout:27 android.view.IWindowSession$Stub.onTransact:829 com.android.server.wm.Session.onTransact:1 
05-01 06:47:29.562  2814  5825 V SystemKeyManager: updateFocusedWindow() is called, 
05-01 06:47:29.562  2814  3664 V InputMethodManagerService: --- re-buildInputMethodList reset = false 
05-01 06:47:29.562  2814  3664 V InputMethodManagerService:  ------ caller=com.android.server.inputmethod.InputMethodManagerService$MyPackageMonitor.onFinishPackageChanges:399 com.android.internal.content.PackageMonitor.doHandlePackageEvent:596 com.android.internal.content.PackageMonitor.lambda$postHandlePackageEvent$0:435 com.android.internal.content.PackageMonitor.$r8$lambda$bSKEInwdT6Kd7GAyzMZPsXTTqeQ:0 com.android.internal.content.PackageMonitor$$ExternalSyntheticLambda0.run:0 android.os.Handler.handleCallback:995 android.os.Handler.dispatchMessage:103 android.os.Looper.loopOnce:273 android.os.Looper.loop:363 android.os.HandlerThread.run:85 
05-01 06:47:29.562  2814  5110 D InputDispatcher: Focus left window (0): 4105a7d com.sec.android.app.launcher/com.sec.android.app.launcher.Launcher
05-01 06:47:29.562  2814  5825 I WindowManager: Relayout hash=8df6f20, pid=3998, syncId=-1: mAttrs={(0,0)(fillxfill) sim={adjust=pan} layoutInDisplayCutoutMode=always ty=APPLICATION_STARTING fmt=TRANSLUCENT wanim=0x1030317
05-01 06:47:29.562  2814  5825 I WindowManager:   fl=81030118
05-01 06:47:29.562  2814  5825 I WindowManager:   pfl=10000810
05-01 06:47:29.562  2814  5825 I WindowManager:   bhv=1
05-01 06:47:29.562  2814  5825 I WindowManager:   fitSides=0
05-01 06:47:29.562  2814  5825 I WindowManager:   frameRateBoostOnTouch=true
05-01 06:47:29.562  2814  5825 I WindowManager:   dvrrWindowFrameRateHint=true naviIconColor=0}
05-01 06:47:29.563  4483  4483 I ImeFocusController: onPreWindowFocus: skipped hasWindowFocus=false mHasImeFocus=true
05-01 06:47:29.563  3998  4140 I VRI[mobile]@fee40a7: onActiveControlsChanged, removed=false, mAdded=true, caller=android.view.ViewRootImpl.handleInsetsControlChanged:3002 android.view.ViewRootImpl.relayoutWindow:11629 android.view.ViewRootImpl.performTraversals:4804 android.view.ViewRootImpl.doTraversal:3924 android.view.ViewRootImpl$TraversalRunnable.run:12903 
05-01 06:47:29.563  1802  1802 I SurfaceFlinger: [LayerHierarchy{RequestedLayerState{ImeContainer#15 parentId=257 relativeParentId=257 z=1} 1 children}] RelativeParent to null
05-01 06:47:29.563  1802  1802 I SurfaceFlinger: [8df6f20 Splash Screen dev.warp.mobile#43676] attach to parent LayerHierarchy{RequestedLayerState{ActivityRecord{54809081 u0 dev.warp.mobile/.MainActivity t2133}#43675 parentId=43674} 1 children}
05-01 06:47:29.563  1802  1802 I SurfaceFlinger: [Splash Screen dev.warp.mobile$_3998#43677] attach to parent LayerHierarchy{RequestedLayerState{8df6f20 Splash Screen dev.warp.mobile#43676 parentId=43675} 1 children}
05-01 06:47:29.563  3998  4140 I BufferQueueProducer: [](id:f9e000001ab,api:0,p:488676496,c:3998) setDequeueTimeout:2077252342
05-01 06:47:29.563  2814  4860 D HintManagerService: SystemUI make new AppHintSession but force pause
05-01 06:47:29.563  3998  4140 I BLASTBufferQueue_Java: new BLASTBufferQueue, mName= VRI[mobile]@fee40a7 mNativeObject= 0xb4000070ed3729f0 caller= android.view.ViewRootImpl.updateBlastSurfaceIfNeeded:3585 android.view.ViewRootImpl.relayoutWindow:11685 android.view.ViewRootImpl.performTraversals:4804 android.view.ViewRootImpl.doTraversal:3924 android.view.ViewRootImpl$TraversalRunnable.run:12903 android.view.Choreographer$CallbackRecord.run:1901 android.view.Choreographer$CallbackRecord.run:1910 android.view.Choreographer.doCallbacks:1367 android.view.Choreographer.doFrame:1292 android.view.Choreographer$FrameDisplayEventReceiver.run:1870 
05-01 06:47:29.563  3998  4140 I BLASTBufferQueue_Java: update, w= 1080 h= 2340 mName = VRI[mobile]@fee40a7 mNativeObject= 0xb4000070ed3729f0 sc.mNativeObject= 0xb40000723d1fee10 format= -3 caller= android.view.ViewRootImpl.updateBlastSurfaceIfNeeded:3590 android.view.ViewRootImpl.relayoutWindow:11685 android.view.ViewRootImpl.performTraversals:4804 android.view.ViewRootImpl.doTraversal:3924 android.view.ViewRootImpl$TraversalRunnable.run:12903 android.view.Choreographer$CallbackRecord.run:1901 
05-01 06:47:29.563  1684  1724 I HYPER-HAL: [RequestManager.cpp]acquire(): Acquired ID : 53326940  [1687 / 8639]    HINT :      list : [TID_LOW_LATENCY / 0] [TID / 4188] [TID / 4189] [TID / 4140] [TID / 4198] 
05-01 06:47:29.564  3998  4140 I VRI[mobile]@fee40a7: Relayout returned: old=(0,0,1080,2340) new=(0,0,1080,2340) relayoutAsync=false req=(1080,2340)0 dur=2 res=0x3 s={true 0xb40000716dc76a40} ch=true seqId=0
05-01 06:47:29.564  3998  4140 I VRI[mobile]@fee40a7: performConfigurationChange setNightDimText nightDimLevel=0
05-01 06:47:29.564  3998  4140 D VRI[mobile]@fee40a7: mThreadedRenderer.initialize() mSurface={isValid=true 0xb40000716dc76a40} hwInitialized=true
05-01 06:47:29.564  3998  4140 D VRI[mobile]@fee40a7: reportNextDraw android.view.ViewRootImpl.performTraversals:5443 android.view.ViewRootImpl.doTraversal:3924 android.view.ViewRootImpl$TraversalRunnable.run:12903 android.view.Choreographer$CallbackRecord.run:1901 android.view.Choreographer$CallbackRecord.run:1910 
05-01 06:47:29.564  3998  4140 D VRI[mobile]@fee40a7: Setup new sync=wmsSync-VRI[mobile]@fee40a7#88
05-01 06:47:29.564  3998  4140 I VRI[mobile]@fee40a7: Creating new active sync group VRI[mobile]@fee40a7#89
05-01 06:47:29.564  4483  4483 I ImeFocusController: onPostWindowFocus: skipped hasWindowFocus=false mHasImeFocus=true
05-01 06:47:29.565  3998  4140 D VRI[mobile]@fee40a7: registerCallbacksForSync syncBuffer=false
05-01 06:47:29.566  2814  3664 D InputMethodManagerService: isImeSwitcherDisabledPackage : false
05-01 06:47:29.566  3998  4189 D VRI[mobile]@fee40a7: Received frameDrawingCallback syncResult=0 frameNum=1.
05-01 06:47:29.566  3998  4189 I VRI[mobile]@fee40a7: mWNT: t=0xb4000071fd274150 mBlastBufferQueue=0xb4000070ed3729f0 fn= 1 HdrRenderState mRenderHdrSdrRatio=1.0 caller= android.view.ViewRootImpl$12.onFrameDraw:15441 android.view.ThreadedRenderer$1.onFrameDraw:718 <bottom of call stack> 
05-01 06:47:29.566  3998  4189 I VRI[mobile]@fee40a7: Setting up sync and frameCommitCallback
05-01 06:47:29.566  2814  3664 D InputMethodManagerService: shouldShowImeSwitcherLocked : checking vis : 3
05-01 06:47:29.566  3998  4198 W qdgralloc: getInterlacedFlag: getMetaData returned 3, defaulting to interlaced_flag = 0
05-01 06:47:29.567  3998  4198 I BLASTBufferQueue: [VRI[mobile]@fee40a7#427](f:0,a:0,s:0) onFrameAvailable the first frame is available
05-01 06:47:29.567  3998  4198 I SurfaceComposerClient: apply transaction with the first frame. layerId: 43677, bufferData(ID: 17171279273582, frameNumber: 1)
05-01 06:47:29.567  3998  4198 I VRI[mobile]@fee40a7: Received frameCommittedCallback lastAttemptedDrawFrameNum=1 didProduceBuffer=true
05-01 06:47:29.567  1802  1881 I SurfaceFlinger: [Splash Screen dev.warp.mobile$_3998#43677] setTransactionState with the first frame. bufferData(ID: 17171279273582, frameNumber: 1)
05-01 06:47:29.567  8465  8673 I Routine@Core[4.9.04.13]: AppFunctionsActionHandler: isSupported: supportStatus = SUPPORTED, tag = appfunction://com.sec.android.app.clockpackage.crossappactions#AlarmCrossAppActions_updateAlarm
05-01 06:47:29.567  3998  4198 D HWUI    : CFMS:: SetUp Pid : 3998    Tid : 4198
05-01 06:47:29.567  3998  4140 D VRI[mobile]@fee40a7: reportDrawFinished seqId=0
05-01 06:47:29.568  2814  5825 D WindowManager: finishDrawingWindow: Window{8df6f20 u0 Splash Screen dev.warp.mobile} mDrawState=DRAW_PENDING seqId=0
05-01 06:47:29.568  1802  2321 I CompositionEngine: [setDisplaySize] size=(434, 42)
05-01 06:47:29.568  2814  5825 V WindowManager: Finishing drawing window Window{8df6f20 u0 Splash Screen dev.warp.mobile}: mDrawState=DRAW_PENDING
05-01 06:47:29.568  2814  5825 V WindowManager: Draw state now committed in Window{8df6f20 u0 Splash Screen dev.warp.mobile}
05-01 06:47:29.568  8465  8673 I Routine@Core[4.9.04.13]: TASKD/ActionTaskAdapterFactoryImpl: getAdapter - metaId=appfunction://com.sec.android.app.clockpackage.crossappactions#StopwatchCrossAppFunctions_resetStopwatch(id=668)
05-01 06:47:29.568  2814  3008 D SurfaceComposerClient: setCornerRadius ## 8df6f20 Splash Screen dev.warp.mobile#43676 cornerRadius=0.000000
05-01 06:47:29.569  2814  3008 D BLASTSyncEngine: SyncGroup 3220: Set ready true, caller=com.android.server.wm.BLASTSyncEngine.setReady:32 com.android.server.wm.Transition.applyReady:54 com.android.server.wm.Transition.setReady:72 com.android.server.wm.TransitionController.setReady:6 com.android.server.wm.DisplayContent.executeAppTransition:4 com.android.server.wm.WindowState.performShowLocked:313 
05-01 06:47:29.569  2814  3008 D SurfaceComposerClient: setCornerRadius ## 8df6f20 Splash Screen dev.warp.mobile#43676 cornerRadius=0.000000
05-01 06:47:29.569  2814  3008 V WindowManager: SyncGroup 3220: Finished!
05-01 06:47:29.569  2814  3008 V WindowManager: performShowLocked: mDrawState=HAS_DRAWN in Window{8df6f20 u0 Splash Screen dev.warp.mobile}
05-01 06:47:29.569  2814  3008 D WindowManagerServiceExt: updateTaskbarTargetIfNeeded: cn=ComponentInfo{dev.warp.mobile/dev.warp.mobile.MainActivity} occludesParent=true isInSplitScreenMode=false
05-01 06:47:29.569  2814  3008 D ChangeTransitionController: onTransactionReady: TransitionRecord{89c90c0 id=3220 type=OPEN flags=0x0 c=[
05-01 06:47:29.569  2814  3008 D ChangeTransitionController:    ChangeInfo{e4c7462 container=WallpaperWindowToken{1e7166b showWhenLocked=false}_<system> flags=0x0}
05-01 06:47:29.569  2814  3008 D ChangeTransitionController:    ChangeInfo{7cf99f3 container=RemoteWallpaperAnim:1:1@40441851 flags=0x0}
05-01 06:47:29.569  2814  3008 D ChangeTransitionController:    ChangeInfo{7494731 container=ActivityRecord{54809081 u0 dev.warp.mobile/.MainActivity t2133} flags=0x0}
05-01 06:47:29.569  2814  3008 D ChangeTransitionController:    ChangeInfo{93ec6b0 container=Task{4dd1d24 #1889 type=home I=com.sec.android.app.launcher/.Launcher} flags=0x0}
05-01 06:47:29.569  2814  3008 D ChangeTransitionController:    ChangeInfo{eca6e16 container=Task{5c37f9f #2133 type=standard A=11186:dev.warp.mobile} flags=0x0}
05-01 06:47:29.569  2814  3008 D ChangeTransitionController:    ChangeInfo{c646929 container=Task{8c540b6 #1888 type=home} flags=0x0}
05-01 06:47:29.569  2814  3008 D ChangeTransitionController:    ChangeInfo{d8174ae container=WallpaperWindowToken{a9d03f0 showWhenLocked=true}_<lock> flags=0x0}
05-01 06:47:29.569  2814  3008 D ChangeTransitionController:    ChangeInfo{e3fe24f container=ActivityRecord{186519530 u0 com.sec.android.app.launcher/.Launcher t1889} flags=0x0}
05-01 06:47:29.569  2814  3008 D ChangeTransitionController:    ChangeInfo{4bfc397 container=DefaultTaskDisplayArea_d0@203309895 flags=0x0}
05-01 06:47:29.569  2814  3008 D ChangeTransitionController:    ChangeInfo{1087984 container=Display{#0 state=ON size=1080x2340 ROTATION_0} flags=0x0}
05-01 06:47:29.569  2814  3008 D ChangeTransitionController: ]
05-01 06:47:29.569  2814  3008 D ChangeTransitionController: }
05-01 06:47:29.569  2814  3008 V WindowManager: Start calculating TransitionInfo based on participants: {WallpaperWindowToken{1e7166b showWhenLocked=false}_<system>, ActivityRecord{54809081 u0 dev.warp.mobile/.MainActivity t2133}, Task{5c37f9f #2133 type=standard A=11186:dev.warp.mobile}, WallpaperWindowToken{a9d03f0 showWhenLocked=true}_<lock>, ActivityRecord{186519530 u0 com.sec.android.app.launcher/.Launcher t1889}}
05-01 06:47:29.569  2814  3008 V WindowManager:   Final targets: [ChangeInfo{eca6e16 container=Task{5c37f9f #2133 type=standard A=11186:dev.warp.mobile} flags=0x10}, ChangeInfo{c646929 container=Task{8c540b6 #1888 type=home} flags=0x10}, ChangeInfo{e4c7462 container=WallpaperWindowToken{1e7166b showWhenLocked=false}_<system> flags=0x0}]
05-01 06:47:29.569  1802  1881 I SurfaceFlinger: id=43678 createSurf, flag=84004, Transition Root: Task=2133#43678
05-01 06:47:29.570  2814  3008 I SurfaceControlRegistry: show, t=StartTransaction_SyncId<3220> sc=ActivityRecord{54809081 u0 dev.warp.mobile/.MainActivity t2133}, caller=android.view.SurfaceControl$Transaction.show:3557 com.android.server.wm.Transition.onTransactionReady:2048 com.android.server.wm.BLASTSyncEngine$SyncGroup.finishNow:240 com.android.server.wm.BLASTSyncEngine.onSurfacePlacement:263 com.android.server.wm.RootWindowContainer.performSurfacePlacementNoTrace:1083 com.android.server.wm.WindowSurfacePlacer.performSurfacePlacement:166 
05-01 06:47:29.570  2814  3008 D SurfaceComposerClient: setCornerRadius ## WallpaperWindowToken{1e7166b showWhenLocked=false}#74 cornerRadius=0.000000
05-01 06:47:29.570  2814  3008 D SurfaceComposerClient: setCornerRadius ## Task=1888#255 cornerRadius=0.000000
05-01 06:47:29.570  2814  3008 D SurfaceComposerClient: setCornerRadius ## Task=2133#43674 cornerRadius=0.000000
05-01 06:47:29.570  2814  3008 V WindowManager: Calling onTransitionReady: {id=3220 t=OPEN f=0x0 trk=0 r=[0@Point(0, 0)] c=[
05-01 06:47:29.570  2814  3008 V WindowManager:         {WCT{RemoteToken{338bbc8 Task{5c37f9f #2133 type=standard A=11186:dev.warp.mobile}}} m=OPEN f=NONE leash=Surface(name=Task=2133)/@0x4f42dba sb=Rect(0, 0 - 1080, 2340) eb=Rect(0, 0 - 1080, 2340) epz=Point(1080, 2340) d=0 taskParent=-1 inset=Rect(0, 84 - 0, 42) dim=true},
05-01 06:47:29.570  2814  3008 V WindowManager:         {WCT{RemoteToken{f3d6f39 Task{8c540b6 #1888 type=home}}} m=TO_BACK f=SHOW_WALLPAPER|EDGE_EXTENSION_RESTRICTION leash=Surface(name=Task=1888)/@0x634c3d sb=Rect(0, 0 - 1080, 2340) eb=Rect(0, 0 - 1080, 2340) epz=Point(1080, 2340) d=0 taskParent=-1 inset=Rect(0, 84 - 0, 42)},
05-01 06:47:29.570  2814  3008 V WindowManager:         {m=TO_BACK f=IS_WALLPAPER|IS_FIXED_PORTRAIT p=WCT{RemoteToken{421e97e RemoteWallpaperAnim:1:1@40441851}} leash=Surface(name=WallpaperWindowToken{1e7166b showWhenLocked=false})/@0x8b5b994 sb=Rect(0, 0 - 1080, 2340) eb=Rect(0, 0 - 1080, 2340) epz=Point(1080, 2340) d=0 inset=Rect(0, 0 - 0, 0)}
05-01 06:47:29.570  2814  3008 V WindowManager:     ]}
05-01 06:47:29.571  2814  3004 V WindowManager: Sent Transition (#3220) createdAt=05-01 06:47:29.532 via request=TransitionRequestInfo { type = OPEN, triggerTask = TaskInfo{userId=0 taskId=2133 effectiveUid=11186 displayId=0 isRunning=true baseIntent=Intent { flg=0x10000000 cmp=dev.warp.mobile/.MainActivity } baseActivity=ComponentInfo{dev.warp.mobile/dev.warp.mobile.MainActivity} topActivity=ComponentInfo{dev.warp.mobile/dev.warp.mobile.MainActivity} origActivity=null realActivity=ComponentInfo{dev.warp.mobile/dev.warp.mobile.MainActivity} numActivities=1 lastActiveTime=240962702 supportsMultiWindow=true resizeMode=1 isResizeable=true minWidth=-1 minHeight=-1 maxWidth=-1 maxHeight=-1 defaultMinSize=220 desktopDefaultMinSize=304 token=WCT{RemoteToken{338bbc8 Task{5c37f9f #2133 type=standard A=11186:dev.warp.mobile}}} topActivityType=1 pictureInPictureParams=null shouldDockBigOverlays=false launchIntoPipHostTaskId=-1 lastParentTaskIdBeforePip=-1 displayCutoutSafeInsets=Rect(0, 84 - 0, 0) topActivityInfo=ActivityInfo{d0f1461 dev.warp.mobile.MainActivity} launchCookies=[] positionInParent=Point(0, 0) parentTaskId=-1 isFocused=false isVisible=false isVisibleRequested=false isTopActivityNoDisplay=false isSleeping=false locusId=null displayAreaFeatureId=1 isTopActivityTransparent=false isActivityStackTransparent=false lastNonFullscreenBounds=Rect(81, 606 - 999, 1776) capturedLink=null capturedLinkTimestamp=0 requestedVisibleTypes=-9 topActivityRequestOpenInBrowserEducationTimestamp=0 appCompatTaskInfo=AppCompatTaskInfo { topActivityInSizeCompat=false eligibleForLetterboxEducation= false isLetterboxEducationEnabled= false isLetterboxDoubleTapEnabled= false eligibleForUserAspectRatioButton= false topActivityBoundsLetterboxed= false isFromLetterboxDoubleTap= false topActivityLetterboxVerticalPosition= -1 topActivityLetterboxHorizontalPosition= -1 topActivityLetterboxWidth=-1 topActivityLetterboxHeight=-1 topActivityAppBounds=Rect(0, 0 - 1080, 2340) isUserFullscreenOverrideEnabled=false isSystemFullscreenOverrideEnabled=false hasMinAspectRatioOverride=false topActivityLetterboxBounds=null cameraCompatTaskInfo=CameraCompatTaskInfo { freeformCameraCompatMode=inactive} topActivityBounds=null topActivityInDisplayCompat=false singleTapFromLetterbox=false} topActivityMainWindowFrame=null originallySupportedMultiWindow=true hasWallpaper=false rootAffinity=11186:dev.warp.mobile isTopTaskInStage=false CoverLauncherWidgetTask=false LaunchedFromAppsCoverLauncherTask=false LaunchedFromMultistarCoverLauncherTask=false isAllowedSeamlessRotation=false isTopTransparentActivity=false isAliasManaged=false hasConfigChanged=false snappingGuideBounds=null isAiKeyRemoveAppTask=false lastDesktopWindowingBounds=null lastExternalDesktopWindowingBounds=null safeCutoutInsets=null}, pipChange = null, remoteTransition = null, displayChange = null, flags = 0, debugId = 3220 }
05-01 06:47:29.571  2814  3004 V WindowManager:     startWCT=WindowContainerTransaction { changes= {} hops= [] errorCallbackToken=null taskFragmentOrganizer=null }
05-01 06:47:29.571  2814  3004 V WindowManager:     info={id=3220 t=OPEN f=0x0 trk=0 r=[0@Point(0, 0)] c=[
05-01 06:47:29.571  2814  3004 V WindowManager:         {WCT{RemoteToken{338bbc8 Task{5c37f9f #2133 type=standard A=11186:dev.warp.mobile}}} m=OPEN f=NONE leash=Surface(name=Task=2133)/@0x4f42dba sb=Rect(0, 0 - 1080, 2340) eb=Rect(0, 0 - 1080, 2340) epz=Point(1080, 2340) d=0 taskParent=-1 inset=Rect(0, 84 - 0, 42) dim=true},
05-01 06:47:29.571  2814  3004 V WindowManager:         {WCT{RemoteToken{f3d6f39 Task{8c540b6 #1888 type=home}}} m=TO_BACK f=SHOW_WALLPAPER|EDGE_EXTENSION_RESTRICTION leash=Surface(name=Task=1888)/@0x634c3d sb=Rect(0, 0 - 1080, 2340) eb=Rect(0, 0 - 1080, 2340) epz=Point(1080, 2340) d=0 taskParent=-1 inset=Rect(0, 84 - 0, 42)},
05-01 06:47:29.571  2814  3004 V WindowManager:         {m=TO_BACK f=IS_WALLPAPER|IS_FIXED_PORTRAIT p=WCT{RemoteToken{421e97e RemoteWallpaperAnim:1:1@40441851}} leash=Surface(name=WallpaperWindowToken{1e7166b showWhenLocked=false})/@0x8b5b994 sb=Rect(0, 0 - 1080, 2340) eb=Rect(0, 0 - 1080, 2340) epz=Point(1080, 2340) d=0 inset=Rect(0, 0 - 0, 0)}
05-01 06:47:29.571  2814  3004 V WindowManager:     ]}
05-01 06:47:29.571  2814  3008 I WindowManager: Cancelling animation restarting=true, leash=Surface(name=Surface(name=f55aae8 StatusBar)/@0xae07dd7 - animation-leash of insets_animation)/@0x35b17cd
05-01 06:47:29.571  2814  3008 I WindowManager: Reparenting to original parent: Surface(name=WindowToken{ecf0c0b type=2000 android.os.BinderProxy@4593585})/@0x33746c4, destroy=false, surface=Surface(name=f55aae8 StatusBar)/@0xae07dd7
05-01 06:47:29.571  2814  3008 I WindowManager: Reparenting to leash, surface=Surface(name=f55aae8 StatusBar)/@0xae07dd7, leashParent=Surface(name=WindowToken{ecf0c0b type=2000 android.os.BinderProxy@4593585})/@0x33746c4
05-01 06:47:29.571  1802  1881 I SurfaceFlinger: id=43679 createSurf, flag=24000, Surface(name=f55aae8 StatusBar)/@0xae07dd7 - animation-leash of insets_animation#43679
05-01 06:47:29.571  1802  1802 I SurfaceFlinger: [Transition Root: Task=2133#43678] attach to parent LayerHierarchy{RequestedLayerState{DefaultTaskDisplayArea_d0#10 parentId=9} 21 children}
05-01 06:47:29.572  3998  4221 V WindowManagerShell: onTransitionReady(transaction=12086038177279)
05-01 06:47:29.572  3998  4099 V WindowManagerShell: onTransitionReady (#3220) android.os.BinderProxy@5ca38f5: {id=3220 t=OPEN f=0x0 trk=0 r=[0@Point(0, 0)] c=[
05-01 06:47:29.572  3998  4099 V WindowManagerShell:         {m=OPEN f=NONE leash=Surface(name=Task=2133)/@0x4b17fee sb=Rect(0, 0 - 1080, 2340) eb=Rect(0, 0 - 1080, 2340) epz=Point(1080, 2340) d=0 taskParent=-1 inset=Rect(0, 84 - 0, 42) dim=true},
05-01 06:47:29.572  3998  4099 V WindowManagerShell:         {m=TO_BACK f=SHOW_WALLPAPER|EDGE_EXTENSION_RESTRICTION leash=Surface(name=Task=1888)/@0x4a22c8f sb=Rect(0, 0 - 1080, 2340) eb=Rect(0, 0 - 1080, 2340) epz=Point(1080, 2340) d=0 taskParent=-1 inset=Rect(0, 84 - 0, 42)},
05-01 06:47:29.572  3998  4099 V WindowManagerShell:         {m=TO_BACK f=IS_WALLPAPER|IS_FIXED_PORTRAIT p=WCT{android.window.IWindowContainerToken$Stub$Proxy@839acfa} leash=Surface(name=WallpaperWindowToken{1e7166b showWhenLocked=false})/@0x83abb1c sb=Rect(0, 0 - 1080, 2340) eb=Rect(0, 0 - 1080, 2340) epz=Point(1080, 2340) d=0 inset=Rect(0, 0 - 0, 0)}
05-01 06:47:29.572  3998  4099 V WindowManagerShell:     ]}
05-01 06:47:29.572  2814  3008 D WindowManager: makeSurface duration=1 leash=Surface(name=Surface(name=f55aae8 StatusBar)/@0xae07dd7 - animation-leash of insets_animation)/@0x8afcc47
05-01 06:47:29.572  2814  3008 D InsetsSourceProvider: updateControlForTarget: control=InsetsSourceControl: {42420000 mType=statusBars initiallyVisible mSurfacePosition=Point(0, 0) mInsetsHint=Insets{left=0, top=84, right=0, bottom=0}}, target=Window{8df6f20 u0 Splash Screen dev.warp.mobile}, from=com.android.server.wm.InsetsStateController.onControlTargetChanged:83 com.android.server.wm.InsetsPolicy.updateBarControlTarget:212 com.android.server.wm.DisplayPolicy.updateSystemBarAttributes:262 com.android.server.wm.DisplayPolicy.finishPostLayoutPolicyLw:17 com.android.server.wm.RootWindowContainer.applySurfaceChangesTransaction$1:195 
05-01 06:47:29.572  3998  4099 V ShellDesktopMode: DesktopModeLogger: taskInfo map after processing changes 0
