05-01 07:29:49.157  8122  8122 D WarpIme : gesture_scroll x=540.0 y=912.6543 dx=0.0 dy=108.18945 vx=-0.050331667 vy=-12999.811
05-01 07:29:49.157  8122  8122 D warp-android-host: android_logger: android_logger: log::set_logger failed: attempted to set a logger after the logging system was already initialized
05-01 07:29:49.157  8122  8122 I warp-android-host: warp_mobile_android_host::input: input_event kind=scroll x=540.0 y=912.7 vx=-0.1 vy=-12999.8 events_total=58
05-01 07:29:49.160  8122  8122 I warp-android-host: warp_mobile_android_host::vulkan: present_ok frame=2744 ts=162781633
05-01 07:29:49.165  8122  8122 D WarpIme : gesture_scroll x=540.0 y=804.4678 dx=0.0 dy=108.18652 vx=-0.05157203 vy=-13000.024
05-01 07:29:49.166  8122  8122 D warp-android-host: android_logger: android_logger: log::set_logger failed: attempted to set a logger after the logging system was already initialized
05-01 07:29:49.166  8122  8122 I warp-android-host: warp_mobile_android_host::input: input_event kind=scroll x=540.0 y=804.5 vx=-0.1 vy=-13000.0 events_total=59
05-01 07:29:49.168  8122  8122 I warp-android-host: warp_mobile_android_host::vulkan: present_ok frame=2745 ts=162781642
05-01 07:29:49.174  8122  8122 D WarpIme : gesture_scroll x=540.0 y=696.2832 dx=0.0 dy=108.18457 vx=0.09442606 vy=-13000.023
05-01 07:29:49.174  8122  8122 D warp-android-host: android_logger: android_logger: log::set_logger failed: attempted to set a logger after the logging system was already initialized
05-01 07:29:49.174  8122  8122 I warp-android-host: warp_mobile_android_host::input: input_event kind=scroll x=540.0 y=696.3 vx=0.1 vy=-13000.0 events_total=60
05-01 07:29:49.177  8122  8122 I warp-android-host: warp_mobile_android_host::vulkan: present_ok frame=2746 ts=162781651
05-01 07:29:49.182  8122  8122 D WarpIme : gesture_scroll x=540.0 y=588.0996 dx=0.0 dy=108.18359 vx=0.0 vy=-13000.132
05-01 07:29:49.182  8122  8122 D warp-android-host: android_logger: android_logger: log::set_logger failed: attempted to set a logger after the logging system was already initialized
05-01 07:29:49.182  8122  8122 I warp-android-host: warp_mobile_android_host::input: input_event kind=scroll x=540.0 y=588.1 vx=0.0 vy=-13000.1 events_total=61
05-01 07:29:49.185  8122  8122 I warp-android-host: warp_mobile_android_host::vulkan: present_ok frame=2747 ts=162781659
05-01 07:29:49.191  8122  8122 D WarpIme : gesture_scroll x=540.0 y=479.917 dx=0.0 dy=108.18262 vx=0.03362072 vy=-13000.038
05-01 07:29:49.191  8122  8122 D warp-android-host: android_logger: android_logger: log::set_logger failed: attempted to set a logger after the logging system was already initialized
05-01 07:29:49.191  8122  8122 I warp-android-host: warp_mobile_android_host::input: input_event kind=scroll x=540.0 y=479.9 vx=0.0 vy=-13000.0 events_total=62
05-01 07:29:49.193  8122  8122 I warp-android-host: warp_mobile_android_host::vulkan: present_ok frame=2748 ts=162781667
05-01 07:29:49.199  8122  8122 D WarpIme : gesture_scroll x=540.0 y=371.73633 dx=0.0 dy=108.180664 vx=-0.008382599 vy=-13000.022
05-01 07:29:49.199  8122  8122 D warp-android-host: android_logger: android_logger: log::set_logger failed: attempted to set a logger after the logging system was already initialized
05-01 07:29:49.199  8122  8122 I warp-android-host: warp_mobile_android_host::input: input_event kind=scroll x=540.0 y=371.7 vx=-0.0 vy=-13000.0 events_total=63
05-01 07:29:49.202  8122  8122 I warp-android-host: warp_mobile_android_host::vulkan: present_ok frame=2749 ts=162781675
05-01 07:29:49.207  8122  8122 D WarpIme : gesture_scroll x=540.0 y=263.55664 dx=0.0 dy=108.17969 vx=-0.0148770055 vy=-12999.973
05-01 07:29:49.207  8122  8122 D warp-android-host: android_logger: android_logger: log::set_logger failed: attempted to set a logger after the logging system was already initialized
05-01 07:29:49.208  8122  8122 I warp-android-host: warp_mobile_android_host::input: input_event kind=scroll x=540.0 y=263.6 vx=-0.0 vy=-13000.0 events_total=64
05-01 07:29:49.208  2814  5825 D InputDispatcher: Inject motion (9783/2000): action=0x1, time=162781682000000, f=0x0, d=0 dsdx=1.000000 dtdx=0.000000
05-01 07:29:49.209  2814  3644 I InputDispatcher: Delivering touch to (8122): action: 0x1, f=0x0, d=0, '6d0f9ad', t=1 
05-01 07:29:49.210  8122  8122 I warp-android-host: warp_mobile_android_host::vulkan: present_ok frame=2750 ts=162781684
05-01 07:29:49.210  4483  4483 I HoneySpace.GestureInputHandler: reset
05-01 07:29:49.210  8122  8122 I VRI[MainActivity]@afeb858: ViewPostIme pointer 1
05-01 07:29:49.210  4483  4483 I HoneySpace.InputSession: close
05-01 07:29:49.210  2814  2814 I SemDvfsHyPerManager: acquire hyper - GESTURE_DETECTED_HRR/2814@29, type = -999
05-01 07:29:49.211  8122  8122 I WarpIme : touch_up x=540.0 y=200.0
05-01 07:29:49.211  8122  8122 D warp-android-host: android_logger: android_logger: log::set_logger failed: attempted to set a logger after the logging system was already initialized
05-01 07:29:49.211  2814  2814 I SemDvfsHyPerManager: acquire hyper - GESTURE_DETECTED_HRR/2814@29, type = -999
05-01 07:29:49.211  8122  8122 I warp-android-host: warp_mobile_android_host::input: input_event kind=touch_up x=540.0 y=200.0 vx=0.0 vy=0.0 events_total=65
05-01 07:29:49.211  2814  2814 I SemDvfsHyPerManager: acquire hyper - SMOOTH_SCROLL/2814@25, type = -999
05-01 07:29:49.211  8122  8122 I WarpIme : gesture_fling vx=-0.0148770055 vy=-12999.973
05-01 07:29:49.212  7128  7128 I SemDvfsHyPerManager: acquire hyper - TATouchBoost/7128@30, type = -999
05-01 07:29:49.212  1684  1724 I HYPER-HAL: [RequestManager.cpp]releaseLocked(): Released ID : 3966338
05-01 07:29:49.212  1684  1724 I HYPER-HAL: [RequestManager.cpp]acquire(): Acquired ID : 4042775  [2814 / 29]    HINT : GESTURE_DETECTED_HRR    list : [TIMEOUT / 2083] 
05-01 07:29:49.212  1684  1724 I HYPER-HAL: [RequestManager.cpp]acquire(): Acquired ID : 4042775  [2814 / 29]    HINT : GESTURE_DETECTED_HRR    list : [TIMEOUT / 2282] 
05-01 07:29:49.212  7128  7128 I SemDvfsHyPerManager: acquire hyper - TA_TOUCH_SHARE/7128@31, type = -999
05-01 07:29:49.213  1684  1724 I HYPER-HAL: [RequestManager.cpp]acquire(): Acquired ID : 25622091  [7128 / 30]    HINT :      list : [TABoost / 1] [TIMEOUT / 1500] 
05-01 07:29:49.213  1684  1724 I HYPER-HAL: [RequestManager.cpp]acquire(): Acquired ID : 25629251  [7128 / 31]    HINT : TA_TOUCH_SHARE    list : [TIMEOUT / 1500] 
05-01 07:29:49.216  8122  8122 I warp-android-host: warp_mobile_android_host::vulkan: present_ok frame=2751 ts=162781690
05-01 07:29:49.225  8122  8122 I warp-android-host: warp_mobile_android_host::vulkan: present_ok frame=2752 ts=162781699
05-01 07:29:49.233  8122  8122 I warp-android-host: warp_mobile_android_host::vulkan: present_ok frame=2753 ts=162781707
05-01 07:29:49.242  8122  8122 I warp-android-host: warp_mobile_android_host::vulkan: present_ok frame=2754 ts=162781716
05-01 07:29:49.244  1802  2321 I CompositionEngine: [setDisplaySize] size=(434, 42)
05-01 07:29:49.250  8122  8122 I warp-android-host: warp_mobile_android_host::vulkan: present_ok frame=2755 ts=162781724
05-01 07:29:49.259  8122  8122 I warp-android-host: warp_mobile_android_host::vulkan: present_ok frame=2756 ts=162781732
05-01 07:29:49.266  8122  8122 I warp-android-host: warp_mobile_android_host::vulkan: present_ok frame=2757 ts=162781740
05-01 07:29:49.275  8122  8122 I warp-android-host: warp_mobile_android_host::vulkan: present_ok frame=2758 ts=162781748
05-01 07:29:49.283  8122  8122 I warp-android-host: warp_mobile_android_host::vulkan: present_ok frame=2759 ts=162781756
05-01 07:29:49.291  8122  8122 I warp-android-host: warp_mobile_android_host::vulkan: present_ok frame=2760 ts=162781765
05-01 07:29:49.300  8122  8122 I warp-android-host: warp_mobile_android_host::vulkan: present_ok frame=2761 ts=162781773
05-01 07:29:49.307  8122  8122 I warp-android-host: warp_mobile_android_host::vulkan: present_ok frame=2762 ts=162781781
05-01 07:29:49.308  2814  6253 D SemWifiUsabilityStatsMonitor: onWifiUsabilityStats - seqNum 42276, isSameBssidAndFreq true
05-01 07:29:49.310  2814  3842 D InsDataManager: onOutageCountUpdate() - Outage Data: 0, LQ : Y. Outage Triggered: false
05-01 07:29:49.310  2814  3842 D InsDataManager: Trying to save initial normal data.
05-01 07:29:49.310  2814  3842 D SensorCollector: syncMappedBuffers: 0, 0, 0
05-01 07:29:49.310  2814  3842 D InsDataManager: trimBuffers start.
05-01 07:29:49.310  2814  3842 D InsDataManager: trimBuffers - nsmBuffer size: 26
05-01 07:29:49.310  2814  3842 D InsDataManager: Too short for collecting additional normal data
05-01 07:29:49.311  2814  3842 D SemInsManager: {"bssid": "bd55f12c5200","rssi": -26.0,"latency": 0.0,"outage_count": 0,"lq_callback_triggered": true,"outage_log": "Unreliable statistics: -26.0 / 0 / 73 / 3 / 0 || bd55f12c5200: 0.000 / 0.000 / @ || N N / 0 0 / Y 2.0 / Y X 0 / 162781782 0 || Invalid""Magnetic Sensor Events size": "0""Pressure Sensor Events size": "0"}
05-01 07:29:49.311  4483  4705 I HoneySpace.StatusIconTracker: invokeEvent() called with: event = Wifi(visible=true, resId=2131236023, activityId=2131236053)
05-01 07:29:49.316  8122  8122 I warp-android-host: warp_mobile_android_host::vulkan: present_ok frame=2763 ts=162781789
05-01 07:29:49.320  2814  3860 D SGM:GameManager: identifyGamePackage. dev.warp.mobile, mCurrentUserId: 0, callingMethodInfo: com.samsung.android.game.SemGameManager.isGamePackage(SemGameManager.java:106)
05-01 07:29:49.320  2814  3860 D SGM:SemGameManager: isGamePackage(), pkgName=dev.warp.mobile, ret=false
05-01 07:29:49.325  8122  8122 I warp-android-host: warp_mobile_android_host::vulkan: present_ok frame=2764 ts=162781799
05-01 07:29:49.333  8122  8122 I warp-android-host: warp_mobile_android_host::vulkan: present_ok frame=2765 ts=162781806
05-01 07:29:49.336  2814  5825 I ActivityManager: Broadcasting: Intent { act=dev.warp.mobile.TERM_SET_SCROLL_OFFSET flg=0x400000 pkg=dev.warp.mobile (has extras) }
05-01 07:29:49.337  2814  5825 I ActivityManager: Enqueued broadcast Intent { act=dev.warp.mobile.TERM_SET_SCROLL_OFFSET flg=0x400000 pkg=dev.warp.mobile (has extras) }: 0
05-01 07:29:49.339  8122  8122 D warp-android-host: android_logger: android_logger: log::set_logger failed: attempted to set a logger after the logging system was already initialized
05-01 07:29:49.339  8122  8122 I warp-android-host: warp_mobile_android_host: terminal_set_scroll_offset offset=5 actual=5
05-01 07:29:49.339  8122  8122 I WarpTerminal: TERM_SET_SCROLL_OFFSET offset=5 info=scrollback_len=1000,scrollback_max=1000,scroll_offset=5
05-01 07:29:49.341  8122  8122 I warp-android-host: warp_mobile_android_host::vulkan: dynamic_grid_fast_path_ok dt_ms=0 instances=696 fast_path_updates=13 full_reinits=1
05-01 07:29:49.342  8122  8122 I warp-android-host: warp_mobile_android_host::vulkan: present_ok frame=2766 ts=162781816
05-01 07:29:49.342  8122  8122 I warp-android-host: warp_mobile_android_host: terminal_push_frame_dynamic ok=true cells=1920 rows=24 cols=80
05-01 07:29:49.343  2814  3004 I ActivityManager: Broadcast completed: result=0
05-01 07:29:49.344  1802  2321 I CompositionEngine: [setDisplaySize] size=(434, 42)
05-01 07:29:49.350  8122  8122 I warp-android-host: warp_mobile_android_host::vulkan: present_ok frame=2767 ts=162781823
05-01 07:29:49.358  8122  8122 I warp-android-host: warp_mobile_android_host::vulkan: present_ok frame=2768 ts=162781831
05-01 07:29:49.367  8122  8122 I warp-android-host: warp_mobile_android_host::vulkan: present_ok frame=2769 ts=162781841
05-01 07:29:49.376  8122  8122 I warp-android-host: warp_mobile_android_host::vulkan: present_ok frame=2770 ts=162781850
05-01 07:29:49.383  8122  8122 I warp-android-host: warp_mobile_android_host::vulkan: present_ok frame=2771 ts=162781857
05-01 07:29:49.392  8122  8122 I warp-android-host: warp_mobile_android_host::vulkan: present_ok frame=2772 ts=162781865
05-01 07:29:49.400  8122  8122 I warp-android-host: warp_mobile_android_host::vulkan: present_ok frame=2773 ts=162781874
05-01 07:29:49.408  8122  8122 I warp-android-host: warp_mobile_android_host::vulkan: present_ok frame=2774 ts=162781882
05-01 07:29:49.411  2814  5825 E BatteryStatsService: Invalid uid for waking network packet: -1
05-01 07:29:49.417  8122  8122 I warp-android-host: warp_mobile_android_host::vulkan: present_ok frame=2775 ts=162781890
05-01 07:29:49.425  8122  8122 I warp-android-host: warp_mobile_android_host::vulkan: present_ok frame=2776 ts=162781899
05-01 07:29:49.434  8122  8122 I warp-android-host: warp_mobile_android_host::vulkan: present_ok frame=2777 ts=162781907
05-01 07:29:49.442  8122  8122 I warp-android-host: warp_mobile_android_host::vulkan: present_ok frame=2778 ts=162781915
05-01 07:29:49.444  1802  2321 I CompositionEngine: [setDisplaySize] size=(434, 42)
05-01 07:29:49.450  8122  8122 I warp-android-host: warp_mobile_android_host::vulkan: present_ok frame=2779 ts=162781924
05-01 07:29:49.458  8122  8122 I warp-android-host: warp_mobile_android_host::vulkan: present_ok frame=2780 ts=162781932
05-01 07:29:49.467  8122  8122 I warp-android-host: warp_mobile_android_host::vulkan: present_ok frame=2781 ts=162781940
05-01 07:29:49.476  8122  8122 I warp-android-host: warp_mobile_android_host::vulkan: present_ok frame=2782 ts=162781950
05-01 07:29:49.483  8122  8122 I warp-android-host: warp_mobile_android_host::vulkan: present_ok frame=2783 ts=162781957
05-01 07:29:49.492  8122  8122 I warp-android-host: warp_mobile_android_host::vulkan: present_ok frame=2784 ts=162781965
05-01 07:29:49.500  8122  8122 I warp-android-host: warp_mobile_android_host::vulkan: present_ok frame=2785 ts=162781973
05-01 07:29:49.508  8122  8122 I warp-android-host: warp_mobile_android_host::vulkan: present_ok frame=2786 ts=162781982
05-01 07:29:49.517  8122  8122 I warp-android-host: warp_mobile_android_host::vulkan: present_ok frame=2787 ts=162781990
05-01 07:29:49.524  8122  8122 I warp-android-host: warp_mobile_android_host::vulkan: present_ok frame=2788 ts=162781998
05-01 07:29:49.533  8122  8122 I warp-android-host: warp_mobile_android_host::vulkan: present_ok frame=2789 ts=162782007
05-01 07:29:49.541  8122  8122 I warp-android-host: warp_mobile_android_host::vulkan: present_ok frame=2790 ts=162782015
05-01 07:29:49.548  1186  1186 D io_stats: !@   8,0 r 24940280 368849096 w 13713276 210346696 d 1113459 381168864 f 498378 1532130 iot 5393956 0 th 0 0 0 pt 0 inp 0 0 162782.022
05-01 07:29:49.548  1186  1186 D io_stats: !@ Read_top(KB): .chromecast.app(1716) 520
05-01 07:29:49.548  1186  1186 D io_stats: !@ Write_top(KB): nordvpn.android(15130) 2304 kworker/u16:5(20289) 736 f2fs_ckpt-254:6(1341) 64
05-01 07:29:49.549  8122  8122 I warp-android-host: warp_mobile_android_host::vulkan: present_ok frame=2791 ts=162782023
05-01 07:29:49.550  1802  2321 I CompositionEngine: [setDisplaySize] size=(434, 42)
05-01 07:29:49.558  8122  8122 I warp-android-host: warp_mobile_android_host::vulkan: present_ok frame=2792 ts=162782032
05-01 07:29:49.566  8122  8122 I warp-android-host: warp_mobile_android_host::vulkan: present_ok frame=2793 ts=162782039
05-01 07:29:49.574  8122  8122 I warp-android-host: warp_mobile_android_host::vulkan: present_ok frame=2794 ts=162782047
05-01 07:29:49.583  8122  8122 I warp-android-host: warp_mobile_android_host::vulkan: present_ok frame=2795 ts=162782057
05-01 07:29:49.590  2814  5825 D InputDispatcher: Inject motion (9812/2000): action=0x0, time=162782064000000, f=0x0, d=0 dsdx=1.000000 dtdx=0.000000
05-01 07:29:49.591  8122  8122 I warp-android-host: warp_mobile_android_host::vulkan: present_ok frame=2796 ts=162782064
05-01 07:29:49.591  2814  3644 I InputDispatcher: Delivering touch to (3998): action: 0x4, f=0x0, d=0, 'c5a7fd5', t=1 
05-01 07:29:49.592  2814  3644 I InputDispatcher: Delivering touch to (8122): action: 0x0, f=0x0, d=0, '6d0f9ad', t=1 
05-01 07:29:49.592  8122  8122 I VRI[MainActivity]@afeb858: ViewPostIme pointer 0
05-01 07:29:49.593  4483  4483 I HoneySpace.GestureInputHandler: inputConsumers = [com.honeyspace.gesture.inputconsumer.InputConsumer$Companion$NO_OP$1@3c5d14e]
05-01 07:29:49.593  4483  4483 I HoneySpace.InputSession: inputConsumers = NO_OP
05-01 07:29:49.594  4483  4483 I HoneySpace.InputSession: open
05-01 07:29:49.594  2814  3005 I GestureDetector: obtain mCurrentDownEvent. id: -678434403 caller: com.android.server.wm.SystemGesturesPointerEventListener.onPointerEvent:17 com.android.server.wm.PointerEventDispatcher.onInputEvent:51 android.view.InputEventReceiver.dispatchInputEvent:392 
05-01 07:29:49.594  7128  7128 I SemDvfsHyPerManager: acquire hyper - TATouchBoost/7128@30, type = -999
05-01 07:29:49.594  2814  3005 I GestureDetector: obtain mCurrentDownEvent. id: -678434403 caller: com.android.server.wm.SystemPerformancePointerEventListener.onPointerEvent:13 com.android.server.wm.PointerEventDispatcher.onInputEvent:51 android.view.InputEventReceiver.dispatchInputEvent:392 
05-01 07:29:49.594  7128  7128 I SemDvfsHyPerManager: acquire hyper - TA_TOUCH_SHARE/7128@31, type = -999
05-01 07:29:49.595  1684  1724 I HYPER-HAL: [RequestManager.cpp]acquire(): Acquired ID : 25622091  [7128 / 30]    HINT :      list : [TABoost / 1] [TIMEOUT / 1500] 
05-01 07:29:49.595  1684  1724 I HYPER-HAL: [RequestManager.cpp]acquire(): Acquired ID : 25629251  [7128 / 31]    HINT : TA_TOUCH_SHARE    list : [TIMEOUT / 1500] 
05-01 07:29:49.599  8122  8122 I warp-android-host: warp_mobile_android_host::vulkan: present_ok frame=2797 ts=162782073
05-01 07:29:49.600  2814  3005 I GestureDetector: obtain mCurrentMotionEventRaw. action: 2 id: -523879377
05-01 07:29:49.600  2814  3005 I GestureDetector: obtain mCurrentMotionEventRaw. action: 2 id: -523879377
05-01 07:29:49.601  2814  2814 I SemDvfsHyPerManager: acquire hyper - WM_SCROLL_DETECTED/2814@2, type = -999
05-01 07:29:49.601  1684  1724 I HYPER-HAL: [RequestManager.cpp]acquire(): Acquired ID : 3966338  [2814 / 2]    HINT :      list : [CoreNumBigMin / 3] 
05-01 07:29:49.608  8122  8122 I warp-android-host: warp_mobile_android_host::vulkan: present_ok frame=2798 ts=162782082
05-01 07:29:49.617  8122  8122 I warp-android-host: warp_mobile_android_host::vulkan: present_ok frame=2799 ts=162782091
05-01 07:29:49.626  8122  8122 I warp-android-host: warp_mobile_android_host::vulkan: present_ok frame=2800 ts=162782099
05-01 07:29:49.634  8122  8122 I warp-android-host: warp_mobile_android_host::vulkan: present_ok frame=2801 ts=162782108
05-01 07:29:49.642  8122  8122 I warp-android-host: warp_mobile_android_host::vulkan: present_ok frame=2802 ts=162782116
05-01 07:29:49.651  8122  8122 I warp-android-host: warp_mobile_android_host::vulkan: present_ok frame=2803 ts=162782124
05-01 07:29:49.651  1802  2321 I CompositionEngine: [setDisplaySize] size=(434, 42)
05-01 07:29:49.659  8122  8122 I warp-android-host: warp_mobile_android_host::vulkan: present_ok frame=2804 ts=162782133
05-01 07:29:49.667  8122  8122 I warp-android-host: warp_mobile_android_host::vulkan: present_ok frame=2805 ts=162782140
05-01 07:29:49.675  8122  8122 I warp-android-host: warp_mobile_android_host::vulkan: present_ok frame=2806 ts=162782149
05-01 07:29:49.683  8122  8122 I warp-android-host: warp_mobile_android_host::vulkan: present_ok frame=2807 ts=162782157
05-01 07:29:49.691  8122  8122 I warp-android-host: warp_mobile_android_host::vulkan: present_ok frame=2808 ts=162782165
05-01 07:29:49.693  7128  7128 I SemDvfsHyPerManager: acquire hyper - TATouchBoost/7128@30, type = -999
05-01 07:29:49.693  7128  7128 I SemDvfsHyPerManager: acquire hyper - TA_TOUCH_SHARE/7128@31, type = -999
05-01 07:29:49.693  1684  1724 I HYPER-HAL: [RequestManager.cpp]acquire(): Acquired ID : 25622091  [7128 / 30]    HINT :      list : [TABoost / 1] [TIMEOUT / 1500] 
05-01 07:29:49.693  1684  1724 I HYPER-HAL: [RequestManager.cpp]acquire(): Acquired ID : 25629251  [7128 / 31]    HINT : TA_TOUCH_SHARE    list : [TIMEOUT / 1500] 
05-01 07:29:49.699  2814  5825 D InputDispatcher: Inject motion (9812/2000): action=0x1, time=162782173000000, f=0x0, d=0 dsdx=1.000000 dtdx=0.000000
05-01 07:29:49.699  2814  3644 I InputDispatcher: Delivering touch to (8122): action: 0x1, f=0x0, d=0, '6d0f9ad', t=1 
05-01 07:29:49.700  8122  8122 I warp-android-host: warp_mobile_android_host::vulkan: present_ok frame=2809 ts=162782174
05-01 07:29:49.700  8122  8122 I VRI[MainActivity]@afeb858: ViewPostIme pointer 1
05-01 07:29:49.701  4483  4483 I HoneySpace.GestureInputHandler: reset
05-01 07:29:49.701  4483  4483 I HoneySpace.InputSession: close
05-01 07:29:49.701  2814  2814 I SemDvfsHyPerManager: acquire hyper - SMOOTH_SCROLL/2814@25, type = -999
05-01 07:29:49.701  2814  2814 I SemDvfsHyPerManager: acquire hyper - GESTURE_DETECTED_HRR/2814@29, type = -999
05-01 07:29:49.702  2814  2814 I SemDvfsHyPerManager: acquire hyper - GESTURE_DETECTED_HRR/2814@29, type = -999
05-01 07:29:49.703  1684  1724 I HYPER-HAL: [RequestManager.cpp]releaseLocked(): Released ID : 3966338
05-01 07:29:49.703  1684  1724 I HYPER-HAL: [RequestManager.cpp]acquire(): Acquired ID : 4042775  [2814 / 29]    HINT : GESTURE_DETECTED_HRR    list : [TIMEOUT / 2083] 
05-01 07:29:49.703  1684  1724 I HYPER-HAL: [RequestManager.cpp]acquire(): Acquired ID : 4042775  [2814 / 29]    HINT : GESTURE_DETECTED_HRR    list : [TIMEOUT / 2282] 
05-01 07:29:49.707  8122  8122 I warp-android-host: warp_mobile_android_host::vulkan: present_ok frame=2810 ts=162782181
05-01 07:29:49.716  8122  8122 I warp-android-host: warp_mobile_android_host::vulkan: present_ok frame=2811 ts=162782189
05-01 07:29:49.724  8122  8122 I warp-android-host: warp_mobile_android_host::vulkan: present_ok frame=2812 ts=162782198
05-01 07:29:49.732  8122  8122 I warp-android-host: warp_mobile_android_host::vulkan: present_ok frame=2813 ts=162782206
05-01 07:29:49.741  8122  8122 I warp-android-host: warp_mobile_android_host::vulkan: present_ok frame=2814 ts=162782215
05-01 07:29:49.746  1792  1822 E HeatmapThread: ECT Thread time in milliseconds: 1777591789
05-01 07:29:49.749  8122  8122 I warp-android-host: warp_mobile_android_host::vulkan: present_ok frame=2815 ts=162782223
05-01 07:29:49.751  1792  1822 D HeatmapThread: !@ batteryplugType : 2
05-01 07:29:49.751  1802  2321 I CompositionEngine: [setDisplaySize] size=(434, 42)
05-01 07:29:49.751  1792  1822 D HeatmapThread: !@ batteryLevel : 100  batteryTemperature : 326 
05-01 07:29:49.751  1792  1822 D HeatmapThread: !@ Heatmap currtime: 29626529
05-01 07:29:49.751  1792  1822 D HeatmapThread: !@ Heatmap prevtime: 29626524
05-01 07:29:49.751  1792  1822 D HeatmapThread: !@ Heatmap plugstarttime: 29625649
05-01 07:29:49.751  1792  1822 D HeatmapThread: !@ Heatmap prevv_dsoh_update_time: 29626512
05-01 07:29:49.751  1792  1822 E HeatmapThread: !@ CAM New BSOH: 100
05-01 07:29:49.751  1792  1822 E HeatmapThread: !@ CAM is Working
05-01 07:29:49.758  8122  8122 I warp-android-host: warp_mobile_android_host::vulkan: present_ok frame=2816 ts=162782232
05-01 07:29:49.766  8122  8122 I warp-android-host: warp_mobile_android_host::vulkan: present_ok frame=2817 ts=162782239
05-01 07:29:49.773  8122  8122 I warp-android-host: warp_mobile_android_host::vulkan: present_ok frame=2818 ts=162782247
05-01 07:29:49.782  8122  8122 I warp-android-host: warp_mobile_android_host::vulkan: present_ok frame=2819 ts=162782255
05-01 07:29:49.790  8122  8122 I warp-android-host: warp_mobile_android_host::vulkan: present_ok frame=2820 ts=162782264
05-01 07:29:49.799  8122  8122 I warp-android-host: warp_mobile_android_host::vulkan: present_ok frame=2821 ts=162782273
05-01 07:29:49.807  8122  8122 I warp-android-host: warp_mobile_android_host::vulkan: present_ok frame=2822 ts=162782281
05-01 07:29:49.815  2814  5825 I ActivityManager: Broadcasting: Intent { act=dev.warp.mobile.TERM_SET_SCROLL_OFFSET flg=0x400000 pkg=dev.warp.mobile (has extras) }
05-01 07:29:49.815  8122  8122 I warp-android-host: warp_mobile_android_host::vulkan: present_ok frame=2823 ts=162782289
05-01 07:29:49.815  2814  5825 I ActivityManager: Enqueued broadcast Intent { act=dev.warp.mobile.TERM_SET_SCROLL_OFFSET flg=0x400000 pkg=dev.warp.mobile (has extras) }: 0
05-01 07:29:49.818  8122  8122 D warp-android-host: android_logger: android_logger: log::set_logger failed: attempted to set a logger after the logging system was already initialized
05-01 07:29:49.818  8122  8122 I warp-android-host: warp_mobile_android_host: terminal_set_scroll_offset offset=0 actual=0
05-01 07:29:49.818  8122  8122 I WarpTerminal: TERM_SET_SCROLL_OFFSET offset=0 info=scrollback_len=1000,scrollback_max=1000,scroll_offset=0
05-01 07:29:49.819  2814  3004 I ActivityManager: Broadcast completed: result=0
05-01 07:29:49.824  8122  8122 I warp-android-host: warp_mobile_android_host::vulkan: dynamic_grid_fast_path_ok dt_ms=2 instances=667 fast_path_updates=14 full_reinits=1
05-01 07:29:49.826  8122  8122 I warp-android-host: warp_mobile_android_host::vulkan: present_ok frame=2824 ts=162782300
05-01 07:29:49.826  8122  8122 I warp-android-host: warp_mobile_android_host: terminal_push_frame_dynamic ok=true cells=1920 rows=24 cols=80
05-01 07:29:49.832  8122  8122 I warp-android-host: warp_mobile_android_host::vulkan: present_ok frame=2825 ts=162782306
05-01 07:29:49.834  2814  5825 W ActivityManager: Unable to start service Intent { act=com.skms.android.agent.remote.SKMSAgentProxyService xflg=0x4 pkg=com.skms.android.agent.remote } U=0: not found
05-01 07:29:49.841  8122  8122 I warp-android-host: warp_mobile_android_host::vulkan: present_ok frame=2826 ts=162782314
05-01 07:29:49.849  8122  8122 I warp-android-host: warp_mobile_android_host::vulkan: present_ok frame=2827 ts=162782323
05-01 07:29:49.851  1802  2321 I CompositionEngine: [setDisplaySize] size=(434, 42)
05-01 07:29:49.858  8122  8122 I warp-android-host: warp_mobile_android_host::vulkan: present_ok frame=2828 ts=162782331
05-01 07:29:49.866  8122  8122 I warp-android-host: warp_mobile_android_host::vulkan: present_ok frame=2829 ts=162782339
05-01 07:29:49.874  8122  8122 I warp-android-host: warp_mobile_android_host::vulkan: present_ok frame=2830 ts=162782348
05-01 07:29:49.883  8122  8122 I warp-android-host: warp_mobile_android_host::vulkan: present_ok frame=2831 ts=162782356
05-01 07:29:49.891  8122  8122 I warp-android-host: warp_mobile_android_host::vulkan: present_ok frame=2832 ts=162782364
05-01 07:29:49.899  8122  8122 I warp-android-host: warp_mobile_android_host::vulkan: present_ok frame=2833 ts=162782373
05-01 07:29:49.905  7128  7128 I SDHMS:LOAD: type: LoadsFreqs, value: 27:0:2:887039:3398400:672000:1025280:3148800:499200:231:231:231
05-01 07:29:49.907  8122  8122 I warp-android-host: warp_mobile_android_host::vulkan: present_ok frame=2834 ts=162782381
05-01 07:29:49.916  8122  8122 I warp-android-host: warp_mobile_android_host::vulkan: present_ok frame=2835 ts=162782389
05-01 07:29:49.924  8122  8122 I warp-android-host: warp_mobile_android_host::vulkan: present_ok frame=2836 ts=162782398
05-01 07:29:49.932  8122  8122 I warp-android-host: warp_mobile_android_host::vulkan: present_ok frame=2837 ts=162782406
05-01 07:29:49.941  8122  8122 I warp-android-host: warp_mobile_android_host::vulkan: present_ok frame=2838 ts=162782414
05-01 07:29:49.949  8122  8122 I warp-android-host: warp_mobile_android_host::vulkan: present_ok frame=2839 ts=162782422
05-01 07:29:49.952  1802  2321 I CompositionEngine: [setDisplaySize] size=(434, 42)
05-01 07:29:49.957  8122  8122 I warp-android-host: warp_mobile_android_host::vulkan: present_ok frame=2840 ts=162782431
05-01 07:29:49.966  8122  8122 I warp-android-host: warp_mobile_android_host::vulkan: present_ok frame=2841 ts=162782439
05-01 07:29:49.974  8122  8122 I warp-android-host: warp_mobile_android_host::vulkan: present_ok frame=2842 ts=162782448
05-01 07:29:49.982  8122  8122 I warp-android-host: warp_mobile_android_host::vulkan: present_ok frame=2843 ts=162782456
05-01 07:29:49.991  8122  8122 I warp-android-host: warp_mobile_android_host::vulkan: present_ok frame=2844 ts=162782464
05-01 07:29:49.999  8122  8122 I warp-android-host: warp_mobile_android_host::vulkan: present_ok frame=2845 ts=162782473
05-01 07:29:50.007  8122  8122 I warp-android-host: warp_mobile_android_host::vulkan: present_ok frame=2846 ts=162782481
05-01 07:29:50.015  8122  8122 I warp-android-host: warp_mobile_android_host::vulkan: present_ok frame=2847 ts=162782489
05-01 07:29:50.024  8122  8122 I warp-android-host: warp_mobile_android_host::vulkan: present_ok frame=2848 ts=162782498
05-01 07:29:50.032  8122  8122 I warp-android-host: warp_mobile_android_host::vulkan: present_ok frame=2849 ts=162782506
05-01 07:29:50.041  8122  8122 I warp-android-host: warp_mobile_android_host::vulkan: present_ok frame=2850 ts=162782514
05-01 07:29:50.049  8122  8122 I warp-android-host: warp_mobile_android_host::vulkan: present_ok frame=2851 ts=162782523
05-01 07:29:50.052  1802  2321 I CompositionEngine: [setDisplaySize] size=(434, 42)
05-01 07:29:50.057  8122  8122 I warp-android-host: warp_mobile_android_host::vulkan: present_ok frame=2852 ts=162782531
05-01 07:29:50.065  8122  8122 I warp-android-host: warp_mobile_android_host::vulkan: present_ok frame=2853 ts=162782539
05-01 07:29:50.074  8122  8122 I warp-android-host: warp_mobile_android_host::vulkan: present_ok frame=2854 ts=162782548
05-01 07:29:50.082  8122  8122 I warp-android-host: warp_mobile_android_host::vulkan: present_ok frame=2855 ts=162782556
05-01 07:29:50.091  8122  8122 I warp-android-host: warp_mobile_android_host::vulkan: present_ok frame=2856 ts=162782564
05-01 07:29:50.098  8122  8122 I warp-android-host: warp_mobile_android_host::vulkan: present_ok frame=2857 ts=162782572
05-01 07:29:50.107  8122  8122 I warp-android-host: warp_mobile_android_host::vulkan: present_ok frame=2858 ts=162782580
05-01 07:29:50.116  8122  8122 I warp-android-host: warp_mobile_android_host::vulkan: present_ok frame=2859 ts=162782589
05-01 07:29:50.124  8122  8122 I warp-android-host: warp_mobile_android_host::vulkan: present_ok frame=2860 ts=162782597
05-01 07:29:50.132  8122  8122 I warp-android-host: warp_mobile_android_host::vulkan: present_ok frame=2861 ts=162782605
05-01 07:29:50.140  8122  8122 I warp-android-host: warp_mobile_android_host::vulkan: present_ok frame=2862 ts=162782614
05-01 07:29:50.148  8122  8122 I warp-android-host: warp_mobile_android_host::vulkan: present_ok frame=2863 ts=162782622
05-01 07:29:50.157  1802  2321 I CompositionEngine: [setDisplaySize] size=(434, 42)
05-01 07:29:50.157  8122  8122 I warp-android-host: warp_mobile_android_host::vulkan: present_ok frame=2864 ts=162782631
05-01 07:29:50.166  8122  8122 I warp-android-host: warp_mobile_android_host::vulkan: present_ok frame=2865 ts=162782639
05-01 07:29:50.173  8122  8122 I warp-android-host: warp_mobile_android_host::vulkan: present_ok frame=2866 ts=162782647
05-01 07:29:50.182  8122  8122 I warp-android-host: warp_mobile_android_host::vulkan: present_ok frame=2867 ts=162782655
05-01 07:29:50.190  8122  8122 I warp-android-host: warp_mobile_android_host::vulkan: present_ok frame=2868 ts=162782664
05-01 07:29:50.199  8122  8122 I warp-android-host: warp_mobile_android_host::vulkan: present_ok frame=2869 ts=162782673
05-01 07:29:50.207  8122  8122 I warp-android-host: warp_mobile_android_host::vulkan: present_ok frame=2870 ts=162782681
05-01 07:29:50.215  8122  8122 I warp-android-host: warp_mobile_android_host::vulkan: present_ok frame=2871 ts=162782689
05-01 07:29:50.224  8122  8122 I warp-android-host: warp_mobile_android_host::vulkan: present_ok frame=2872 ts=162782697
05-01 07:29:50.232  8122  8122 I warp-android-host: warp_mobile_android_host::vulkan: present_ok frame=2873 ts=162782706
05-01 07:29:50.240  8122  8122 I warp-android-host: warp_mobile_android_host::vulkan: present_ok frame=2874 ts=162782714
05-01 07:29:50.249  8122  8122 I warp-android-host: warp_mobile_android_host::vulkan: present_ok frame=2875 ts=162782722
05-01 07:29:50.257  1802  2321 I CompositionEngine: [setDisplaySize] size=(434, 42)
05-01 07:29:50.257  8122  8122 I warp-android-host: warp_mobile_android_host::vulkan: present_ok frame=2876 ts=162782731
05-01 07:29:50.266  8122  8122 I warp-android-host: warp_mobile_android_host::vulkan: present_ok frame=2877 ts=162782740
05-01 07:29:50.274  8122  8122 I warp-android-host: warp_mobile_android_host::vulkan: present_ok frame=2878 ts=162782747
05-01 07:29:50.282  8122  8122 I warp-android-host: warp_mobile_android_host::vulkan: present_ok frame=2879 ts=162782756
05-01 07:29:50.290  8122  8122 I warp-android-host: warp_mobile_android_host::vulkan: present_ok frame=2880 ts=162782764
05-01 07:29:50.299  8122  8122 I warp-android-host: warp_mobile_android_host::vulkan: present_ok frame=2881 ts=162782772
05-01 07:29:50.307  8122  8122 I warp-android-host: warp_mobile_android_host::vulkan: present_ok frame=2882 ts=162782781
05-01 07:29:50.315  8122  8122 I warp-android-host: warp_mobile_android_host::vulkan: present_ok frame=2883 ts=162782789
05-01 07:29:50.323  8122  8122 I warp-android-host: warp_mobile_android_host::vulkan: present_ok frame=2884 ts=162782797
05-01 07:29:50.332  8122  8122 I warp-android-host: warp_mobile_android_host::vulkan: present_ok frame=2885 ts=162782806
05-01 07:29:50.340  8122  8122 I warp-android-host: warp_mobile_android_host::vulkan: present_ok frame=2886 ts=162782814
05-01 07:29:50.348  8122  8122 I warp-android-host: warp_mobile_android_host::vulkan: present_ok frame=2887 ts=162782822
05-01 07:29:50.357  8122  8122 I warp-android-host: warp_mobile_android_host::vulkan: present_ok frame=2888 ts=162782830
05-01 07:29:50.357  1802  2321 I CompositionEngine: [setDisplaySize] size=(434, 42)
05-01 07:29:50.366  8122  8122 I warp-android-host: warp_mobile_android_host::vulkan: present_ok frame=2889 ts=162782840
05-01 07:29:50.373  8122  8122 I warp-android-host: warp_mobile_android_host::vulkan: present_ok frame=2890 ts=162782847
05-01 07:29:50.382  8122  8122 I warp-android-host: warp_mobile_android_host::vulkan: present_ok frame=2891 ts=162782856
05-01 07:29:50.390  8122  8122 I warp-android-host: warp_mobile_android_host::vulkan: present_ok frame=2892 ts=162782864
05-01 07:29:50.398  8122  8122 I warp-android-host: warp_mobile_android_host::vulkan: present_ok frame=2893 ts=162782872
05-01 07:29:50.407  8122  8122 I warp-android-host: warp_mobile_android_host::vulkan: present_ok frame=2894 ts=162782880
05-01 07:29:50.415  8122  8122 I warp-android-host: warp_mobile_android_host::vulkan: present_ok frame=2895 ts=162782889
05-01 07:29:50.423  8122  8122 I warp-android-host: warp_mobile_android_host::vulkan: present_ok frame=2896 ts=162782897
05-01 07:29:50.432  8122  8122 I warp-android-host: warp_mobile_android_host::vulkan: present_ok frame=2897 ts=162782905
05-01 07:29:50.440  8122  8122 I warp-android-host: warp_mobile_android_host::vulkan: present_ok frame=2898 ts=162782913
05-01 07:29:50.448  8122  8122 I warp-android-host: warp_mobile_android_host::vulkan: present_ok frame=2899 ts=162782922
05-01 07:29:50.456  8122  8122 I warp-android-host: warp_mobile_android_host::vulkan: present_ok frame=2900 ts=162782930
05-01 07:29:50.458  1802  2321 I CompositionEngine: [setDisplaySize] size=(434, 42)
05-01 07:29:50.465  8122  8122 I warp-android-host: warp_mobile_android_host::vulkan: present_ok frame=2901 ts=162782939
05-01 07:29:50.473  8122  8122 I warp-android-host: warp_mobile_android_host::vulkan: present_ok frame=2902 ts=162782947
05-01 07:29:50.482  8122  8122 I warp-android-host: warp_mobile_android_host::vulkan: present_ok frame=2903 ts=162782955
05-01 07:29:50.490  8122  8122 I warp-android-host: warp_mobile_android_host::vulkan: present_ok frame=2904 ts=162782963
05-01 07:29:50.495  1672  2586 I sensors-hal: handle_sns_std_sensor_event:90, light_cct: ts = 243503656665170 ns; value = [0, 0, 5, 5, 0, 15, 0, 0, 0, 0]
05-01 07:29:50.499  8122  8122 I warp-android-host: warp_mobile_android_host::vulkan: present_ok frame=2905 ts=162782972
05-01 07:29:50.507  8122  8122 I warp-android-host: warp_mobile_android_host::vulkan: present_ok frame=2906 ts=162782980
05-01 07:29:50.515  8122  8122 I warp-android-host: warp_mobile_android_host::vulkan: present_ok frame=2907 ts=162782989
05-01 07:29:50.523  8122  8122 I warp-android-host: warp_mobile_android_host::vulkan: present_ok frame=2908 ts=162782997
05-01 07:29:50.532  8122  8122 I warp-android-host: warp_mobile_android_host::vulkan: present_ok frame=2909 ts=162783005
05-01 07:29:50.540  8122  8122 I warp-android-host: warp_mobile_android_host::vulkan: present_ok frame=2910 ts=162783014
05-01 07:29:50.548  8122  8122 I warp-android-host: warp_mobile_android_host::vulkan: present_ok frame=2911 ts=162783022
05-01 07:29:50.557  8122  8122 I warp-android-host: warp_mobile_android_host::vulkan: present_ok frame=2912 ts=162783030
05-01 07:29:50.558  1802  2321 I CompositionEngine: [setDisplaySize] size=(434, 42)
05-01 07:29:50.565  8122  8122 I warp-android-host: warp_mobile_android_host::vulkan: present_ok frame=2913 ts=162783039
05-01 07:29:50.573  8122  8122 I warp-android-host: warp_mobile_android_host::vulkan: present_ok frame=2914 ts=162783047
05-01 07:29:50.581  8122  8122 I warp-android-host: warp_mobile_android_host::vulkan: present_ok frame=2915 ts=162783055
05-01 07:29:50.590  8122  8122 I warp-android-host: warp_mobile_android_host::vulkan: present_ok frame=2916 ts=162783064
05-01 07:29:50.598  8122  8122 I warp-android-host: warp_mobile_android_host::vulkan: present_ok frame=2917 ts=162783072
05-01 07:29:50.607  8122  8122 I warp-android-host: warp_mobile_android_host::vulkan: present_ok frame=2918 ts=162783080
05-01 07:29:50.615  8122  8122 I warp-android-host: warp_mobile_android_host::vulkan: present_ok frame=2919 ts=162783088
05-01 07:29:50.623  8122  8122 I warp-android-host: warp_mobile_android_host::vulkan: present_ok frame=2920 ts=162783097
05-01 07:29:50.632  8122  8122 I warp-android-host: warp_mobile_android_host::vulkan: present_ok frame=2921 ts=162783106
05-01 07:29:50.640  8122  8122 I warp-android-host: warp_mobile_android_host::vulkan: present_ok frame=2922 ts=162783114
05-01 07:29:50.648  8122  8122 I warp-android-host: warp_mobile_android_host::vulkan: present_ok frame=2923 ts=162783122
05-01 07:29:50.656  8122  8122 I warp-android-host: warp_mobile_android_host::vulkan: present_ok frame=2924 ts=162783130
05-01 07:29:50.658  1802  2321 I CompositionEngine: [setDisplaySize] size=(434, 42)
05-01 07:29:50.665  8122  8122 I warp-android-host: warp_mobile_android_host::vulkan: present_ok frame=2925 ts=162783139
05-01 07:29:50.673  8122  8122 I warp-android-host: warp_mobile_android_host::vulkan: present_ok frame=2926 ts=162783147
05-01 07:29:50.681  8122  8122 I warp-android-host: warp_mobile_android_host::vulkan: present_ok frame=2927 ts=162783155
05-01 07:29:50.689  8122  8122 I warp-android-host: warp_mobile_android_host::vulkan: present_ok frame=2928 ts=162783163
05-01 07:29:50.698  8122  8122 I warp-android-host: warp_mobile_android_host::vulkan: present_ok frame=2929 ts=162783171
05-01 07:29:50.706  8122  8122 I warp-android-host: warp_mobile_android_host::vulkan: present_ok frame=2930 ts=162783180
05-01 07:29:50.715  8122  8122 I warp-android-host: warp_mobile_android_host::vulkan: present_ok frame=2931 ts=162783188
05-01 07:29:50.723  8122  8122 I warp-android-host: warp_mobile_android_host::vulkan: present_ok frame=2932 ts=162783197
05-01 07:29:50.731  8122  8122 I warp-android-host: warp_mobile_android_host::vulkan: present_ok frame=2933 ts=162783205
05-01 07:29:50.739  8122  8122 I warp-android-host: warp_mobile_android_host::vulkan: present_ok frame=2934 ts=162783213
05-01 07:29:50.746  1792  1822 E HeatmapThread: ECT Thread time in milliseconds: 1777591790
05-01 07:29:50.748  8122  8122 I warp-android-host: warp_mobile_android_host::vulkan: present_ok frame=2935 ts=162783222
05-01 07:29:50.751  1792  1822 D HeatmapThread: !@ batteryplugType : 2
05-01 07:29:50.751  1792  1822 D HeatmapThread: !@ batteryLevel : 100  batteryTemperature : 326 
05-01 07:29:50.751  1792  1822 D HeatmapThread: !@ Heatmap currtime: 29626529
05-01 07:29:50.751  1792  1822 D HeatmapThread: !@ Heatmap prevtime: 29626524
05-01 07:29:50.751  1792  1822 D HeatmapThread: !@ Heatmap plugstarttime: 29625649
05-01 07:29:50.751  1792  1822 D HeatmapThread: !@ Heatmap prevv_dsoh_update_time: 29626512
05-01 07:29:50.751  1792  1822 E HeatmapThread: !@ CAM New BSOH: 100
05-01 07:29:50.752  1792  1822 E HeatmapThread: !@ CAM is Working
05-01 07:29:50.756  8122  8122 I warp-android-host: warp_mobile_android_host::vulkan: present_ok frame=2936 ts=162783230
05-01 07:29:50.759  1802  2321 I CompositionEngine: [setDisplaySize] size=(434, 42)
05-01 07:29:50.765  8122  8122 I warp-android-host: warp_mobile_android_host::vulkan: present_ok frame=2937 ts=162783239
05-01 07:29:50.773  8122  8122 I warp-android-host: warp_mobile_android_host::vulkan: present_ok frame=2938 ts=162783246
05-01 07:29:50.781  8122  8122 I warp-android-host: warp_mobile_android_host::vulkan: present_ok frame=2939 ts=162783255
05-01 07:29:50.789  8122  8122 I warp-android-host: warp_mobile_android_host::vulkan: present_ok frame=2940 ts=162783263
05-01 07:29:50.798  8122  8122 I warp-android-host: warp_mobile_android_host::vulkan: present_ok frame=2941 ts=162783271
05-01 07:29:50.806  8122  8122 I warp-android-host: warp_mobile_android_host::vulkan: present_ok frame=2942 ts=162783280
05-01 07:29:50.814  8122  8122 I warp-android-host: warp_mobile_android_host::vulkan: present_ok frame=2943 ts=162783288
05-01 07:29:50.816 30192 30192 D BoundBrokerSvc: onUnbind: Intent { act=com.google.android.gms.libs.gmscorelogger.service.START dat=chimera-action:/... xflg=0x4 cmp=com.google.android.gms/.chimera.PersistentDirectBootAwareApiService }
05-01 07:29:50.823  8122  8122 I warp-android-host: warp_mobile_android_host::vulkan: present_ok frame=2944 ts=162783297
05-01 07:29:50.831  8122  8122 I warp-android-host: warp_mobile_android_host::vulkan: present_ok frame=2945 ts=162783305
05-01 07:29:50.836  2814  5825 W ActivityManager: Unable to start service Intent { act=com.skms.android.agent.remote.SKMSAgentProxyService xflg=0x4 pkg=com.skms.android.agent.remote } U=0: not found
05-01 07:29:50.839  8122  8122 I warp-android-host: warp_mobile_android_host::vulkan: present_ok frame=2946 ts=162783313
05-01 07:29:50.848  8122  8122 I warp-android-host: warp_mobile_android_host::vulkan: present_ok frame=2947 ts=162783322
05-01 07:29:50.856  8122  8122 I warp-android-host: warp_mobile_android_host::vulkan: present_ok frame=2948 ts=162783330
05-01 07:29:50.859  1802  2321 I CompositionEngine: [setDisplaySize] size=(434, 42)
05-01 07:29:50.865  8122  8122 I warp-android-host: warp_mobile_android_host::vulkan: present_ok frame=2949 ts=162783339
05-01 07:29:50.873  8122  8122 I warp-android-host: warp_mobile_android_host::vulkan: present_ok frame=2950 ts=162783346
05-01 07:29:50.881  8122  8122 I warp-android-host: warp_mobile_android_host::vulkan: present_ok frame=2951 ts=162783355
05-01 07:29:50.889  8122  8122 I warp-android-host: warp_mobile_android_host::vulkan: present_ok frame=2952 ts=162783363
05-01 07:29:50.898  8122  8122 I warp-android-host: warp_mobile_android_host::vulkan: present_ok frame=2953 ts=162783371
05-01 07:29:50.906  8122  8122 I warp-android-host: warp_mobile_android_host::vulkan: present_ok frame=2954 ts=162783380
05-01 07:29:50.914  8122  8122 I warp-android-host: warp_mobile_android_host::vulkan: present_ok frame=2955 ts=162783388
05-01 07:29:50.922  8122  8122 I warp-android-host: warp_mobile_android_host::vulkan: present_ok frame=2956 ts=162783396
05-01 07:29:50.931  8122  8122 I warp-android-host: warp_mobile_android_host::vulkan: present_ok frame=2957 ts=162783404
05-01 07:29:50.939  8122  8122 I warp-android-host: warp_mobile_android_host::vulkan: present_ok frame=2958 ts=162783413
05-01 07:29:50.948  8122  8122 I warp-android-host: warp_mobile_android_host::vulkan: present_ok frame=2959 ts=162783421
05-01 07:29:50.956  8122  8122 I warp-android-host: warp_mobile_android_host::vulkan: present_ok frame=2960 ts=162783430
05-01 07:29:50.959  1802  2321 I CompositionEngine: [setDisplaySize] size=(434, 42)
05-01 07:29:50.965  8122  8122 I warp-android-host: warp_mobile_android_host::vulkan: present_ok frame=2961 ts=162783438
05-01 07:29:50.973  8122  8122 I warp-android-host: warp_mobile_android_host::vulkan: present_ok frame=2962 ts=162783446
05-01 07:29:50.981  8122  8122 I warp-android-host: warp_mobile_android_host::vulkan: present_ok frame=2963 ts=162783455
05-01 07:29:50.989  8122  8122 I warp-android-host: warp_mobile_android_host::vulkan: present_ok frame=2964 ts=162783463
05-01 07:29:50.998  8122  8122 I warp-android-host: warp_mobile_android_host::vulkan: present_ok frame=2965 ts=162783471
05-01 07:29:51.006  8122  8122 I warp-android-host: warp_mobile_android_host::vulkan: present_ok frame=2966 ts=162783479
05-01 07:29:51.014  8122  8122 I warp-android-host: warp_mobile_android_host::vulkan: present_ok frame=2967 ts=162783488
05-01 07:29:51.022  8122  8122 I warp-android-host: warp_mobile_android_host::vulkan: present_ok frame=2968 ts=162783496
05-01 07:29:51.030  8122  8122 I warp-android-host: warp_mobile_android_host::vulkan: present_ok frame=2969 ts=162783504
05-01 07:29:51.038  8122  8122 I warp-android-host: warp_mobile_android_host::vulkan: present_ok frame=2970 ts=162783512
05-01 07:29:51.047  8122  8122 I warp-android-host: warp_mobile_android_host::vulkan: present_ok frame=2971 ts=162783521
05-01 07:29:51.055  8122  8122 I warp-android-host: warp_mobile_android_host::vulkan: present_ok frame=2972 ts=162783529
05-01 07:29:51.063  1802  2321 I CompositionEngine: [setDisplaySize] size=(434, 42)
05-01 07:29:51.064  8122  8122 I warp-android-host: warp_mobile_android_host::vulkan: present_ok frame=2973 ts=162783537
05-01 07:29:51.073  8122  8122 I warp-android-host: warp_mobile_android_host::vulkan: present_ok frame=2974 ts=162783546
05-01 07:29:51.080  8122  8122 I warp-android-host: warp_mobile_android_host::vulkan: present_ok frame=2975 ts=162783554
05-01 07:29:51.089  8122  8122 I warp-android-host: warp_mobile_android_host::vulkan: present_ok frame=2976 ts=162783563
05-01 07:29:51.097  8122  8122 I warp-android-host: warp_mobile_android_host::vulkan: present_ok frame=2977 ts=162783571
05-01 07:29:51.106  8122  8122 I warp-android-host: warp_mobile_android_host::vulkan: present_ok frame=2978 ts=162783580
05-01 07:29:51.111  9830  9830 W screencap: Thread Pool max thread count is 0. Cannot cache binder as linkToDeath cannot be implemented. serviceName: SurfaceFlingerAIDL
05-01 07:29:51.112  9830  9830 W BpBinder: Linking to death on android.gui.ISurfaceComposer but there are no threads (yet?) listening to incoming transactions. See ProcessState::startThreadPool and ProcessState::setThreadPoolMaxThreadCount. Generally you should setup the binder threadpool before other initialization steps.
05-01 07:29:51.112  9830  9830 W screencap: Thread Pool max thread count is 0. Cannot cache binder as linkToDeath cannot be implemented. serviceName: edmnativehelper
05-01 07:29:51.112  2814  5825 I EDMNativeHelperService: isScreenCaptureEnabled
05-01 07:29:51.114  8122  8122 I warp-android-host: warp_mobile_android_host::vulkan: present_ok frame=2979 ts=162783588
05-01 07:29:51.114  2814  5825 D RestrictionPolicy: isScreenCaptureEnabled : ret=true userId=0
05-01 07:29:51.116  9830  9830 W ProcessState: Extra binder thread started, but 0 threads requested. Do not use *startThreadPool when zero threads are requested.
05-01 07:29:51.116  9830  9830 I SurfaceComposerClient: captureDisplay:Display-4630946315032985731
05-01 07:29:51.118  1802  1881 I SurfaceFlinger: Capture layer list: 	 Background for ae097b SurfaceView[dev.warp.mobile/dev.warp.mobile.MainActivity]@0#43930(seamlessTransition:0)
05-01 07:29:51.118  1802  1881 I SurfaceFlinger: Capture layer list: 	 ae097b SurfaceView[dev.warp.mobile/dev.warp.mobile.MainActivity]@0(BLAST)#43929(seamlessTransition:0)
05-01 07:29:51.118  1802  1881 I SurfaceFlinger: Capture layer list: 	 dev.warp.mobile/dev.warp.mobile.MainActivity$_8122#43924(seamlessTransition:0)
05-01 07:29:51.118  1802  1881 I SurfaceFlinger: Capture layer list: 	 StatusBar$_3998#107(seamlessTransition:0)
05-01 07:29:51.118  1802  1881 I SurfaceFlinger: Capture layer list: 	 com.sec.android.app.launcher/com.samsung.app.honeyspace.edge.edgepanel.app.CocktailBarService$_4483#42931(seamlessTransition:0)
05-01 07:29:51.118  1802  1881 I SurfaceFlinger: Capture layer list: 	 NavigationBar0$_3998#103(seamlessTransition:0)
05-01 07:29:51.118  1802  1881 I CompositionEngine: [setDisplaySize] size=(1080, 2340)
05-01 07:29:51.118  1802  1881 E HwcComposer: getLuts failed Status(-129, EX_TRANSACTION_FAILED): 'UNKNOWN_TRANSACTION: '
05-01 07:29:51.119  1802  1907 D RenderEngine: [SEC_SF_EFFECTS] drawLayersInternal,1483, Rendering layer ScreenCaptureFillLayer at index 0
05-01 07:29:51.119  1802  1907 D RenderEngine: [SEC_SF_EFFECTS] drawLayersInternal,1483, Rendering layer ae097b SurfaceView[dev.warp.mobile/dev.warp.mobile.MainActivity]@0(BLAST)#43929 at index 1
05-01 07:29:51.119  1802  1907 D RenderEngine: [SEC_SF_EFFECTS] drawLayersInternal,1483, Rendering layer dev.warp.mobile/dev.warp.mobile.MainActivity$_8122#43924 at index 2
05-01 07:29:51.119  1802  1907 D RenderEngine: [SEC_SF_EFFECTS] drawLayersInternal,1483, Rendering layer StatusBar$_3998#107 at index 3
05-01 07:29:51.119  1802  1907 D RenderEngine: [SEC_SF_EFFECTS] drawLayersInternal,1483, Rendering layer com.sec.android.app.launcher/com.samsung.app.honeyspace.edge.edgepanel.app.CocktailBarService$_4483#42931 at index 4
05-01 07:29:51.119  1802  1907 D RenderEngine: [SEC_SF_EFFECTS] drawLayersInternal,1483, Rendering layer NavigationBar0$_3998#103 at index 5
05-01 07:29:51.123  8122  8122 I warp-android-host: warp_mobile_android_host::vulkan: present_ok frame=2980 ts=162783597
