05-01 08:01:15.830  1667  5342 D vendor.qti.bluetooth@1.1-ibs_handler: SerialClockVote: vote for UART CLK OFF
05-01 08:01:15.834 19994 19994 I warp-android-host: warp_mobile_android_host::vulkan: present_ok frame=3176 ts=164668308
05-01 08:01:15.842 19994 19994 I warp-android-host: warp_mobile_android_host::vulkan: present_ok frame=3177 ts=164668316
05-01 08:01:15.851 19994 19994 I warp-android-host: warp_mobile_android_host::vulkan: present_ok frame=3178 ts=164668325
05-01 08:01:15.854  1802  2321 I CompositionEngine: [setDisplaySize] size=(434, 42)
05-01 08:01:15.859 19994 19994 I warp-android-host: warp_mobile_android_host::vulkan: present_ok frame=3179 ts=164668333
05-01 08:01:15.867 19994 19994 I warp-android-host: warp_mobile_android_host::vulkan: present_ok frame=3180 ts=164668341
05-01 08:01:15.876 19994 19994 I warp-android-host: warp_mobile_android_host::vulkan: present_ok frame=3181 ts=164668349
05-01 08:01:15.884 19994 19994 I warp-android-host: warp_mobile_android_host::vulkan: present_ok frame=3182 ts=164668357
05-01 08:01:15.892 19994 19994 I warp-android-host: warp_mobile_android_host::vulkan: present_ok frame=3183 ts=164668366
05-01 08:01:15.901 19994 19994 I warp-android-host: warp_mobile_android_host::vulkan: present_ok frame=3184 ts=164668374
05-01 08:01:15.909 19994 19994 I warp-android-host: warp_mobile_android_host::vulkan: present_ok frame=3185 ts=164668382
05-01 08:01:15.917 19994 19994 I warp-android-host: warp_mobile_android_host::vulkan: present_ok frame=3186 ts=164668391
05-01 08:01:15.923  2814  4860 I ActivityManager: Broadcasting: Intent { act=dev.warp.mobile.TERM_SET_SCROLL_OFFSET flg=0x400000 pkg=dev.warp.mobile (has extras) }
05-01 08:01:15.923  2814  4860 I ActivityManager: Enqueued broadcast Intent { act=dev.warp.mobile.TERM_SET_SCROLL_OFFSET flg=0x400000 pkg=dev.warp.mobile (has extras) }: 0
05-01 08:01:15.925 19994 19994 I warp-android-host: warp_mobile_android_host::vulkan: present_ok frame=3187 ts=164668399
05-01 08:01:15.926 19994 19994 D warp-android-host: android_logger: android_logger: log::set_logger failed: attempted to set a logger after the logging system was already initialized
05-01 08:01:15.926 19994 19994 I warp-android-host: warp_mobile_android_host: terminal_set_scroll_offset requested=0 clamped=0
05-01 08:01:15.926 19994 19994 I WarpTerminal: TERM_SET_SCROLL_OFFSET offset=0 info=scrollback_len=1000,scrollback_max=1000,scroll_offset=0
05-01 08:01:15.927  2814  3004 I ActivityManager: Broadcast completed: result=0
05-01 08:01:15.934 19994 19994 I warp-android-host: warp_mobile_android_host::vulkan: dynamic_grid_fast_path_ok dt_ms=1 instances=667 fast_path_updates=205 full_reinits=1
05-01 08:01:15.935  1672  6806 I sensors-hal: handle_sns_std_sensor_event:131, [SSC_LIGHT] A: 0(0),c:1,b:15,m:13,cl:0,l:0,s:0,l0:0,l1:0,s0:0,s1:0,acl:1,opr:0.02,f(r):77,u(bl):100,if:0,wi:0,si:0,po:0(N:0)
05-01 08:01:15.935  1672  2564 I sensors-hal: handle_sns_std_sensor_event:409, [SSC_LIGHT] P: 0(0),c:1,b:15,m:13,cl:0,l:0,s:0,l0:0,l1:0,s0:0,s1:0,acl:1,opr:0.02,f(r):77,u(bl):100,if:0,wi:0,si:0,po:0(N:0)
05-01 08:01:15.936 19994 19994 I warp-android-host: warp_mobile_android_host::vulkan: present_ok frame=3188 ts=164668410
05-01 08:01:15.936 19994 19994 I warp-android-host: warp_mobile_android_host: terminal_push_frame_dynamic ok=true cells=1920 rows=24 cols=80
05-01 08:01:15.942 19994 19994 I warp-android-host: warp_mobile_android_host::vulkan: present_ok frame=3189 ts=164668416
05-01 08:01:15.951 19994 19994 I warp-android-host: warp_mobile_android_host::vulkan: present_ok frame=3190 ts=164668424
05-01 08:01:15.959 19994 19994 I warp-android-host: warp_mobile_android_host::vulkan: present_ok frame=3191 ts=164668433
05-01 08:01:15.961  1802  2321 I CompositionEngine: [setDisplaySize] size=(434, 42)
05-01 08:01:15.968 19994 19994 I warp-android-host: warp_mobile_android_host::vulkan: present_ok frame=3192 ts=164668441
05-01 08:01:15.975 19994 19994 I warp-android-host: warp_mobile_android_host::vulkan: present_ok frame=3193 ts=164668449
05-01 08:01:15.980  1667  4712 D vendor.qti.bluetooth@1.1-wake_lock: Release wakelock is released 
05-01 08:01:15.984 19994 19994 I warp-android-host: warp_mobile_android_host::vulkan: present_ok frame=3194 ts=164668458
05-01 08:01:15.992 19994 19994 I warp-android-host: warp_mobile_android_host::vulkan: present_ok frame=3195 ts=164668466
05-01 08:01:16.001 19994 19994 I warp-android-host: warp_mobile_android_host::vulkan: present_ok frame=3196 ts=164668474
05-01 08:01:16.009 19994 19994 I warp-android-host: warp_mobile_android_host::vulkan: present_ok frame=3197 ts=164668482
05-01 08:01:16.017 19994 19994 I warp-android-host: warp_mobile_android_host::vulkan: present_ok frame=3198 ts=164668491
05-01 08:01:16.026 19994 19994 I warp-android-host: warp_mobile_android_host::vulkan: present_ok frame=3199 ts=164668499
05-01 08:01:16.034 19994 19994 I warp-android-host: warp_mobile_android_host::vulkan: present_ok frame=3200 ts=164668508
05-01 08:01:16.043 19994 19994 I warp-android-host: warp_mobile_android_host::vulkan: present_ok frame=3201 ts=164668516
05-01 08:01:16.051 19994 19994 I warp-android-host: warp_mobile_android_host::vulkan: present_ok frame=3202 ts=164668524
05-01 08:01:16.059 19994 19994 I warp-android-host: warp_mobile_android_host::vulkan: present_ok frame=3203 ts=164668533
05-01 08:01:16.061  1802  2321 I CompositionEngine: [setDisplaySize] size=(434, 42)
05-01 08:01:16.067 19994 19994 I warp-android-host: warp_mobile_android_host::vulkan: present_ok frame=3204 ts=164668541
05-01 08:01:16.075 19994 19994 I warp-android-host: warp_mobile_android_host::vulkan: present_ok frame=3205 ts=164668549
05-01 08:01:16.084 19994 19994 I warp-android-host: warp_mobile_android_host::vulkan: present_ok frame=3206 ts=164668557
05-01 08:01:16.092 19994 19994 I warp-android-host: warp_mobile_android_host::vulkan: present_ok frame=3207 ts=164668565
05-01 08:01:16.100 19994 19994 I warp-android-host: warp_mobile_android_host::vulkan: present_ok frame=3208 ts=164668574
05-01 08:01:16.109 19994 19994 I warp-android-host: warp_mobile_android_host::vulkan: present_ok frame=3209 ts=164668582
05-01 08:01:16.116  1684 20720 I HYPER-HAL: [RequestManager.cpp]releaseLocked(): Released ID : 4008713
05-01 08:01:16.117 19994 19994 I warp-android-host: warp_mobile_android_host::vulkan: present_ok frame=3210 ts=164668591
05-01 08:01:16.126 19994 19994 I warp-android-host: warp_mobile_android_host::vulkan: present_ok frame=3211 ts=164668600
05-01 08:01:16.134 19994 19994 I warp-android-host: warp_mobile_android_host::vulkan: present_ok frame=3212 ts=164668608
05-01 08:01:16.143 19994 19994 I warp-android-host: warp_mobile_android_host::vulkan: present_ok frame=3213 ts=164668617
05-01 08:01:16.151 19994 19994 I warp-android-host: warp_mobile_android_host::vulkan: present_ok frame=3214 ts=164668625
05-01 08:01:16.160 19994 19994 I warp-android-host: warp_mobile_android_host::vulkan: present_ok frame=3215 ts=164668633
05-01 08:01:16.162  1802  2321 I CompositionEngine: [setDisplaySize] size=(434, 42)
05-01 08:01:16.168 19994 19994 I warp-android-host: warp_mobile_android_host::vulkan: present_ok frame=3216 ts=164668642
05-01 08:01:16.176 19994 19994 I warp-android-host: warp_mobile_android_host::vulkan: present_ok frame=3217 ts=164668650
05-01 08:01:16.184 19994 19994 I warp-android-host: warp_mobile_android_host::vulkan: present_ok frame=3218 ts=164668658
05-01 08:01:16.193 19994 19994 I warp-android-host: warp_mobile_android_host::vulkan: present_ok frame=3219 ts=164668666
05-01 08:01:16.201 19994 19994 I warp-android-host: warp_mobile_android_host::vulkan: present_ok frame=3220 ts=164668675
05-01 08:01:16.210 19994 19994 I warp-android-host: warp_mobile_android_host::vulkan: present_ok frame=3221 ts=164668683
05-01 08:01:16.218 19994 19994 I warp-android-host: warp_mobile_android_host::vulkan: present_ok frame=3222 ts=164668692
05-01 08:01:16.225 19994 19994 I warp-android-host: warp_mobile_android_host::vulkan: present_ok frame=3223 ts=164668699
05-01 08:01:16.234 19994 19994 I warp-android-host: warp_mobile_android_host::vulkan: present_ok frame=3224 ts=164668707
05-01 08:01:16.241 19994 19994 I warp-android-host: warp_mobile_android_host::vulkan: present_ok frame=3225 ts=164668715
05-01 08:01:16.250 19994 19994 I warp-android-host: warp_mobile_android_host::vulkan: present_ok frame=3226 ts=164668724
05-01 08:01:16.259 19994 19994 I warp-android-host: warp_mobile_android_host::vulkan: present_ok frame=3227 ts=164668732
05-01 08:01:16.262  1802  2321 I CompositionEngine: [setDisplaySize] size=(434, 42)
05-01 08:01:16.268 19994 19994 I warp-android-host: warp_mobile_android_host::vulkan: present_ok frame=3228 ts=164668741
05-01 08:01:16.276 19994 19994 I warp-android-host: warp_mobile_android_host::vulkan: present_ok frame=3229 ts=164668750
05-01 08:01:16.284 19994 19994 I warp-android-host: warp_mobile_android_host::vulkan: present_ok frame=3230 ts=164668757
05-01 08:01:16.292 19994 19994 I warp-android-host: warp_mobile_android_host::vulkan: present_ok frame=3231 ts=164668765
05-01 08:01:16.300 19994 19994 I warp-android-host: warp_mobile_android_host::vulkan: present_ok frame=3232 ts=164668774
05-01 08:01:16.304  2814  3899 D NetdEventListenerService: DNS Requested by 101, 10275(com.google.android.youtube), 4(FAIL), isBlocked=true, 0ms
05-01 08:01:16.309 19994 19994 I warp-android-host: warp_mobile_android_host::vulkan: present_ok frame=3233 ts=164668782
05-01 08:01:16.317 19994 19994 I warp-android-host: warp_mobile_android_host::vulkan: present_ok frame=3234 ts=164668791
05-01 08:01:16.326 19994 19994 I warp-android-host: warp_mobile_android_host::vulkan: present_ok frame=3235 ts=164668800
05-01 08:01:16.334 19994 19994 I warp-android-host: warp_mobile_android_host::vulkan: present_ok frame=3236 ts=164668807
05-01 08:01:16.342 19994 19994 I warp-android-host: warp_mobile_android_host::vulkan: present_ok frame=3237 ts=164668816
05-01 08:01:16.351 19994 19994 I warp-android-host: warp_mobile_android_host::vulkan: present_ok frame=3238 ts=164668824
05-01 08:01:16.356  2814  3899 D NetdEventListenerService: DNS Requested by 101, 10440(com.openai.chatgpt), 4(FAIL), isBlocked=true, 0ms
05-01 08:01:16.359 19994 19994 I warp-android-host: warp_mobile_android_host::vulkan: present_ok frame=3239 ts=164668833
05-01 08:01:16.367 19994 19994 I warp-android-host: warp_mobile_android_host::vulkan: present_ok frame=3240 ts=164668841
05-01 08:01:16.369  1802  2321 I CompositionEngine: [setDisplaySize] size=(434, 42)
05-01 08:01:16.376 19994 19994 I warp-android-host: warp_mobile_android_host::vulkan: present_ok frame=3241 ts=164668850
05-01 08:01:16.384 19994 19994 I warp-android-host: warp_mobile_android_host::vulkan: present_ok frame=3242 ts=164668857
05-01 08:01:16.392 19994 19994 I warp-android-host: warp_mobile_android_host::vulkan: present_ok frame=3243 ts=164668866
05-01 08:01:16.401 19994 19994 I warp-android-host: warp_mobile_android_host::vulkan: present_ok frame=3244 ts=164668875
05-01 08:01:16.409 19994 19994 I warp-android-host: warp_mobile_android_host::vulkan: present_ok frame=3245 ts=164668883
05-01 08:01:16.417 19994 19994 I warp-android-host: warp_mobile_android_host::vulkan: present_ok frame=3246 ts=164668891
05-01 08:01:16.426 19994 19994 I warp-android-host: warp_mobile_android_host::vulkan: present_ok frame=3247 ts=164668899
05-01 08:01:16.434 19994 19994 I warp-android-host: warp_mobile_android_host::vulkan: present_ok frame=3248 ts=164668907
05-01 08:01:16.442 19994 19994 I warp-android-host: warp_mobile_android_host::vulkan: present_ok frame=3249 ts=164668916
05-01 08:01:16.451 19994 19994 I warp-android-host: warp_mobile_android_host::vulkan: present_ok frame=3250 ts=164668924
05-01 08:01:16.459 19994 19994 I warp-android-host: warp_mobile_android_host::vulkan: present_ok frame=3251 ts=164668932
05-01 08:01:16.468 19994 19994 I warp-android-host: warp_mobile_android_host::vulkan: present_ok frame=3252 ts=164668942
05-01 08:01:16.469  1802  2321 I CompositionEngine: [setDisplaySize] size=(434, 42)
05-01 08:01:16.476 19994 19994 I warp-android-host: warp_mobile_android_host::vulkan: present_ok frame=3253 ts=164668950
05-01 08:01:16.484 19994 19994 I warp-android-host: warp_mobile_android_host::vulkan: present_ok frame=3254 ts=164668957
05-01 08:01:16.492 19994 19994 I warp-android-host: warp_mobile_android_host::vulkan: present_ok frame=3255 ts=164668966
05-01 08:01:16.500 19994 19994 I warp-android-host: warp_mobile_android_host::vulkan: present_ok frame=3256 ts=164668974
05-01 08:01:16.508 19994 19994 I warp-android-host: warp_mobile_android_host::vulkan: present_ok frame=3257 ts=164668982
05-01 08:01:16.517 19994 19994 I warp-android-host: warp_mobile_android_host::vulkan: present_ok frame=3258 ts=164668991
05-01 08:01:16.525 19994 19994 I warp-android-host: warp_mobile_android_host::vulkan: present_ok frame=3259 ts=164668999
05-01 08:01:16.533 19994 19994 I warp-android-host: warp_mobile_android_host::vulkan: present_ok frame=3260 ts=164669007
05-01 08:01:16.543 19994 19994 I warp-android-host: warp_mobile_android_host::vulkan: present_ok frame=3261 ts=164669016
05-01 08:01:16.551 19994 19994 I warp-android-host: warp_mobile_android_host::vulkan: present_ok frame=3262 ts=164669024
05-01 08:01:16.558 19994 19994 I warp-android-host: warp_mobile_android_host::vulkan: present_ok frame=3263 ts=164669032
05-01 08:01:16.567 19994 19994 I warp-android-host: warp_mobile_android_host::vulkan: present_ok frame=3264 ts=164669041
05-01 08:01:16.570  1802  2321 I CompositionEngine: [setDisplaySize] size=(434, 42)
05-01 08:01:16.576 19994 19994 I warp-android-host: warp_mobile_android_host::vulkan: present_ok frame=3265 ts=164669050
05-01 08:01:16.584 19994 19994 I warp-android-host: warp_mobile_android_host::vulkan: present_ok frame=3266 ts=164669057
05-01 08:01:16.592 19994 19994 I warp-android-host: warp_mobile_android_host::vulkan: present_ok frame=3267 ts=164669066
05-01 08:01:16.600 19994 19994 I warp-android-host: warp_mobile_android_host::vulkan: present_ok frame=3268 ts=164669074
05-01 08:01:16.609 19994 19994 I warp-android-host: warp_mobile_android_host::vulkan: present_ok frame=3269 ts=164669083
05-01 08:01:16.617 19994 19994 I warp-android-host: warp_mobile_android_host::vulkan: present_ok frame=3270 ts=164669091
05-01 08:01:16.625 19994 19994 I warp-android-host: warp_mobile_android_host::vulkan: present_ok frame=3271 ts=164669099
05-01 08:01:16.633 19994 19994 I warp-android-host: warp_mobile_android_host::vulkan: present_ok frame=3272 ts=164669107
05-01 08:01:16.642 19994 19994 I warp-android-host: warp_mobile_android_host::vulkan: present_ok frame=3273 ts=164669115
05-01 08:01:16.650 19994 19994 I warp-android-host: warp_mobile_android_host::vulkan: present_ok frame=3274 ts=164669124
05-01 08:01:16.659 19994 19994 I warp-android-host: warp_mobile_android_host::vulkan: present_ok frame=3275 ts=164669132
05-01 08:01:16.667 19994 19994 I warp-android-host: warp_mobile_android_host::vulkan: present_ok frame=3276 ts=164669141
05-01 08:01:16.670  1802  2321 I CompositionEngine: [setDisplaySize] size=(434, 42)
05-01 08:01:16.676 19994 19994 I warp-android-host: warp_mobile_android_host::vulkan: present_ok frame=3277 ts=164669149
05-01 08:01:16.683 19994 19994 I warp-android-host: warp_mobile_android_host::vulkan: present_ok frame=3278 ts=164669157
05-01 08:01:16.692 19994 19994 I warp-android-host: warp_mobile_android_host::vulkan: present_ok frame=3279 ts=164669165
05-01 08:01:16.700 19994 19994 I warp-android-host: warp_mobile_android_host::vulkan: present_ok frame=3280 ts=164669174
05-01 08:01:16.709 19994 19994 I warp-android-host: warp_mobile_android_host::vulkan: present_ok frame=3281 ts=164669182
05-01 08:01:16.717 19994 19994 I warp-android-host: warp_mobile_android_host::vulkan: present_ok frame=3282 ts=164669191
05-01 08:01:16.725 19994 19994 I warp-android-host: warp_mobile_android_host::vulkan: present_ok frame=3283 ts=164669199
05-01 08:01:16.734 19994 19994 I warp-android-host: warp_mobile_android_host::vulkan: present_ok frame=3284 ts=164669207
05-01 08:01:16.741 19994 19994 I warp-android-host: warp_mobile_android_host::vulkan: present_ok frame=3285 ts=164669215
05-01 08:01:16.746  1792  1822 E HeatmapThread: ECT Thread time in milliseconds: 1777593676
05-01 08:01:16.750 19994 19994 I warp-android-host: warp_mobile_android_host::vulkan: present_ok frame=3286 ts=164669224
05-01 08:01:16.751  1792  1822 D HeatmapThread: !@ batteryplugType : 2
05-01 08:01:16.751  1792  1822 D HeatmapThread: !@ batteryLevel : 100  batteryTemperature : 321 
05-01 08:01:16.751  1792  1822 D HeatmapThread: !@ Heatmap currtime: 29626561
05-01 08:01:16.751  1792  1822 D HeatmapThread: !@ Heatmap prevtime: 29626554
05-01 08:01:16.751  1792  1822 D HeatmapThread: !@ Heatmap plugstarttime: 29625649
05-01 08:01:16.751  1792  1822 D HeatmapThread: !@ Heatmap prevv_dsoh_update_time: 29626542
05-01 08:01:16.751  1792  1822 E HeatmapThread: !@ CAM New BSOH: 100
05-01 08:01:16.751  1792  1822 E HeatmapThread: !@ CAM is Working
05-01 08:01:16.758 19994 19994 I warp-android-host: warp_mobile_android_host::vulkan: present_ok frame=3287 ts=164669232
05-01 08:01:16.767 19994 19994 I warp-android-host: warp_mobile_android_host::vulkan: present_ok frame=3288 ts=164669241
05-01 08:01:16.775 19994 19994 I warp-android-host: warp_mobile_android_host::vulkan: present_ok frame=3289 ts=164669249
05-01 08:01:16.777  1802  2321 I CompositionEngine: [setDisplaySize] size=(434, 42)
05-01 08:01:16.784 19994 19994 I warp-android-host: warp_mobile_android_host::vulkan: present_ok frame=3290 ts=164669258
05-01 08:01:16.792 19994 19994 I warp-android-host: warp_mobile_android_host::vulkan: present_ok frame=3291 ts=164669266
05-01 08:01:16.793  2814  4860 W ActivityManager: Unable to start service Intent { act=com.skms.android.agent.remote.SKMSAgentProxyService xflg=0x4 pkg=com.skms.android.agent.remote } U=0: not found
05-01 08:01:16.801 19994 19994 I warp-android-host: warp_mobile_android_host::vulkan: present_ok frame=3292 ts=164669275
05-01 08:01:16.809 19994 19994 I warp-android-host: warp_mobile_android_host::vulkan: present_ok frame=3293 ts=164669283
05-01 08:01:16.817 19994 19994 I warp-android-host: warp_mobile_android_host::vulkan: present_ok frame=3294 ts=164669290
05-01 08:01:16.825 19994 19994 I warp-android-host: warp_mobile_android_host::vulkan: present_ok frame=3295 ts=164669299
05-01 08:01:16.833 19994 19994 I warp-android-host: warp_mobile_android_host::vulkan: present_ok frame=3296 ts=164669307
05-01 08:01:16.842 19994 19994 I warp-android-host: warp_mobile_android_host::vulkan: present_ok frame=3297 ts=164669315
05-01 08:01:16.850 19994 19994 I warp-android-host: warp_mobile_android_host::vulkan: present_ok frame=3298 ts=164669324
05-01 08:01:16.855  1186  1186 D io_stats: !@   8,0 r 25108752 370015176 w 13821737 212414168 d 1119520 383495628 f 501606 1540811 iot 5432856 0 th 0 0 0 pt 0 inp 0 0 164669.329
05-01 08:01:16.858 19994 19994 I warp-android-host: warp_mobile_android_host::vulkan: present_ok frame=3299 ts=164669332
05-01 08:01:16.866 19994 19994 I warp-android-host: warp_mobile_android_host::vulkan: present_ok frame=3300 ts=164669340
05-01 08:01:16.875 19994 19994 I warp-android-host: warp_mobile_android_host::vulkan: present_ok frame=3301 ts=164669349
05-01 08:01:16.878  1802  2321 I CompositionEngine: [setDisplaySize] size=(434, 42)
05-01 08:01:16.884  2814  9585 I AfterimageCompensationService: AfcThread mLuminance : 14 , AfpcPeriodCount : 1428 , rotation : 0 , AOD : false
05-01 08:01:16.884 19994 19994 I warp-android-host: warp_mobile_android_host::vulkan: present_ok frame=3302 ts=164669357
05-01 08:01:16.886  2814  9585 I SurfaceComposerClient: captureDisplay:Display-4630946315032985731
05-01 08:01:16.889  1802  4719 I SurfaceFlinger: Capture layer list: 	 Background for ae097b SurfaceView[dev.warp.mobile/dev.warp.mobile.MainActivity]@0#44012(seamlessTransition:0)
05-01 08:01:16.890  1802  4719 I SurfaceFlinger: Capture layer list: 	 ae097b SurfaceView[dev.warp.mobile/dev.warp.mobile.MainActivity]@0(BLAST)#44011(seamlessTransition:0)
05-01 08:01:16.890  1802  4719 I SurfaceFlinger: Capture layer list: 	 dev.warp.mobile/dev.warp.mobile.MainActivity$_19994#44006(seamlessTransition:0)
05-01 08:01:16.890  1802  4719 I SurfaceFlinger: Capture layer list: 	 StatusBar$_3998#107(seamlessTransition:0)
05-01 08:01:16.890  1802  4719 I SurfaceFlinger: Capture layer list: 	 com.sec.android.app.launcher/com.samsung.app.honeyspace.edge.edgepanel.app.CocktailBarService$_4483#42931(seamlessTransition:0)
05-01 08:01:16.890  1802  4719 I SurfaceFlinger: Capture layer list: 	 NavigationBar0$_3998#103(seamlessTransition:0)
05-01 08:01:16.890  1802  4719 I CompositionEngine: [setDisplaySize] size=(1080, 2340)
05-01 08:01:16.890  1802  4719 E HwcComposer: getLuts failed Status(-129, EX_TRANSACTION_FAILED): 'UNKNOWN_TRANSACTION: '
05-01 08:01:16.891  1802  1907 D RenderEngine: [SEC_SF_EFFECTS] drawLayersInternal,1483, Rendering layer ScreenCaptureFillLayer at index 0
05-01 08:01:16.891  1802  1907 D RenderEngine: [SEC_SF_EFFECTS] drawLayersInternal,1483, Rendering layer ae097b SurfaceView[dev.warp.mobile/dev.warp.mobile.MainActivity]@0(BLAST)#44011 at index 1
05-01 08:01:16.891 19994 19994 I warp-android-host: warp_mobile_android_host::vulkan: present_ok frame=3303 ts=164669365
05-01 08:01:16.891  1802  1907 D RenderEngine: [SEC_SF_EFFECTS] drawLayersInternal,1483, Rendering layer dev.warp.mobile/dev.warp.mobile.MainActivity$_19994#44006 at index 2
05-01 08:01:16.891  1802  1907 D RenderEngine: [SEC_SF_EFFECTS] drawLayersInternal,1483, Rendering layer StatusBar$_3998#107 at index 3
05-01 08:01:16.892  1802  1907 D RenderEngine: [SEC_SF_EFFECTS] drawLayersInternal,1483, Rendering layer com.sec.android.app.launcher/com.samsung.app.honeyspace.edge.edgepanel.app.CocktailBarService$_4483#42931 at index 4
05-01 08:01:16.892  1802  1907 D RenderEngine: [SEC_SF_EFFECTS] drawLayersInternal,1483, Rendering layer NavigationBar0$_3998#103 at index 5
05-01 08:01:16.896  2814  9585 D system_server: mAFPC_Read - w = 1080, h = 2340, s = 8, f = 4, s_size = 10183680, luminance = 14, count = 1428, captureOrientation = 0
05-01 08:01:16.899 19994 19994 I warp-android-host: warp_mobile_android_host::vulkan: present_ok frame=3304 ts=164669373
05-01 08:01:16.908 19994 19994 I warp-android-host: warp_mobile_android_host::vulkan: present_ok frame=3305 ts=164669381
05-01 08:01:16.916 19994 19994 I warp-android-host: warp_mobile_android_host::vulkan: present_ok frame=3306 ts=164669389
05-01 08:01:16.924 19994 19994 I warp-android-host: warp_mobile_android_host::vulkan: present_ok frame=3307 ts=164669398
05-01 08:01:16.933 19994 19994 I warp-android-host: warp_mobile_android_host::vulkan: present_ok frame=3308 ts=164669407
05-01 08:01:16.941 19994 19994 I warp-android-host: warp_mobile_android_host::vulkan: present_ok frame=3309 ts=164669415
05-01 08:01:16.950 19994 19994 I warp-android-host: warp_mobile_android_host::vulkan: present_ok frame=3310 ts=164669423
05-01 08:01:16.958 19994 19994 I warp-android-host: warp_mobile_android_host::vulkan: present_ok frame=3311 ts=164669432
05-01 08:01:16.966 19994 19994 I warp-android-host: warp_mobile_android_host::vulkan: present_ok frame=3312 ts=164669440
05-01 08:01:16.975 19994 19994 I warp-android-host: warp_mobile_android_host::vulkan: present_ok frame=3313 ts=164669449
05-01 08:01:16.978  1802  2321 I CompositionEngine: [setDisplaySize] size=(434, 42)
05-01 08:01:16.984 19994 19994 I warp-android-host: warp_mobile_android_host::vulkan: present_ok frame=3314 ts=164669457
05-01 08:01:16.991 19994 19994 I warp-android-host: warp_mobile_android_host::vulkan: present_ok frame=3315 ts=164669465
05-01 08:01:17.000 19994 19994 I warp-android-host: warp_mobile_android_host::vulkan: present_ok frame=3316 ts=164669473
05-01 08:01:17.009 19994 19994 I warp-android-host: warp_mobile_android_host::vulkan: present_ok frame=3317 ts=164669483
05-01 08:01:17.017 19994 19994 I warp-android-host: warp_mobile_android_host::vulkan: present_ok frame=3318 ts=164669491
05-01 08:01:17.025 19994 19994 I warp-android-host: warp_mobile_android_host::vulkan: present_ok frame=3319 ts=164669499
05-01 08:01:17.033 19994 19994 I warp-android-host: warp_mobile_android_host::vulkan: present_ok frame=3320 ts=164669507
05-01 08:01:17.042 19994 19994 I warp-android-host: warp_mobile_android_host::vulkan: present_ok frame=3321 ts=164669515
05-01 08:01:17.050 19994 19994 I warp-android-host: warp_mobile_android_host::vulkan: present_ok frame=3322 ts=164669523
05-01 08:01:17.058 19994 19994 I warp-android-host: warp_mobile_android_host::vulkan: present_ok frame=3323 ts=164669532
05-01 08:01:17.066 19994 19994 I warp-android-host: warp_mobile_android_host::vulkan: present_ok frame=3324 ts=164669540
05-01 08:01:17.075 19994 19994 I warp-android-host: warp_mobile_android_host::vulkan: present_ok frame=3325 ts=164669548
05-01 08:01:17.078  1802  2321 I CompositionEngine: [setDisplaySize] size=(434, 42)
05-01 08:01:17.083 19994 19994 I warp-android-host: warp_mobile_android_host::vulkan: present_ok frame=3326 ts=164669557
05-01 08:01:17.091 19994 19994 I warp-android-host: warp_mobile_android_host::vulkan: present_ok frame=3327 ts=164669565
05-01 08:01:17.100 19994 19994 I warp-android-host: warp_mobile_android_host::vulkan: present_ok frame=3328 ts=164669573
05-01 08:01:17.108 19994 19994 I warp-android-host: warp_mobile_android_host::vulkan: present_ok frame=3329 ts=164669582
05-01 08:01:17.116 19994 19994 I warp-android-host: warp_mobile_android_host::vulkan: present_ok frame=3330 ts=164669590
05-01 08:01:17.125 19994 19994 I warp-android-host: warp_mobile_android_host::vulkan: present_ok frame=3331 ts=164669598
05-01 08:01:17.133 19994 19994 I warp-android-host: warp_mobile_android_host::vulkan: present_ok frame=3332 ts=164669607
05-01 08:01:17.142 19994 19994 I warp-android-host: warp_mobile_android_host::vulkan: present_ok frame=3333 ts=164669615
05-01 08:01:17.150 19994 19994 I warp-android-host: warp_mobile_android_host::vulkan: present_ok frame=3334 ts=164669624
05-01 08:01:17.158 19994 19994 I warp-android-host: warp_mobile_android_host::vulkan: present_ok frame=3335 ts=164669632
05-01 08:01:17.166 19994 19994 I warp-android-host: warp_mobile_android_host::vulkan: present_ok frame=3336 ts=164669640
05-01 08:01:17.175 19994 19994 I warp-android-host: warp_mobile_android_host::vulkan: present_ok frame=3337 ts=164669648
05-01 08:01:17.183 19994 19994 I warp-android-host: warp_mobile_android_host::vulkan: present_ok frame=3338 ts=164669657
05-01 08:01:17.185  1802  2321 I CompositionEngine: [setDisplaySize] size=(434, 42)
05-01 08:01:17.192 19994 19994 I warp-android-host: warp_mobile_android_host::vulkan: present_ok frame=3339 ts=164669666
05-01 08:01:17.199 19994 19994 I warp-android-host: warp_mobile_android_host::vulkan: present_ok frame=3340 ts=164669673
05-01 08:01:17.208 19994 19994 I warp-android-host: warp_mobile_android_host::vulkan: present_ok frame=3341 ts=164669682
05-01 08:01:17.214  1672  2586 I sensors-hal: handle_sns_std_sensor_event:90, light_cct: ts = 245390376655085 ns; value = [0, 0, 5, 5, 0, 15, 0, 0, 0, 0]
05-01 08:01:17.216 19994 19994 I warp-android-host: warp_mobile_android_host::vulkan: present_ok frame=3342 ts=164669690
05-01 08:01:17.225 19994 19994 I warp-android-host: warp_mobile_android_host::vulkan: present_ok frame=3343 ts=164669698
05-01 08:01:17.233 19994 19994 I warp-android-host: warp_mobile_android_host::vulkan: present_ok frame=3344 ts=164669707
05-01 08:01:17.241 19994 19994 I warp-android-host: warp_mobile_android_host::vulkan: present_ok frame=3345 ts=164669715
05-01 08:01:17.249 19994 19994 I warp-android-host: warp_mobile_android_host::vulkan: present_ok frame=3346 ts=164669723
05-01 08:01:17.258 19994 19994 I warp-android-host: warp_mobile_android_host::vulkan: present_ok frame=3347 ts=164669731
05-01 08:01:17.266 19994 19994 I warp-android-host: warp_mobile_android_host::vulkan: present_ok frame=3348 ts=164669740
05-01 08:01:17.275 19994 19994 I warp-android-host: warp_mobile_android_host::vulkan: present_ok frame=3349 ts=164669748
05-01 08:01:17.283 19994 19994 I warp-android-host: warp_mobile_android_host::vulkan: present_ok frame=3350 ts=164669757
05-01 08:01:17.285  1802  2321 I CompositionEngine: [setDisplaySize] size=(434, 42)
05-01 08:01:17.291 19994 19994 I warp-android-host: warp_mobile_android_host::vulkan: present_ok frame=3351 ts=164669765
05-01 08:01:17.299 19994 19994 I warp-android-host: warp_mobile_android_host::vulkan: present_ok frame=3352 ts=164669773
05-01 08:01:17.308 19994 19994 I warp-android-host: warp_mobile_android_host::vulkan: present_ok frame=3353 ts=164669782
05-01 08:01:17.316 19994 19994 I warp-android-host: warp_mobile_android_host::vulkan: present_ok frame=3354 ts=164669789
05-01 08:01:17.324 19994 19994 I warp-android-host: warp_mobile_android_host::vulkan: present_ok frame=3355 ts=164669798
05-01 08:01:17.332 19994 19994 I warp-android-host: warp_mobile_android_host::vulkan: present_ok frame=3356 ts=164669806
05-01 08:01:17.341 19994 19994 I warp-android-host: warp_mobile_android_host::vulkan: present_ok frame=3357 ts=164669814
05-01 08:01:17.348 19994 19994 I warp-android-host: warp_mobile_android_host::vulkan: present_ok frame=3358 ts=164669822
