05-01 07:29:46.394  8122  8122 D warp-android-host: android_logger: android_logger: log::set_logger failed: attempted to set a logger after the logging system was already initialized
05-01 07:29:46.394  8122  8122 I warp-android-host: warp_mobile_android_host::input: input_event kind=scroll x=540.0 y=493.9 vx=0.0 vy=-13000.1 events_total=23
05-01 07:29:46.394  9104  9344 I tflite  : Replacing 12 node(s) with delegate (TfLiteFlexDelegate) node, yielding 3 partitions.
05-01 07:29:46.396  8122  8122 I warp-android-host: warp_mobile_android_host::vulkan: present_ok frame=2412 ts=162778869
05-01 07:29:46.402  8122  8122 D WarpIme : gesture_scroll x=540.0 y=385.792 dx=0.0 dy=108.1543 vx=-0.074383795 vy=-13000.102
05-01 07:29:46.402  8122  8122 D warp-android-host: android_logger: android_logger: log::set_logger failed: attempted to set a logger after the logging system was already initialized
05-01 07:29:46.402  8122  8122 I warp-android-host: warp_mobile_android_host::input: input_event kind=scroll x=540.0 y=385.8 vx=-0.1 vy=-13000.1 events_total=24
05-01 07:29:46.403  8122  8122 I warp-android-host: warp_mobile_android_host::vulkan: present_ok frame=2413 ts=162778877
05-01 07:29:46.405  9104  9344 I tflite  : Replacing 2 node(s) with delegate (TfLiteFlexDelegate) node, yielding 2 partitions.
05-01 07:29:46.406  9104  9344 I tflite  : Replacing 6 node(s) with delegate (TfLiteFlexDelegate) node, yielding 7 partitions.
05-01 07:29:46.406  9104  9344 I tflite  : Replacing 2 node(s) with delegate (TfLiteFlexDelegate) node, yielding 5 partitions.
05-01 07:29:46.408  9104  9344 W libc    : Access denied finding property "ro.mediatek.platform"
05-01 07:29:46.410  8122  8122 D WarpIme : gesture_scroll x=540.0 y=277.63867 dx=0.0 dy=108.15332 vx=-0.015513081 vy=-13000.086
05-01 07:29:46.410  8122  8122 D warp-android-host: android_logger: android_logger: log::set_logger failed: attempted to set a logger after the logging system was already initialized
05-01 07:29:46.410  8122  8122 I warp-android-host: warp_mobile_android_host::input: input_event kind=scroll x=540.0 y=277.6 vx=-0.0 vy=-13000.1 events_total=25
05-01 07:29:46.411  2814  4599 D InputDispatcher: Inject motion (9101/2000): action=0x1, time=162778885000000, f=0x0, d=0 dsdx=1.000000 dtdx=0.000000
05-01 07:29:46.411  2814  3644 I InputDispatcher: Delivering touch to (8122): action: 0x1, f=0x0, d=0, '6d0f9ad', t=1 
05-01 07:29:46.411  9104  9344 I tflite  : Created TensorFlow Lite XNNPACK delegate for CPU.
05-01 07:29:46.411  2814  3644 D PowerManagerService: [api] userActivityFromNative : touch displayId=0 eventTime=162778885
05-01 07:29:46.412  8122  8122 I warp-android-host: warp_mobile_android_host::vulkan: present_ok frame=2414 ts=162778886
05-01 07:29:46.412  8122  8122 I VRI[MainActivity]@afeb858: ViewPostIme pointer 1
05-01 07:29:46.412  8122  8122 I WarpIme : touch_up x=540.0 y=200.0
05-01 07:29:46.412  8122  8122 D warp-android-host: android_logger: android_logger: log::set_logger failed: attempted to set a logger after the logging system was already initialized
05-01 07:29:46.412  8122  8122 I warp-android-host: warp_mobile_android_host::input: input_event kind=touch_up x=540.0 y=200.0 vx=0.0 vy=0.0 events_total=26
05-01 07:29:46.412  8122  8122 I WarpIme : gesture_fling vx=-0.015513081 vy=-13000.086
05-01 07:29:46.412  4483  4483 I HoneySpace.GestureInputHandler: reset
05-01 07:29:46.413  4483  4483 I HoneySpace.InputSession: close
05-01 07:29:46.414  2814  2814 I SemDvfsHyPerManager: acquire hyper - GESTURE_DETECTED_HRR/2814@29, type = -999
05-01 07:29:46.414  2814  2814 I SemDvfsHyPerManager: acquire hyper - GESTURE_DETECTED_HRR/2814@29, type = -999
05-01 07:29:46.414  2814  2814 I SemDvfsHyPerManager: acquire hyper - SMOOTH_SCROLL/2814@25, type = -999
05-01 07:29:46.415  1684  1724 I HYPER-HAL: [RequestManager.cpp]releaseLocked(): Released ID : 3966338
05-01 07:29:46.415  1684  1724 I HYPER-HAL: [RequestManager.cpp]acquire(): Acquired ID : 4042775  [2814 / 29]    HINT : GESTURE_DETECTED_HRR    list : [TIMEOUT / 2083] 
05-01 07:29:46.415  1684  1724 I HYPER-HAL: [RequestManager.cpp]acquire(): Acquired ID : 4042775  [2814 / 29]    HINT : GESTURE_DETECTED_HRR    list : [TIMEOUT / 2282] 
05-01 07:29:46.416  9104  9344 I IwhInfService: IWH model: IA9QziNKOf / 0 /  T  | 798 / 18 / 0
05-01 07:29:46.417  9104  9344 I IwhInfService: Inferenced state & reuslt : [1.129, 0.7222222] | false
05-01 07:29:46.420  8122  8122 I warp-android-host: warp_mobile_android_host::vulkan: present_ok frame=2415 ts=162778893
05-01 07:29:46.426  2814  3860 W ContextImpl: Calling a method in the system process without a qualified user: android.app.ContextImpl.stopService:2080 com.samsung.android.server.wifi.SemWifiIntelligentConnectionManager$IntelligentConnectionManagerHandler.handleMessage:247 android.os.Handler.dispatchMessage:110 android.os.Looper.loopOnce:273 android.os.Looper.loop:363 
05-01 07:29:46.428  8122  8122 I warp-android-host: warp_mobile_android_host::vulkan: present_ok frame=2416 ts=162778901
05-01 07:29:46.428  2814  3860 I Process : Sending signal. PID: 9104 SIG: 9
05-01 07:29:46.428  2814  3860 I SemWifiIntelligentConnectionManager: HQ: IA9QziNKOf / f1:2c / 5200 / -26 / 1200 / 1129 | 95 / 1518 / 5 / NR / F / F / F / 16 / 61 | 0 / 0 (-75.0) ---> S / S / 0
05-01 07:29:46.436  8122  8122 I warp-android-host: warp_mobile_android_host::vulkan: present_ok frame=2417 ts=162778910
05-01 07:29:46.445  8122  8122 I warp-android-host: warp_mobile_android_host::vulkan: present_ok frame=2418 ts=162778918
05-01 07:29:46.453  8122  8122 I warp-android-host: warp_mobile_android_host::vulkan: present_ok frame=2419 ts=162778926
05-01 07:29:46.460  1596  1596 I Zygote  : Process 9104 exited due to signal 9 (Killed)
05-01 07:29:46.461  8122  8122 I warp-android-host: warp_mobile_android_host::vulkan: present_ok frame=2420 ts=162778935
05-01 07:29:46.462  2814  4599 I ActivityManager: Process com.samsung.android.wifi.intelligence:iwhInfService (pid 9104) has died: cch+5 CEM (595,2383)
05-01 07:29:46.463  2814  3024 I libprocessgroup: Removed cgroup /sys/fs/cgroup/system/uid_1000/pid_9104
05-01 07:29:46.469  8122  8122 I warp-android-host: warp_mobile_android_host::vulkan: present_ok frame=2421 ts=162778943
05-01 07:29:46.478  8122  8122 I warp-android-host: warp_mobile_android_host::vulkan: present_ok frame=2422 ts=162778951
05-01 07:29:46.486  8122  8122 I warp-android-host: warp_mobile_android_host::vulkan: present_ok frame=2423 ts=162778960
05-01 07:29:46.487  2814  4599 I ActivityManager: Broadcasting: Intent { act=dev.warp.mobile.TERM_SET_SCROLL_OFFSET flg=0x400000 pkg=dev.warp.mobile (has extras) }
05-01 07:29:46.488  2814  4599 I ActivityManager: Enqueued broadcast Intent { act=dev.warp.mobile.TERM_SET_SCROLL_OFFSET flg=0x400000 pkg=dev.warp.mobile (has extras) }: 0
05-01 07:29:46.489  1802  2321 I CompositionEngine: [setDisplaySize] size=(434, 42)
05-01 07:29:46.491  8122  8122 D warp-android-host: android_logger: android_logger: log::set_logger failed: attempted to set a logger after the logging system was already initialized
05-01 07:29:46.491  8122  8122 I warp-android-host: warp_mobile_android_host: terminal_set_scroll_offset offset=5 actual=5
05-01 07:29:46.491  8122  8122 I WarpTerminal: TERM_SET_SCROLL_OFFSET offset=5 info=scrollback_len=1000,scrollback_max=1000,scroll_offset=5
05-01 07:29:46.492  2814  3004 I ActivityManager: Broadcast completed: result=0
05-01 07:29:46.494  8122  8122 I warp-android-host: warp_mobile_android_host::vulkan: dynamic_grid_fast_path_ok dt_ms=1 instances=696 fast_path_updates=7 full_reinits=1
05-01 07:29:46.495  8122  8122 I warp-android-host: warp_mobile_android_host::vulkan: present_ok frame=2424 ts=162778969
05-01 07:29:46.495  8122  8122 I warp-android-host: warp_mobile_android_host: terminal_push_frame_dynamic ok=true cells=1920 rows=24 cols=80
05-01 07:29:46.503  8122  8122 I warp-android-host: warp_mobile_android_host::vulkan: present_ok frame=2425 ts=162778977
05-01 07:29:46.511  8122  8122 I warp-android-host: warp_mobile_android_host::vulkan: present_ok frame=2426 ts=162778985
05-01 07:29:46.519  8122  8122 I warp-android-host: warp_mobile_android_host::vulkan: present_ok frame=2427 ts=162778993
05-01 07:29:46.528  8122  8122 I warp-android-host: warp_mobile_android_host::vulkan: present_ok frame=2428 ts=162779002
05-01 07:29:46.537  8122  8122 I warp-android-host: warp_mobile_android_host::vulkan: present_ok frame=2429 ts=162779010
05-01 07:29:46.545  8122  8122 I warp-android-host: warp_mobile_android_host::vulkan: present_ok frame=2430 ts=162779019
05-01 07:29:46.553  8122  8122 I warp-android-host: warp_mobile_android_host::vulkan: present_ok frame=2431 ts=162779026
05-01 07:29:46.561  8122  8122 I warp-android-host: warp_mobile_android_host::vulkan: present_ok frame=2432 ts=162779035
05-01 07:29:46.569  8122  8122 I warp-android-host: warp_mobile_android_host::vulkan: present_ok frame=2433 ts=162779043
05-01 07:29:46.578  8122  8122 I warp-android-host: warp_mobile_android_host::vulkan: present_ok frame=2434 ts=162779051
05-01 07:29:46.586  8122  8122 I warp-android-host: warp_mobile_android_host::vulkan: present_ok frame=2435 ts=162779060
05-01 07:29:46.589  1802  2321 I CompositionEngine: [setDisplaySize] size=(434, 42)
05-01 07:29:46.595  8122  8122 I warp-android-host: warp_mobile_android_host::vulkan: present_ok frame=2436 ts=162779068
05-01 07:29:46.603  8122  8122 I warp-android-host: warp_mobile_android_host::vulkan: present_ok frame=2437 ts=162779076
05-01 07:29:46.611  8122  8122 I warp-android-host: warp_mobile_android_host::vulkan: present_ok frame=2438 ts=162779085
05-01 07:29:46.620  8122  8122 I warp-android-host: warp_mobile_android_host::vulkan: present_ok frame=2439 ts=162779094
05-01 07:29:46.628  8122  8122 I warp-android-host: warp_mobile_android_host::vulkan: present_ok frame=2440 ts=162779102
05-01 07:29:46.633 30192  8212 I NearbyMediums: Found Fast Ble Advertisements :
05-01 07:29:46.633 30192  8212 I NearbyMediums: BleAdvertisement { version=2, socketVersion=2, isFast=true, serviceIdHash=null, data=[ 0x23 0x54 0x33 0x4b 0x52 0x11 0x34 0x5b 0x4a 0xc1 0x73 0xb3 0xd9 0x97 0x13 0x7d 0x5f 0xfe 0x60 0xb9 0xbb 0xf4 0x96 ], deviceToken=[ 0x62 0xd2 ], rxAdvertisement=null } : 1 times.
05-01 07:29:46.633 30192  8212 I NearbyMediums: Total 1 fast advertisements from 1 unique advertisers.
05-01 07:29:46.634 30192  8212 I NearbyMediums: Current Tracked Scanning Clients are : {NearbyConnections.EnvironmentMonitor, NearbySharing, NearbyConnections.TxAdvertisement}
05-01 07:29:46.636  8122  8122 I warp-android-host: warp_mobile_android_host::vulkan: present_ok frame=2441 ts=162779110
05-01 07:29:46.645  8122  8122 I warp-android-host: warp_mobile_android_host::vulkan: present_ok frame=2442 ts=162779119
05-01 07:29:46.653  8122  8122 I warp-android-host: warp_mobile_android_host::vulkan: present_ok frame=2443 ts=162779127
05-01 07:29:46.662  8122  8122 I warp-android-host: warp_mobile_android_host::vulkan: present_ok frame=2444 ts=162779135
05-01 07:29:46.670  8122  8122 I warp-android-host: warp_mobile_android_host::vulkan: present_ok frame=2445 ts=162779144
05-01 07:29:46.678  8122  8122 I warp-android-host: warp_mobile_android_host::vulkan: present_ok frame=2446 ts=162779152
05-01 07:29:46.686  8122  8122 I warp-android-host: warp_mobile_android_host::vulkan: present_ok frame=2447 ts=162779160
05-01 07:29:46.690  1802  2321 I CompositionEngine: [setDisplaySize] size=(434, 42)
05-01 07:29:46.696  8122  8122 I warp-android-host: warp_mobile_android_host::vulkan: present_ok frame=2448 ts=162779169
05-01 07:29:46.703  8122  8122 I warp-android-host: warp_mobile_android_host::vulkan: present_ok frame=2449 ts=162779177
05-01 07:29:46.712  8122  8122 I warp-android-host: warp_mobile_android_host::vulkan: present_ok frame=2450 ts=162779185
05-01 07:29:46.719  2814  4599 D InputDispatcher: Inject motion (9555/2000): action=0x0, time=162779192000000, f=0x0, d=0 dsdx=1.000000 dtdx=0.000000
05-01 07:29:46.719  8122  8122 I warp-android-host: warp_mobile_android_host::vulkan: present_ok frame=2451 ts=162779193
05-01 07:29:46.720  2814  3644 I InputDispatcher: Delivering touch to (3998): action: 0x4, f=0x0, d=0, 'c5a7fd5', t=1 
05-01 07:29:46.720  2814  3644 I InputDispatcher: Delivering touch to (8122): action: 0x0, f=0x0, d=0, '6d0f9ad', t=1 
05-01 07:29:46.720  8122  8122 I VRI[MainActivity]@afeb858: ViewPostIme pointer 0
05-01 07:29:46.721  2814  3005 I GestureDetector: obtain mCurrentDownEvent. id: -843207485 caller: com.android.server.wm.SystemGesturesPointerEventListener.onPointerEvent:17 com.android.server.wm.PointerEventDispatcher.onInputEvent:51 android.view.InputEventReceiver.dispatchInputEvent:392 
05-01 07:29:46.721  2814  3005 I GestureDetector: obtain mCurrentDownEvent. id: -843207485 caller: com.android.server.wm.SystemPerformancePointerEventListener.onPointerEvent:13 com.android.server.wm.PointerEventDispatcher.onInputEvent:51 android.view.InputEventReceiver.dispatchInputEvent:392 
05-01 07:29:46.722  7128  7128 I SemDvfsHyPerManager: acquire hyper - TATouchBoost/7128@30, type = -999
05-01 07:29:46.722  4483  4483 I HoneySpace.GestureInputHandler: inputConsumers = [com.honeyspace.gesture.inputconsumer.InputConsumer$Companion$NO_OP$1@3c5d14e]
05-01 07:29:46.723  7128  7128 I SemDvfsHyPerManager: acquire hyper - TA_TOUCH_SHARE/7128@31, type = -999
05-01 07:29:46.723  4483  4483 I HoneySpace.InputSession: inputConsumers = NO_OP
05-01 07:29:46.723  1684  1724 I HYPER-HAL: [RequestManager.cpp]acquire(): Acquired ID : 25622091  [7128 / 30]    HINT :      list : [TABoost / 1] [TIMEOUT / 1500] 
05-01 07:29:46.723  1684  1724 I HYPER-HAL: [RequestManager.cpp]acquire(): Acquired ID : 25629251  [7128 / 31]    HINT : TA_TOUCH_SHARE    list : [TIMEOUT / 1500] 
05-01 07:29:46.723  4483  4483 I HoneySpace.InputSession: open
05-01 07:29:46.728  2814  3005 I GestureDetector: obtain mCurrentMotionEventRaw. action: 2 id: -770782072
05-01 07:29:46.728  2814  3005 I GestureDetector: obtain mCurrentMotionEventRaw. action: 2 id: -770782072
05-01 07:29:46.728  2814  2814 I SemDvfsHyPerManager: acquire hyper - WM_SCROLL_DETECTED/2814@2, type = -999
05-01 07:29:46.728  8122  8122 I warp-android-host: warp_mobile_android_host::vulkan: present_ok frame=2452 ts=162779202
05-01 07:29:46.729  1684  1724 I HYPER-HAL: [RequestManager.cpp]acquire(): Acquired ID : 3966338  [2814 / 2]    HINT :      list : [CoreNumBigMin / 3] 
05-01 07:29:46.737  8122  8122 I warp-android-host: warp_mobile_android_host::vulkan: present_ok frame=2453 ts=162779211
05-01 07:29:46.745  8122  8122 I warp-android-host: warp_mobile_android_host::vulkan: present_ok frame=2454 ts=162779219
05-01 07:29:46.746  1792  1822 E HeatmapThread: ECT Thread time in milliseconds: 1777591786
05-01 07:29:46.750  1792  1822 D HeatmapThread: !@ batteryplugType : 2
05-01 07:29:46.750  1792  1822 D HeatmapThread: !@ batteryLevel : 100  batteryTemperature : 326 
05-01 07:29:46.750  1792  1822 D HeatmapThread: !@ Heatmap currtime: 29626529
05-01 07:29:46.750  1792  1822 D HeatmapThread: !@ Heatmap prevtime: 29626524
05-01 07:29:46.750  1792  1822 D HeatmapThread: !@ Heatmap plugstarttime: 29625649
05-01 07:29:46.750  1792  1822 D HeatmapThread: !@ Heatmap prevv_dsoh_update_time: 29626512
05-01 07:29:46.751  1792  1822 E HeatmapThread: !@ CAM New BSOH: 100
05-01 07:29:46.751  1792  1822 E HeatmapThread: !@ CAM is Working
05-01 07:29:46.754  8122  8122 I warp-android-host: warp_mobile_android_host::vulkan: present_ok frame=2455 ts=162779228
05-01 07:29:46.762  8122  8122 I warp-android-host: warp_mobile_android_host::vulkan: present_ok frame=2456 ts=162779236
05-01 07:29:46.770  8122  8122 I warp-android-host: warp_mobile_android_host::vulkan: present_ok frame=2457 ts=162779244
05-01 07:29:46.779  8122  8122 I warp-android-host: warp_mobile_android_host::vulkan: present_ok frame=2458 ts=162779253
05-01 07:29:46.788  8122  8122 I warp-android-host: warp_mobile_android_host::vulkan: present_ok frame=2459 ts=162779262
05-01 07:29:46.796  8122  8122 I warp-android-host: warp_mobile_android_host::vulkan: present_ok frame=2460 ts=162779270
05-01 07:29:46.796  1802  2321 I CompositionEngine: [setDisplaySize] size=(434, 42)
05-01 07:29:46.804  8122  8122 I warp-android-host: warp_mobile_android_host::vulkan: present_ok frame=2461 ts=162779278
05-01 07:29:46.812  8122  8122 I warp-android-host: warp_mobile_android_host::vulkan: present_ok frame=2462 ts=162779286
05-01 07:29:46.820  2814  4599 D InputDispatcher: Inject motion (9555/2000): action=0x1, time=162779293000000, f=0x0, d=0 dsdx=1.000000 dtdx=0.000000
05-01 07:29:46.820  2814  5825 W ActivityManager: Unable to start service Intent { act=com.skms.android.agent.remote.SKMSAgentProxyService xflg=0x4 pkg=com.skms.android.agent.remote } U=0: not found
05-01 07:29:46.820  2814  3644 I InputDispatcher: Delivering touch to (8122): action: 0x1, f=0x0, d=0, '6d0f9ad', t=1 
05-01 07:29:46.821  8122  8122 I warp-android-host: warp_mobile_android_host::vulkan: present_ok frame=2463 ts=162779295
05-01 07:29:46.821  8122  8122 I VRI[MainActivity]@afeb858: ViewPostIme pointer 1
05-01 07:29:46.821  4483  4483 I HoneySpace.GestureInputHandler: reset
05-01 07:29:46.821  4483  4483 I HoneySpace.InputSession: close
05-01 07:29:46.822  2814  2814 I SemDvfsHyPerManager: acquire hyper - GESTURE_DETECTED_HRR/2814@29, type = -999
05-01 07:29:46.822  2814  2814 I SemDvfsHyPerManager: acquire hyper - GESTURE_DETECTED_HRR/2814@29, type = -999
05-01 07:29:46.822  2814  2814 I SemDvfsHyPerManager: acquire hyper - SMOOTH_SCROLL/2814@25, type = -999
05-01 07:29:46.823  7128  7128 I SemDvfsHyPerManager: acquire hyper - TATouchBoost/7128@30, type = -999
05-01 07:29:46.823  7128  7128 I SemDvfsHyPerManager: acquire hyper - TA_TOUCH_SHARE/7128@31, type = -999
05-01 07:29:46.824  1684  1724 I HYPER-HAL: [RequestManager.cpp]releaseLocked(): Released ID : 3966338
05-01 07:29:46.824  1684  1724 I HYPER-HAL: [RequestManager.cpp]acquire(): Acquired ID : 4042775  [2814 / 29]    HINT : GESTURE_DETECTED_HRR    list : [TIMEOUT / 2083] 
05-01 07:29:46.825  1684  1724 I HYPER-HAL: [RequestManager.cpp]acquire(): Acquired ID : 4042775  [2814 / 29]    HINT : GESTURE_DETECTED_HRR    list : [TIMEOUT / 2282] 
05-01 07:29:46.825  1684  1724 I HYPER-HAL: [RequestManager.cpp]acquire(): Acquired ID : 25622091  [7128 / 30]    HINT :      list : [TABoost / 1] [TIMEOUT / 1500] 
05-01 07:29:46.825  1684  1724 I HYPER-HAL: [RequestManager.cpp]acquire(): Acquired ID : 25629251  [7128 / 31]    HINT : TA_TOUCH_SHARE    list : [TIMEOUT / 1500] 
05-01 07:29:46.828  8122  8122 I warp-android-host: warp_mobile_android_host::vulkan: present_ok frame=2464 ts=162779302
05-01 07:29:46.836  8122  8122 I warp-android-host: warp_mobile_android_host::vulkan: present_ok frame=2465 ts=162779310
05-01 07:29:46.845  8122  8122 I warp-android-host: warp_mobile_android_host::vulkan: present_ok frame=2466 ts=162779319
05-01 07:29:46.853  8122  8122 I warp-android-host: warp_mobile_android_host::vulkan: present_ok frame=2467 ts=162779327
05-01 07:29:46.861  8122  8122 I warp-android-host: warp_mobile_android_host::vulkan: present_ok frame=2468 ts=162779335
05-01 07:29:46.869  8122  8122 I warp-android-host: warp_mobile_android_host::vulkan: present_ok frame=2469 ts=162779343
05-01 07:29:46.878  8122  8122 I warp-android-host: warp_mobile_android_host::vulkan: present_ok frame=2470 ts=162779351
05-01 07:29:46.886  8122  8122 I warp-android-host: warp_mobile_android_host::vulkan: present_ok frame=2471 ts=162779360
05-01 07:29:46.894  8122  8122 I warp-android-host: warp_mobile_android_host::vulkan: present_ok frame=2472 ts=162779368
05-01 07:29:46.896  1802  2321 I CompositionEngine: [setDisplaySize] size=(434, 42)
05-01 07:29:46.903  8122  8122 I warp-android-host: warp_mobile_android_host::vulkan: present_ok frame=2473 ts=162779376
05-01 07:29:46.911  8122  8122 I warp-android-host: warp_mobile_android_host::vulkan: present_ok frame=2474 ts=162779385
05-01 07:29:46.919  8122  8122 I warp-android-host: warp_mobile_android_host::vulkan: present_ok frame=2475 ts=162779393
05-01 07:29:46.928  8122  8122 I warp-android-host: warp_mobile_android_host::vulkan: present_ok frame=2476 ts=162779402
05-01 07:29:46.929  2814  4599 I ActivityManager: Broadcasting: Intent { act=dev.warp.mobile.TERM_SET_SCROLL_OFFSET flg=0x400000 pkg=dev.warp.mobile (has extras) }
05-01 07:29:46.930  2814  4599 I ActivityManager: Enqueued broadcast Intent { act=dev.warp.mobile.TERM_SET_SCROLL_OFFSET flg=0x400000 pkg=dev.warp.mobile (has extras) }: 0
05-01 07:29:46.932  8122  8122 D warp-android-host: android_logger: android_logger: log::set_logger failed: attempted to set a logger after the logging system was already initialized
05-01 07:29:46.932  8122  8122 I warp-android-host: warp_mobile_android_host: terminal_set_scroll_offset offset=0 actual=0
05-01 07:29:46.932  8122  8122 I WarpTerminal: TERM_SET_SCROLL_OFFSET offset=0 info=scrollback_len=1000,scrollback_max=1000,scroll_offset=0
05-01 07:29:46.932  2814  3004 I ActivityManager: Broadcast completed: result=0
05-01 07:29:46.937  8122  8122 I warp-android-host: warp_mobile_android_host::vulkan: dynamic_grid_fast_path_ok dt_ms=2 instances=667 fast_path_updates=8 full_reinits=1
05-01 07:29:46.938  8122  8122 I warp-android-host: warp_mobile_android_host::vulkan: present_ok frame=2477 ts=162779412
05-01 07:29:46.939  8122  8122 I warp-android-host: warp_mobile_android_host: terminal_push_frame_dynamic ok=true cells=1920 rows=24 cols=80
05-01 07:29:46.944  8122  8122 I warp-android-host: warp_mobile_android_host::vulkan: present_ok frame=2478 ts=162779418
05-01 07:29:46.953  8122  8122 I warp-android-host: warp_mobile_android_host::vulkan: present_ok frame=2479 ts=162779427
05-01 07:29:46.961  8122  8122 I warp-android-host: warp_mobile_android_host::vulkan: present_ok frame=2480 ts=162779435
05-01 07:29:46.970  8122  8122 I warp-android-host: warp_mobile_android_host::vulkan: present_ok frame=2481 ts=162779443
05-01 07:29:46.978  8122  8122 I warp-android-host: warp_mobile_android_host::vulkan: present_ok frame=2482 ts=162779452
05-01 07:29:46.987  8122  8122 I warp-android-host: warp_mobile_android_host::vulkan: present_ok frame=2483 ts=162779460
05-01 07:29:46.995  8122  8122 I warp-android-host: warp_mobile_android_host::vulkan: present_ok frame=2484 ts=162779469
05-01 07:29:46.997  1802  2321 I CompositionEngine: [setDisplaySize] size=(434, 42)
05-01 07:29:47.004  8122  8122 I warp-android-host: warp_mobile_android_host::vulkan: present_ok frame=2485 ts=162779477
05-01 07:29:47.012  8122  8122 I warp-android-host: warp_mobile_android_host::vulkan: present_ok frame=2486 ts=162779485
05-01 07:29:47.020  8122  8122 I warp-android-host: warp_mobile_android_host::vulkan: present_ok frame=2487 ts=162779494
05-01 07:29:47.028  8122  8122 I warp-android-host: warp_mobile_android_host::vulkan: present_ok frame=2488 ts=162779502
05-01 07:29:47.036  8122  8122 I warp-android-host: warp_mobile_android_host::vulkan: present_ok frame=2489 ts=162779510
05-01 07:29:47.045  8122  8122 I warp-android-host: warp_mobile_android_host::vulkan: present_ok frame=2490 ts=162779519
05-01 07:29:47.053  8122  8122 I warp-android-host: warp_mobile_android_host::vulkan: present_ok frame=2491 ts=162779527
05-01 07:29:47.061  8122  8122 I warp-android-host: warp_mobile_android_host::vulkan: present_ok frame=2492 ts=162779535
05-01 07:29:47.070  8122  8122 I warp-android-host: warp_mobile_android_host::vulkan: present_ok frame=2493 ts=162779543
05-01 07:29:47.078  8122  8122 I warp-android-host: warp_mobile_android_host::vulkan: present_ok frame=2494 ts=162779552
05-01 07:29:47.086  8122  8122 I warp-android-host: warp_mobile_android_host::vulkan: present_ok frame=2495 ts=162779560
05-01 07:29:47.095  8122  8122 I warp-android-host: warp_mobile_android_host::vulkan: present_ok frame=2496 ts=162779569
05-01 07:29:47.098  1802  2321 I CompositionEngine: [setDisplaySize] size=(434, 42)
05-01 07:29:47.104  8122  8122 I warp-android-host: warp_mobile_android_host::vulkan: present_ok frame=2497 ts=162779578
05-01 07:29:47.111  8122  8122 I warp-android-host: warp_mobile_android_host::vulkan: present_ok frame=2498 ts=162779585
05-01 07:29:47.119  8122  8122 I warp-android-host: warp_mobile_android_host::vulkan: present_ok frame=2499 ts=162779593
05-01 07:29:47.128  8122  8122 I warp-android-host: warp_mobile_android_host::vulkan: present_ok frame=2500 ts=162779601
05-01 07:29:47.136  8122  8122 I warp-android-host: warp_mobile_android_host::vulkan: present_ok frame=2501 ts=162779610
05-01 07:29:47.144  8122  8122 I warp-android-host: warp_mobile_android_host::vulkan: present_ok frame=2502 ts=162779618
05-01 07:29:47.153  8122  8122 I warp-android-host: warp_mobile_android_host::vulkan: present_ok frame=2503 ts=162779626
05-01 07:29:47.161  8122  8122 I warp-android-host: warp_mobile_android_host::vulkan: present_ok frame=2504 ts=162779635
05-01 07:29:47.170  8122  8122 I warp-android-host: warp_mobile_android_host::vulkan: present_ok frame=2505 ts=162779644
05-01 07:29:47.177  8122  8122 I warp-android-host: warp_mobile_android_host::vulkan: present_ok frame=2506 ts=162779651
05-01 07:29:47.179  2814  4599 D InputDispatcher: Inject motion (9640/2000): action=0x0, time=162779653000000, f=0x0, d=0 dsdx=1.000000 dtdx=0.000000
05-01 07:29:47.180  2814  3595 I ActivityManager: Changes in 10255 17 to 17, 128 to 0
05-01 07:29:47.180  2814  3644 I InputDispatcher: Delivering touch to (3998): action: 0x4, f=0x0, d=0, 'c5a7fd5', t=1 
05-01 07:29:47.180  2814  3644 I InputDispatcher: Delivering touch to (8122): action: 0x0, f=0x0, d=0, '6d0f9ad', t=1 
05-01 07:29:47.181  8122  8122 I VRI[MainActivity]@afeb858: ViewPostIme pointer 0
05-01 07:29:47.181  8122  8122 I WarpIme : touch_down x=540.0 y=1500.0
05-01 07:29:47.181  8122  8122 D warp-android-host: android_logger: android_logger: log::set_logger failed: attempted to set a logger after the logging system was already initialized
05-01 07:29:47.181  8122  8122 I warp-android-host: warp_mobile_android_host::input: input_event kind=touch_down x=540.0 y=1500.0 vx=0.0 vy=0.0 events_total=27
05-01 07:29:47.181 11155 11155 I Finsky:quick_launch: [2] Memory trim requested to level 40
05-01 07:29:47.181  8122  8122 I GestureDetector: obtain mCurrentDownEvent. id: -772444836 caller: dev.warp.mobile.WarpInputView.onTouchEvent:375 android.view.View.performOnTouchCallback:17234 android.view.View.dispatchTouchEvent:17187 
05-01 07:29:47.181   504   504 I Finsky:background: [2] Memory trim requested to level 40
05-01 07:29:47.182  4483  4483 I HoneySpace.GestureInputHandler: inputConsumers = [com.honeyspace.gesture.inputconsumer.InputConsumer$Companion$NO_OP$1@3c5d14e]
05-01 07:29:47.182  4483  4483 I HoneySpace.InputSession: inputConsumers = NO_OP
05-01 07:29:47.182  4483  4483 I HoneySpace.InputSession: open
05-01 07:29:47.182  7128  7128 I SemDvfsHyPerManager: acquire hyper - TATouchBoost/7128@30, type = -999
05-01 07:29:47.183  7128  7128 I SemDvfsHyPerManager: acquire hyper - TA_TOUCH_SHARE/7128@31, type = -999
05-01 07:29:47.183  1684  1724 I HYPER-HAL: [RequestManager.cpp]acquire(): Acquired ID : 25622091  [7128 / 30]    HINT :      list : [TABoost / 1] [TIMEOUT / 1500] 
05-01 07:29:47.184 19270 19270 I Finsky  : [2] Memory trim requested to level 40
05-01 07:29:47.185 19270 19270 I Finsky  : [2] Flushing in-memory image cache
05-01 07:29:47.185  1684  1724 I HYPER-HAL: [RequestManager.cpp]acquire(): Acquired ID : 25629251  [7128 / 31]    HINT : TA_TOUCH_SHARE    list : [TIMEOUT / 1500] 
05-01 07:29:47.186  8122  8122 I warp-android-host: warp_mobile_android_host::vulkan: present_ok frame=2507 ts=162779659
05-01 07:29:47.186  2814  3595 I ActivityManager: Changes in 10139 19 to 19, 128 to 0
05-01 07:29:47.187  2814  3005 I GestureDetector: obtain mCurrentDownEvent. id: -772444836 caller: com.android.server.wm.SystemGesturesPointerEventListener.onPointerEvent:17 com.android.server.wm.PointerEventDispatcher.onInputEvent:51 android.view.InputEventReceiver.dispatchInputEvent:392 
05-01 07:29:47.187  2814  3005 I GestureDetector: obtain mCurrentDownEvent. id: -772444836 caller: com.android.server.wm.SystemPerformancePointerEventListener.onPointerEvent:13 com.android.server.wm.PointerEventDispatcher.onInputEvent:51 android.view.InputEventReceiver.dispatchInputEvent:392 
05-01 07:29:47.188  2814  3005 I GestureDetector: obtain mCurrentMotionEventRaw. action: 2 id: -429488025
05-01 07:29:47.189  2814  3005 I GestureDetector: obtain mCurrentMotionEventRaw. action: 2 id: -429488025
05-01 07:29:47.191  2814  2814 I SemDvfsHyPerManager: acquire hyper - WM_SCROLL_DETECTED/2814@2, type = -999
05-01 07:29:47.191  1684  1724 I HYPER-HAL: [RequestManager.cpp]acquire(): Acquired ID : 3966338  [2814 / 2]    HINT :      list : [CoreNumBigMin / 3] 
05-01 07:29:47.193  8122  8122 I GestureDetector: obtain mCurrentMotionEventRaw. action: 2 id: -429488025
05-01 07:29:47.193  8122  8122 D WarpIme : gesture_scroll x=540.0 y=1393.6299 dx=0.0 dy=106.37012 vx=0.0 vy=-13000.004
05-01 07:29:47.194  8122  8122 D warp-android-host: android_logger: android_logger: log::set_logger failed: attempted to set a logger after the logging system was already initialized
05-01 07:29:47.194  8122  8122 I warp-android-host: warp_mobile_android_host::input: input_event kind=scroll x=540.0 y=1393.6 vx=0.0 vy=-13000.0 events_total=28
05-01 07:29:47.196  8122  8122 I warp-android-host: warp_mobile_android_host::vulkan: present_ok frame=2508 ts=162779670
05-01 07:29:47.201  8122  8122 D WarpIme : gesture_scroll x=540.0 y=1285.456 dx=0.0 dy=108.17383 vx=-0.08731155 vy=-13000.352
05-01 07:29:47.201  8122  8122 D warp-android-host: android_logger: android_logger: log::set_logger failed: attempted to set a logger after the logging system was already initialized
05-01 07:29:47.202  8122  8122 I warp-android-host: warp_mobile_android_host::input: input_event kind=scroll x=540.0 y=1285.5 vx=-0.1 vy=-13000.4 events_total=29
05-01 07:29:47.203  1802  2321 I CompositionEngine: [setDisplaySize] size=(434, 42)
05-01 07:29:47.204  8122  8122 I warp-android-host: warp_mobile_android_host::vulkan: present_ok frame=2509 ts=162779677
05-01 07:29:47.210  8122  8122 D WarpIme : gesture_scroll x=540.0 y=1170.7812 dx=0.0 dy=114.674805 vx=0.0 vy=-13000.171
05-01 07:29:47.210  8122  8122 D warp-android-host: android_logger: android_logger: log::set_logger failed: attempted to set a logger after the logging system was already initialized
05-01 07:29:47.210  8122  8122 I warp-android-host: warp_mobile_android_host::input: input_event kind=scroll x=540.0 y=1170.8 vx=0.0 vy=-13000.2 events_total=30
05-01 07:29:47.212  8122  8122 I warp-android-host: warp_mobile_android_host::vulkan: present_ok frame=2510 ts=162779686
05-01 07:29:47.218  8122  8122 D WarpIme : gesture_scroll x=540.0 y=1069.1074 dx=0.0 dy=101.67383 vx=0.0 vy=-12999.632
05-01 07:29:47.218  8122  8122 D warp-android-host: android_logger: android_logger: log::set_logger failed: attempted to set a logger after the logging system was already initialized
05-01 07:29:47.218  8122  8122 I warp-android-host: warp_mobile_android_host::input: input_event kind=scroll x=540.0 y=1069.1 vx=0.0 vy=-12999.6 events_total=31
05-01 07:29:47.220  8122  8122 I warp-android-host: warp_mobile_android_host::vulkan: present_ok frame=2511 ts=162779694
05-01 07:29:47.226  8122  8122 D WarpIme : gesture_scroll x=540.0 y=960.93555 dx=0.0 dy=108.171875 vx=0.0 vy=-12999.913
05-01 07:29:47.227  8122  8122 D warp-android-host: android_logger: android_logger: log::set_logger failed: attempted to set a logger after the logging system was already initialized
05-01 07:29:47.227  8122  8122 I warp-android-host: warp_mobile_android_host::input: input_event kind=scroll x=540.0 y=960.9 vx=0.0 vy=-12999.9 events_total=32
05-01 07:29:47.229  8122  8122 I warp-android-host: warp_mobile_android_host::vulkan: present_ok frame=2512 ts=162779703
05-01 07:29:47.237  8122  8122 I warp-android-host: warp_mobile_android_host::vulkan: present_ok frame=2513 ts=162779711
05-01 07:29:47.243  8122  8122 D WarpIme : gesture_scroll x=540.0 y=772.0 dx=0.0 dy=188.93555 vx=-0.1330993 vy=-13000.076
05-01 07:29:47.244  8122  8122 D warp-android-host: android_logger: android_logger: log::set_logger failed: attempted to set a logger after the logging system was already initialized
05-01 07:29:47.244  8122  8122 I warp-android-host: warp_mobile_android_host::input: input_event kind=scroll x=540.0 y=772.0 vx=-0.1 vy=-13000.1 events_total=33
05-01 07:29:47.246  8122  8122 I warp-android-host: warp_mobile_android_host::vulkan: present_ok frame=2514 ts=162779720
05-01 07:29:47.252  8122  8122 D WarpIme : gesture_scroll x=540.0 y=636.4238 dx=0.0 dy=135.57617 vx=-0.031592827 vy=-13000.154
05-01 07:29:47.252  8122  8122 D warp-android-host: android_logger: android_logger: log::set_logger failed: attempted to set a logger after the logging system was already initialized
05-01 07:29:47.252  8122  8122 I warp-android-host: warp_mobile_android_host::input: input_event kind=scroll x=540.0 y=636.4 vx=-0.0 vy=-13000.2 events_total=34
05-01 07:29:47.255  8122  8122 I warp-android-host: warp_mobile_android_host::vulkan: present_ok frame=2515 ts=162779729
05-01 07:29:47.260  8122  8122 D WarpIme : gesture_scroll x=540.0 y=528.2549 dx=0.0 dy=108.168945 vx=-0.108864695 vy=-12999.931
05-01 07:29:47.260  8122  8122 D warp-android-host: android_logger: android_logger: log::set_logger failed: attempted to set a logger after the logging system was already initialized
05-01 07:29:47.260  8122  8122 I warp-android-host: warp_mobile_android_host::input: input_event kind=scroll x=540.0 y=528.3 vx=-0.1 vy=-12999.9 events_total=35
05-01 07:29:47.262  8122  8122 I warp-android-host: warp_mobile_android_host::vulkan: present_ok frame=2516 ts=162779736
05-01 07:29:47.268  8122  8122 D WarpIme : gesture_scroll x=540.0 y=420.08496 dx=0.0 dy=108.16992 vx=0.008381974 vy=-12999.898
05-01 07:29:47.268  8122  8122 D warp-android-host: android_logger: android_logger: log::set_logger failed: attempted to set a logger after the logging system was already initialized
05-01 07:29:47.268  8122  8122 I warp-android-host: warp_mobile_android_host::input: input_event kind=scroll x=540.0 y=420.1 vx=0.0 vy=-12999.9 events_total=36
05-01 07:29:47.271  8122  8122 I warp-android-host: warp_mobile_android_host::vulkan: present_ok frame=2517 ts=162779745
05-01 07:29:47.276  8122  8122 D WarpIme : gesture_scroll x=540.0 y=311.917 dx=0.0 dy=108.16797 vx=0.016866868 vy=-13000.152
05-01 07:29:47.277  8122  8122 D warp-android-host: android_logger: android_logger: log::set_logger failed: attempted to set a logger after the logging system was already initialized
05-01 07:29:47.277  8122  8122 I warp-android-host: warp_mobile_android_host::input: input_event kind=scroll x=540.0 y=311.9 vx=0.0 vy=-13000.2 events_total=37
05-01 07:29:47.279  8122  8122 I warp-android-host: warp_mobile_android_host::vulkan: present_ok frame=2518 ts=162779753
05-01 07:29:47.285  8122  8122 D WarpIme : gesture_scroll x=540.0 y=203.74805 dx=0.0 dy=108.168945 vx=-0.007383917 vy=-12999.932
05-01 07:29:47.285  8122  8122 D warp-android-host: android_logger: android_logger: log::set_logger failed: attempted to set a logger after the logging system was already initialized
05-01 07:29:47.285  8122  8122 I warp-android-host: warp_mobile_android_host::input: input_event kind=scroll x=540.0 y=203.7 vx=-0.0 vy=-12999.9 events_total=38
05-01 07:29:47.286  2814  4599 D InputDispatcher: Inject motion (9640/2000): action=0x1, time=162779759000000, f=0x0, d=0 dsdx=1.000000 dtdx=0.000000
05-01 07:29:47.287  2814  3644 I InputDispatcher: Delivering touch to (8122): action: 0x1, f=0x0, d=0, '6d0f9ad', t=1 
05-01 07:29:47.288  8122  8122 I warp-android-host: warp_mobile_android_host::vulkan: present_ok frame=2519 ts=162779761
05-01 07:29:47.288  8122  8122 I VRI[MainActivity]@afeb858: ViewPostIme pointer 1
05-01 07:29:47.288  8122  8122 I WarpIme : touch_up x=540.0 y=200.0
05-01 07:29:47.288  8122  8122 D warp-android-host: android_logger: android_logger: log::set_logger failed: attempted to set a logger after the logging system was already initialized
05-01 07:29:47.288  8122  8122 I warp-android-host: warp_mobile_android_host::input: input_event kind=touch_up x=540.0 y=200.0 vx=0.0 vy=0.0 events_total=39
05-01 07:29:47.288  8122  8122 I WarpIme : gesture_fling vx=-0.007383917 vy=-12999.932
05-01 07:29:47.289  4483  4483 I HoneySpace.GestureInputHandler: reset
05-01 07:29:47.289  4483  4483 I HoneySpace.InputSession: close
05-01 07:29:47.289  2814  2814 I SemDvfsHyPerManager: acquire hyper - GESTURE_DETECTED_HRR/2814@29, type = -999
05-01 07:29:47.289  2814  2814 I SemDvfsHyPerManager: acquire hyper - SMOOTH_SCROLL/2814@25, type = -999
05-01 07:29:47.289  2814  2814 I SemDvfsHyPerManager: acquire hyper - GESTURE_DETECTED_HRR/2814@29, type = -999
05-01 07:29:47.290  7128  7128 I SemDvfsHyPerManager: acquire hyper - TATouchBoost/7128@30, type = -999
05-01 07:29:47.291  7128  7128 I SemDvfsHyPerManager: acquire hyper - TA_TOUCH_SHARE/7128@31, type = -999
05-01 07:29:47.291  1684  1724 I HYPER-HAL: [RequestManager.cpp]releaseLocked(): Released ID : 3966338
05-01 07:29:47.292  1684  1724 I HYPER-HAL: [RequestManager.cpp]acquire(): Acquired ID : 4042775  [2814 / 29]    HINT : GESTURE_DETECTED_HRR    list : [TIMEOUT / 2083] 
05-01 07:29:47.292  1684  1724 I HYPER-HAL: [RequestManager.cpp]acquire(): Acquired ID : 4042775  [2814 / 29]    HINT : GESTURE_DETECTED_HRR    list : [TIMEOUT / 2282] 
05-01 07:29:47.292  1684  1724 I HYPER-HAL: [RequestManager.cpp]acquire(): Acquired ID : 25622091  [7128 / 30]    HINT :      list : [TABoost / 1] [TIMEOUT / 1500] 
05-01 07:29:47.292  1684  1724 I HYPER-HAL: [RequestManager.cpp]acquire(): Acquired ID : 25629251  [7128 / 31]    HINT : TA_TOUCH_SHARE    list : [TIMEOUT / 1500] 
05-01 07:29:47.295  8122  8122 I warp-android-host: warp_mobile_android_host::vulkan: present_ok frame=2520 ts=162779768
05-01 07:29:47.303  8122  8122 I warp-android-host: warp_mobile_android_host::vulkan: present_ok frame=2521 ts=162779776
05-01 07:29:47.304  1802  2321 I CompositionEngine: [setDisplaySize] size=(434, 42)
05-01 07:29:47.311  8122  8122 I warp-android-host: warp_mobile_android_host::vulkan: present_ok frame=2522 ts=162779785
05-01 07:29:47.319  8122  8122 I warp-android-host: warp_mobile_android_host::vulkan: present_ok frame=2523 ts=162779793
05-01 07:29:47.328  8122  8122 I warp-android-host: warp_mobile_android_host::vulkan: present_ok frame=2524 ts=162779801
05-01 07:29:47.336  8122  8122 I warp-android-host: warp_mobile_android_host::vulkan: present_ok frame=2525 ts=162779810
05-01 07:29:47.344  8122  8122 I warp-android-host: warp_mobile_android_host::vulkan: present_ok frame=2526 ts=162779818
05-01 07:29:47.353  8122  8122 I warp-android-host: warp_mobile_android_host::vulkan: present_ok frame=2527 ts=162779826
05-01 07:29:47.361  8122  8122 I warp-android-host: warp_mobile_android_host::vulkan: present_ok frame=2528 ts=162779835
05-01 07:29:47.369  8122  8122 I warp-android-host: warp_mobile_android_host::vulkan: present_ok frame=2529 ts=162779843
05-01 07:29:47.377  8122  8122 I warp-android-host: warp_mobile_android_host::vulkan: present_ok frame=2530 ts=162779851
05-01 07:29:47.386  8122  8122 I warp-android-host: warp_mobile_android_host::vulkan: present_ok frame=2531 ts=162779859
05-01 07:29:47.394  8122  8122 I warp-android-host: warp_mobile_android_host::vulkan: present_ok frame=2532 ts=162779867
05-01 07:29:47.402  8122  8122 I warp-android-host: warp_mobile_android_host::vulkan: present_ok frame=2533 ts=162779876
05-01 07:29:47.404  1802  2321 I CompositionEngine: [setDisplaySize] size=(434, 42)
05-01 07:29:47.411  8122  8122 I warp-android-host: warp_mobile_android_host::vulkan: present_ok frame=2534 ts=162779885
05-01 07:29:47.418  2814  4599 I ActivityManager: Broadcasting: Intent { act=dev.warp.mobile.TERM_SET_SCROLL_OFFSET flg=0x400000 pkg=dev.warp.mobile (has extras) }
05-01 07:29:47.418  8122  8122 I warp-android-host: warp_mobile_android_host::vulkan: present_ok frame=2535 ts=162779892
05-01 07:29:47.420  2814  4599 I ActivityManager: Enqueued broadcast Intent { act=dev.warp.mobile.TERM_SET_SCROLL_OFFSET flg=0x400000 pkg=dev.warp.mobile (has extras) }: 0
05-01 07:29:47.421  8122  8122 D warp-android-host: android_logger: android_logger: log::set_logger failed: attempted to set a logger after the logging system was already initialized
05-01 07:29:47.422  8122  8122 I warp-android-host: warp_mobile_android_host: terminal_set_scroll_offset offset=5 actual=5
05-01 07:29:47.422  8122  8122 I WarpTerminal: TERM_SET_SCROLL_OFFSET offset=5 info=scrollback_len=1000,scrollback_max=1000,scroll_offset=5
05-01 07:29:47.423  2814  3004 I ActivityManager: Broadcast completed: result=0
05-01 07:29:47.429  8122  8122 I warp-android-host: warp_mobile_android_host::vulkan: dynamic_grid_fast_path_ok dt_ms=3 instances=696 fast_path_updates=9 full_reinits=1
05-01 07:29:47.431  8122  8122 I warp-android-host: warp_mobile_android_host::vulkan: present_ok frame=2536 ts=162779905
05-01 07:29:47.432  8122  8122 I warp-android-host: warp_mobile_android_host: terminal_push_frame_dynamic ok=true cells=1920 rows=24 cols=80
05-01 07:29:47.435  8122  8122 I warp-android-host: warp_mobile_android_host::vulkan: present_ok frame=2537 ts=162779909
05-01 07:29:47.444  8122  8122 I warp-android-host: warp_mobile_android_host::vulkan: present_ok frame=2538 ts=162779918
05-01 07:29:47.453  8122  8122 I warp-android-host: warp_mobile_android_host::vulkan: present_ok frame=2539 ts=162779926
05-01 07:29:47.461  8122  8122 I warp-android-host: warp_mobile_android_host::vulkan: present_ok frame=2540 ts=162779935
05-01 07:29:47.469  8122  8122 I warp-android-host: warp_mobile_android_host::vulkan: present_ok frame=2541 ts=162779942
05-01 07:29:47.475  2814  3018 E Watchdog: !@Sync: 5422 heap(MB): 247 / 268 FD: 1756 [2026-05-01 07:29:47.475]
05-01 07:29:47.477  8122  8122 I warp-android-host: warp_mobile_android_host::vulkan: present_ok frame=2542 ts=162779950
05-01 07:29:47.486  8122  8122 I warp-android-host: warp_mobile_android_host::vulkan: present_ok frame=2543 ts=162779959
05-01 07:29:47.494  8122  8122 I warp-android-host: warp_mobile_android_host::vulkan: present_ok frame=2544 ts=162779968
05-01 07:29:47.503  8122  8122 I warp-android-host: warp_mobile_android_host::vulkan: present_ok frame=2545 ts=162779976
05-01 07:29:47.506  1802  2321 I CompositionEngine: [setDisplaySize] size=(434, 42)
05-01 07:29:47.511  8122  8122 I warp-android-host: warp_mobile_android_host::vulkan: present_ok frame=2546 ts=162779985
05-01 07:29:47.520  8122  8122 I warp-android-host: warp_mobile_android_host::vulkan: present_ok frame=2547 ts=162779994
05-01 07:29:47.521  3937  3937 I wpa_supplicant: Heartbeat 22151
05-01 07:29:47.528  8122  8122 I warp-android-host: warp_mobile_android_host::vulkan: present_ok frame=2548 ts=162780002
05-01 07:29:47.536  8122  8122 I warp-android-host: warp_mobile_android_host::vulkan: present_ok frame=2549 ts=162780010
05-01 07:29:47.544  8122  8122 I warp-android-host: warp_mobile_android_host::vulkan: present_ok frame=2550 ts=162780018
05-01 07:29:47.547  1186  1186 D io_stats: !@   8,0 r 24940280 368849096 w 13713206 210344612 d 1113451 381165476 f 498377 1532126 iot 5393932 0 th 0 0 0 pt 0 inp 0 0 162780.020
05-01 07:29:47.553  8122  8122 I warp-android-host: warp_mobile_android_host::vulkan: present_ok frame=2551 ts=162780026
05-01 07:29:47.561  8122  8122 I warp-android-host: warp_mobile_android_host::vulkan: present_ok frame=2552 ts=162780034
05-01 07:29:47.569  8122  8122 I warp-android-host: warp_mobile_android_host::vulkan: present_ok frame=2553 ts=162780043
05-01 07:29:47.578  8122  8122 I warp-android-host: warp_mobile_android_host::vulkan: present_ok frame=2554 ts=162780052
05-01 07:29:47.586  8122  8122 I warp-android-host: warp_mobile_android_host::vulkan: present_ok frame=2555 ts=162780060
05-01 07:29:47.594  8122  8122 I warp-android-host: warp_mobile_android_host::vulkan: present_ok frame=2556 ts=162780068
05-01 07:29:47.602  8122  8122 I warp-android-host: warp_mobile_android_host::vulkan: present_ok frame=2557 ts=162780076
05-01 07:29:47.611  8122  8122 I warp-android-host: warp_mobile_android_host::vulkan: present_ok frame=2558 ts=162780085
05-01 07:29:47.612  1802  2321 I CompositionEngine: [setDisplaySize] size=(434, 42)
05-01 07:29:47.619  8122  8122 I warp-android-host: warp_mobile_android_host::vulkan: present_ok frame=2559 ts=162780093
05-01 07:29:47.627  8122  8122 I warp-android-host: warp_mobile_android_host::vulkan: present_ok frame=2560 ts=162780101
05-01 07:29:47.635  8122  8122 I warp-android-host: warp_mobile_android_host::vulkan: present_ok frame=2561 ts=162780109
05-01 07:29:47.643  8122  8122 I warp-android-host: warp_mobile_android_host::vulkan: present_ok frame=2562 ts=162780117
05-01 07:29:47.652  8122  8122 I warp-android-host: warp_mobile_android_host::vulkan: present_ok frame=2563 ts=162780126
05-01 07:29:47.660  8122  8122 I warp-android-host: warp_mobile_android_host::vulkan: present_ok frame=2564 ts=162780134
05-01 07:29:47.666  2814  4599 D InputDispatcher: Inject motion (9661/2000): action=0x0, time=162780140000000, f=0x0, d=0 dsdx=1.000000 dtdx=0.000000
05-01 07:29:47.668  2814  3644 I InputDispatcher: Delivering touch to (3998): action: 0x4, f=0x0, d=0, 'c5a7fd5', t=1 
05-01 07:29:47.668  2814  3644 I InputDispatcher: Delivering touch to (8122): action: 0x0, f=0x0, d=0, '6d0f9ad', t=1 
05-01 07:29:47.668  8122  8122 I warp-android-host: warp_mobile_android_host::vulkan: present_ok frame=2565 ts=162780142
05-01 07:29:47.669  2814  3644 D PowerManagerService: [api] userActivityFromNative : touch displayId=0 eventTime=162780140
05-01 07:29:47.669  8122  8122 I VRI[MainActivity]@afeb858: ViewPostIme pointer 0
05-01 07:29:47.670  4483  4483 I HoneySpace.GestureInputHandler: inputConsumers = [com.honeyspace.gesture.inputconsumer.InputConsumer$Companion$NO_OP$1@3c5d14e]
05-01 07:29:47.671  4483  4483 I HoneySpace.InputSession: inputConsumers = NO_OP
05-01 07:29:47.671  2814  3005 I GestureDetector: obtain mCurrentDownEvent. id: -1040929851 caller: com.android.server.wm.SystemGesturesPointerEventListener.onPointerEvent:17 com.android.server.wm.PointerEventDispatcher.onInputEvent:51 android.view.InputEventReceiver.dispatchInputEvent:392 
05-01 07:29:47.671  2814  3005 I GestureDetector: obtain mCurrentDownEvent. id: -1040929851 caller: com.android.server.wm.SystemPerformancePointerEventListener.onPointerEvent:13 com.android.server.wm.PointerEventDispatcher.onInputEvent:51 android.view.InputEventReceiver.dispatchInputEvent:392 
05-01 07:29:47.671  4483  4483 I HoneySpace.InputSession: open
05-01 07:29:47.673  7128  7128 I SemDvfsHyPerManager: acquire hyper - TATouchBoost/7128@30, type = -999
05-01 07:29:47.673  7128  7128 I SemDvfsHyPerManager: acquire hyper - TA_TOUCH_SHARE/7128@31, type = -999
05-01 07:29:47.673  1684  1724 I HYPER-HAL: [RequestManager.cpp]acquire(): Acquired ID : 25622091  [7128 / 30]    HINT :      list : [TABoost / 1] [TIMEOUT / 1500] 
05-01 07:29:47.673  1684  1724 I HYPER-HAL: [RequestManager.cpp]acquire(): Acquired ID : 25629251  [7128 / 31]    HINT : TA_TOUCH_SHARE    list : [TIMEOUT / 1500] 
05-01 07:29:47.675  2814  3005 I GestureDetector: obtain mCurrentMotionEventRaw. action: 2 id: -913939944
05-01 07:29:47.676  2814  3005 I GestureDetector: obtain mCurrentMotionEventRaw. action: 2 id: -913939944
05-01 07:29:47.677  2814  2814 I SemDvfsHyPerManager: acquire hyper - WM_SCROLL_DETECTED/2814@2, type = -999
05-01 07:29:47.677  8122  8122 I warp-android-host: warp_mobile_android_host::vulkan: present_ok frame=2566 ts=162780150
05-01 07:29:47.677  1684  1724 I HYPER-HAL: [RequestManager.cpp]acquire(): Acquired ID : 3966338  [2814 / 2]    HINT :      list : [CoreNumBigMin / 3] 
05-01 07:29:47.686  8122  8122 I warp-android-host: warp_mobile_android_host::vulkan: present_ok frame=2567 ts=162780160
05-01 07:29:47.695  8122  8122 I warp-android-host: warp_mobile_android_host::vulkan: present_ok frame=2568 ts=162780169
05-01 07:29:47.703  8122  8122 I warp-android-host: warp_mobile_android_host::vulkan: present_ok frame=2569 ts=162780176
05-01 07:29:47.711  8122  8122 I warp-android-host: warp_mobile_android_host::vulkan: present_ok frame=2570 ts=162780185
05-01 07:29:47.713  1802  2321 I CompositionEngine: [setDisplaySize] size=(434, 42)
05-01 07:29:47.720  8122  8122 I warp-android-host: warp_mobile_android_host::vulkan: present_ok frame=2571 ts=162780194
05-01 07:29:47.728  8122  8122 I warp-android-host: warp_mobile_android_host::vulkan: present_ok frame=2572 ts=162780202
05-01 07:29:47.736  8122  8122 I warp-android-host: warp_mobile_android_host::vulkan: present_ok frame=2573 ts=162780210
05-01 07:29:47.745  8122  8122 I warp-android-host: warp_mobile_android_host::vulkan: present_ok frame=2574 ts=162780219
05-01 07:29:47.746  1792  1822 E HeatmapThread: ECT Thread time in milliseconds: 1777591787
05-01 07:29:47.749  1792  1822 D HeatmapThread: !@ batteryplugType : 2
05-01 07:29:47.749  1792  1822 D HeatmapThread: !@ batteryLevel : 100  batteryTemperature : 326 
05-01 07:29:47.749  1792  1822 D HeatmapThread: !@ Heatmap currtime: 29626529
05-01 07:29:47.749  1792  1822 D HeatmapThread: !@ Heatmap prevtime: 29626524
05-01 07:29:47.749  1792  1822 D HeatmapThread: !@ Heatmap plugstarttime: 29625649
05-01 07:29:47.749  1792  1822 D HeatmapThread: !@ Heatmap prevv_dsoh_update_time: 29626512
05-01 07:29:47.749  1792  1822 E HeatmapThread: !@ CAM New BSOH: 100
05-01 07:29:47.749  1792  1822 E HeatmapThread: !@ CAM is Working
05-01 07:29:47.753  8122  8122 I warp-android-host: warp_mobile_android_host::vulkan: present_ok frame=2575 ts=162780227
