--------- beginning of main
05-01 07:29:45.155  8122  8122 I warp-android-host: warp_mobile_android_host::vulkan: present_ok frame=2263 ts=162777629
05-01 07:29:45.165  8122  8122 I warp-android-host: warp_mobile_android_host::vulkan: present_ok frame=2264 ts=162777638
05-01 07:29:45.167  1802  2321 I CompositionEngine: [setDisplaySize] size=(434, 42)
05-01 07:29:45.173  8122  8122 I warp-android-host: warp_mobile_android_host::vulkan: present_ok frame=2265 ts=162777647
05-01 07:29:45.180  8122  8122 I warp-android-host: warp_mobile_android_host::vulkan: present_ok frame=2266 ts=162777654
05-01 07:29:45.189  8122  8122 I warp-android-host: warp_mobile_android_host::vulkan: present_ok frame=2267 ts=162777663
05-01 07:29:45.197  8122  8122 I warp-android-host: warp_mobile_android_host::vulkan: present_ok frame=2268 ts=162777671
05-01 07:29:45.205  8122  8122 I warp-android-host: warp_mobile_android_host::vulkan: present_ok frame=2269 ts=162777679
05-01 07:29:45.214  8122  8122 I warp-android-host: warp_mobile_android_host::vulkan: present_ok frame=2270 ts=162777688
05-01 07:29:45.223  8122  8122 I warp-android-host: warp_mobile_android_host::vulkan: present_ok frame=2271 ts=162777696
05-01 07:29:45.231  8122  8122 I warp-android-host: warp_mobile_android_host::vulkan: present_ok frame=2272 ts=162777705
05-01 07:29:45.239  8122  8122 I warp-android-host: warp_mobile_android_host::vulkan: present_ok frame=2273 ts=162777713
05-01 07:29:45.248  8122  8122 I warp-android-host: warp_mobile_android_host::vulkan: present_ok frame=2274 ts=162777721
05-01 07:29:45.256  8122  8122 I warp-android-host: warp_mobile_android_host::vulkan: present_ok frame=2275 ts=162777729
05-01 07:29:45.265  8122  8122 I warp-android-host: warp_mobile_android_host::vulkan: present_ok frame=2276 ts=162777738
05-01 07:29:45.267  1802  2321 I CompositionEngine: [setDisplaySize] size=(434, 42)
05-01 07:29:45.273  8122  8122 I warp-android-host: warp_mobile_android_host::vulkan: present_ok frame=2277 ts=162777747
05-01 07:29:45.281  8122  8122 I warp-android-host: warp_mobile_android_host::vulkan: present_ok frame=2278 ts=162777755
05-01 07:29:45.289  8122  8122 I warp-android-host: warp_mobile_android_host::vulkan: present_ok frame=2279 ts=162777763
05-01 07:29:45.297  8122  8122 I warp-android-host: warp_mobile_android_host::vulkan: present_ok frame=2280 ts=162777771
05-01 07:29:45.306  8122  8122 I warp-android-host: warp_mobile_android_host::vulkan: present_ok frame=2281 ts=162777779
05-01 07:29:45.314  8122  8122 I warp-android-host: warp_mobile_android_host::vulkan: present_ok frame=2282 ts=162777788
05-01 07:29:45.322  8122  8122 I warp-android-host: warp_mobile_android_host::vulkan: present_ok frame=2283 ts=162777795
05-01 07:29:45.330  8122  8122 I warp-android-host: warp_mobile_android_host::vulkan: present_ok frame=2284 ts=162777804
05-01 07:29:45.338  8122  8122 I warp-android-host: warp_mobile_android_host::vulkan: present_ok frame=2285 ts=162777812
05-01 07:29:45.346  8122  8122 I warp-android-host: warp_mobile_android_host::vulkan: present_ok frame=2286 ts=162777820
05-01 07:29:45.355  8122  8122 I warp-android-host: warp_mobile_android_host::vulkan: present_ok frame=2287 ts=162777829
05-01 07:29:45.364  8122  8122 I warp-android-host: warp_mobile_android_host::vulkan: present_ok frame=2288 ts=162777837
05-01 07:29:45.372  8122  8122 I warp-android-host: warp_mobile_android_host::vulkan: present_ok frame=2289 ts=162777845
05-01 07:29:45.373  1802  2321 I CompositionEngine: [setDisplaySize] size=(434, 42)
05-01 07:29:45.374  1672  2586 I sensors-hal: handle_sns_std_sensor_event:90, light_cct: ts = 243498536662670 ns; value = [0, 0, 5, 5, 0, 15, 0, 0, 0, 0]
05-01 07:29:45.380  8122  8122 I warp-android-host: warp_mobile_android_host::vulkan: present_ok frame=2290 ts=162777854
05-01 07:29:45.383  2814  4526 D InputDispatcher: Inject motion (8998/2000): action=0x0, time=162777857000000, f=0x0, d=0 dsdx=1.000000 dtdx=0.000000
05-01 07:29:45.387  2814  3644 I InputDispatcher: Delivering touch to (3998): action: 0x4, f=0x0, d=0, 'c5a7fd5', t=1 
05-01 07:29:45.387  2814  3644 I InputDispatcher: Delivering touch to (8122): action: 0x0, f=0x0, d=0, '6d0f9ad', t=1 
--------- beginning of system
05-01 07:29:45.387  2814  3644 D PowerManagerService: [api] userActivityFromNative : touch displayId=0 eventTime=162777857
05-01 07:29:45.388  8122  8122 I warp-android-host: warp_mobile_android_host::vulkan: present_ok frame=2291 ts=162777861
05-01 07:29:45.388  2814  3644 D PowerManagerService: UserActivityStateListenerState: 1
05-01 07:29:45.388  2814  3644 D PowerManagerService: displayReady: false groupId=0
05-01 07:29:45.389  4483  4483 I HoneySpace.GestureInputHandler: inputConsumers = [com.honeyspace.gesture.inputconsumer.InputConsumer$Companion$NO_OP$1@3c5d14e]
05-01 07:29:45.389  2814  3080 D DisplayPowerController[0]: animateScreenStateChange: target=ON, mIsEnabled=true
05-01 07:29:45.389  8122  8122 I VRI[MainActivity]@afeb858: ViewPostIme pointer 0
05-01 07:29:45.389  4483  4483 I HoneySpace.InputSession: inputConsumers = NO_OP
05-01 07:29:45.389  2814  3080 D PowerManagerService: displayReady: true groupId=0
05-01 07:29:45.389  8122  8122 I WarpIme : touch_down x=540.0 y=1500.0
05-01 07:29:45.389  4483  4483 I HoneySpace.InputSession: open
05-01 07:29:45.389  8122  8122 D warp-android-host: android_logger: android_logger: log::set_logger failed: attempted to set a logger after the logging system was already initialized
05-01 07:29:45.389  8122  8122 I warp-android-host: warp_mobile_android_host::input: input_event kind=touch_down x=540.0 y=1500.0 vx=0.0 vy=0.0 events_total=1
05-01 07:29:45.390  8122  8122 I GestureDetector: obtain mCurrentDownEvent. id: -252234794 caller: dev.warp.mobile.WarpInputView.onTouchEvent:375 android.view.View.performOnTouchCallback:17234 android.view.View.dispatchTouchEvent:17187 
05-01 07:29:45.390  8122  8122 I VRI[MainActivity]@afeb858: call setFrameRateCategory for touch hint category=high hint, reason=touch, vri=VRI[MainActivity]@afeb858
05-01 07:29:45.390  7128  7128 I SemDvfsHyPerManager: acquire hyper - TATouchBoost/7128@30, type = -999
05-01 07:29:45.390  7128  7128 I SemDvfsHyPerManager: acquire hyper - TA_TOUCH_SHARE/7128@31, type = -999
05-01 07:29:45.391  2814  3005 I GestureDetector: obtain mCurrentDownEvent. id: -252234794 caller: com.android.server.wm.SystemGesturesPointerEventListener.onPointerEvent:17 com.android.server.wm.PointerEventDispatcher.onInputEvent:51 android.view.InputEventReceiver.dispatchInputEvent:392 
05-01 07:29:45.391  1684  1724 I HYPER-HAL: [RequestManager.cpp]acquire(): Acquired ID : 25622091  [7128 / 30]    HINT :      list : [TABoost / 1] [TIMEOUT / 1500] 
05-01 07:29:45.391  2814  3005 I GestureDetector: obtain mCurrentDownEvent. id: -252234794 caller: com.android.server.wm.SystemPerformancePointerEventListener.onPointerEvent:13 com.android.server.wm.PointerEventDispatcher.onInputEvent:51 android.view.InputEventReceiver.dispatchInputEvent:392 
05-01 07:29:45.391  1684  1724 I HYPER-HAL: [RequestManager.cpp]acquire(): Acquired ID : 25629251  [7128 / 31]    HINT : TA_TOUCH_SHARE    list : [TIMEOUT / 1500] 
05-01 07:29:45.392  2814  3005 I GestureDetector: obtain mCurrentMotionEventRaw. action: 2 id: -995630148
05-01 07:29:45.392  2814  3005 I GestureDetector: obtain mCurrentMotionEventRaw. action: 2 id: -995630148
05-01 07:29:45.393  2814  2814 I SemDvfsHyPerManager: acquire hyper - WM_SCROLL_DETECTED/2814@2, type = -999
05-01 07:29:45.393  1684  1724 I HYPER-HAL: [RequestManager.cpp]acquire(): Acquired ID : 3966338  [2814 / 2]    HINT :      list : [CoreNumBigMin / 3] 
05-01 07:29:45.395  1802  1802 I SurfaceFlinger: [dev.warp.mobile/dev.warp.mobile.MainActivity$_8122#43924] setFrameRateCategory: HighHint
05-01 07:29:45.397  8122  8122 I warp-android-host: warp_mobile_android_host::vulkan: present_ok frame=2292 ts=162777870
05-01 07:29:45.403  8122  8122 I GestureDetector: obtain mCurrentMotionEventRaw. action: 2 id: -995630148
05-01 07:29:45.404  8122  8122 D WarpIme : gesture_scroll x=540.0 y=1344.0 dx=0.0 dy=156.0 vx=0.0 vy=-13000.004
05-01 07:29:45.404  8122  8122 D warp-android-host: android_logger: android_logger: log::set_logger failed: attempted to set a logger after the logging system was already initialized
05-01 07:29:45.404  8122  8122 I warp-android-host: warp_mobile_android_host::input: input_event kind=scroll x=540.0 y=1344.0 vx=0.0 vy=-13000.0 events_total=2
05-01 07:29:45.405  8122  8122 I warp-android-host: warp_mobile_android_host::vulkan: present_ok frame=2293 ts=162777879
05-01 07:29:45.412  8122  8122 D WarpIme : gesture_scroll x=540.0 y=1196.1719 dx=0.0 dy=147.82812 vx=-0.20395939 vy=-13000.338
05-01 07:29:45.412  8122  8122 D warp-android-host: android_logger: android_logger: log::set_logger failed: attempted to set a logger after the logging system was already initialized
05-01 07:29:45.412  8122  8122 I warp-android-host: warp_mobile_android_host::input: input_event kind=scroll x=540.0 y=1196.2 vx=-0.2 vy=-13000.3 events_total=3
05-01 07:29:45.414  8122  8122 I warp-android-host: warp_mobile_android_host::vulkan: present_ok frame=2294 ts=162777888
05-01 07:29:45.420  8122  8122 D WarpIme : gesture_scroll x=540.0 y=1087.9941 dx=0.0 dy=108.177734 vx=-0.12248619 vy=-13000.146
05-01 07:29:45.421  8122  8122 D warp-android-host: android_logger: android_logger: log::set_logger failed: attempted to set a logger after the logging system was already initialized
05-01 07:29:45.421  8122  8122 I warp-android-host: warp_mobile_android_host::input: input_event kind=scroll x=540.0 y=1088.0 vx=-0.1 vy=-13000.1 events_total=4
05-01 07:29:45.422  8122  8122 I warp-android-host: warp_mobile_android_host::vulkan: present_ok frame=2295 ts=162777896
05-01 07:29:45.429  8122  8122 D WarpIme : gesture_scroll x=540.0 y=979.81445 dx=0.0 dy=108.17969 vx=0.043483466 vy=-12999.816
05-01 07:29:45.429  8122  8122 D warp-android-host: android_logger: android_logger: log::set_logger failed: attempted to set a logger after the logging system was already initialized
05-01 07:29:45.429  8122  8122 I warp-android-host: warp_mobile_android_host::input: input_event kind=scroll x=540.0 y=979.8 vx=0.0 vy=-12999.8 events_total=5
05-01 07:29:45.432  8122  8122 I warp-android-host: warp_mobile_android_host::vulkan: present_ok frame=2296 ts=162777905
05-01 07:29:45.437  8122  8122 D WarpIme : gesture_scroll x=540.0 y=871.6328 dx=0.0 dy=108.18164 vx=-0.039186057 vy=-12999.932
05-01 07:29:45.437  8122  8122 D warp-android-host: android_logger: android_logger: log::set_logger failed: attempted to set a logger after the logging system was already initialized
05-01 07:29:45.437  8122  8122 I warp-android-host: warp_mobile_android_host::input: input_event kind=scroll x=540.0 y=871.6 vx=-0.0 vy=-12999.9 events_total=6
05-01 07:29:45.439  8122  8122 I warp-android-host: warp_mobile_android_host::vulkan: present_ok frame=2297 ts=162777913
05-01 07:29:45.446  8122  8122 D WarpIme : gesture_scroll x=540.0 y=763.4414 dx=0.0 dy=108.19141 vx=-0.08562693 vy=-12999.999
05-01 07:29:45.446  8122  8122 D warp-android-host: android_logger: android_logger: log::set_logger failed: attempted to set a logger after the logging system was already initialized
05-01 07:29:45.446  8122  8122 I warp-android-host: warp_mobile_android_host::input: input_event kind=scroll x=540.0 y=763.4 vx=-0.1 vy=-13000.0 events_total=7
05-01 07:29:45.448  8122  8122 I warp-android-host: warp_mobile_android_host::vulkan: present_ok frame=2298 ts=162777921
05-01 07:29:45.454  8122  8122 D WarpIme : gesture_scroll x=540.0 y=655.2422 dx=0.0 dy=108.19922 vx=-0.031811085 vy=-12999.969
05-01 07:29:45.454  8122  8122 D warp-android-host: android_logger: android_logger: log::set_logger failed: attempted to set a logger after the logging system was already initialized
05-01 07:29:45.454  8122  8122 I warp-android-host: warp_mobile_android_host::input: input_event kind=scroll x=540.0 y=655.2 vx=-0.0 vy=-13000.0 events_total=8
05-01 07:29:45.457  8122  8122 I warp-android-host: warp_mobile_android_host::vulkan: present_ok frame=2299 ts=162777930
05-01 07:29:45.462  8122  8122 D WarpIme : gesture_scroll x=540.0 y=547.03516 dx=0.0 dy=108.20703 vx=-0.008012381 vy=-12999.914
05-01 07:29:45.462  8122  8122 D warp-android-host: android_logger: android_logger: log::set_logger failed: attempted to set a logger after the logging system was already initialized
05-01 07:29:45.462  8122  8122 I warp-android-host: warp_mobile_android_host::input: input_event kind=scroll x=540.0 y=547.0 vx=-0.0 vy=-12999.9 events_total=9
05-01 07:29:45.465  8122  8122 I warp-android-host: warp_mobile_android_host::vulkan: present_ok frame=2300 ts=162777939
05-01 07:29:45.471  8122  8122 D WarpIme : gesture_scroll x=540.0 y=438.8213 dx=0.0 dy=108.21387 vx=-0.03162141 vy=-12999.923
05-01 07:29:45.471  8122  8122 D warp-android-host: android_logger: android_logger: log::set_logger failed: attempted to set a logger after the logging system was already initialized
05-01 07:29:45.471  8122  8122 I warp-android-host: warp_mobile_android_host::input: input_event kind=scroll x=540.0 y=438.8 vx=-0.0 vy=-12999.9 events_total=10
05-01 07:29:45.474  8122  8122 I warp-android-host: warp_mobile_android_host::vulkan: present_ok frame=2301 ts=162777948
05-01 07:29:45.475  1802  2321 I CompositionEngine: [setDisplaySize] size=(434, 42)
05-01 07:29:45.479  8122  8122 D WarpIme : gesture_scroll x=540.0 y=330.60156 dx=0.0 dy=108.21973 vx=0.06294678 vy=-13000.078
05-01 07:29:45.480  8122  8122 D warp-android-host: android_logger: android_logger: log::set_logger failed: attempted to set a logger after the logging system was already initialized
05-01 07:29:45.480  8122  8122 I warp-android-host: warp_mobile_android_host::input: input_event kind=scroll x=540.0 y=330.6 vx=0.1 vy=-13000.1 events_total=11
05-01 07:29:45.483  8122  8122 I warp-android-host: warp_mobile_android_host::vulkan: present_ok frame=2302 ts=162777957
05-01 07:29:45.487  8122  8122 D WarpIme : gesture_scroll x=540.0 y=222.37695 dx=0.0 dy=108.22461 vx=0.0 vy=-13000.158
05-01 07:29:45.487  8122  8122 D warp-android-host: android_logger: android_logger: log::set_logger failed: attempted to set a logger after the logging system was already initialized
05-01 07:29:45.487  8122  8122 I warp-android-host: warp_mobile_android_host::input: input_event kind=scroll x=540.0 y=222.4 vx=0.0 vy=-13000.2 events_total=12
05-01 07:29:45.489  2814  4526 D InputDispatcher: Inject motion (8998/2000): action=0x1, time=162777962000000, f=0x0, d=0 dsdx=1.000000 dtdx=0.000000
05-01 07:29:45.489  2814  3644 I InputDispatcher: Delivering touch to (8122): action: 0x1, f=0x0, d=0, '6d0f9ad', t=1 
05-01 07:29:45.490  8122  8122 I warp-android-host: warp_mobile_android_host::vulkan: present_ok frame=2303 ts=162777963
05-01 07:29:45.490  8122  8122 I VRI[MainActivity]@afeb858: ViewPostIme pointer 1
05-01 07:29:45.490  4483  4483 I HoneySpace.GestureInputHandler: reset
05-01 07:29:45.491  4483  4483 I HoneySpace.InputSession: close
05-01 07:29:45.491  8122  8122 I WarpIme : touch_up x=540.0 y=200.0
05-01 07:29:45.491  8122  8122 D warp-android-host: android_logger: android_logger: log::set_logger failed: attempted to set a logger after the logging system was already initialized
05-01 07:29:45.491  8122  8122 I warp-android-host: warp_mobile_android_host::input: input_event kind=touch_up x=540.0 y=200.0 vx=0.0 vy=0.0 events_total=13
05-01 07:29:45.491  8122  8122 I WarpIme : gesture_fling vx=0.0 vy=-13000.158
05-01 07:29:45.491  7128  7128 I SemDvfsHyPerManager: acquire hyper - TATouchBoost/7128@30, type = -999
05-01 07:29:45.492  2814  2814 I SemDvfsHyPerManager: acquire hyper - GESTURE_DETECTED_HRR/2814@29, type = -999
05-01 07:29:45.492  2814  2814 I SemDvfsHyPerManager: acquire hyper - SMOOTH_SCROLL/2814@25, type = -999
05-01 07:29:45.492  2814  2814 I SemDvfsHyPerManager: acquire hyper - GESTURE_DETECTED_HRR/2814@29, type = -999
05-01 07:29:45.492  7128  7128 I SemDvfsHyPerManager: acquire hyper - TA_TOUCH_SHARE/7128@31, type = -999
05-01 07:29:45.493  1684  1724 I HYPER-HAL: [RequestManager.cpp]releaseLocked(): Released ID : 3966338
05-01 07:29:45.493  1684  1724 I HYPER-HAL: [RequestManager.cpp]acquire(): Acquired ID : 4042775  [2814 / 29]    HINT : GESTURE_DETECTED_HRR    list : [TIMEOUT / 2083] 
05-01 07:29:45.495  1684  1724 I HYPER-HAL: [RequestManager.cpp]acquire(): Acquired ID : 4042775  [2814 / 29]    HINT : GESTURE_DETECTED_HRR    list : [TIMEOUT / 2282] 
05-01 07:29:45.495  1684  1724 I HYPER-HAL: [RequestManager.cpp]acquire(): Acquired ID : 25622091  [7128 / 30]    HINT :      list : [TABoost / 1] [TIMEOUT / 1500] 
05-01 07:29:45.495  1684  1724 I HYPER-HAL: [RequestManager.cpp]acquire(): Acquired ID : 25629251  [7128 / 31]    HINT : TA_TOUCH_SHARE    list : [TIMEOUT / 1500] 
05-01 07:29:45.497  8122  8122 I warp-android-host: warp_mobile_android_host::vulkan: present_ok frame=2304 ts=162777971
05-01 07:29:45.505  8122  8122 I warp-android-host: warp_mobile_android_host::vulkan: present_ok frame=2305 ts=162777979
05-01 07:29:45.513  8122  8122 I warp-android-host: warp_mobile_android_host::vulkan: present_ok frame=2306 ts=162777987
05-01 07:29:45.522  8122  8122 I warp-android-host: warp_mobile_android_host::vulkan: present_ok frame=2307 ts=162777995
05-01 07:29:45.530  8122  8122 I warp-android-host: warp_mobile_android_host::vulkan: present_ok frame=2308 ts=162778004
05-01 07:29:45.538  8122  8122 I warp-android-host: warp_mobile_android_host::vulkan: present_ok frame=2309 ts=162778012
05-01 07:29:45.544  1186  1186 D io_stats: !@   8,0 r 24940246 368848576 w 13713144 210343276 d 1113451 381165476 f 498376 1532121 iot 5393900 0 th 0 0 0 pt 0 inp 0 0 162778.017
05-01 07:29:45.544  1186  1186 D io_stats: !@ Read_top(KB): ding:background(504) 8 binder:1707_2(1707) 4
05-01 07:29:45.545  1186  1186 D io_stats: !@ Write_top(KB): nordvpn.android(15130) 1152 kworker/u16:3(25284) 1004 f2fs_ckpt-254:6(1341) 60
05-01 07:29:45.547  8122  8122 I warp-android-host: warp_mobile_android_host::vulkan: present_ok frame=2310 ts=162778021
05-01 07:29:45.555  8122  8122 I warp-android-host: warp_mobile_android_host::vulkan: present_ok frame=2311 ts=162778029
05-01 07:29:45.563  8122  8122 I warp-android-host: warp_mobile_android_host::vulkan: present_ok frame=2312 ts=162778037
05-01 07:29:45.571  8122  8122 I warp-android-host: warp_mobile_android_host::vulkan: present_ok frame=2313 ts=162778045
05-01 07:29:45.580  8122  8122 I warp-android-host: warp_mobile_android_host::vulkan: present_ok frame=2314 ts=162778053
05-01 07:29:45.582  1802  2321 I CompositionEngine: [setDisplaySize] size=(434, 42)
05-01 07:29:45.588  8122  8122 I warp-android-host: warp_mobile_android_host::vulkan: present_ok frame=2315 ts=162778062
05-01 07:29:45.597  8122  8122 I warp-android-host: warp_mobile_android_host::vulkan: present_ok frame=2316 ts=162778071
05-01 07:29:45.605  8122  8122 I warp-android-host: warp_mobile_android_host::vulkan: present_ok frame=2317 ts=162778079
05-01 07:29:45.613  8122  8122 I warp-android-host: warp_mobile_android_host::vulkan: present_ok frame=2318 ts=162778087
05-01 07:29:45.619  2814  4599 I ActivityManager: Broadcasting: Intent { act=dev.warp.mobile.TERM_SET_SCROLL_OFFSET flg=0x400000 pkg=dev.warp.mobile (has extras) }
05-01 07:29:45.620  2814  4599 I ActivityManager: Enqueued broadcast Intent { act=dev.warp.mobile.TERM_SET_SCROLL_OFFSET flg=0x400000 pkg=dev.warp.mobile (has extras) }: 0
05-01 07:29:45.621  8122  8122 I warp-android-host: warp_mobile_android_host::vulkan: present_ok frame=2319 ts=162778095
05-01 07:29:45.623  8122  8122 D warp-android-host: android_logger: android_logger: log::set_logger failed: attempted to set a logger after the logging system was already initialized
05-01 07:29:45.623  8122  8122 I warp-android-host: warp_mobile_android_host: terminal_set_scroll_offset offset=5 actual=5
05-01 07:29:45.624  8122  8122 I WarpTerminal: TERM_SET_SCROLL_OFFSET offset=5 info=scrollback_len=1000,scrollback_max=1000,scroll_offset=5
05-01 07:29:45.625  2814  3004 I ActivityManager: Broadcast completed: result=0
05-01 07:29:45.630  8122  8122 I warp-android-host: warp_mobile_android_host::vulkan: dynamic_grid_fast_path_ok dt_ms=1 instances=696 fast_path_updates=5 full_reinits=1
05-01 07:29:45.631  8122  8122 I warp-android-host: warp_mobile_android_host::vulkan: present_ok frame=2320 ts=162778105
05-01 07:29:45.631  8122  8122 I warp-android-host: warp_mobile_android_host: terminal_push_frame_dynamic ok=true cells=1920 rows=24 cols=80
05-01 07:29:45.638  8122  8122 I warp-android-host: warp_mobile_android_host::vulkan: present_ok frame=2321 ts=162778111
05-01 07:29:45.647  8122  8122 I warp-android-host: warp_mobile_android_host::vulkan: present_ok frame=2322 ts=162778121
05-01 07:29:45.655  8122  8122 I warp-android-host: warp_mobile_android_host::vulkan: present_ok frame=2323 ts=162778129
05-01 07:29:45.663  8122  8122 I warp-android-host: warp_mobile_android_host::vulkan: present_ok frame=2324 ts=162778137
05-01 07:29:45.672  8122  8122 I warp-android-host: warp_mobile_android_host::vulkan: present_ok frame=2325 ts=162778146
05-01 07:29:45.676  1667  5342 I vendor.qti.bluetooth@1.1-ibs_handler: ProcessIbsCmd: Received IBS_WAKE_IND: 0xFD
05-01 07:29:45.676  1667  5342 D vendor.qti.bluetooth@1.1-ibs_handler: SerialClockVote: vote for UART CLK ON
05-01 07:29:45.677  1667  5342 D vendor.qti.bluetooth@1.1-wake_lock: Acquire wakelock is acquired 
05-01 07:29:45.677  1667  5342 I vendor.qti.bluetooth@1.1-ibs_handler: ProcessIbsCmd: Writing IBS_WAKE_ACK
05-01 07:29:45.680  8122  8122 I warp-android-host: warp_mobile_android_host::vulkan: present_ok frame=2326 ts=162778154
05-01 07:29:45.683  1802  2321 I CompositionEngine: [setDisplaySize] size=(434, 42)
05-01 07:29:45.689  4283  5396 I ScanController: onScanResult to scannerId: 6- eventType=0x1b, addressType=1, address=XX:XX:XX:XX:F3:82, primaryPhy=1, secondaryPhy=0, advertisingSid=0xff, txPower=127, rssi=-48, periodicAdvInt=0x0
05-01 07:29:45.690  8122  8122 I warp-android-host: warp_mobile_android_host::vulkan: present_ok frame=2327 ts=162778164
05-01 07:29:45.696  8122  8122 I warp-android-host: warp_mobile_android_host::vulkan: present_ok frame=2328 ts=162778170
05-01 07:29:45.705  8122  8122 I warp-android-host: warp_mobile_android_host::vulkan: present_ok frame=2329 ts=162778179
05-01 07:29:45.713  8122  8122 I warp-android-host: warp_mobile_android_host::vulkan: present_ok frame=2330 ts=162778187
05-01 07:29:45.722  8122  8122 I warp-android-host: warp_mobile_android_host::vulkan: present_ok frame=2331 ts=162778196
05-01 07:29:45.724  1667  5342 I vendor.qti.bluetooth@1.1-ibs_handler: ProcessIbsCmd: Received IBS_SLEEP_IND: 0xFE
05-01 07:29:45.725  1667  5342 D vendor.qti.bluetooth@1.1-ibs_handler: SerialClockVote: vote for UART CLK OFF
05-01 07:29:45.729  8122  8122 I warp-android-host: warp_mobile_android_host::vulkan: present_ok frame=2332 ts=162778203
05-01 07:29:45.738  8122  8122 I warp-android-host: warp_mobile_android_host::vulkan: present_ok frame=2333 ts=162778211
05-01 07:29:45.746  1792  1822 E HeatmapThread: ECT Thread time in milliseconds: 1777591785
05-01 07:29:45.746  8122  8122 I warp-android-host: warp_mobile_android_host::vulkan: present_ok frame=2334 ts=162778220
05-01 07:29:45.749  1792  1822 D HeatmapThread: !@ batteryplugType : 2
05-01 07:29:45.749  1792  1822 D HeatmapThread: !@ batteryLevel : 100  batteryTemperature : 326 
05-01 07:29:45.749  1792  1822 D HeatmapThread: !@ Heatmap currtime: 29626529
05-01 07:29:45.749  1792  1822 D HeatmapThread: !@ Heatmap prevtime: 29626524
05-01 07:29:45.749  1792  1822 D HeatmapThread: !@ Heatmap plugstarttime: 29625649
05-01 07:29:45.749  1792  1822 D HeatmapThread: !@ Heatmap prevv_dsoh_update_time: 29626512
05-01 07:29:45.750  1792  1822 E HeatmapThread: !@ CAM New BSOH: 100
05-01 07:29:45.750  1792  1822 E HeatmapThread: !@ CAM is Working
05-01 07:29:45.755  8122  8122 I warp-android-host: warp_mobile_android_host::vulkan: present_ok frame=2335 ts=162778229
05-01 07:29:45.763  8122  8122 I warp-android-host: warp_mobile_android_host::vulkan: present_ok frame=2336 ts=162778237
05-01 07:29:45.771  8122  8122 I warp-android-host: warp_mobile_android_host::vulkan: present_ok frame=2337 ts=162778245
05-01 07:29:45.779  8122  8122 I warp-android-host: warp_mobile_android_host::vulkan: present_ok frame=2338 ts=162778253
05-01 07:29:45.783  1802  2321 I CompositionEngine: [setDisplaySize] size=(434, 42)
05-01 07:29:45.788  8122  8122 I warp-android-host: warp_mobile_android_host::vulkan: present_ok frame=2339 ts=162778262
05-01 07:29:45.796  8122  8122 I warp-android-host: warp_mobile_android_host::vulkan: present_ok frame=2340 ts=162778270
05-01 07:29:45.805  8122  8122 I warp-android-host: warp_mobile_android_host::vulkan: present_ok frame=2341 ts=162778278
05-01 07:29:45.813  8122  8122 I warp-android-host: warp_mobile_android_host::vulkan: present_ok frame=2342 ts=162778287
05-01 07:29:45.817  2814  4599 W ActivityManager: Unable to start service Intent { act=com.skms.android.agent.remote.SKMSAgentProxyService xflg=0x4 pkg=com.skms.android.agent.remote } U=0: not found
05-01 07:29:45.821  8122  8122 I warp-android-host: warp_mobile_android_host::vulkan: present_ok frame=2343 ts=162778295
05-01 07:29:45.829  8122  8122 I warp-android-host: warp_mobile_android_host::vulkan: present_ok frame=2344 ts=162778303
05-01 07:29:45.837  8122  8122 I warp-android-host: warp_mobile_android_host::vulkan: present_ok frame=2345 ts=162778311
05-01 07:29:45.845  8122  8122 I warp-android-host: warp_mobile_android_host::vulkan: present_ok frame=2346 ts=162778319
05-01 07:29:45.854  8122  8122 I warp-android-host: warp_mobile_android_host::vulkan: present_ok frame=2347 ts=162778328
05-01 07:29:45.863  8122  8122 I warp-android-host: warp_mobile_android_host::vulkan: present_ok frame=2348 ts=162778337
05-01 07:29:45.866  2814  4599 D InputDispatcher: Inject motion (9057/2000): action=0x0, time=162778340000000, f=0x0, d=0 dsdx=1.000000 dtdx=0.000000
05-01 07:29:45.867  2814  3644 I InputDispatcher: Delivering touch to (3998): action: 0x4, f=0x0, d=0, 'c5a7fd5', t=1 
05-01 07:29:45.867  2814  3644 I InputDispatcher: Delivering touch to (8122): action: 0x0, f=0x0, d=0, '6d0f9ad', t=1 
05-01 07:29:45.868  8122  8122 I VRI[MainActivity]@afeb858: ViewPostIme pointer 0
05-01 07:29:45.869  2814  3005 I GestureDetector: obtain mCurrentDownEvent. id: -24925787 caller: com.android.server.wm.SystemGesturesPointerEventListener.onPointerEvent:17 com.android.server.wm.PointerEventDispatcher.onInputEvent:51 android.view.InputEventReceiver.dispatchInputEvent:392 
05-01 07:29:45.869  4483  4483 I HoneySpace.GestureInputHandler: inputConsumers = [com.honeyspace.gesture.inputconsumer.InputConsumer$Companion$NO_OP$1@3c5d14e]
05-01 07:29:45.870  4483  4483 I HoneySpace.InputSession: inputConsumers = NO_OP
05-01 07:29:45.870  4483  4483 I HoneySpace.InputSession: open
05-01 07:29:45.871  8122  8122 I warp-android-host: warp_mobile_android_host::vulkan: present_ok frame=2349 ts=162778345
05-01 07:29:45.870  2814  3005 I GestureDetector: obtain mCurrentDownEvent. id: -24925787 caller: com.android.server.wm.SystemPerformancePointerEventListener.onPointerEvent:13 com.android.server.wm.PointerEventDispatcher.onInputEvent:51 android.view.InputEventReceiver.dispatchInputEvent:392 
05-01 07:29:45.871  7128  7128 I SemDvfsHyPerManager: acquire hyper - TATouchBoost/7128@30, type = -999
05-01 07:29:45.872  7128  7128 I SemDvfsHyPerManager: acquire hyper - TA_TOUCH_SHARE/7128@31, type = -999
05-01 07:29:45.872  1684  1724 I HYPER-HAL: [RequestManager.cpp]acquire(): Acquired ID : 25622091  [7128 / 30]    HINT :      list : [TABoost / 1] [TIMEOUT / 1500] 
05-01 07:29:45.872  1684  1724 I HYPER-HAL: [RequestManager.cpp]acquire(): Acquired ID : 25629251  [7128 / 31]    HINT : TA_TOUCH_SHARE    list : [TIMEOUT / 1500] 
05-01 07:29:45.875  1667  4712 D vendor.qti.bluetooth@1.1-wake_lock: Release wakelock is released 
05-01 07:29:45.876  2814  3005 I GestureDetector: obtain mCurrentMotionEventRaw. action: 2 id: -880350038
05-01 07:29:45.876  2814  3005 I GestureDetector: obtain mCurrentMotionEventRaw. action: 2 id: -880350038
05-01 07:29:45.876  2814  2814 I SemDvfsHyPerManager: acquire hyper - WM_SCROLL_DETECTED/2814@2, type = -999
05-01 07:29:45.877  1684  1724 I HYPER-HAL: [RequestManager.cpp]acquire(): Acquired ID : 3966338  [2814 / 2]    HINT :      list : [CoreNumBigMin / 3] 
05-01 07:29:45.879  8122  8122 I warp-android-host: warp_mobile_android_host::vulkan: present_ok frame=2350 ts=162778353
05-01 07:29:45.883  1802  2321 I CompositionEngine: [setDisplaySize] size=(434, 42)
05-01 07:29:45.888  8122  8122 I warp-android-host: warp_mobile_android_host::vulkan: present_ok frame=2351 ts=162778362
05-01 07:29:45.897  8122  8122 I warp-android-host: warp_mobile_android_host::vulkan: present_ok frame=2352 ts=162778370
05-01 07:29:45.905  8122  8122 I warp-android-host: warp_mobile_android_host::vulkan: present_ok frame=2353 ts=162778378
05-01 07:29:45.914  8122  8122 I warp-android-host: warp_mobile_android_host::vulkan: present_ok frame=2354 ts=162778388
05-01 07:29:45.922  8122  8122 I warp-android-host: warp_mobile_android_host::vulkan: present_ok frame=2355 ts=162778395
05-01 07:29:45.930  8122  8122 I warp-android-host: warp_mobile_android_host::vulkan: present_ok frame=2356 ts=162778404
05-01 07:29:45.938  8122  8122 I warp-android-host: warp_mobile_android_host::vulkan: present_ok frame=2357 ts=162778412
05-01 07:29:45.947  8122  8122 I warp-android-host: warp_mobile_android_host::vulkan: present_ok frame=2358 ts=162778421
05-01 07:29:45.955  8122  8122 I warp-android-host: warp_mobile_android_host::vulkan: present_ok frame=2359 ts=162778429
05-01 07:29:45.963  8122  8122 I warp-android-host: warp_mobile_android_host::vulkan: present_ok frame=2360 ts=162778437
05-01 07:29:45.971  2814  4599 D InputDispatcher: Inject motion (9057/2000): action=0x1, time=162778444000000, f=0x0, d=0 dsdx=1.000000 dtdx=0.000000
05-01 07:29:45.971  2814  3644 I InputDispatcher: Delivering touch to (8122): action: 0x1, f=0x0, d=0, '6d0f9ad', t=1 
05-01 07:29:45.972  8122  8122 I warp-android-host: warp_mobile_android_host::vulkan: present_ok frame=2361 ts=162778446
05-01 07:29:45.972  8122  8122 I VRI[MainActivity]@afeb858: ViewPostIme pointer 1
05-01 07:29:45.973  4483  4483 I HoneySpace.GestureInputHandler: reset
05-01 07:29:45.973  4483  4483 I HoneySpace.InputSession: close
05-01 07:29:45.973  7128  7128 I SemDvfsHyPerManager: acquire hyper - TATouchBoost/7128@30, type = -999
05-01 07:29:45.974  2814  2814 I SemDvfsHyPerManager: acquire hyper - SMOOTH_SCROLL/2814@25, type = -999
05-01 07:29:45.974  2814  2814 I SemDvfsHyPerManager: acquire hyper - GESTURE_DETECTED_HRR/2814@29, type = -999
05-01 07:29:45.974  2814  2814 I SemDvfsHyPerManager: acquire hyper - GESTURE_DETECTED_HRR/2814@29, type = -999
05-01 07:29:45.974  7128  7128 I SemDvfsHyPerManager: acquire hyper - TA_TOUCH_SHARE/7128@31, type = -999
05-01 07:29:45.975  1684  1724 I HYPER-HAL: [RequestManager.cpp]acquire(): Acquired ID : 25622091  [7128 / 30]    HINT :      list : [TABoost / 1] [TIMEOUT / 1500] 
05-01 07:29:45.975  1684  1724 I HYPER-HAL: [RequestManager.cpp]acquire(): Acquired ID : 4042775  [2814 / 29]    HINT : GESTURE_DETECTED_HRR    list : [TIMEOUT / 2083] 
05-01 07:29:45.975  1684  1724 I HYPER-HAL: [RequestManager.cpp]acquire(): Acquired ID : 4042775  [2814 / 29]    HINT : GESTURE_DETECTED_HRR    list : [TIMEOUT / 2282] 
05-01 07:29:45.976  1684  1724 I HYPER-HAL: [RequestManager.cpp]releaseLocked(): Released ID : 3966338
05-01 07:29:45.976  1684  1724 I HYPER-HAL: [RequestManager.cpp]acquire(): Acquired ID : 25629251  [7128 / 31]    HINT : TA_TOUCH_SHARE    list : [TIMEOUT / 1500] 
05-01 07:29:45.979  8122  8122 I warp-android-host: warp_mobile_android_host::vulkan: present_ok frame=2362 ts=162778453
05-01 07:29:45.987  8122  8122 I warp-android-host: warp_mobile_android_host::vulkan: present_ok frame=2363 ts=162778461
05-01 07:29:45.988  1802  2321 I CompositionEngine: [setDisplaySize] size=(434, 42)
05-01 07:29:45.996  8122  8122 I warp-android-host: warp_mobile_android_host::vulkan: present_ok frame=2364 ts=162778470
05-01 07:29:46.004  8122  8122 I warp-android-host: warp_mobile_android_host::vulkan: present_ok frame=2365 ts=162778478
05-01 07:29:46.013  8122  8122 I warp-android-host: warp_mobile_android_host::vulkan: present_ok frame=2366 ts=162778486
05-01 07:29:46.021  8122  8122 I warp-android-host: warp_mobile_android_host::vulkan: present_ok frame=2367 ts=162778495
05-01 07:29:46.029  8122  8122 I warp-android-host: warp_mobile_android_host::vulkan: present_ok frame=2368 ts=162778503
05-01 07:29:46.037  8122  8122 I warp-android-host: warp_mobile_android_host::vulkan: present_ok frame=2369 ts=162778511
05-01 07:29:46.046  8122  8122 I warp-android-host: warp_mobile_android_host::vulkan: present_ok frame=2370 ts=162778520
05-01 07:29:46.054  8122  8122 I warp-android-host: warp_mobile_android_host::vulkan: present_ok frame=2371 ts=162778528
05-01 07:29:46.062  8122  8122 I warp-android-host: warp_mobile_android_host::vulkan: present_ok frame=2372 ts=162778536
05-01 07:29:46.071  8122  8122 I warp-android-host: warp_mobile_android_host::vulkan: present_ok frame=2373 ts=162778544
05-01 07:29:46.078  8122  8122 I warp-android-host: warp_mobile_android_host::vulkan: present_ok frame=2374 ts=162778552
05-01 07:29:46.078  2814  4599 I ActivityManager: Broadcasting: Intent { act=dev.warp.mobile.TERM_SET_SCROLL_OFFSET flg=0x400000 pkg=dev.warp.mobile (has extras) }
05-01 07:29:46.079  2814  4599 I ActivityManager: Enqueued broadcast Intent { act=dev.warp.mobile.TERM_SET_SCROLL_OFFSET flg=0x400000 pkg=dev.warp.mobile (has extras) }: 0
05-01 07:29:46.081  8122  8122 D warp-android-host: android_logger: android_logger: log::set_logger failed: attempted to set a logger after the logging system was already initialized
05-01 07:29:46.081  8122  8122 I warp-android-host: warp_mobile_android_host: terminal_set_scroll_offset offset=0 actual=0
05-01 07:29:46.081  8122  8122 I WarpTerminal: TERM_SET_SCROLL_OFFSET offset=0 info=scrollback_len=1000,scrollback_max=1000,scroll_offset=0
05-01 07:29:46.082  2814  3004 I ActivityManager: Broadcast completed: result=0
05-01 07:29:46.087  8122  8122 I warp-android-host: warp_mobile_android_host::vulkan: dynamic_grid_fast_path_ok dt_ms=1 instances=667 fast_path_updates=6 full_reinits=1
05-01 07:29:46.088  1802  2321 I CompositionEngine: [setDisplaySize] size=(434, 42)
05-01 07:29:46.089  8122  8122 I warp-android-host: warp_mobile_android_host::vulkan: present_ok frame=2375 ts=162778562
05-01 07:29:46.089  8122  8122 I warp-android-host: warp_mobile_android_host: terminal_push_frame_dynamic ok=true cells=1920 rows=24 cols=80
05-01 07:29:46.096  8122  8122 I warp-android-host: warp_mobile_android_host::vulkan: present_ok frame=2376 ts=162778569
05-01 07:29:46.104  8122  8122 I warp-android-host: warp_mobile_android_host::vulkan: present_ok frame=2377 ts=162778578
05-01 07:29:46.113  8122  8122 I warp-android-host: warp_mobile_android_host::vulkan: present_ok frame=2378 ts=162778586
05-01 07:29:46.121  8122  8122 I warp-android-host: warp_mobile_android_host::vulkan: present_ok frame=2379 ts=162778595
05-01 07:29:46.129  8122  8122 I warp-android-host: warp_mobile_android_host::vulkan: present_ok frame=2380 ts=162778603
05-01 07:29:46.138  8122  8122 I warp-android-host: warp_mobile_android_host::vulkan: present_ok frame=2381 ts=162778611
05-01 07:29:46.146  8122  8122 I warp-android-host: warp_mobile_android_host::vulkan: present_ok frame=2382 ts=162778619
05-01 07:29:46.154  8122  8122 I warp-android-host: warp_mobile_android_host::vulkan: present_ok frame=2383 ts=162778628
05-01 07:29:46.162  8122  8122 I warp-android-host: warp_mobile_android_host::vulkan: present_ok frame=2384 ts=162778636
05-01 07:29:46.171  8122  8122 I warp-android-host: warp_mobile_android_host::vulkan: present_ok frame=2385 ts=162778644
05-01 07:29:46.179  8122  8122 I warp-android-host: warp_mobile_android_host::vulkan: present_ok frame=2386 ts=162778653
05-01 07:29:46.187  8122  8122 I warp-android-host: warp_mobile_android_host::vulkan: present_ok frame=2387 ts=162778661
05-01 07:29:46.188  1802  2321 I CompositionEngine: [setDisplaySize] size=(434, 42)
05-01 07:29:46.197  8122  8122 I warp-android-host: warp_mobile_android_host::vulkan: present_ok frame=2388 ts=162778670
05-01 07:29:46.204  8122  8122 I warp-android-host: warp_mobile_android_host::vulkan: present_ok frame=2389 ts=162778678
05-01 07:29:46.213  8122  8122 I warp-android-host: warp_mobile_android_host::vulkan: present_ok frame=2390 ts=162778686
05-01 07:29:46.220  8122  8122 I warp-android-host: warp_mobile_android_host::vulkan: present_ok frame=2391 ts=162778694
05-01 07:29:46.229  8122  8122 I warp-android-host: warp_mobile_android_host::vulkan: present_ok frame=2392 ts=162778702
05-01 07:29:46.237  8122  8122 I warp-android-host: warp_mobile_android_host::vulkan: present_ok frame=2393 ts=162778711
05-01 07:29:46.246  8122  8122 I warp-android-host: warp_mobile_android_host::vulkan: present_ok frame=2394 ts=162778719
05-01 07:29:46.254  8122  8122 I warp-android-host: warp_mobile_android_host::vulkan: present_ok frame=2395 ts=162778728
05-01 07:29:46.263  8122  8122 I warp-android-host: warp_mobile_android_host::vulkan: present_ok frame=2396 ts=162778736
05-01 07:29:46.270  8122  8122 I warp-android-host: warp_mobile_android_host::vulkan: present_ok frame=2397 ts=162778744
05-01 07:29:46.271  2814  6253 D SemWifiUsabilityStatsMonitor: onWifiUsabilityStats - seqNum 42275, isSameBssidAndFreq true
05-01 07:29:46.272  2814  3842 D InsDataManager: onOutageCountUpdate() - Outage Data: 0, LQ : Y. Outage Triggered: false
05-01 07:29:46.272  2814  3842 D InsDataManager: Trying to save initial normal data.
05-01 07:29:46.272  2814  3842 D SensorCollector: syncMappedBuffers: 0, 0, 0
05-01 07:29:46.272  2814  3842 D InsDataManager: trimBuffers start.
05-01 07:29:46.272  2814  3842 D InsDataManager: trimBuffers - nsmBuffer size: 26
05-01 07:29:46.272  2814  3842 D InsDataManager: Too short for collecting additional normal data
05-01 07:29:46.273  2814  3842 D SemInsManager: {"bssid": "bd55f12c5200","rssi": -26.0,"latency": 0.0,"outage_count": 0,"lq_callback_triggered": true,"outage_log": "Unreliable statistics: -26.0 / 0 / 549 / 18 / 0 || bd55f12c5200: 0.000 / 0.000 / @ || N N / 0 0 / Y 2.0 / Y X 0 / 162778745 0 || Invalid""Magnetic Sensor Events size": "0""Pressure Sensor Events size": "0"}
05-01 07:29:46.273  4483  4705 I HoneySpace.StatusIconTracker: invokeEvent() called with: event = Wifi(visible=true, resId=2131236023, activityId=2131236042)
05-01 07:29:46.278  2814  3860 D SGM:GameManager: identifyGamePackage. dev.warp.mobile, mCurrentUserId: 0, callingMethodInfo: com.samsung.android.game.SemGameManager.isGamePackage(SemGameManager.java:106)
05-01 07:29:46.278  2814  3860 D SGM:SemGameManager: isGamePackage(), pkgName=dev.warp.mobile, ret=false
05-01 07:29:46.278  2814  3860 W ContextImpl: Calling a method in the system process without a qualified user: android.app.ContextImpl.bindService:2167 com.samsung.android.server.wifi.SemWifiIntelligentConnectionManager.iwh_predict_action:8 com.samsung.android.server.wifi.SemWifiIntelligentConnectionManager.-$$Nest$miwh_predict_action:1 com.samsung.android.server.wifi.SemWifiIntelligentConnectionManager$IntelligentConnectionManagerHandler.handleMessage:762 android.os.Handler.dispatchMessage:110 
05-01 07:29:46.279  8122  8122 I warp-android-host: warp_mobile_android_host::vulkan: present_ok frame=2398 ts=162778753
05-01 07:29:46.282  2814  3808 D BackgroundInstallControlService: Package event received: 0
05-01 07:29:46.287  8122  8122 I warp-android-host: warp_mobile_android_host::vulkan: present_ok frame=2399 ts=162778761
05-01 07:29:46.288  1802  2321 I CompositionEngine: [setDisplaySize] size=(434, 42)
05-01 07:29:46.295  8122  8122 I warp-android-host: warp_mobile_android_host::vulkan: present_ok frame=2400 ts=162778769
05-01 07:29:46.301  1596  1596 D Zygote  : Forked child process 9104
05-01 07:29:46.302  2814  3023 I ActivityManager: Start proc 9104:com.samsung.android.wifi.intelligence:iwhInfService/1000 for service {com.samsung.android.wifi.intelligence/com.samsung.android.wifi.intelligence.iwh.IwhInfService}
05-01 07:29:46.302  2814  3023 I ActivityManager: ProcessObserver broadcast disabled
05-01 07:29:46.303  8122  8122 I warp-android-host: warp_mobile_android_host::vulkan: present_ok frame=2401 ts=162778777
05-01 07:29:46.311  2814  4599 D InputDispatcher: Inject motion (9101/2000): action=0x0, time=162778785000000, f=0x0, d=0 dsdx=1.000000 dtdx=0.000000
05-01 07:29:46.311  8122  8122 I warp-android-host: warp_mobile_android_host::vulkan: present_ok frame=2402 ts=162778785
05-01 07:29:46.312  2814  3644 I InputDispatcher: Delivering touch to (3998): action: 0x4, f=0x0, d=0, 'c5a7fd5', t=1 
05-01 07:29:46.312  2814  3644 I InputDispatcher: Delivering touch to (8122): action: 0x0, f=0x0, d=0, '6d0f9ad', t=1 
05-01 07:29:46.312  8122  8122 I VRI[MainActivity]@afeb858: ViewPostIme pointer 0
05-01 07:29:46.312  8122  8122 I WarpIme : touch_down x=540.0 y=1500.0
05-01 07:29:46.312  8122  8122 D warp-android-host: android_logger: android_logger: log::set_logger failed: attempted to set a logger after the logging system was already initialized
05-01 07:29:46.312  8122  8122 I warp-android-host: warp_mobile_android_host::input: input_event kind=touch_down x=540.0 y=1500.0 vx=0.0 vy=0.0 events_total=14
05-01 07:29:46.312  4483  4483 I HoneySpace.GestureInputHandler: inputConsumers = [com.honeyspace.gesture.inputconsumer.InputConsumer$Companion$NO_OP$1@3c5d14e]
05-01 07:29:46.312  8122  8122 I GestureDetector: obtain mCurrentDownEvent. id: -427603749 caller: dev.warp.mobile.WarpInputView.onTouchEvent:375 android.view.View.performOnTouchCallback:17234 android.view.View.dispatchTouchEvent:17187 
05-01 07:29:46.312  7128  7128 I SemDvfsHyPerManager: acquire hyper - TATouchBoost/7128@30, type = -999
05-01 07:29:46.313  7128  7128 I SemDvfsHyPerManager: acquire hyper - TA_TOUCH_SHARE/7128@31, type = -999
05-01 07:29:46.313  4483  4483 I HoneySpace.InputSession: inputConsumers = NO_OP
05-01 07:29:46.313  4483  4483 I HoneySpace.InputSession: open
05-01 07:29:46.313  1684  1724 I HYPER-HAL: [RequestManager.cpp]acquire(): Acquired ID : 25622091  [7128 / 30]    HINT :      list : [TABoost / 1] [TIMEOUT / 1500] 
05-01 07:29:46.313  1684  1724 I HYPER-HAL: [RequestManager.cpp]acquire(): Acquired ID : 25629251  [7128 / 31]    HINT : TA_TOUCH_SHARE    list : [TIMEOUT / 1500] 
05-01 07:29:46.313  2814  3005 I GestureDetector: obtain mCurrentDownEvent. id: -427603749 caller: com.android.server.wm.SystemGesturesPointerEventListener.onPointerEvent:17 com.android.server.wm.PointerEventDispatcher.onInputEvent:51 android.view.InputEventReceiver.dispatchInputEvent:392 
05-01 07:29:46.313  2814  3005 I GestureDetector: obtain mCurrentDownEvent. id: -427603749 caller: com.android.server.wm.SystemPerformancePointerEventListener.onPointerEvent:13 com.android.server.wm.PointerEventDispatcher.onInputEvent:51 android.view.InputEventReceiver.dispatchInputEvent:392 
05-01 07:29:46.321  2814  3005 I GestureDetector: obtain mCurrentMotionEventRaw. action: 2 id: -284314121
05-01 07:29:46.321  2814  3005 I GestureDetector: obtain mCurrentMotionEventRaw. action: 2 id: -284314121
05-01 07:29:46.321  2814  2814 I SemDvfsHyPerManager: acquire hyper - WM_SCROLL_DETECTED/2814@2, type = -999
05-01 07:29:46.321  8122  8122 I warp-android-host: warp_mobile_android_host::vulkan: present_ok frame=2403 ts=162778795
05-01 07:29:46.321  1684  1724 I HYPER-HAL: [RequestManager.cpp]acquire(): Acquired ID : 3966338  [2814 / 2]    HINT :      list : [CoreNumBigMin / 3] 
05-01 07:29:46.328  8122  8122 I GestureDetector: obtain mCurrentMotionEventRaw. action: 2 id: -284314121
05-01 07:29:46.328  8122  8122 D WarpIme : gesture_scroll x=540.0 y=1359.2979 dx=0.0 dy=140.70215 vx=-0.009590749 vy=-13000.02
05-01 07:29:46.328  8122  8122 D warp-android-host: android_logger: android_logger: log::set_logger failed: attempted to set a logger after the logging system was already initialized
05-01 07:29:46.328  8122  8122 I warp-android-host: warp_mobile_android_host::input: input_event kind=scroll x=540.0 y=1359.3 vx=-0.0 vy=-13000.0 events_total=15
05-01 07:29:46.328  9104  9104 I e:iwhInfService: Using CollectorTypeCMC GC.
05-01 07:29:46.329  8122  8122 I warp-android-host: warp_mobile_android_host::vulkan: present_ok frame=2404 ts=162778803
05-01 07:29:46.335  8122  8122 D WarpIme : gesture_scroll x=540.0 y=1251.1123 dx=0.0 dy=108.18555 vx=0.061322052 vy=-12999.918
05-01 07:29:46.336  8122  8122 D warp-android-host: android_logger: android_logger: log::set_logger failed: attempted to set a logger after the logging system was already initialized
05-01 07:29:46.336  8122  8122 I warp-android-host: warp_mobile_android_host::input: input_event kind=scroll x=540.0 y=1251.1 vx=0.1 vy=-12999.9 events_total=16
05-01 07:29:46.337  8122  8122 I warp-android-host: warp_mobile_android_host::vulkan: present_ok frame=2405 ts=162778810
05-01 07:29:46.344  8122  8122 D WarpIme : gesture_scroll x=540.0 y=1142.9375 dx=0.0 dy=108.174805 vx=-0.07104425 vy=-12999.764
05-01 07:29:46.344  8122  8122 D warp-android-host: android_logger: android_logger: log::set_logger failed: attempted to set a logger after the logging system was already initialized
05-01 07:29:46.344  8122  8122 I warp-android-host: warp_mobile_android_host::input: input_event kind=scroll x=540.0 y=1142.9 vx=-0.1 vy=-12999.8 events_total=17
05-01 07:29:46.345  8122  8122 I warp-android-host: warp_mobile_android_host::vulkan: present_ok frame=2406 ts=162778819
05-01 07:29:46.348  9104  9104 I e:iwhInfService: Could not load runtime generated app image: Boot image checksum mismatch (0xb69c1388 != 0xc9cbfb7c) in image /data/user/0/com.samsung.android.wifi.intelligence/cache/oat_primary/arm64/WifiIntelligence.art
05-01 07:29:46.352  8122  8122 D WarpIme : gesture_scroll x=540.0 y=1034.7646 dx=0.0 dy=108.17285 vx=0.13051595 vy=-13000.033
05-01 07:29:46.352  8122  8122 D warp-android-host: android_logger: android_logger: log::set_logger failed: attempted to set a logger after the logging system was already initialized
05-01 07:29:46.352  8122  8122 I warp-android-host: warp_mobile_android_host::input: input_event kind=scroll x=540.0 y=1034.8 vx=0.1 vy=-13000.0 events_total=18
05-01 07:29:46.354  2814  3808 D BackgroundInstallControlService: Package event received: 0
05-01 07:29:46.354  8122  8122 I warp-android-host: warp_mobile_android_host::vulkan: present_ok frame=2407 ts=162778828
05-01 07:29:46.359  9104  9344 I org.tensorflow.lite.h: Loaded native library: tensorflowlite_jni
05-01 07:29:46.359  9104  9344 I org.tensorflow.lite.h: Didn't load native library: tensorflowlite_jni_gms_client
05-01 07:29:46.360  9104  9344 I tflite  : Initialized TensorFlow Lite runtime.
05-01 07:29:46.360  8122  8122 D WarpIme : gesture_scroll x=540.0 y=926.5947 dx=0.0 dy=108.16992 vx=0.08094732 vy=-12999.846
05-01 07:29:46.360  8122  8122 D warp-android-host: android_logger: android_logger: log::set_logger failed: attempted to set a logger after the logging system was already initialized
05-01 07:29:46.360  8122  8122 I warp-android-host: warp_mobile_android_host::input: input_event kind=scroll x=540.0 y=926.6 vx=0.1 vy=-12999.8 events_total=19
05-01 07:29:46.362  8122  8122 I warp-android-host: warp_mobile_android_host::vulkan: present_ok frame=2408 ts=162778835
05-01 07:29:46.369  8122  8122 D WarpIme : gesture_scroll x=540.0 y=818.42773 dx=0.0 dy=108.16699 vx=-0.028646195 vy=-12999.934
05-01 07:29:46.369  8122  8122 D warp-android-host: android_logger: android_logger: log::set_logger failed: attempted to set a logger after the logging system was already initialized
05-01 07:29:46.369  8122  8122 I warp-android-host: warp_mobile_android_host::input: input_event kind=scroll x=540.0 y=818.4 vx=-0.0 vy=-12999.9 events_total=20
05-01 07:29:46.370  8122  8122 I warp-android-host: warp_mobile_android_host::vulkan: present_ok frame=2409 ts=162778844
05-01 07:29:46.377  8122  8122 D WarpIme : gesture_scroll x=540.0 y=710.2637 dx=0.0 dy=108.16406 vx=0.033921465 vy=-12999.95
05-01 07:29:46.377  8122  8122 D warp-android-host: android_logger: android_logger: log::set_logger failed: attempted to set a logger after the logging system was already initialized
05-01 07:29:46.377  8122  8122 I warp-android-host: warp_mobile_android_host::input: input_event kind=scroll x=540.0 y=710.3 vx=0.0 vy=-13000.0 events_total=21
05-01 07:29:46.379  8122  8122 I warp-android-host: warp_mobile_android_host::vulkan: present_ok frame=2410 ts=162778852
05-01 07:29:46.386  8122  8122 D WarpIme : gesture_scroll x=540.0 y=602.1035 dx=0.0 dy=108.16016 vx=0.0066120913 vy=-12999.939
05-01 07:29:46.386  8122  8122 D warp-android-host: android_logger: android_logger: log::set_logger failed: attempted to set a logger after the logging system was already initialized
05-01 07:29:46.386  8122  8122 I warp-android-host: warp_mobile_android_host::input: input_event kind=scroll x=540.0 y=602.1 vx=0.0 vy=-12999.9 events_total=22
05-01 07:29:46.387  8122  8122 I warp-android-host: warp_mobile_android_host::vulkan: present_ok frame=2411 ts=162778861
05-01 07:29:46.388  1802  2321 I CompositionEngine: [setDisplaySize] size=(434, 42)
05-01 07:29:46.393  9104  9344 I tflite  : Created TensorFlow Lite delegate for select TF ops.
05-01 07:29:46.394  9104  9344 I tflite  : TfLiteFlexDelegate delegate: 0 nodes delegated out of 20 nodes with 0 partitions.
05-01 07:29:46.394  8122  8122 D WarpIme : gesture_scroll x=540.0 y=493.9463 dx=0.0 dy=108.15723 vx=0.027739633 vy=-13000.111
