05-01 07:29:47.761  8122  8122 I warp-android-host: warp_mobile_android_host::vulkan: present_ok frame=2576 ts=162780235
05-01 07:29:47.768  2814  4599 D InputDispatcher: Inject motion (9661/2000): action=0x1, time=162780242000000, f=0x0, d=0 dsdx=1.000000 dtdx=0.000000
05-01 07:29:47.769  2814  3644 I InputDispatcher: Delivering touch to (8122): action: 0x1, f=0x0, d=0, '6d0f9ad', t=1 
05-01 07:29:47.770  8122  8122 I warp-android-host: warp_mobile_android_host::vulkan: present_ok frame=2577 ts=162780244
05-01 07:29:47.771  8122  8122 I VRI[MainActivity]@afeb858: ViewPostIme pointer 1
05-01 07:29:47.772  4483  4483 I HoneySpace.GestureInputHandler: reset
05-01 07:29:47.772  4483  4483 I HoneySpace.InputSession: close
05-01 07:29:47.772  2814  2814 I SemDvfsHyPerManager: acquire hyper - GESTURE_DETECTED_HRR/2814@29, type = -999
05-01 07:29:47.772  2814  2814 I SemDvfsHyPerManager: acquire hyper - GESTURE_DETECTED_HRR/2814@29, type = -999
05-01 07:29:47.772  2814  2814 I SemDvfsHyPerManager: acquire hyper - SMOOTH_SCROLL/2814@25, type = -999
05-01 07:29:47.773  7128  7128 I SemDvfsHyPerManager: acquire hyper - TATouchBoost/7128@30, type = -999
05-01 07:29:47.773  7128  7128 I SemDvfsHyPerManager: acquire hyper - TA_TOUCH_SHARE/7128@31, type = -999
05-01 07:29:47.774  1684  1724 I HYPER-HAL: [RequestManager.cpp]releaseLocked(): Released ID : 3966338
05-01 07:29:47.774  1684  1724 I HYPER-HAL: [RequestManager.cpp]acquire(): Acquired ID : 4042775  [2814 / 29]    HINT : GESTURE_DETECTED_HRR    list : [TIMEOUT / 2083] 
05-01 07:29:47.774  1684  1724 I HYPER-HAL: [RequestManager.cpp]acquire(): Acquired ID : 4042775  [2814 / 29]    HINT : GESTURE_DETECTED_HRR    list : [TIMEOUT / 2282] 
05-01 07:29:47.774  1684  1724 I HYPER-HAL: [RequestManager.cpp]acquire(): Acquired ID : 25622091  [7128 / 30]    HINT :      list : [TABoost / 1] [TIMEOUT / 1500] 
05-01 07:29:47.774  1684  1724 I HYPER-HAL: [RequestManager.cpp]acquire(): Acquired ID : 25629251  [7128 / 31]    HINT : TA_TOUCH_SHARE    list : [TIMEOUT / 1500] 
05-01 07:29:47.778  8122  8122 I warp-android-host: warp_mobile_android_host::vulkan: present_ok frame=2578 ts=162780252
05-01 07:29:47.786  8122  8122 I warp-android-host: warp_mobile_android_host::vulkan: present_ok frame=2579 ts=162780259
05-01 07:29:47.793  8122  8122 I warp-android-host: warp_mobile_android_host::vulkan: present_ok frame=2580 ts=162780267
05-01 07:29:47.802  8122  8122 I warp-android-host: warp_mobile_android_host::vulkan: present_ok frame=2581 ts=162780276
05-01 07:29:47.810  8122  8122 I warp-android-host: warp_mobile_android_host::vulkan: present_ok frame=2582 ts=162780284
05-01 07:29:47.813  1802  2321 I CompositionEngine: [setDisplaySize] size=(434, 42)
05-01 07:29:47.819  8122  8122 I warp-android-host: warp_mobile_android_host::vulkan: present_ok frame=2583 ts=162780293
05-01 07:29:47.823  1667  5342 I vendor.qti.bluetooth@1.1-ibs_handler: ProcessIbsCmd: Received IBS_WAKE_IND: 0xFD
05-01 07:29:47.823  1667  5342 D vendor.qti.bluetooth@1.1-ibs_handler: SerialClockVote: vote for UART CLK ON
05-01 07:29:47.823  1667  5342 D vendor.qti.bluetooth@1.1-wake_lock: Acquire wakelock is acquired 
05-01 07:29:47.823  1667  5342 I vendor.qti.bluetooth@1.1-ibs_handler: ProcessIbsCmd: Writing IBS_WAKE_ACK
05-01 07:29:47.826  2814  4599 W ActivityManager: Unable to start service Intent { act=com.skms.android.agent.remote.SKMSAgentProxyService xflg=0x4 pkg=com.skms.android.agent.remote } U=0: not found
05-01 07:29:47.827  8122  8122 I warp-android-host: warp_mobile_android_host::vulkan: present_ok frame=2584 ts=162780301
05-01 07:29:47.835  8122  8122 I warp-android-host: warp_mobile_android_host::vulkan: present_ok frame=2585 ts=162780309
05-01 07:29:47.843  8122  8122 I warp-android-host: warp_mobile_android_host::vulkan: present_ok frame=2586 ts=162780317
05-01 07:29:47.852  8122  8122 I warp-android-host: warp_mobile_android_host::vulkan: present_ok frame=2587 ts=162780325
05-01 07:29:47.859  8122  8122 I warp-android-host: warp_mobile_android_host::vulkan: present_ok frame=2588 ts=162780333
05-01 07:29:47.861  4283  5396 I ScanController: onScanResult to scannerId: 6- eventType=0x1b, addressType=1, address=XX:XX:XX:XX:F3:82, primaryPhy=1, secondaryPhy=0, advertisingSid=0xff, txPower=127, rssi=-52, periodicAdvInt=0x0
05-01 07:29:47.867  8122  8122 I warp-android-host: warp_mobile_android_host::vulkan: present_ok frame=2589 ts=162780341
05-01 07:29:47.878  8122  8122 I warp-android-host: warp_mobile_android_host::vulkan: present_ok frame=2590 ts=162780351
05-01 07:29:47.885  8122  8122 I warp-android-host: warp_mobile_android_host::vulkan: present_ok frame=2591 ts=162780359
05-01 07:29:47.886  2814  3899 D NetdEventListenerService: DNS Requested by 101, 10419(com.coinmarketcap.android), 4(FAIL), isBlocked=true, 0ms
05-01 07:29:47.893  2814  4599 I ActivityManager: Broadcasting: Intent { act=dev.warp.mobile.TERM_SET_SCROLL_OFFSET flg=0x400000 pkg=dev.warp.mobile (has extras) }
05-01 07:29:47.894  8122  8122 I warp-android-host: warp_mobile_android_host::vulkan: present_ok frame=2592 ts=162780368
05-01 07:29:47.895  2814  4599 I ActivityManager: Enqueued broadcast Intent { act=dev.warp.mobile.TERM_SET_SCROLL_OFFSET flg=0x400000 pkg=dev.warp.mobile (has extras) }: 0
05-01 07:29:47.897  8122  8122 D warp-android-host: android_logger: android_logger: log::set_logger failed: attempted to set a logger after the logging system was already initialized
05-01 07:29:47.897  8122  8122 I warp-android-host: warp_mobile_android_host: terminal_set_scroll_offset offset=0 actual=0
05-01 07:29:47.897  8122  8122 I WarpTerminal: TERM_SET_SCROLL_OFFSET offset=0 info=scrollback_len=1000,scrollback_max=1000,scroll_offset=0
05-01 07:29:47.898  1667  5342 I vendor.qti.bluetooth@1.1-ibs_handler: ProcessIbsCmd: Received IBS_SLEEP_IND: 0xFE
05-01 07:29:47.898  1667  5342 D vendor.qti.bluetooth@1.1-ibs_handler: SerialClockVote: vote for UART CLK OFF
05-01 07:29:47.898  2814  3004 I ActivityManager: Broadcast completed: result=0
05-01 07:29:47.901  8122  8122 I warp-android-host: warp_mobile_android_host::vulkan: dynamic_grid_fast_path_ok dt_ms=1 instances=667 fast_path_updates=10 full_reinits=1
05-01 07:29:47.902  8122  8122 I warp-android-host: warp_mobile_android_host::vulkan: present_ok frame=2593 ts=162780376
05-01 07:29:47.902  8122  8122 I warp-android-host: warp_mobile_android_host: terminal_push_frame_dynamic ok=true cells=1920 rows=24 cols=80
05-01 07:29:47.910  8122  8122 I warp-android-host: warp_mobile_android_host::vulkan: present_ok frame=2594 ts=162780383
05-01 07:29:47.913  1802  2321 I CompositionEngine: [setDisplaySize] size=(434, 42)
05-01 07:29:47.920  8122  8122 I warp-android-host: warp_mobile_android_host::vulkan: present_ok frame=2595 ts=162780394
05-01 07:29:47.927  8122  8122 I warp-android-host: warp_mobile_android_host::vulkan: present_ok frame=2596 ts=162780401
05-01 07:29:47.935  1672  2586 I sensors-hal: handle_sns_std_sensor_event:90, light_cct: ts = 243501096657565 ns; value = [0, 0, 5, 5, 0, 15, 0, 0, 0, 0]
05-01 07:29:47.936  8122  8122 I warp-android-host: warp_mobile_android_host::vulkan: present_ok frame=2597 ts=162780409
05-01 07:29:47.944  8122  8122 I warp-android-host: warp_mobile_android_host::vulkan: present_ok frame=2598 ts=162780417
05-01 07:29:47.952  8122  8122 I warp-android-host: warp_mobile_android_host::vulkan: present_ok frame=2599 ts=162780426
05-01 07:29:47.960  8122  8122 I warp-android-host: warp_mobile_android_host::vulkan: present_ok frame=2600 ts=162780434
05-01 07:29:47.969  8122  8122 I warp-android-host: warp_mobile_android_host::vulkan: present_ok frame=2601 ts=162780443
05-01 07:29:47.977  8122  8122 I warp-android-host: warp_mobile_android_host::vulkan: present_ok frame=2602 ts=162780450
05-01 07:29:47.985  8122  8122 I warp-android-host: warp_mobile_android_host::vulkan: present_ok frame=2603 ts=162780459
05-01 07:29:47.994  8122  8122 I warp-android-host: warp_mobile_android_host::vulkan: present_ok frame=2604 ts=162780467
05-01 07:29:48.002  8122  8122 I warp-android-host: warp_mobile_android_host::vulkan: present_ok frame=2605 ts=162780475
05-01 07:29:48.010  8122  8122 I warp-android-host: warp_mobile_android_host::vulkan: present_ok frame=2606 ts=162780484
05-01 07:29:48.019  8122  8122 I warp-android-host: warp_mobile_android_host::vulkan: present_ok frame=2607 ts=162780492
05-01 07:29:48.020  1802  2321 I CompositionEngine: [setDisplaySize] size=(434, 42)
05-01 07:29:48.027  8122  8122 I warp-android-host: warp_mobile_android_host::vulkan: present_ok frame=2608 ts=162780500
05-01 07:29:48.035  8122  8122 I warp-android-host: warp_mobile_android_host::vulkan: present_ok frame=2609 ts=162780509
05-01 07:29:48.043  8122  8122 I warp-android-host: warp_mobile_android_host::vulkan: present_ok frame=2610 ts=162780517
05-01 07:29:48.049  1667  4712 D vendor.qti.bluetooth@1.1-wake_lock: Release wakelock is released 
05-01 07:29:48.052  8122  8122 I warp-android-host: warp_mobile_android_host::vulkan: present_ok frame=2611 ts=162780525
05-01 07:29:48.060  8122  8122 I warp-android-host: warp_mobile_android_host::vulkan: present_ok frame=2612 ts=162780534
05-01 07:29:48.069  8122  8122 I warp-android-host: warp_mobile_android_host::vulkan: present_ok frame=2613 ts=162780542
05-01 07:29:48.077  8122  8122 I warp-android-host: warp_mobile_android_host::vulkan: present_ok frame=2614 ts=162780550
05-01 07:29:48.085  8122  8122 I warp-android-host: warp_mobile_android_host::vulkan: present_ok frame=2615 ts=162780559
05-01 07:29:48.093  8122  8122 I warp-android-host: warp_mobile_android_host::vulkan: present_ok frame=2616 ts=162780567
05-01 07:29:48.101  8122  8122 I warp-android-host: warp_mobile_android_host::vulkan: present_ok frame=2617 ts=162780575
05-01 07:29:48.109  8122  8122 I warp-android-host: warp_mobile_android_host::vulkan: present_ok frame=2618 ts=162780583
05-01 07:29:48.118  8122  8122 I warp-android-host: warp_mobile_android_host::vulkan: present_ok frame=2619 ts=162780591
05-01 07:29:48.120  1802  2321 I CompositionEngine: [setDisplaySize] size=(434, 42)
05-01 07:29:48.126  8122  8122 I warp-android-host: warp_mobile_android_host::vulkan: present_ok frame=2620 ts=162780600
05-01 07:29:48.135  8122  8122 I warp-android-host: warp_mobile_android_host::vulkan: present_ok frame=2621 ts=162780609
05-01 07:29:48.143  8122  8122 I warp-android-host: warp_mobile_android_host::vulkan: present_ok frame=2622 ts=162780617
05-01 07:29:48.151  8122  8122 I warp-android-host: warp_mobile_android_host::vulkan: present_ok frame=2623 ts=162780625
05-01 07:29:48.155  2814  4599 D InputDispatcher: Inject motion (9684/2000): action=0x0, time=162780628000000, f=0x0, d=0 dsdx=1.000000 dtdx=0.000000
05-01 07:29:48.155  2070  2070 I CNSS    : /sys/wifi/max_chipset_log_size doesn't exist
05-01 07:29:48.156  2814  3644 I InputDispatcher: Delivering touch to (3998): action: 0x4, f=0x0, d=0, 'c5a7fd5', t=1 
05-01 07:29:48.156  2814  3644 I InputDispatcher: Delivering touch to (8122): action: 0x0, f=0x0, d=0, '6d0f9ad', t=1 
05-01 07:29:48.156  8122  8122 I VRI[MainActivity]@afeb858: ViewPostIme pointer 0
05-01 07:29:48.157  8122  8122 I WarpIme : touch_down x=540.0 y=1500.0
05-01 07:29:48.157  8122  8122 D warp-android-host: android_logger: android_logger: log::set_logger failed: attempted to set a logger after the logging system was already initialized
05-01 07:29:48.157  8122  8122 I warp-android-host: warp_mobile_android_host::input: input_event kind=touch_down x=540.0 y=1500.0 vx=0.0 vy=0.0 events_total=40
05-01 07:29:48.157  8122  8122 I GestureDetector: obtain mCurrentDownEvent. id: -692122081 caller: dev.warp.mobile.WarpInputView.onTouchEvent:375 android.view.View.performOnTouchCallback:17234 android.view.View.dispatchTouchEvent:17187 
05-01 07:29:48.158  7128  7128 I SemDvfsHyPerManager: acquire hyper - TATouchBoost/7128@30, type = -999
05-01 07:29:48.158  4483  4483 I HoneySpace.GestureInputHandler: inputConsumers = [com.honeyspace.gesture.inputconsumer.InputConsumer$Companion$NO_OP$1@3c5d14e]
05-01 07:29:48.159  7128  7128 I SemDvfsHyPerManager: acquire hyper - TA_TOUCH_SHARE/7128@31, type = -999
05-01 07:29:48.159  4483  4483 I HoneySpace.InputSession: inputConsumers = NO_OP
05-01 07:29:48.159  8122  8122 I warp-android-host: warp_mobile_android_host::vulkan: present_ok frame=2624 ts=162780633
05-01 07:29:48.160  4483  4483 I HoneySpace.InputSession: open
05-01 07:29:48.160  1684  1724 I HYPER-HAL: [RequestManager.cpp]acquire(): Acquired ID : 25622091  [7128 / 30]    HINT :      list : [TABoost / 1] [TIMEOUT / 1500] 
05-01 07:29:48.161  2814  3005 I GestureDetector: obtain mCurrentDownEvent. id: -692122081 caller: com.android.server.wm.SystemGesturesPointerEventListener.onPointerEvent:17 com.android.server.wm.PointerEventDispatcher.onInputEvent:51 android.view.InputEventReceiver.dispatchInputEvent:392 
05-01 07:29:48.161  1684  1724 I HYPER-HAL: [RequestManager.cpp]acquire(): Acquired ID : 25629251  [7128 / 31]    HINT : TA_TOUCH_SHARE    list : [TIMEOUT / 1500] 
05-01 07:29:48.161  2814  3005 I GestureDetector: obtain mCurrentDownEvent. id: -692122081 caller: com.android.server.wm.SystemPerformancePointerEventListener.onPointerEvent:13 com.android.server.wm.PointerEventDispatcher.onInputEvent:51 android.view.InputEventReceiver.dispatchInputEvent:392 
05-01 07:29:48.164  2814  3005 I GestureDetector: obtain mCurrentMotionEventRaw. action: 2 id: -943865315
05-01 07:29:48.164  2814  3005 I GestureDetector: obtain mCurrentMotionEventRaw. action: 2 id: -943865315
05-01 07:29:48.165  2814  2814 I SemDvfsHyPerManager: acquire hyper - WM_SCROLL_DETECTED/2814@2, type = -999
05-01 07:29:48.165  1684  1724 I HYPER-HAL: [RequestManager.cpp]acquire(): Acquired ID : 3966338  [2814 / 2]    HINT :      list : [CoreNumBigMin / 3] 
05-01 07:29:48.168  8122  8122 I warp-android-host: warp_mobile_android_host::vulkan: present_ok frame=2625 ts=162780641
05-01 07:29:48.175  8122  8122 I GestureDetector: obtain mCurrentMotionEventRaw. action: 2 id: -943865315
05-01 07:29:48.176  8122  8122 D WarpIme : gesture_scroll x=540.0 y=1324.5 dx=0.0 dy=175.5 vx=-0.009590749 vy=-13000.02
05-01 07:29:48.176  8122  8122 D warp-android-host: android_logger: android_logger: log::set_logger failed: attempted to set a logger after the logging system was already initialized
05-01 07:29:48.176  8122  8122 I warp-android-host: warp_mobile_android_host::input: input_event kind=scroll x=540.0 y=1324.5 vx=-0.0 vy=-13000.0 events_total=41
05-01 07:29:48.178  8122  8122 I warp-android-host: warp_mobile_android_host::vulkan: present_ok frame=2626 ts=162780652
05-01 07:29:48.184  8122  8122 D WarpIme : gesture_scroll x=540.0 y=1194.6201 dx=0.0 dy=129.87988 vx=0.0 vy=-12999.646
05-01 07:29:48.184  8122  8122 D warp-android-host: android_logger: android_logger: log::set_logger failed: attempted to set a logger after the logging system was already initialized
05-01 07:29:48.184  8122  8122 I warp-android-host: warp_mobile_android_host::input: input_event kind=scroll x=540.0 y=1194.6 vx=0.0 vy=-12999.6 events_total=42
05-01 07:29:48.186  8122  8122 I warp-android-host: warp_mobile_android_host::vulkan: present_ok frame=2627 ts=162780660
05-01 07:29:48.192  8122  8122 D WarpIme : gesture_scroll x=540.0 y=1086.4346 dx=0.0 dy=108.18555 vx=0.05501987 vy=-12999.7
05-01 07:29:48.192  8122  8122 D warp-android-host: android_logger: android_logger: log::set_logger failed: attempted to set a logger after the logging system was already initialized
05-01 07:29:48.192  8122  8122 I warp-android-host: warp_mobile_android_host::input: input_event kind=scroll x=540.0 y=1086.4 vx=0.1 vy=-12999.7 events_total=43
05-01 07:29:48.194  8122  8122 I warp-android-host: warp_mobile_android_host::vulkan: present_ok frame=2628 ts=162780667
05-01 07:29:48.200  8122  8122 D WarpIme : gesture_scroll x=540.0 y=978.249 dx=0.0 dy=108.18555 vx=0.014140426 vy=-12999.832
05-01 07:29:48.200  8122  8122 D warp-android-host: android_logger: android_logger: log::set_logger failed: attempted to set a logger after the logging system was already initialized
05-01 07:29:48.200  8122  8122 I warp-android-host: warp_mobile_android_host::input: input_event kind=scroll x=540.0 y=978.2 vx=0.0 vy=-12999.8 events_total=44
05-01 07:29:48.203  8122  8122 I warp-android-host: warp_mobile_android_host::vulkan: present_ok frame=2629 ts=162780677
05-01 07:29:48.209  8122  8122 D WarpIme : gesture_scroll x=540.0 y=870.0625 dx=0.0 dy=108.18652 vx=-0.03933132 vy=-13000.011
05-01 07:29:48.209  8122  8122 D warp-android-host: android_logger: android_logger: log::set_logger failed: attempted to set a logger after the logging system was already initialized
05-01 07:29:48.209  8122  8122 I warp-android-host: warp_mobile_android_host::input: input_event kind=scroll x=540.0 y=870.1 vx=-0.0 vy=-13000.0 events_total=45
05-01 07:29:48.212  8122  8122 I warp-android-host: warp_mobile_android_host::vulkan: present_ok frame=2630 ts=162780685
05-01 07:29:48.217  8122  8122 D WarpIme : gesture_scroll x=540.0 y=761.876 dx=0.0 dy=108.18652 vx=-0.041028783 vy=-13000.06
05-01 07:29:48.217  8122  8122 D warp-android-host: android_logger: android_logger: log::set_logger failed: attempted to set a logger after the logging system was already initialized
05-01 07:29:48.217  8122  8122 I warp-android-host: warp_mobile_android_host::input: input_event kind=scroll x=540.0 y=761.9 vx=-0.0 vy=-13000.1 events_total=46
05-01 07:29:48.220  8122  8122 I warp-android-host: warp_mobile_android_host::vulkan: present_ok frame=2631 ts=162780694
05-01 07:29:48.221  1802  2321 I CompositionEngine: [setDisplaySize] size=(434, 42)
05-01 07:29:48.225  8122  8122 D WarpIme : gesture_scroll x=540.0 y=653.6904 dx=0.0 dy=108.18555 vx=0.024957268 vy=-13000.066
05-01 07:29:48.225  8122  8122 D warp-android-host: android_logger: android_logger: log::set_logger failed: attempted to set a logger after the logging system was already initialized
05-01 07:29:48.225  8122  8122 I warp-android-host: warp_mobile_android_host::input: input_event kind=scroll x=540.0 y=653.7 vx=0.0 vy=-13000.1 events_total=47
05-01 07:29:48.228  8122  8122 I warp-android-host: warp_mobile_android_host::vulkan: present_ok frame=2632 ts=162780702
05-01 07:29:48.234  8122  8122 D WarpIme : gesture_scroll x=540.0 y=545.5049 dx=0.0 dy=108.18555 vx=-0.008006586 vy=-13000.073
05-01 07:29:48.234  8122  8122 D warp-android-host: android_logger: android_logger: log::set_logger failed: attempted to set a logger after the logging system was already initialized
05-01 07:29:48.234  8122  8122 I warp-android-host: warp_mobile_android_host::input: input_event kind=scroll x=540.0 y=545.5 vx=-0.0 vy=-13000.1 events_total=48
05-01 07:29:48.236  8122  8122 I warp-android-host: warp_mobile_android_host::vulkan: present_ok frame=2633 ts=162780710
05-01 07:29:48.242  8122  8122 D WarpIme : gesture_scroll x=540.0 y=437.3213 dx=0.0 dy=108.18359 vx=-0.05327743 vy=-12999.903
05-01 07:29:48.242  8122  8122 D warp-android-host: android_logger: android_logger: log::set_logger failed: attempted to set a logger after the logging system was already initialized
05-01 07:29:48.242  8122  8122 I warp-android-host: warp_mobile_android_host::input: input_event kind=scroll x=540.0 y=437.3 vx=-0.1 vy=-12999.9 events_total=49
05-01 07:29:48.245  8122  8122 I warp-android-host: warp_mobile_android_host::vulkan: present_ok frame=2634 ts=162780719
05-01 07:29:48.250  8122  8122 D WarpIme : gesture_scroll x=540.0 y=329.13477 dx=0.0 dy=108.18652 vx=0.015502306 vy=-13000.113
05-01 07:29:48.250  8122  8122 D warp-android-host: android_logger: android_logger: log::set_logger failed: attempted to set a logger after the logging system was already initialized
05-01 07:29:48.251  8122  8122 I warp-android-host: warp_mobile_android_host::input: input_event kind=scroll x=540.0 y=329.1 vx=0.0 vy=-13000.1 events_total=50
05-01 07:29:48.253  8122  8122 I warp-android-host: warp_mobile_android_host::vulkan: present_ok frame=2635 ts=162780727
05-01 07:29:48.258  8122  8122 D WarpIme : gesture_scroll x=540.0 y=220.94824 dx=0.0 dy=108.18652 vx=-0.022266997 vy=-12999.97
05-01 07:29:48.259  8122  8122 D warp-android-host: android_logger: android_logger: log::set_logger failed: attempted to set a logger after the logging system was already initialized
05-01 07:29:48.259  8122  8122 I warp-android-host: warp_mobile_android_host::input: input_event kind=scroll x=540.0 y=220.9 vx=-0.0 vy=-13000.0 events_total=51
05-01 07:29:48.259  2814  4599 D InputDispatcher: Inject motion (9684/2000): action=0x1, time=162780733000000, f=0x0, d=0 dsdx=1.000000 dtdx=0.000000
05-01 07:29:48.260  2814  3644 I InputDispatcher: Delivering touch to (8122): action: 0x1, f=0x0, d=0, '6d0f9ad', t=1 
05-01 07:29:48.261  8122  8122 I warp-android-host: warp_mobile_android_host::vulkan: present_ok frame=2636 ts=162780735
05-01 07:29:48.261  4483  4483 I HoneySpace.GestureInputHandler: reset
05-01 07:29:48.261  4483  4483 I HoneySpace.InputSession: close
05-01 07:29:48.262  8122  8122 I VRI[MainActivity]@afeb858: ViewPostIme pointer 1
05-01 07:29:48.262  8122  8122 I WarpIme : touch_up x=540.0 y=200.0
05-01 07:29:48.262  8122  8122 D warp-android-host: android_logger: android_logger: log::set_logger failed: attempted to set a logger after the logging system was already initialized
05-01 07:29:48.262  8122  8122 I warp-android-host: warp_mobile_android_host::input: input_event kind=touch_up x=540.0 y=200.0 vx=0.0 vy=0.0 events_total=52
05-01 07:29:48.262  8122  8122 I WarpIme : gesture_fling vx=-0.022266997 vy=-12999.97
05-01 07:29:48.262  2814  2814 I SemDvfsHyPerManager: acquire hyper - SMOOTH_SCROLL/2814@25, type = -999
05-01 07:29:48.262  2814  2814 I SemDvfsHyPerManager: acquire hyper - GESTURE_DETECTED_HRR/2814@29, type = -999
05-01 07:29:48.263  2814  2814 I SemDvfsHyPerManager: acquire hyper - GESTURE_DETECTED_HRR/2814@29, type = -999
05-01 07:29:48.263  7128  7128 I SemDvfsHyPerManager: acquire hyper - TATouchBoost/7128@30, type = -999
05-01 07:29:48.264  1684  1724 I HYPER-HAL: [RequestManager.cpp]releaseLocked(): Released ID : 3966338
05-01 07:29:48.264  1684  1724 I HYPER-HAL: [RequestManager.cpp]acquire(): Acquired ID : 4042775  [2814 / 29]    HINT : GESTURE_DETECTED_HRR    list : [TIMEOUT / 2083] 
05-01 07:29:48.264  7128  7128 I SemDvfsHyPerManager: acquire hyper - TA_TOUCH_SHARE/7128@31, type = -999
05-01 07:29:48.265  1684  1724 I HYPER-HAL: [RequestManager.cpp]acquire(): Acquired ID : 4042775  [2814 / 29]    HINT : GESTURE_DETECTED_HRR    list : [TIMEOUT / 2282] 
05-01 07:29:48.265  1684  1724 I HYPER-HAL: [RequestManager.cpp]acquire(): Acquired ID : 25622091  [7128 / 30]    HINT :      list : [TABoost / 1] [TIMEOUT / 1500] 
05-01 07:29:48.265  1684  1724 I HYPER-HAL: [RequestManager.cpp]acquire(): Acquired ID : 25629251  [7128 / 31]    HINT : TA_TOUCH_SHARE    list : [TIMEOUT / 1500] 
05-01 07:29:48.268  8122  8122 I warp-android-host: warp_mobile_android_host::vulkan: present_ok frame=2637 ts=162780742
05-01 07:29:48.276  8122  8122 I warp-android-host: warp_mobile_android_host::vulkan: present_ok frame=2638 ts=162780750
05-01 07:29:48.285  8122  8122 I warp-android-host: warp_mobile_android_host::vulkan: present_ok frame=2639 ts=162780758
05-01 07:29:48.294  8122  8122 I warp-android-host: warp_mobile_android_host::vulkan: present_ok frame=2640 ts=162780767
05-01 07:29:48.302  8122  8122 I warp-android-host: warp_mobile_android_host::vulkan: present_ok frame=2641 ts=162780775
05-01 07:29:48.310  8122  8122 I warp-android-host: warp_mobile_android_host::vulkan: present_ok frame=2642 ts=162780783
05-01 07:29:48.318  8122  8122 I warp-android-host: warp_mobile_android_host::vulkan: present_ok frame=2643 ts=162780792
05-01 07:29:48.321  1802  2321 I CompositionEngine: [setDisplaySize] size=(434, 42)
05-01 07:29:48.327  8122  8122 I warp-android-host: warp_mobile_android_host::vulkan: present_ok frame=2644 ts=162780801
05-01 07:29:48.334  8122  8122 I warp-android-host: warp_mobile_android_host::vulkan: present_ok frame=2645 ts=162780808
05-01 07:29:48.343  8122  8122 I warp-android-host: warp_mobile_android_host::vulkan: present_ok frame=2646 ts=162780816
05-01 07:29:48.351  8122  8122 I warp-android-host: warp_mobile_android_host::vulkan: present_ok frame=2647 ts=162780824
05-01 07:29:48.359  8122  8122 I warp-android-host: warp_mobile_android_host::vulkan: present_ok frame=2648 ts=162780833
05-01 07:29:48.368  8122  8122 I warp-android-host: warp_mobile_android_host::vulkan: present_ok frame=2649 ts=162780841
05-01 07:29:48.376  8122  8122 I warp-android-host: warp_mobile_android_host::vulkan: present_ok frame=2650 ts=162780850
05-01 07:29:48.384  8122  8122 I warp-android-host: warp_mobile_android_host::vulkan: present_ok frame=2651 ts=162780858
05-01 07:29:48.387  2814  4599 I ActivityManager: Broadcasting: Intent { act=dev.warp.mobile.TERM_SET_SCROLL_OFFSET flg=0x400000 pkg=dev.warp.mobile (has extras) }
05-01 07:29:48.387  2814  4599 I ActivityManager: Enqueued broadcast Intent { act=dev.warp.mobile.TERM_SET_SCROLL_OFFSET flg=0x400000 pkg=dev.warp.mobile (has extras) }: 0
05-01 07:29:48.389  8122  8122 D warp-android-host: android_logger: android_logger: log::set_logger failed: attempted to set a logger after the logging system was already initialized
05-01 07:29:48.389  8122  8122 I warp-android-host: warp_mobile_android_host: terminal_set_scroll_offset offset=5 actual=5
05-01 07:29:48.389  8122  8122 I WarpTerminal: TERM_SET_SCROLL_OFFSET offset=5 info=scrollback_len=1000,scrollback_max=1000,scroll_offset=5
05-01 07:29:48.390  2814  3004 I ActivityManager: Broadcast completed: result=0
05-01 07:29:48.392  8122  8122 I warp-android-host: warp_mobile_android_host::vulkan: dynamic_grid_fast_path_ok dt_ms=1 instances=696 fast_path_updates=11 full_reinits=1
05-01 07:29:48.394  8122  8122 I warp-android-host: warp_mobile_android_host::vulkan: present_ok frame=2652 ts=162780868
05-01 07:29:48.394  8122  8122 I warp-android-host: warp_mobile_android_host: terminal_push_frame_dynamic ok=true cells=1920 rows=24 cols=80
05-01 07:29:48.401  8122  8122 I warp-android-host: warp_mobile_android_host::vulkan: present_ok frame=2653 ts=162780874
05-01 07:29:48.409  8122  8122 I warp-android-host: warp_mobile_android_host::vulkan: present_ok frame=2654 ts=162780883
05-01 07:29:48.419  8122  8122 I warp-android-host: warp_mobile_android_host::vulkan: present_ok frame=2655 ts=162780892
05-01 07:29:48.427  8122  8122 I warp-android-host: warp_mobile_android_host::vulkan: present_ok frame=2656 ts=162780901
05-01 07:29:48.428  1802  2321 I CompositionEngine: [setDisplaySize] size=(434, 42)
05-01 07:29:48.434  8122  8122 I warp-android-host: warp_mobile_android_host::vulkan: present_ok frame=2657 ts=162780908
05-01 07:29:48.443  8122  8122 I warp-android-host: warp_mobile_android_host::vulkan: present_ok frame=2658 ts=162780917
05-01 07:29:48.451  8122  8122 I warp-android-host: warp_mobile_android_host::vulkan: present_ok frame=2659 ts=162780925
05-01 07:29:48.460  8122  8122 I warp-android-host: warp_mobile_android_host::vulkan: present_ok frame=2660 ts=162780933
05-01 07:29:48.468  8122  8122 I warp-android-host: warp_mobile_android_host::vulkan: present_ok frame=2661 ts=162780941
05-01 07:29:48.477  8122  8122 I warp-android-host: warp_mobile_android_host::vulkan: present_ok frame=2662 ts=162780951
05-01 07:29:48.485  8122  8122 I warp-android-host: warp_mobile_android_host::vulkan: present_ok frame=2663 ts=162780958
05-01 07:29:48.493  8122  8122 I warp-android-host: warp_mobile_android_host::vulkan: present_ok frame=2664 ts=162780967
05-01 07:29:48.501  8122  8122 I warp-android-host: warp_mobile_android_host::vulkan: present_ok frame=2665 ts=162780975
05-01 07:29:48.510  8122  8122 I warp-android-host: warp_mobile_android_host::vulkan: present_ok frame=2666 ts=162780983
05-01 07:29:48.518  8122  8122 I warp-android-host: warp_mobile_android_host::vulkan: present_ok frame=2667 ts=162780992
05-01 07:29:48.526  8122  8122 I warp-android-host: warp_mobile_android_host::vulkan: present_ok frame=2668 ts=162781000
05-01 07:29:48.528  1802  2321 I CompositionEngine: [setDisplaySize] size=(434, 42)
05-01 07:29:48.535  8122  8122 I warp-android-host: warp_mobile_android_host::vulkan: present_ok frame=2669 ts=162781009
05-01 07:29:48.543  8122  8122 I warp-android-host: warp_mobile_android_host::vulkan: present_ok frame=2670 ts=162781017
05-01 07:29:48.551  8122  8122 I warp-android-host: warp_mobile_android_host::vulkan: present_ok frame=2671 ts=162781025
05-01 07:29:48.559  8122  8122 I warp-android-host: warp_mobile_android_host::vulkan: present_ok frame=2672 ts=162781033
05-01 07:29:48.568  8122  8122 I warp-android-host: warp_mobile_android_host::vulkan: present_ok frame=2673 ts=162781041
05-01 07:29:48.575  1672  6806 I sensors-hal: handle_sns_std_sensor_event:131, [SSC_LIGHT] A: 0(0),c:1,b:15,m:13,cl:0,l:0,s:0,l0:0,l1:0,s0:0,s1:0,acl:1,opr:0.02,f(r):77,u(bl):100,if:0,wi:0,si:0,po:0(N:0)
05-01 07:29:48.575  1672  2564 I sensors-hal: handle_sns_std_sensor_event:409, [SSC_LIGHT] P: 0(0),c:1,b:15,m:13,cl:0,l:0,s:0,l0:0,l1:0,s0:0,s1:0,acl:1,opr:0.02,f(r):77,u(bl):100,if:0,wi:0,si:0,po:0(N:0)
05-01 07:29:48.577  8122  8122 I warp-android-host: warp_mobile_android_host::vulkan: present_ok frame=2674 ts=162781050
05-01 07:29:48.584  8122  8122 I warp-android-host: warp_mobile_android_host::vulkan: present_ok frame=2675 ts=162781058
05-01 07:29:48.592  8122  8122 I warp-android-host: warp_mobile_android_host::vulkan: present_ok frame=2676 ts=162781066
05-01 07:29:48.601  8122  8122 I warp-android-host: warp_mobile_android_host::vulkan: present_ok frame=2677 ts=162781074
05-01 07:29:48.609  8122  8122 I warp-android-host: warp_mobile_android_host::vulkan: present_ok frame=2678 ts=162781083
05-01 07:29:48.617  8122  8122 I warp-android-host: warp_mobile_android_host::vulkan: present_ok frame=2679 ts=162781091
05-01 07:29:48.619  3967  4278 D SatelliteController: isInCarrierRoamingNbIotNtn: satellite is disabled
05-01 07:29:48.622  2814  5825 D InputDispatcher: Inject motion (9730/2000): action=0x0, time=162781095000000, f=0x0, d=0 dsdx=1.000000 dtdx=0.000000
05-01 07:29:48.623  2814  3644 I InputDispatcher: Delivering touch to (3998): action: 0x4, f=0x0, d=0, 'c5a7fd5', t=1 
05-01 07:29:48.623  2814  3644 I InputDispatcher: Delivering touch to (8122): action: 0x0, f=0x0, d=0, '6d0f9ad', t=1 
05-01 07:29:48.623  8122  8122 I VRI[MainActivity]@afeb858: ViewPostIme pointer 0
05-01 07:29:48.625  4483  4483 I HoneySpace.GestureInputHandler: inputConsumers = [com.honeyspace.gesture.inputconsumer.InputConsumer$Companion$NO_OP$1@3c5d14e]
05-01 07:29:48.625  8122  8122 I warp-android-host: warp_mobile_android_host::vulkan: present_ok frame=2680 ts=162781099
05-01 07:29:48.625  4483  4483 I HoneySpace.InputSession: inputConsumers = NO_OP
05-01 07:29:48.626  4483  4483 I HoneySpace.InputSession: open
05-01 07:29:48.626  7128  7128 I SemDvfsHyPerManager: acquire hyper - TATouchBoost/7128@30, type = -999
05-01 07:29:48.627  7128  7128 I SemDvfsHyPerManager: acquire hyper - TA_TOUCH_SHARE/7128@31, type = -999
05-01 07:29:48.627  2814  3005 I GestureDetector: obtain mCurrentDownEvent. id: -361544756 caller: com.android.server.wm.SystemGesturesPointerEventListener.onPointerEvent:17 com.android.server.wm.PointerEventDispatcher.onInputEvent:51 android.view.InputEventReceiver.dispatchInputEvent:392 
05-01 07:29:48.627  2814  3005 I GestureDetector: obtain mCurrentDownEvent. id: -361544756 caller: com.android.server.wm.SystemPerformancePointerEventListener.onPointerEvent:13 com.android.server.wm.PointerEventDispatcher.onInputEvent:51 android.view.InputEventReceiver.dispatchInputEvent:392 
05-01 07:29:48.628  1684  1724 I HYPER-HAL: [RequestManager.cpp]acquire(): Acquired ID : 25622091  [7128 / 30]    HINT :      list : [TABoost / 1] [TIMEOUT / 1500] 
05-01 07:29:48.628  1684  1724 I HYPER-HAL: [RequestManager.cpp]acquire(): Acquired ID : 25629251  [7128 / 31]    HINT : TA_TOUCH_SHARE    list : [TIMEOUT / 1500] 
05-01 07:29:48.629  1802  2321 I CompositionEngine: [setDisplaySize] size=(434, 42)
05-01 07:29:48.629  3998  4212 D MobileSignalTransitionManager: updateSignalTransition
05-01 07:29:48.631  2814  3005 I GestureDetector: obtain mCurrentMotionEventRaw. action: 2 id: -680650110
05-01 07:29:48.631  2814  3005 I GestureDetector: obtain mCurrentMotionEventRaw. action: 2 id: -680650110
05-01 07:29:48.632  2814  2814 I SemDvfsHyPerManager: acquire hyper - WM_SCROLL_DETECTED/2814@2, type = -999
05-01 07:29:48.633  1684  1724 I HYPER-HAL: [RequestManager.cpp]acquire(): Acquired ID : 3966338  [2814 / 2]    HINT :      list : [CoreNumBigMin / 3] 
05-01 07:29:48.634  4483  4705 I HoneySpace.StatusIconTracker: invokeEvent() called with: event = Mobile(bundle=Bundle[mParcelledData.dataSize=256])
05-01 07:29:48.634  8122  8122 I warp-android-host: warp_mobile_android_host::vulkan: present_ok frame=2681 ts=162781108
05-01 07:29:48.644  8122  8122 I warp-android-host: warp_mobile_android_host::vulkan: present_ok frame=2682 ts=162781117
05-01 07:29:48.652  8122  8122 I warp-android-host: warp_mobile_android_host::vulkan: present_ok frame=2683 ts=162781126
05-01 07:29:48.660  8122  8122 I warp-android-host: warp_mobile_android_host::vulkan: present_ok frame=2684 ts=162781134
05-01 07:29:48.669  8122  8122 I warp-android-host: warp_mobile_android_host::vulkan: present_ok frame=2685 ts=162781142
05-01 07:29:48.677  8122  8122 I warp-android-host: warp_mobile_android_host::vulkan: present_ok frame=2686 ts=162781150
05-01 07:29:48.685  8122  8122 I warp-android-host: warp_mobile_android_host::vulkan: present_ok frame=2687 ts=162781159
05-01 07:29:48.693  8122  8122 I warp-android-host: warp_mobile_android_host::vulkan: present_ok frame=2688 ts=162781167
05-01 07:29:48.701  8122  8122 I warp-android-host: warp_mobile_android_host::vulkan: present_ok frame=2689 ts=162781175
05-01 07:29:48.710  8122  8122 I warp-android-host: warp_mobile_android_host::vulkan: present_ok frame=2690 ts=162781183
05-01 07:29:48.718  8122  8122 I warp-android-host: warp_mobile_android_host::vulkan: present_ok frame=2691 ts=162781192
05-01 07:29:48.725  2814  5825 D InputDispatcher: Inject motion (9730/2000): action=0x1, time=162781199000000, f=0x0, d=0 dsdx=1.000000 dtdx=0.000000
05-01 07:29:48.726  2814  3644 I InputDispatcher: Delivering touch to (8122): action: 0x1, f=0x0, d=0, '6d0f9ad', t=1 
05-01 07:29:48.727  2814  3644 D PowerManagerService: [api] userActivityFromNative : touch displayId=0 eventTime=162781199
05-01 07:29:48.728  8122  8122 I warp-android-host: warp_mobile_android_host::vulkan: present_ok frame=2692 ts=162781201
05-01 07:29:48.728  8122  8122 I VRI[MainActivity]@afeb858: ViewPostIme pointer 1
05-01 07:29:48.729  4483  4483 I HoneySpace.GestureInputHandler: reset
05-01 07:29:48.729  4483  4483 I HoneySpace.InputSession: close
05-01 07:29:48.731  2814  2814 I SemDvfsHyPerManager: acquire hyper - GESTURE_DETECTED_HRR/2814@29, type = -999
05-01 07:29:48.731  2814  2814 I SemDvfsHyPerManager: acquire hyper - GESTURE_DETECTED_HRR/2814@29, type = -999
05-01 07:29:48.731  2814  2814 I SemDvfsHyPerManager: acquire hyper - SMOOTH_SCROLL/2814@25, type = -999
05-01 07:29:48.732  1684  1724 I HYPER-HAL: [RequestManager.cpp]releaseLocked(): Released ID : 3966338
05-01 07:29:48.733  1684  1724 I HYPER-HAL: [RequestManager.cpp]acquire(): Acquired ID : 4042775  [2814 / 29]    HINT : GESTURE_DETECTED_HRR    list : [TIMEOUT / 2083] 
05-01 07:29:48.733  1684  1724 I HYPER-HAL: [RequestManager.cpp]acquire(): Acquired ID : 4042775  [2814 / 29]    HINT : GESTURE_DETECTED_HRR    list : [TIMEOUT / 2282] 
05-01 07:29:48.734  7128  7128 I SemDvfsHyPerManager: acquire hyper - TATouchBoost/7128@30, type = -999
05-01 07:29:48.734  8122  8122 I warp-android-host: warp_mobile_android_host::vulkan: present_ok frame=2693 ts=162781208
05-01 07:29:48.735  1802  2321 I CompositionEngine: [setDisplaySize] size=(434, 42)
05-01 07:29:48.735  7128  7128 I SemDvfsHyPerManager: acquire hyper - TA_TOUCH_SHARE/7128@31, type = -999
05-01 07:29:48.736  1684  1724 I HYPER-HAL: [RequestManager.cpp]acquire(): Acquired ID : 25622091  [7128 / 30]    HINT :      list : [TABoost / 1] [TIMEOUT / 1500] 
05-01 07:29:48.736  1684  1724 I HYPER-HAL: [RequestManager.cpp]acquire(): Acquired ID : 25629251  [7128 / 31]    HINT : TA_TOUCH_SHARE    list : [TIMEOUT / 1500] 
05-01 07:29:48.743  8122  8122 I warp-android-host: warp_mobile_android_host::vulkan: present_ok frame=2694 ts=162781216
05-01 07:29:48.746  1792  1822 E HeatmapThread: ECT Thread time in milliseconds: 1777591788
05-01 07:29:48.749  1792  1822 D HeatmapThread: !@ batteryplugType : 2
05-01 07:29:48.750  1792  1822 D HeatmapThread: !@ batteryLevel : 100  batteryTemperature : 326 
05-01 07:29:48.750  1792  1822 D HeatmapThread: !@ Heatmap currtime: 29626529
05-01 07:29:48.750  1792  1822 D HeatmapThread: !@ Heatmap prevtime: 29626524
05-01 07:29:48.750  1792  1822 D HeatmapThread: !@ Heatmap plugstarttime: 29625649
05-01 07:29:48.750  1792  1822 D HeatmapThread: !@ Heatmap prevv_dsoh_update_time: 29626512
05-01 07:29:48.750  1792  1822 E HeatmapThread: !@ CAM New BSOH: 100
05-01 07:29:48.750  1792  1822 E HeatmapThread: !@ CAM is Working
05-01 07:29:48.752  8122  8122 I warp-android-host: warp_mobile_android_host::vulkan: present_ok frame=2695 ts=162781226
05-01 07:29:48.759  8122  8122 I warp-android-host: warp_mobile_android_host::vulkan: present_ok frame=2696 ts=162781233
05-01 07:29:48.768  8122  8122 I warp-android-host: warp_mobile_android_host::vulkan: present_ok frame=2697 ts=162781241
05-01 07:29:48.776  8122  8122 I warp-android-host: warp_mobile_android_host::vulkan: present_ok frame=2698 ts=162781250
05-01 07:29:48.784  8122  8122 I warp-android-host: warp_mobile_android_host::vulkan: present_ok frame=2699 ts=162781258
05-01 07:29:48.793  8122  8122 I warp-android-host: warp_mobile_android_host::vulkan: present_ok frame=2700 ts=162781266
05-01 07:29:48.801  8122  8122 I warp-android-host: warp_mobile_android_host::vulkan: present_ok frame=2701 ts=162781274
05-01 07:29:48.809  8122  8122 I warp-android-host: warp_mobile_android_host::vulkan: present_ok frame=2702 ts=162781283
05-01 07:29:48.817  8122  8122 I warp-android-host: warp_mobile_android_host::vulkan: present_ok frame=2703 ts=162781291
05-01 07:29:48.825  8122  8122 I warp-android-host: warp_mobile_android_host::vulkan: present_ok frame=2704 ts=162781299
05-01 07:29:48.830  2814  5825 W ActivityManager: Unable to start service Intent { act=com.skms.android.agent.remote.SKMSAgentProxyService xflg=0x4 pkg=com.skms.android.agent.remote } U=0: not found
05-01 07:29:48.834  8122  8122 I warp-android-host: warp_mobile_android_host::vulkan: present_ok frame=2705 ts=162781307
05-01 07:29:48.836  1802  2321 I CompositionEngine: [setDisplaySize] size=(434, 42)
05-01 07:29:48.842  8122  8122 I warp-android-host: warp_mobile_android_host::vulkan: present_ok frame=2706 ts=162781316
05-01 07:29:48.850  8122  8122 I warp-android-host: warp_mobile_android_host::vulkan: present_ok frame=2707 ts=162781324
05-01 07:29:48.851  2814  5825 I ActivityManager: Broadcasting: Intent { act=dev.warp.mobile.TERM_SET_SCROLL_OFFSET flg=0x400000 pkg=dev.warp.mobile (has extras) }
05-01 07:29:48.852  2814  5825 I ActivityManager: Enqueued broadcast Intent { act=dev.warp.mobile.TERM_SET_SCROLL_OFFSET flg=0x400000 pkg=dev.warp.mobile (has extras) }: 0
05-01 07:29:48.853  8122  8122 D warp-android-host: android_logger: android_logger: log::set_logger failed: attempted to set a logger after the logging system was already initialized
05-01 07:29:48.854  8122  8122 I warp-android-host: warp_mobile_android_host: terminal_set_scroll_offset offset=0 actual=0
05-01 07:29:48.854  8122  8122 I WarpTerminal: TERM_SET_SCROLL_OFFSET offset=0 info=scrollback_len=1000,scrollback_max=1000,scroll_offset=0
05-01 07:29:48.855  2814  3004 I ActivityManager: Broadcast completed: result=0
05-01 07:29:48.858  8122  8122 I warp-android-host: warp_mobile_android_host::vulkan: dynamic_grid_fast_path_ok dt_ms=1 instances=667 fast_path_updates=12 full_reinits=1
05-01 07:29:48.860  8122  8122 I warp-android-host: warp_mobile_android_host::vulkan: present_ok frame=2708 ts=162781333
05-01 07:29:48.860  8122  8122 I warp-android-host: warp_mobile_android_host: terminal_push_frame_dynamic ok=true cells=1920 rows=24 cols=80
05-01 07:29:48.867  8122  8122 I warp-android-host: warp_mobile_android_host::vulkan: present_ok frame=2709 ts=162781340
05-01 07:29:48.876  8122  8122 I warp-android-host: warp_mobile_android_host::vulkan: present_ok frame=2710 ts=162781349
05-01 07:29:48.884  8122  8122 I warp-android-host: warp_mobile_android_host::vulkan: present_ok frame=2711 ts=162781358
05-01 07:29:48.893  8122  8122 I warp-android-host: warp_mobile_android_host::vulkan: present_ok frame=2712 ts=162781366
05-01 07:29:48.901  8122  8122 I warp-android-host: warp_mobile_android_host::vulkan: present_ok frame=2713 ts=162781374
05-01 07:29:48.909  8122  8122 I warp-android-host: warp_mobile_android_host::vulkan: present_ok frame=2714 ts=162781383
05-01 07:29:48.917  8122  8122 I warp-android-host: warp_mobile_android_host::vulkan: present_ok frame=2715 ts=162781391
05-01 07:29:48.925  8122  8122 I warp-android-host: warp_mobile_android_host::vulkan: present_ok frame=2716 ts=162781399
05-01 07:29:48.934  8122  8122 I warp-android-host: warp_mobile_android_host::vulkan: present_ok frame=2717 ts=162781407
05-01 07:29:48.936  1802  2321 I CompositionEngine: [setDisplaySize] size=(434, 42)
05-01 07:29:48.942  8122  8122 I warp-android-host: warp_mobile_android_host::vulkan: present_ok frame=2718 ts=162781416
05-01 07:29:48.950  8122  8122 I warp-android-host: warp_mobile_android_host::vulkan: present_ok frame=2719 ts=162781424
05-01 07:29:48.959  8122  8122 I warp-android-host: warp_mobile_android_host::vulkan: present_ok frame=2720 ts=162781432
05-01 07:29:48.968  8122  8122 I warp-android-host: warp_mobile_android_host::vulkan: present_ok frame=2721 ts=162781441
05-01 07:29:48.976  8122  8122 I warp-android-host: warp_mobile_android_host::vulkan: present_ok frame=2722 ts=162781449
05-01 07:29:48.984  8122  8122 I warp-android-host: warp_mobile_android_host::vulkan: present_ok frame=2723 ts=162781457
05-01 07:29:48.992  8122  8122 I warp-android-host: warp_mobile_android_host::vulkan: present_ok frame=2724 ts=162781466
05-01 07:29:49.001  8122  8122 I warp-android-host: warp_mobile_android_host::vulkan: present_ok frame=2725 ts=162781474
05-01 07:29:49.009  8122  8122 I warp-android-host: warp_mobile_android_host::vulkan: present_ok frame=2726 ts=162781482
05-01 07:29:49.018  8122  8122 I warp-android-host: warp_mobile_android_host::vulkan: present_ok frame=2727 ts=162781491
05-01 07:29:49.025  8122  8122 I warp-android-host: warp_mobile_android_host::vulkan: present_ok frame=2728 ts=162781499
05-01 07:29:49.034  8122  8122 I warp-android-host: warp_mobile_android_host::vulkan: present_ok frame=2729 ts=162781508
05-01 07:29:49.036  1802  2321 I CompositionEngine: [setDisplaySize] size=(434, 42)
05-01 07:29:49.042  8122  8122 I warp-android-host: warp_mobile_android_host::vulkan: present_ok frame=2730 ts=162781516
05-01 07:29:49.050  8122  8122 I warp-android-host: warp_mobile_android_host::vulkan: present_ok frame=2731 ts=162781523
05-01 07:29:49.058  8122  8122 I warp-android-host: warp_mobile_android_host::vulkan: present_ok frame=2732 ts=162781532
05-01 07:29:49.067  8122  8122 I warp-android-host: warp_mobile_android_host::vulkan: present_ok frame=2733 ts=162781541
05-01 07:29:49.075  8122  8122 I warp-android-host: warp_mobile_android_host::vulkan: present_ok frame=2734 ts=162781549
05-01 07:29:49.083  8122  8122 I warp-android-host: warp_mobile_android_host::vulkan: present_ok frame=2735 ts=162781557
05-01 07:29:49.091  8122  8122 I warp-android-host: warp_mobile_android_host::vulkan: present_ok frame=2736 ts=162781565
05-01 07:29:49.100  8122  8122 I warp-android-host: warp_mobile_android_host::vulkan: present_ok frame=2737 ts=162781574
05-01 07:29:49.107  2814  5825 D InputDispatcher: Inject motion (9783/2000): action=0x0, time=162781580000000, f=0x0, d=0 dsdx=1.000000 dtdx=0.000000
05-01 07:29:49.108  2814  3644 I InputDispatcher: Delivering touch to (3998): action: 0x4, f=0x0, d=0, 'c5a7fd5', t=1 
05-01 07:29:49.108  2814  3644 I InputDispatcher: Delivering touch to (8122): action: 0x0, f=0x0, d=0, '6d0f9ad', t=1 
05-01 07:29:49.109  4483  4483 I HoneySpace.GestureInputHandler: inputConsumers = [com.honeyspace.gesture.inputconsumer.InputConsumer$Companion$NO_OP$1@3c5d14e]
05-01 07:29:49.109  4483  4483 I HoneySpace.InputSession: inputConsumers = NO_OP
05-01 07:29:49.109  2814  3005 I GestureDetector: obtain mCurrentDownEvent. id: -391195520 caller: com.android.server.wm.SystemGesturesPointerEventListener.onPointerEvent:17 com.android.server.wm.PointerEventDispatcher.onInputEvent:51 android.view.InputEventReceiver.dispatchInputEvent:392 
05-01 07:29:49.109  2814  3005 I GestureDetector: obtain mCurrentDownEvent. id: -391195520 caller: com.android.server.wm.SystemPerformancePointerEventListener.onPointerEvent:13 com.android.server.wm.PointerEventDispatcher.onInputEvent:51 android.view.InputEventReceiver.dispatchInputEvent:392 
05-01 07:29:49.109  4483  4483 I HoneySpace.InputSession: open
05-01 07:29:49.109  8122  8122 I warp-android-host: warp_mobile_android_host::vulkan: present_ok frame=2738 ts=162781583
05-01 07:29:49.109  8122  8122 I VRI[MainActivity]@afeb858: ViewPostIme pointer 0
05-01 07:29:49.110  8122  8122 I WarpIme : touch_down x=540.0 y=1500.0
05-01 07:29:49.110  8122  8122 D warp-android-host: android_logger: android_logger: log::set_logger failed: attempted to set a logger after the logging system was already initialized
05-01 07:29:49.110  8122  8122 I warp-android-host: warp_mobile_android_host::input: input_event kind=touch_down x=540.0 y=1500.0 vx=0.0 vy=0.0 events_total=53
05-01 07:29:49.110  8122  8122 I GestureDetector: obtain mCurrentDownEvent. id: -391195520 caller: dev.warp.mobile.WarpInputView.onTouchEvent:375 android.view.View.performOnTouchCallback:17234 android.view.View.dispatchTouchEvent:17187 
05-01 07:29:49.110  7128  7128 I SemDvfsHyPerManager: acquire hyper - TATouchBoost/7128@30, type = -999
05-01 07:29:49.110  7128  7128 I SemDvfsHyPerManager: acquire hyper - TA_TOUCH_SHARE/7128@31, type = -999
05-01 07:29:49.111  1684  1724 I HYPER-HAL: [RequestManager.cpp]acquire(): Acquired ID : 25622091  [7128 / 30]    HINT :      list : [TABoost / 1] [TIMEOUT / 1500] 
05-01 07:29:49.111  1684  1724 I HYPER-HAL: [RequestManager.cpp]acquire(): Acquired ID : 25629251  [7128 / 31]    HINT : TA_TOUCH_SHARE    list : [TIMEOUT / 1500] 
05-01 07:29:49.116  2814  3005 I GestureDetector: obtain mCurrentMotionEventRaw. action: 2 id: -867526873
05-01 07:29:49.116  8122  8122 I warp-android-host: warp_mobile_android_host::vulkan: present_ok frame=2739 ts=162781590
05-01 07:29:49.116  2814  3005 I GestureDetector: obtain mCurrentMotionEventRaw. action: 2 id: -867526873
05-01 07:29:49.116  2814  2814 I SemDvfsHyPerManager: acquire hyper - WM_SCROLL_DETECTED/2814@2, type = -999
05-01 07:29:49.117  1684  1724 I HYPER-HAL: [RequestManager.cpp]acquire(): Acquired ID : 3966338  [2814 / 2]    HINT :      list : [CoreNumBigMin / 3] 
05-01 07:29:49.124  8122  8122 I GestureDetector: obtain mCurrentMotionEventRaw. action: 2 id: -867526873
05-01 07:29:49.124  8122  8122 D WarpIme : gesture_scroll x=540.0 y=1345.4219 dx=0.0 dy=154.57812 vx=-0.009590749 vy=-13000.02
05-01 07:29:49.125  8122  8122 D warp-android-host: android_logger: android_logger: log::set_logger failed: attempted to set a logger after the logging system was already initialized
05-01 07:29:49.125  8122  8122 I warp-android-host: warp_mobile_android_host::input: input_event kind=scroll x=540.0 y=1345.4 vx=-0.0 vy=-13000.0 events_total=54
05-01 07:29:49.127  8122  8122 I warp-android-host: warp_mobile_android_host::vulkan: present_ok frame=2740 ts=162781601
05-01 07:29:49.132  8122  8122 D WarpIme : gesture_scroll x=540.0 y=1237.2285 dx=0.0 dy=108.19336 vx=0.0 vy=-13000.109
05-01 07:29:49.132  8122  8122 D warp-android-host: android_logger: android_logger: log::set_logger failed: attempted to set a logger after the logging system was already initialized
05-01 07:29:49.132  8122  8122 I warp-android-host: warp_mobile_android_host::input: input_event kind=scroll x=540.0 y=1237.2 vx=0.0 vy=-13000.1 events_total=55
05-01 07:29:49.135  8122  8122 I warp-android-host: warp_mobile_android_host::vulkan: present_ok frame=2741 ts=162781608
05-01 07:29:49.136  1802  2321 I CompositionEngine: [setDisplaySize] size=(434, 42)
05-01 07:29:49.140  8122  8122 D WarpIme : gesture_scroll x=540.0 y=1129.0352 dx=0.0 dy=108.19336 vx=-0.061186206 vy=-13000.191
05-01 07:29:49.140  8122  8122 D warp-android-host: android_logger: android_logger: log::set_logger failed: attempted to set a logger after the logging system was already initialized
05-01 07:29:49.140  8122  8122 I warp-android-host: warp_mobile_android_host::input: input_event kind=scroll x=540.0 y=1129.0 vx=-0.1 vy=-13000.2 events_total=56
05-01 07:29:49.143  8122  8122 I warp-android-host: warp_mobile_android_host::vulkan: present_ok frame=2742 ts=162781617
05-01 07:29:49.149  8122  8122 D WarpIme : gesture_scroll x=540.0 y=1020.84375 dx=0.0 dy=108.19141 vx=0.0 vy=-12999.966
05-01 07:29:49.149  8122  8122 D warp-android-host: android_logger: android_logger: log::set_logger failed: attempted to set a logger after the logging system was already initialized
05-01 07:29:49.149  8122  8122 I warp-android-host: warp_mobile_android_host::input: input_event kind=scroll x=540.0 y=1020.8 vx=0.0 vy=-13000.0 events_total=57
05-01 07:29:49.151  8122  8122 I warp-android-host: warp_mobile_android_host::vulkan: present_ok frame=2743 ts=162781625
