05-01 08:01:10.262  1684  1724 I HYPER-HAL: [RequestManager.cpp]acquire(): Acquired ID : 25622091  [7128 / 30]    HINT :      list : [TABoost / 1] [TIMEOUT / 1500] 
05-01 08:01:10.262  1684  1724 I HYPER-HAL: [RequestManager.cpp]acquire(): Acquired ID : 25629251  [7128 / 31]    HINT : TA_TOUCH_SHARE    list : [TIMEOUT / 1500] 
05-01 08:01:10.266 19994 19994 I warp-android-host: warp_mobile_android_host::vulkan: present_ok frame=2508 ts=164662740
05-01 08:01:10.267 19994 19994 D warp-android-host: android_logger: android_logger: log::set_logger failed: attempted to set a logger after the logging system was already initialized
05-01 08:01:10.267 19994 19994 I warp-android-host: warp_mobile_android_host: terminal_set_scroll_offset requested=230 clamped=230
05-01 08:01:10.267  2814  3005 I GestureDetector: obtain mCurrentMotionEventRaw. action: 2 id: -126360482
05-01 08:01:10.267  2814  3005 I GestureDetector: obtain mCurrentMotionEventRaw. action: 2 id: -126360482
05-01 08:01:10.267  2814  2814 I SemDvfsHyPerManager: acquire hyper - WM_SCROLL_DETECTED/2814@2, type = -999
05-01 08:01:10.268  1684  1724 I HYPER-HAL: [RequestManager.cpp]acquire(): Acquired ID : 3966338  [2814 / 2]    HINT :      list : [CoreNumBigMin / 3] 
05-01 08:01:10.279 19994 19994 I warp-android-host: warp_mobile_android_host::vulkan: dynamic_grid_fast_path_ok dt_ms=3 instances=696 fast_path_updates=69 full_reinits=1
05-01 08:01:10.280 19994 19994 I warp-android-host: warp_mobile_android_host::vulkan: present_ok frame=2509 ts=164662754
05-01 08:01:10.281 19994 19994 I warp-android-host: warp_mobile_android_host: terminal_push_frame_dynamic ok=true cells=1920 rows=24 cols=80
05-01 08:01:10.284 19994 19994 I warp-android-host: warp_mobile_android_host::vulkan: present_ok frame=2510 ts=164662758
05-01 08:01:10.284 19994 19994 D warp-android-host: android_logger: android_logger: log::set_logger failed: attempted to set a logger after the logging system was already initialized
05-01 08:01:10.284 19994 19994 I warp-android-host: warp_mobile_android_host: terminal_set_scroll_offset requested=231 clamped=231
05-01 08:01:10.295 19994 19994 I warp-android-host: warp_mobile_android_host::vulkan: dynamic_grid_fast_path_ok dt_ms=4 instances=696 fast_path_updates=70 full_reinits=1
05-01 08:01:10.297 19994 19994 I warp-android-host: warp_mobile_android_host::vulkan: present_ok frame=2511 ts=164662770
05-01 08:01:10.297 19994 19994 I warp-android-host: warp_mobile_android_host: terminal_push_frame_dynamic ok=true cells=1920 rows=24 cols=80
05-01 08:01:10.301 19994 19994 I warp-android-host: warp_mobile_android_host::vulkan: present_ok frame=2512 ts=164662774
05-01 08:01:10.301 19994 19994 D warp-android-host: android_logger: android_logger: log::set_logger failed: attempted to set a logger after the logging system was already initialized
05-01 08:01:10.301 19994 19994 I warp-android-host: warp_mobile_android_host: terminal_set_scroll_offset requested=233 clamped=233
05-01 08:01:10.312 19994 19994 I warp-android-host: warp_mobile_android_host::vulkan: dynamic_grid_fast_path_ok dt_ms=4 instances=696 fast_path_updates=71 full_reinits=1
05-01 08:01:10.314 19994 19994 I warp-android-host: warp_mobile_android_host::vulkan: present_ok frame=2513 ts=164662787
05-01 08:01:10.314 19994 19994 I warp-android-host: warp_mobile_android_host: terminal_push_frame_dynamic ok=true cells=1920 rows=24 cols=80
05-01 08:01:10.317 19994 19994 I warp-android-host: warp_mobile_android_host::vulkan: present_ok frame=2514 ts=164662791
05-01 08:01:10.318  1667  5342 I vendor.qti.bluetooth@1.1-ibs_handler: ProcessIbsCmd: Received IBS_WAKE_IND: 0xFD
05-01 08:01:10.318 19994 19994 D warp-android-host: android_logger: android_logger: log::set_logger failed: attempted to set a logger after the logging system was already initialized
05-01 08:01:10.318 19994 19994 I warp-android-host: warp_mobile_android_host: terminal_set_scroll_offset requested=234 clamped=234
05-01 08:01:10.318  1667  5342 D vendor.qti.bluetooth@1.1-ibs_handler: SerialClockVote: vote for UART CLK ON
05-01 08:01:10.318  1667  5342 D vendor.qti.bluetooth@1.1-wake_lock: Acquire wakelock is acquired 
05-01 08:01:10.318  1667  5342 I vendor.qti.bluetooth@1.1-ibs_handler: ProcessIbsCmd: Writing IBS_WAKE_ACK
05-01 08:01:10.328 19994 19994 I warp-android-host: warp_mobile_android_host::vulkan: dynamic_grid_fast_path_ok dt_ms=4 instances=696 fast_path_updates=72 full_reinits=1
05-01 08:01:10.328  4283  5396 I ScanController: onScanResult to scannerId: 6- eventType=0x1b, addressType=1, address=XX:XX:XX:XX:ED:E9, primaryPhy=1, secondaryPhy=0, advertisingSid=0xff, txPower=127, rssi=-64, periodicAdvInt=0x0
05-01 08:01:10.329 19994 19994 I warp-android-host: warp_mobile_android_host::vulkan: present_ok frame=2515 ts=164662803
05-01 08:01:10.329 19994 19994 I warp-android-host: warp_mobile_android_host: terminal_push_frame_dynamic ok=true cells=1920 rows=24 cols=80
05-01 08:01:10.334 19994 19994 I warp-android-host: warp_mobile_android_host::vulkan: present_ok frame=2516 ts=164662808
05-01 08:01:10.335 19994 19994 D warp-android-host: android_logger: android_logger: log::set_logger failed: attempted to set a logger after the logging system was already initialized
05-01 08:01:10.335 19994 19994 I warp-android-host: warp_mobile_android_host: terminal_set_scroll_offset requested=235 clamped=235
05-01 08:01:10.345 19994 19994 I warp-android-host: warp_mobile_android_host::vulkan: dynamic_grid_fast_path_ok dt_ms=3 instances=696 fast_path_updates=73 full_reinits=1
05-01 08:01:10.346 19994 19994 I warp-android-host: warp_mobile_android_host::vulkan: present_ok frame=2517 ts=164662820
05-01 08:01:10.346 19994 19994 I warp-android-host: warp_mobile_android_host: terminal_push_frame_dynamic ok=true cells=1920 rows=24 cols=80
05-01 08:01:10.351 19994 19994 I warp-android-host: warp_mobile_android_host::vulkan: present_ok frame=2518 ts=164662824
05-01 08:01:10.351 19994 19994 D warp-android-host: android_logger: android_logger: log::set_logger failed: attempted to set a logger after the logging system was already initialized
05-01 08:01:10.351 19994 19994 I warp-android-host: warp_mobile_android_host: terminal_set_scroll_offset requested=236 clamped=236
05-01 08:01:10.353  1802  2321 I CompositionEngine: [setDisplaySize] size=(434, 42)
05-01 08:01:10.359  2814  4599 D InputDispatcher: Inject motion (20615/2000): action=0x1, time=164662832000000, f=0x0, d=0 dsdx=1.000000 dtdx=0.000000
05-01 08:01:10.359  2814  3644 I InputDispatcher: Delivering touch to (19994): action: 0x1, f=0x0, d=0, 'b65a79d', t=1 
05-01 08:01:10.361  4483  4483 I HoneySpace.GestureInputHandler: reset
05-01 08:01:10.361  4483  4483 I HoneySpace.InputSession: close
05-01 08:01:10.362 19994 19994 I warp-android-host: warp_mobile_android_host::vulkan: dynamic_grid_fast_path_ok dt_ms=4 instances=696 fast_path_updates=74 full_reinits=1
05-01 08:01:10.362  2814  2814 I SemDvfsHyPerManager: acquire hyper - SMOOTH_SCROLL/2814@25, type = -999
05-01 08:01:10.362  2814  2814 I SemDvfsHyPerManager: acquire hyper - GESTURE_DETECTED_HRR/2814@29, type = -999
05-01 08:01:10.362  2814  2814 I SemDvfsHyPerManager: acquire hyper - GESTURE_DETECTED_HRR/2814@29, type = -999
05-01 08:01:10.363  7128  7128 I SemDvfsHyPerManager: acquire hyper - TATouchBoost/7128@30, type = -999
05-01 08:01:10.363  1684  1724 I HYPER-HAL: [RequestManager.cpp]releaseLocked(): Released ID : 3966338
05-01 08:01:10.363  1684  1724 I HYPER-HAL: [RequestManager.cpp]acquire(): Acquired ID : 4042775  [2814 / 29]    HINT : GESTURE_DETECTED_HRR    list : [TIMEOUT / 2083] 
05-01 08:01:10.363  1684  1724 I HYPER-HAL: [RequestManager.cpp]acquire(): Acquired ID : 4042775  [2814 / 29]    HINT : GESTURE_DETECTED_HRR    list : [TIMEOUT / 2282] 
05-01 08:01:10.364  7128  7128 I SemDvfsHyPerManager: acquire hyper - TA_TOUCH_SHARE/7128@31, type = -999
05-01 08:01:10.364 19994 19994 I warp-android-host: warp_mobile_android_host::vulkan: present_ok frame=2519 ts=164662837
05-01 08:01:10.364 19994 19994 I warp-android-host: warp_mobile_android_host: terminal_push_frame_dynamic ok=true cells=1920 rows=24 cols=80
05-01 08:01:10.364  1684  1724 I HYPER-HAL: [RequestManager.cpp]acquire(): Acquired ID : 25622091  [7128 / 30]    HINT :      list : [TABoost / 1] [TIMEOUT / 1500] 
05-01 08:01:10.364  1684  1724 I HYPER-HAL: [RequestManager.cpp]acquire(): Acquired ID : 25629251  [7128 / 31]    HINT : TA_TOUCH_SHARE    list : [TIMEOUT / 1500] 
05-01 08:01:10.365 19994 19994 I VRI[MainActivity]@afeb858: ViewPostIme pointer 1
05-01 08:01:10.365  1667  5342 I vendor.qti.bluetooth@1.1-ibs_handler: ProcessIbsCmd: Received IBS_SLEEP_IND: 0xFE
05-01 08:01:10.365  1667  5342 D vendor.qti.bluetooth@1.1-ibs_handler: SerialClockVote: vote for UART CLK OFF
05-01 08:01:10.367 19994 19994 I warp-android-host: warp_mobile_android_host::vulkan: present_ok frame=2520 ts=164662840
05-01 08:01:10.367 19994 19994 D warp-android-host: android_logger: android_logger: log::set_logger failed: attempted to set a logger after the logging system was already initialized
05-01 08:01:10.367 19994 19994 I warp-android-host: warp_mobile_android_host: terminal_set_scroll_offset requested=237 clamped=237
05-01 08:01:10.375 19994 19994 I warp-android-host: warp_mobile_android_host::vulkan: dynamic_grid_fast_path_ok dt_ms=2 instances=696 fast_path_updates=75 full_reinits=1
05-01 08:01:10.377 19994 19994 I warp-android-host: warp_mobile_android_host::vulkan: present_ok frame=2521 ts=164662850
05-01 08:01:10.377 19994 19994 I warp-android-host: warp_mobile_android_host: terminal_push_frame_dynamic ok=true cells=1920 rows=24 cols=80
05-01 08:01:10.383 19994 19994 I warp-android-host: warp_mobile_android_host::vulkan: present_ok frame=2522 ts=164662857
05-01 08:01:10.384 19994 19994 D warp-android-host: android_logger: android_logger: log::set_logger failed: attempted to set a logger after the logging system was already initialized
05-01 08:01:10.384 19994 19994 I warp-android-host: warp_mobile_android_host: terminal_set_scroll_offset requested=238 clamped=238
05-01 08:01:10.394 19994 19994 I warp-android-host: warp_mobile_android_host::vulkan: dynamic_grid_fast_path_ok dt_ms=4 instances=696 fast_path_updates=76 full_reinits=1
05-01 08:01:10.396 19994 19994 I warp-android-host: warp_mobile_android_host::vulkan: present_ok frame=2523 ts=164662869
05-01 08:01:10.396 19994 19994 I warp-android-host: warp_mobile_android_host: terminal_push_frame_dynamic ok=true cells=1920 rows=24 cols=80
05-01 08:01:10.400 19994 19994 I warp-android-host: warp_mobile_android_host::vulkan: present_ok frame=2524 ts=164662874
05-01 08:01:10.400 19994 19994 D warp-android-host: android_logger: android_logger: log::set_logger failed: attempted to set a logger after the logging system was already initialized
05-01 08:01:10.400 19994 19994 I warp-android-host: warp_mobile_android_host: terminal_set_scroll_offset requested=239 clamped=239
05-01 08:01:10.411 19994 19994 I warp-android-host: warp_mobile_android_host::vulkan: dynamic_grid_fast_path_ok dt_ms=4 instances=696 fast_path_updates=77 full_reinits=1
05-01 08:01:10.412 19994 19994 I warp-android-host: warp_mobile_android_host::vulkan: present_ok frame=2525 ts=164662886
05-01 08:01:10.412 19994 19994 I warp-android-host: warp_mobile_android_host: terminal_push_frame_dynamic ok=true cells=1920 rows=24 cols=80
05-01 08:01:10.416 19994 19994 I warp-android-host: warp_mobile_android_host::vulkan: present_ok frame=2526 ts=164662890
05-01 08:01:10.425 19994 19994 I warp-android-host: warp_mobile_android_host::vulkan: present_ok frame=2527 ts=164662898
05-01 08:01:10.433 19994 19994 I warp-android-host: warp_mobile_android_host::vulkan: present_ok frame=2528 ts=164662907
05-01 08:01:10.433 19994 19994 D warp-android-host: android_logger: android_logger: log::set_logger failed: attempted to set a logger after the logging system was already initialized
05-01 08:01:10.433 19994 19994 I warp-android-host: warp_mobile_android_host: terminal_set_scroll_offset requested=240 clamped=240
05-01 08:01:10.444 19994 19994 I warp-android-host: warp_mobile_android_host::vulkan: dynamic_grid_fast_path_ok dt_ms=4 instances=696 fast_path_updates=78 full_reinits=1
05-01 08:01:10.445 19994 19994 I warp-android-host: warp_mobile_android_host::vulkan: present_ok frame=2529 ts=164662919
05-01 08:01:10.446 19994 19994 I warp-android-host: warp_mobile_android_host: terminal_push_frame_dynamic ok=true cells=1920 rows=24 cols=80
05-01 08:01:10.450 19994 19994 I warp-android-host: warp_mobile_android_host::vulkan: present_ok frame=2530 ts=164662923
05-01 08:01:10.453  1802  2321 I CompositionEngine: [setDisplaySize] size=(434, 42)
05-01 08:01:10.458 19994 19994 I warp-android-host: warp_mobile_android_host::vulkan: present_ok frame=2531 ts=164662932
05-01 08:01:10.467 19994 19994 I warp-android-host: warp_mobile_android_host::vulkan: present_ok frame=2532 ts=164662941
05-01 08:01:10.467 19994 19994 D warp-android-host: android_logger: android_logger: log::set_logger failed: attempted to set a logger after the logging system was already initialized
05-01 08:01:10.467 19994 19994 I warp-android-host: warp_mobile_android_host: terminal_set_scroll_offset requested=241 clamped=241
05-01 08:01:10.478 19994 19994 I warp-android-host: warp_mobile_android_host::vulkan: dynamic_grid_fast_path_ok dt_ms=4 instances=696 fast_path_updates=79 full_reinits=1
05-01 08:01:10.479 19994 19994 I warp-android-host: warp_mobile_android_host::vulkan: present_ok frame=2533 ts=164662953
05-01 08:01:10.479 19994 19994 I warp-android-host: warp_mobile_android_host: terminal_push_frame_dynamic ok=true cells=1920 rows=24 cols=80
05-01 08:01:10.484 19994 19994 I warp-android-host: warp_mobile_android_host::vulkan: present_ok frame=2534 ts=164662957
05-01 08:01:10.492 19994 19994 I warp-android-host: warp_mobile_android_host::vulkan: present_ok frame=2535 ts=164662965
05-01 08:01:10.500 19994 19994 I warp-android-host: warp_mobile_android_host::vulkan: present_ok frame=2536 ts=164662974
05-01 08:01:10.500 19994 19994 D warp-android-host: android_logger: android_logger: log::set_logger failed: attempted to set a logger after the logging system was already initialized
05-01 08:01:10.500 19994 19994 I warp-android-host: warp_mobile_android_host: terminal_set_scroll_offset requested=242 clamped=242
05-01 08:01:10.511 19994 19994 I warp-android-host: warp_mobile_android_host::vulkan: dynamic_grid_fast_path_ok dt_ms=4 instances=696 fast_path_updates=80 full_reinits=1
05-01 08:01:10.512 19994 19994 I warp-android-host: warp_mobile_android_host::vulkan: present_ok frame=2537 ts=164662986
05-01 08:01:10.513 19994 19994 I warp-android-host: warp_mobile_android_host: terminal_push_frame_dynamic ok=true cells=1920 rows=24 cols=80
05-01 08:01:10.516  1667  4712 D vendor.qti.bluetooth@1.1-wake_lock: Release wakelock is released 
05-01 08:01:10.517 19994 19994 I warp-android-host: warp_mobile_android_host::vulkan: present_ok frame=2538 ts=164662990
05-01 08:01:10.525 19994 19994 I warp-android-host: warp_mobile_android_host::vulkan: present_ok frame=2539 ts=164662999
05-01 08:01:10.533 19994 19994 I warp-android-host: warp_mobile_android_host::vulkan: present_ok frame=2540 ts=164663007
05-01 08:01:10.534 19994 19994 D warp-android-host: android_logger: android_logger: log::set_logger failed: attempted to set a logger after the logging system was already initialized
05-01 08:01:10.534 19994 19994 I warp-android-host: warp_mobile_android_host: terminal_set_scroll_offset requested=243 clamped=243
05-01 08:01:10.545 19994 19994 I warp-android-host: warp_mobile_android_host::vulkan: dynamic_grid_fast_path_ok dt_ms=4 instances=696 fast_path_updates=81 full_reinits=1
05-01 08:01:10.546 19994 19994 I warp-android-host: warp_mobile_android_host::vulkan: present_ok frame=2541 ts=164663020
05-01 08:01:10.546 19994 19994 I warp-android-host: warp_mobile_android_host: terminal_push_frame_dynamic ok=true cells=1920 rows=24 cols=80
05-01 08:01:10.550 19994 19994 I warp-android-host: warp_mobile_android_host::vulkan: present_ok frame=2542 ts=164663024
05-01 08:01:10.558 19994 19994 I warp-android-host: warp_mobile_android_host::vulkan: present_ok frame=2543 ts=164663031
05-01 08:01:10.559  1802  2321 I CompositionEngine: [setDisplaySize] size=(434, 42)
05-01 08:01:10.567 19994 19994 I warp-android-host: warp_mobile_android_host::vulkan: present_ok frame=2544 ts=164663041
05-01 08:01:10.575 19994 19994 I warp-android-host: warp_mobile_android_host::vulkan: present_ok frame=2545 ts=164663049
05-01 08:01:10.583 19994 19994 I warp-android-host: warp_mobile_android_host::vulkan: present_ok frame=2546 ts=164663057
05-01 08:01:10.591 19994 19994 I warp-android-host: warp_mobile_android_host::vulkan: present_ok frame=2547 ts=164663065
05-01 08:01:10.599 19994 19994 I warp-android-host: warp_mobile_android_host::vulkan: present_ok frame=2548 ts=164663073
05-01 08:01:10.600 19994 19994 D warp-android-host: android_logger: android_logger: log::set_logger failed: attempted to set a logger after the logging system was already initialized
05-01 08:01:10.600 19994 19994 I warp-android-host: warp_mobile_android_host: terminal_set_scroll_offset requested=244 clamped=244
05-01 08:01:10.611 19994 19994 I warp-android-host: warp_mobile_android_host::vulkan: dynamic_grid_fast_path_ok dt_ms=4 instances=696 fast_path_updates=82 full_reinits=1
05-01 08:01:10.613 19994 19994 I warp-android-host: warp_mobile_android_host::vulkan: present_ok frame=2549 ts=164663086
05-01 08:01:10.613 19994 19994 I warp-android-host: warp_mobile_android_host: terminal_push_frame_dynamic ok=true cells=1920 rows=24 cols=80
05-01 08:01:10.617 19994 19994 I warp-android-host: warp_mobile_android_host::vulkan: present_ok frame=2550 ts=164663091
05-01 08:01:10.624  2814  4599 D InputDispatcher: Inject motion (20632/2000): action=0x0, time=164663098000000, f=0x0, d=0 dsdx=1.000000 dtdx=0.000000
05-01 08:01:10.625 19994 19994 I warp-android-host: warp_mobile_android_host::vulkan: present_ok frame=2551 ts=164663098
05-01 08:01:10.625  2814  3644 I InputDispatcher: Delivering touch to (3998): action: 0x4, f=0x0, d=0, 'c5a7fd5', t=1 
05-01 08:01:10.625  2814  3644 I InputDispatcher: Delivering touch to (19994): action: 0x0, f=0x0, d=0, 'b65a79d', t=1 
05-01 08:01:10.626 19994 19994 I VRI[MainActivity]@afeb858: ViewPostIme pointer 0
05-01 08:01:10.626 19994 19994 I WarpIme : touch_down x=540.0 y=1500.0
05-01 08:01:10.626 19994 19994 D warp-android-host: android_logger: android_logger: log::set_logger failed: attempted to set a logger after the logging system was already initialized
05-01 08:01:10.626 19994 19994 I warp-android-host: warp_mobile_android_host::input: input_event kind=touch_down x=540.0 y=1500.0 vx=0.0 vy=0.0 events_total=27
05-01 08:01:10.626  2814  3005 I GestureDetector: obtain mCurrentDownEvent. id: -205125828 caller: com.android.server.wm.SystemGesturesPointerEventListener.onPointerEvent:17 com.android.server.wm.PointerEventDispatcher.onInputEvent:51 android.view.InputEventReceiver.dispatchInputEvent:392 
05-01 08:01:10.627  2814  3005 I GestureDetector: obtain mCurrentDownEvent. id: -205125828 caller: com.android.server.wm.SystemPerformancePointerEventListener.onPointerEvent:13 com.android.server.wm.PointerEventDispatcher.onInputEvent:51 android.view.InputEventReceiver.dispatchInputEvent:392 
05-01 08:01:10.627 19994 19994 I GestureDetector: obtain mCurrentDownEvent. id: -205125828 caller: dev.warp.mobile.WarpInputView.onTouchEvent:395 android.view.View.performOnTouchCallback:17234 android.view.View.dispatchTouchEvent:17187 
05-01 08:01:10.627  4483  4483 I HoneySpace.GestureInputHandler: inputConsumers = [com.honeyspace.gesture.inputconsumer.InputConsumer$Companion$NO_OP$1@3c5d14e]
05-01 08:01:10.627  4483  4483 I HoneySpace.InputSession: inputConsumers = NO_OP
05-01 08:01:10.627  4483  4483 I HoneySpace.InputSession: open
05-01 08:01:10.628  7128  7128 I SemDvfsHyPerManager: acquire hyper - TATouchBoost/7128@30, type = -999
05-01 08:01:10.628  7128  7128 I SemDvfsHyPerManager: acquire hyper - TA_TOUCH_SHARE/7128@31, type = -999
05-01 08:01:10.628  1684  1724 I HYPER-HAL: [RequestManager.cpp]acquire(): Acquired ID : 25622091  [7128 / 30]    HINT :      list : [TABoost / 1] [TIMEOUT / 1500] 
05-01 08:01:10.629  1684  1724 I HYPER-HAL: [RequestManager.cpp]acquire(): Acquired ID : 25629251  [7128 / 31]    HINT : TA_TOUCH_SHARE    list : [TIMEOUT / 1500] 
05-01 08:01:10.633 19994 19994 I warp-android-host: warp_mobile_android_host::vulkan: present_ok frame=2552 ts=164663107
05-01 08:01:10.634  2814  3005 I GestureDetector: obtain mCurrentMotionEventRaw. action: 2 id: -14971007
05-01 08:01:10.635  2814  3005 I GestureDetector: obtain mCurrentMotionEventRaw. action: 2 id: -14971007
05-01 08:01:10.635  2814  2814 I SemDvfsHyPerManager: acquire hyper - WM_SCROLL_DETECTED/2814@2, type = -999
05-01 08:01:10.635  1684  1724 I HYPER-HAL: [RequestManager.cpp]acquire(): Acquired ID : 3966338  [2814 / 2]    HINT :      list : [CoreNumBigMin / 3] 
05-01 08:01:10.640 19994 19994 I GestureDetector: obtain mCurrentMotionEventRaw. action: 2 id: -14971007
05-01 08:01:10.641 19994 19994 D WarpIme : gesture_scroll x=540.0 y=1366.4375 dx=0.0 dy=133.5625 vx=0.0 vy=-13000.004
05-01 08:01:10.641 19994 19994 D warp-android-host: android_logger: android_logger: log::set_logger failed: attempted to set a logger after the logging system was already initialized
05-01 08:01:10.641 19994 19994 I warp-android-host: warp_mobile_android_host::input: input_event kind=scroll x=540.0 y=1366.4 vx=0.0 vy=-13000.0 events_total=28
05-01 08:01:10.641 19994 19994 D warp-android-host: android_logger: android_logger: log::set_logger failed: attempted to set a logger after the logging system was already initialized
05-01 08:01:10.641 19994 19994 I warp-android-host: warp_mobile_android_host: terminal_set_scroll_offset requested=249 clamped=249
05-01 08:01:10.646 19994 19994 I warp-android-host: warp_mobile_android_host::vulkan: dynamic_grid_fast_path_ok dt_ms=4 instances=696 fast_path_updates=83 full_reinits=1
05-01 08:01:10.648 19994 19994 I warp-android-host: warp_mobile_android_host::vulkan: present_ok frame=2553 ts=164663122
05-01 08:01:10.648 19994 19994 I warp-android-host: warp_mobile_android_host: terminal_push_frame_dynamic ok=true cells=1920 rows=24 cols=80
05-01 08:01:10.649 19994 19994 D WarpIme : gesture_scroll x=540.0 y=1258.2461 dx=0.0 dy=108.19141 vx=0.15754904 vy=-12999.966
05-01 08:01:10.649 19994 19994 D warp-android-host: android_logger: android_logger: log::set_logger failed: attempted to set a logger after the logging system was already initialized
05-01 08:01:10.649 19994 19994 I warp-android-host: warp_mobile_android_host::input: input_event kind=scroll x=540.0 y=1258.2 vx=0.2 vy=-13000.0 events_total=29
05-01 08:01:10.649 19994 19994 D warp-android-host: android_logger: android_logger: log::set_logger failed: attempted to set a logger after the logging system was already initialized
05-01 08:01:10.649 19994 19994 I warp-android-host: warp_mobile_android_host: terminal_set_scroll_offset requested=253 clamped=253
05-01 08:01:10.653 19994 19994 I warp-android-host: warp_mobile_android_host::vulkan: dynamic_grid_fast_path_ok dt_ms=3 instances=696 fast_path_updates=84 full_reinits=1
05-01 08:01:10.655 19994 19994 I warp-android-host: warp_mobile_android_host::vulkan: present_ok frame=2554 ts=164663129
05-01 08:01:10.655 19994 19994 I warp-android-host: warp_mobile_android_host: terminal_push_frame_dynamic ok=true cells=1920 rows=24 cols=80
05-01 08:01:10.656 19994 19994 D WarpIme : gesture_scroll x=540.0 y=1150.0869 dx=0.0 dy=108.15918 vx=0.0 vy=-13000.18
05-01 08:01:10.656 19994 19994 D warp-android-host: android_logger: android_logger: log::set_logger failed: attempted to set a logger after the logging system was already initialized
05-01 08:01:10.656 19994 19994 I warp-android-host: warp_mobile_android_host::input: input_event kind=scroll x=540.0 y=1150.1 vx=0.0 vy=-13000.2 events_total=30
05-01 08:01:10.656 19994 19994 D warp-android-host: android_logger: android_logger: log::set_logger failed: attempted to set a logger after the logging system was already initialized
05-01 08:01:10.656 19994 19994 I warp-android-host: warp_mobile_android_host: terminal_set_scroll_offset requested=257 clamped=257
05-01 08:01:10.659 19994 19994 I warp-android-host: warp_mobile_android_host::vulkan: dynamic_grid_fast_path_ok dt_ms=2 instances=696 fast_path_updates=85 full_reinits=1
05-01 08:01:10.660  1802  2321 I CompositionEngine: [setDisplaySize] size=(434, 42)
05-01 08:01:10.660 19994 19994 I warp-android-host: warp_mobile_android_host::vulkan: present_ok frame=2555 ts=164663134
05-01 08:01:10.660 19994 19994 I warp-android-host: warp_mobile_android_host: terminal_push_frame_dynamic ok=true cells=1920 rows=24 cols=80
05-01 08:01:10.665 19994 19994 D WarpIme : gesture_scroll x=540.0 y=1041.9287 dx=0.0 dy=108.1582 vx=0.009203911 vy=-12999.676
05-01 08:01:10.665 19994 19994 D warp-android-host: android_logger: android_logger: log::set_logger failed: attempted to set a logger after the logging system was already initialized
05-01 08:01:10.665 19994 19994 I warp-android-host: warp_mobile_android_host::input: input_event kind=scroll x=540.0 y=1041.9 vx=0.0 vy=-12999.7 events_total=31
05-01 08:01:10.665 19994 19994 D warp-android-host: android_logger: android_logger: log::set_logger failed: attempted to set a logger after the logging system was already initialized
05-01 08:01:10.665 19994 19994 I warp-android-host: warp_mobile_android_host: terminal_set_scroll_offset requested=261 clamped=261
05-01 08:01:10.668 19994 19994 I warp-android-host: warp_mobile_android_host::vulkan: dynamic_grid_fast_path_ok dt_ms=3 instances=696 fast_path_updates=86 full_reinits=1
05-01 08:01:10.670 19994 19994 I warp-android-host: warp_mobile_android_host::vulkan: present_ok frame=2556 ts=164663143
05-01 08:01:10.670 19994 19994 I warp-android-host: warp_mobile_android_host: terminal_push_frame_dynamic ok=true cells=1920 rows=24 cols=80
05-01 08:01:10.673 19994 19994 D WarpIme : gesture_scroll x=540.0 y=933.7705 dx=0.0 dy=108.1582 vx=0.14132616 vy=-12999.862
05-01 08:01:10.673 19994 19994 D warp-android-host: android_logger: android_logger: log::set_logger failed: attempted to set a logger after the logging system was already initialized
05-01 08:01:10.673 19994 19994 I warp-android-host: warp_mobile_android_host::input: input_event kind=scroll x=540.0 y=933.8 vx=0.1 vy=-12999.9 events_total=32
05-01 08:01:10.673 19994 19994 D warp-android-host: android_logger: android_logger: log::set_logger failed: attempted to set a logger after the logging system was already initialized
05-01 08:01:10.673 19994 19994 I warp-android-host: warp_mobile_android_host: terminal_set_scroll_offset requested=265 clamped=265
05-01 08:01:10.677 19994 19994 I warp-android-host: warp_mobile_android_host::vulkan: dynamic_grid_fast_path_ok dt_ms=3 instances=696 fast_path_updates=87 full_reinits=1
05-01 08:01:10.678 19994 19994 I warp-android-host: warp_mobile_android_host::vulkan: present_ok frame=2557 ts=164663152
05-01 08:01:10.679 19994 19994 I warp-android-host: warp_mobile_android_host: terminal_push_frame_dynamic ok=true cells=1920 rows=24 cols=80
05-01 08:01:10.682 19994 19994 D WarpIme : gesture_scroll x=540.0 y=825.6094 dx=0.0 dy=108.16113 vx=-0.1037428 vy=-13000.144
05-01 08:01:10.682 19994 19994 D warp-android-host: android_logger: android_logger: log::set_logger failed: attempted to set a logger after the logging system was already initialized
05-01 08:01:10.682 19994 19994 I warp-android-host: warp_mobile_android_host::input: input_event kind=scroll x=540.0 y=825.6 vx=-0.1 vy=-13000.1 events_total=33
05-01 08:01:10.682 19994 19994 D warp-android-host: android_logger: android_logger: log::set_logger failed: attempted to set a logger after the logging system was already initialized
05-01 08:01:10.682 19994 19994 I warp-android-host: warp_mobile_android_host: terminal_set_scroll_offset requested=269 clamped=269
05-01 08:01:10.686 19994 19994 I warp-android-host: warp_mobile_android_host::vulkan: dynamic_grid_fast_path_ok dt_ms=2 instances=696 fast_path_updates=88 full_reinits=1
05-01 08:01:10.687 19994 19994 I warp-android-host: warp_mobile_android_host::vulkan: present_ok frame=2558 ts=164663161
05-01 08:01:10.687 19994 19994 I warp-android-host: warp_mobile_android_host: terminal_push_frame_dynamic ok=true cells=1920 rows=24 cols=80
05-01 08:01:10.690 19994 19994 D WarpIme : gesture_scroll x=540.0 y=717.4463 dx=0.0 dy=108.163086 vx=0.06754245 vy=-12999.788
05-01 08:01:10.690 19994 19994 D warp-android-host: android_logger: android_logger: log::set_logger failed: attempted to set a logger after the logging system was already initialized
05-01 08:01:10.690 19994 19994 I warp-android-host: warp_mobile_android_host::input: input_event kind=scroll x=540.0 y=717.4 vx=0.1 vy=-12999.8 events_total=34
05-01 08:01:10.690 19994 19994 D warp-android-host: android_logger: android_logger: log::set_logger failed: attempted to set a logger after the logging system was already initialized
05-01 08:01:10.690 19994 19994 I warp-android-host: warp_mobile_android_host: terminal_set_scroll_offset requested=273 clamped=273
05-01 08:01:10.694 19994 19994 I warp-android-host: warp_mobile_android_host::vulkan: dynamic_grid_fast_path_ok dt_ms=3 instances=696 fast_path_updates=89 full_reinits=1
05-01 08:01:10.696 19994 19994 I warp-android-host: warp_mobile_android_host::vulkan: present_ok frame=2559 ts=164663170
05-01 08:01:10.696 19994 19994 I warp-android-host: warp_mobile_android_host: terminal_push_frame_dynamic ok=true cells=1920 rows=24 cols=80
05-01 08:01:10.698 19994 19994 D WarpIme : gesture_scroll x=540.0 y=609.2803 dx=0.0 dy=108.166016 vx=0.042219028 vy=-13000.042
05-01 08:01:10.699 19994 19994 D warp-android-host: android_logger: android_logger: log::set_logger failed: attempted to set a logger after the logging system was already initialized
05-01 08:01:10.699 19994 19994 I warp-android-host: warp_mobile_android_host::input: input_event kind=scroll x=540.0 y=609.3 vx=0.0 vy=-13000.0 events_total=35
05-01 08:01:10.699 19994 19994 D warp-android-host: android_logger: android_logger: log::set_logger failed: attempted to set a logger after the logging system was already initialized
05-01 08:01:10.699 19994 19994 I warp-android-host: warp_mobile_android_host: terminal_set_scroll_offset requested=277 clamped=277
05-01 08:01:10.702 19994 19994 I warp-android-host: warp_mobile_android_host::vulkan: dynamic_grid_fast_path_ok dt_ms=3 instances=696 fast_path_updates=90 full_reinits=1
05-01 08:01:10.704 19994 19994 I warp-android-host: warp_mobile_android_host::vulkan: present_ok frame=2560 ts=164663178
05-01 08:01:10.704 19994 19994 I warp-android-host: warp_mobile_android_host: terminal_push_frame_dynamic ok=true cells=1920 rows=24 cols=80
05-01 08:01:10.707 19994 19994 D WarpIme : gesture_scroll x=540.0 y=501.11035 dx=0.0 dy=108.16992 vx=-0.06405693 vy=-13000.074
05-01 08:01:10.707 19994 19994 D warp-android-host: android_logger: android_logger: log::set_logger failed: attempted to set a logger after the logging system was already initialized
05-01 08:01:10.707 19994 19994 I warp-android-host: warp_mobile_android_host::input: input_event kind=scroll x=540.0 y=501.1 vx=-0.1 vy=-13000.1 events_total=36
05-01 08:01:10.707 19994 19994 D warp-android-host: android_logger: android_logger: log::set_logger failed: attempted to set a logger after the logging system was already initialized
05-01 08:01:10.707 19994 19994 I warp-android-host: warp_mobile_android_host: terminal_set_scroll_offset requested=281 clamped=281
05-01 08:01:10.710 19994 19994 I warp-android-host: warp_mobile_android_host::vulkan: dynamic_grid_fast_path_ok dt_ms=3 instances=696 fast_path_updates=91 full_reinits=1
05-01 08:01:10.712 19994 19994 I warp-android-host: warp_mobile_android_host::vulkan: present_ok frame=2561 ts=164663186
05-01 08:01:10.712 19994 19994 I warp-android-host: warp_mobile_android_host: terminal_push_frame_dynamic ok=true cells=1920 rows=24 cols=80
05-01 08:01:10.715 19994 19994 D WarpIme : gesture_scroll x=540.0 y=392.9375 dx=0.0 dy=108.17285 vx=0.046326153 vy=-12999.996
05-01 08:01:10.715 19994 19994 D warp-android-host: android_logger: android_logger: log::set_logger failed: attempted to set a logger after the logging system was already initialized
05-01 08:01:10.715 19994 19994 I warp-android-host: warp_mobile_android_host::input: input_event kind=scroll x=540.0 y=392.9 vx=0.0 vy=-13000.0 events_total=37
05-01 08:01:10.715 19994 19994 D warp-android-host: android_logger: android_logger: log::set_logger failed: attempted to set a logger after the logging system was already initialized
05-01 08:01:10.715 19994 19994 I warp-android-host: warp_mobile_android_host: terminal_set_scroll_offset requested=285 clamped=285
05-01 08:01:10.719 19994 19994 I warp-android-host: warp_mobile_android_host::vulkan: dynamic_grid_fast_path_ok dt_ms=3 instances=696 fast_path_updates=92 full_reinits=1
05-01 08:01:10.721 19994 19994 I warp-android-host: warp_mobile_android_host::vulkan: present_ok frame=2562 ts=164663194
05-01 08:01:10.721 19994 19994 I warp-android-host: warp_mobile_android_host: terminal_push_frame_dynamic ok=true cells=1920 rows=24 cols=80
05-01 08:01:10.724 19994 19994 D WarpIme : gesture_scroll x=540.0 y=284.7627 dx=0.0 dy=108.174805 vx=-0.026708378 vy=-12999.872
05-01 08:01:10.724 19994 19994 D warp-android-host: android_logger: android_logger: log::set_logger failed: attempted to set a logger after the logging system was already initialized
05-01 08:01:10.724 19994 19994 I warp-android-host: warp_mobile_android_host::input: input_event kind=scroll x=540.0 y=284.8 vx=-0.0 vy=-12999.9 events_total=38
05-01 08:01:10.724 19994 19994 D warp-android-host: android_logger: android_logger: log::set_logger failed: attempted to set a logger after the logging system was already initialized
05-01 08:01:10.724 19994 19994 I warp-android-host: warp_mobile_android_host: terminal_set_scroll_offset requested=289 clamped=289
05-01 08:01:10.724  2814  4599 D InputDispatcher: Inject motion (20632/2000): action=0x1, time=164663198000000, f=0x0, d=0 dsdx=1.000000 dtdx=0.000000
05-01 08:01:10.725  2814  3644 I InputDispatcher: Delivering touch to (19994): action: 0x1, f=0x0, d=0, 'b65a79d', t=1 
05-01 08:01:10.727  4483  4483 I HoneySpace.GestureInputHandler: reset
05-01 08:01:10.727  4483  4483 I HoneySpace.InputSession: close
05-01 08:01:10.727 19994 19994 I warp-android-host: warp_mobile_android_host::vulkan: dynamic_grid_fast_path_ok dt_ms=3 instances=696 fast_path_updates=93 full_reinits=1
05-01 08:01:10.728  2814  2814 I SemDvfsHyPerManager: acquire hyper - SMOOTH_SCROLL/2814@25, type = -999
05-01 08:01:10.728  2814  2814 I SemDvfsHyPerManager: acquire hyper - GESTURE_DETECTED_HRR/2814@29, type = -999
05-01 08:01:10.728  2814  2814 I SemDvfsHyPerManager: acquire hyper - GESTURE_DETECTED_HRR/2814@29, type = -999
05-01 08:01:10.729 19994 19994 I warp-android-host: warp_mobile_android_host::vulkan: present_ok frame=2563 ts=164663203
05-01 08:01:10.729 19994 19994 I warp-android-host: warp_mobile_android_host: terminal_push_frame_dynamic ok=true cells=1920 rows=24 cols=80
05-01 08:01:10.729 19994 19994 I VRI[MainActivity]@afeb858: ViewPostIme pointer 1
05-01 08:01:10.730 19994 19994 I WarpIme : touch_up x=540.0 y=200.0
05-01 08:01:10.730 19994 19994 D warp-android-host: android_logger: android_logger: log::set_logger failed: attempted to set a logger after the logging system was already initialized
05-01 08:01:10.730 19994 19994 I warp-android-host: warp_mobile_android_host::input: input_event kind=touch_up x=540.0 y=200.0 vx=0.0 vy=0.0 events_total=39
05-01 08:01:10.730 19994 19994 I WarpIme : gesture_fling vx=-0.026708378 vy=-12999.872
05-01 08:01:10.730  1684  1724 I HYPER-HAL: [RequestManager.cpp]releaseLocked(): Released ID : 3966338
05-01 08:01:10.730  1684  1724 I HYPER-HAL: [RequestManager.cpp]acquire(): Acquired ID : 4042775  [2814 / 29]    HINT : GESTURE_DETECTED_HRR    list : [TIMEOUT / 2083] 
05-01 08:01:10.730  1684  1724 I HYPER-HAL: [RequestManager.cpp]acquire(): Acquired ID : 4042775  [2814 / 29]    HINT : GESTURE_DETECTED_HRR    list : [TIMEOUT / 2282] 
05-01 08:01:10.733 19994 19994 I warp-android-host: warp_mobile_android_host::vulkan: present_ok frame=2564 ts=164663207
05-01 08:01:10.741 19994 19994 I warp-android-host: warp_mobile_android_host::vulkan: present_ok frame=2565 ts=164663215
05-01 08:01:10.746  1792  1822 E HeatmapThread: ECT Thread time in milliseconds: 1777593670
05-01 08:01:10.747 19994 19994 D warp-android-host: android_logger: android_logger: log::set_logger failed: attempted to set a logger after the logging system was already initialized
05-01 08:01:10.747 19994 19994 I warp-android-host: warp_mobile_android_host: terminal_set_scroll_offset requested=297 clamped=297
05-01 08:01:10.749  1792  1822 D HeatmapThread: !@ batteryplugType : 2
05-01 08:01:10.749  1792  1822 D HeatmapThread: !@ batteryLevel : 100  batteryTemperature : 319 
05-01 08:01:10.749  1792  1822 D HeatmapThread: !@ Heatmap currtime: 29626561
05-01 08:01:10.749  1792  1822 D HeatmapThread: !@ Heatmap prevtime: 29626554
05-01 08:01:10.749  1792  1822 D HeatmapThread: !@ Heatmap plugstarttime: 29625649
05-01 08:01:10.749  1792  1822 D HeatmapThread: !@ Heatmap prevv_dsoh_update_time: 29626542
05-01 08:01:10.749  1792  1822 E HeatmapThread: !@ CAM New BSOH: 100
05-01 08:01:10.749  1792  1822 E HeatmapThread: !@ CAM is Working
05-01 08:01:10.750 19994 19994 I warp-android-host: warp_mobile_android_host::vulkan: dynamic_grid_fast_path_ok dt_ms=2 instances=696 fast_path_updates=94 full_reinits=1
05-01 08:01:10.751 19994 19994 I warp-android-host: warp_mobile_android_host::vulkan: present_ok frame=2566 ts=164663225
05-01 08:01:10.751 19994 19994 I warp-android-host: warp_mobile_android_host: terminal_push_frame_dynamic ok=true cells=1920 rows=24 cols=80
05-01 08:01:10.758 19994 19994 I warp-android-host: warp_mobile_android_host::vulkan: present_ok frame=2567 ts=164663232
05-01 08:01:10.760  1802  2321 I CompositionEngine: [setDisplaySize] size=(434, 42)
05-01 08:01:10.764 19994 19994 D warp-android-host: android_logger: android_logger: log::set_logger failed: attempted to set a logger after the logging system was already initialized
05-01 08:01:10.764 19994 19994 I warp-android-host: warp_mobile_android_host: terminal_set_scroll_offset requested=304 clamped=304
05-01 08:01:10.767  2814  4599 W ActivityManager: Unable to start service Intent { act=com.skms.android.agent.remote.SKMSAgentProxyService xflg=0x4 pkg=com.skms.android.agent.remote } U=0: not found
05-01 08:01:10.769 19994 19994 I warp-android-host: warp_mobile_android_host::vulkan: dynamic_grid_fast_path_ok dt_ms=4 instances=696 fast_path_updates=95 full_reinits=1
05-01 08:01:10.771 19994 19994 I warp-android-host: warp_mobile_android_host::vulkan: present_ok frame=2568 ts=164663245
05-01 08:01:10.771 19994 19994 I warp-android-host: warp_mobile_android_host: terminal_push_frame_dynamic ok=true cells=1920 rows=24 cols=80
05-01 08:01:10.775 19994 19994 I warp-android-host: warp_mobile_android_host::vulkan: present_ok frame=2569 ts=164663249
05-01 08:01:10.780 19994 19994 D warp-android-host: android_logger: android_logger: log::set_logger failed: attempted to set a logger after the logging system was already initialized
05-01 08:01:10.780 19994 19994 I warp-android-host: warp_mobile_android_host: terminal_set_scroll_offset requested=310 clamped=310
05-01 08:01:10.786 19994 19994 I warp-android-host: warp_mobile_android_host::vulkan: dynamic_grid_fast_path_ok dt_ms=4 instances=696 fast_path_updates=96 full_reinits=1
05-01 08:01:10.788 19994 19994 I warp-android-host: warp_mobile_android_host::vulkan: present_ok frame=2570 ts=164663261
05-01 08:01:10.788 19994 19994 I warp-android-host: warp_mobile_android_host: terminal_push_frame_dynamic ok=true cells=1920 rows=24 cols=80
05-01 08:01:10.791 19994 19994 I warp-android-host: warp_mobile_android_host::vulkan: present_ok frame=2571 ts=164663265
05-01 08:01:10.796 19994 19994 D warp-android-host: android_logger: android_logger: log::set_logger failed: attempted to set a logger after the logging system was already initialized
05-01 08:01:10.796 19994 19994 I warp-android-host: warp_mobile_android_host: terminal_set_scroll_offset requested=315 clamped=315
05-01 08:01:10.802 19994 19994 I warp-android-host: warp_mobile_android_host::vulkan: dynamic_grid_fast_path_ok dt_ms=4 instances=696 fast_path_updates=97 full_reinits=1
05-01 08:01:10.804 19994 19994 I warp-android-host: warp_mobile_android_host::vulkan: present_ok frame=2572 ts=164663278
05-01 08:01:10.804 19994 19994 I warp-android-host: warp_mobile_android_host: terminal_push_frame_dynamic ok=true cells=1920 rows=24 cols=80
05-01 08:01:10.808 19994 19994 I warp-android-host: warp_mobile_android_host::vulkan: present_ok frame=2573 ts=164663282
05-01 08:01:10.812 19994 19994 D warp-android-host: android_logger: android_logger: log::set_logger failed: attempted to set a logger after the logging system was already initialized
05-01 08:01:10.812 19994 19994 I warp-android-host: warp_mobile_android_host: terminal_set_scroll_offset requested=320 clamped=320
05-01 08:01:10.819 19994 19994 I warp-android-host: warp_mobile_android_host::vulkan: dynamic_grid_fast_path_ok dt_ms=4 instances=696 fast_path_updates=98 full_reinits=1
05-01 08:01:10.821 19994 19994 I warp-android-host: warp_mobile_android_host::vulkan: present_ok frame=2574 ts=164663295
05-01 08:01:10.821 19994 19994 I warp-android-host: warp_mobile_android_host: terminal_push_frame_dynamic ok=true cells=1920 rows=24 cols=80
05-01 08:01:10.825 19994 19994 I warp-android-host: warp_mobile_android_host::vulkan: present_ok frame=2575 ts=164663299
05-01 08:01:10.828 19994 19994 D warp-android-host: android_logger: android_logger: log::set_logger failed: attempted to set a logger after the logging system was already initialized
05-01 08:01:10.829 19994 19994 I warp-android-host: warp_mobile_android_host: terminal_set_scroll_offset requested=325 clamped=325
05-01 08:01:10.836 19994 19994 I warp-android-host: warp_mobile_android_host::vulkan: dynamic_grid_fast_path_ok dt_ms=4 instances=696 fast_path_updates=99 full_reinits=1
05-01 08:01:10.838 19994 19994 I warp-android-host: warp_mobile_android_host::vulkan: present_ok frame=2576 ts=164663311
05-01 08:01:10.838 19994 19994 I warp-android-host: warp_mobile_android_host: terminal_push_frame_dynamic ok=true cells=1920 rows=24 cols=80
05-01 08:01:10.841 19994 19994 I warp-android-host: warp_mobile_android_host::vulkan: present_ok frame=2577 ts=164663315
05-01 08:01:10.845 19994 19994 D warp-android-host: android_logger: android_logger: log::set_logger failed: attempted to set a logger after the logging system was already initialized
05-01 08:01:10.845 19994 19994 I warp-android-host: warp_mobile_android_host: terminal_set_scroll_offset requested=329 clamped=329
05-01 08:01:10.851  1186  1186 D io_stats: !@   8,0 r 25108750 370015168 w 13821621 212411352 d 1119480 383475332 f 501591 1540805 iot 5432788 0 th 0 0 0 pt 0 inp 0 0 164663.325
05-01 08:01:10.852  1186  1186 D io_stats: !@ Read_top(KB): kworker/u16:3(25284) 4
05-01 08:01:10.852  1186  1186 D io_stats: !@ Write_top(KB): kworker/u16:3(25284) 7448 nordvpn.android(15130) 2320 egram.messenger(15960) 296
05-01 08:01:10.852 19994 19994 I warp-android-host: warp_mobile_android_host::vulkan: dynamic_grid_fast_path_ok dt_ms=4 instances=696 fast_path_updates=100 full_reinits=1
05-01 08:01:10.855 19994 19994 I warp-android-host: warp_mobile_android_host::vulkan: present_ok frame=2578 ts=164663329
05-01 08:01:10.855 19994 19994 I warp-android-host: warp_mobile_android_host: terminal_push_frame_dynamic ok=true cells=1920 rows=24 cols=80
05-01 08:01:10.858 19994 19994 I warp-android-host: warp_mobile_android_host::vulkan: present_ok frame=2579 ts=164663332
05-01 08:01:10.861  1802  2321 I CompositionEngine: [setDisplaySize] size=(434, 42)
05-01 08:01:10.862 19994 19994 D warp-android-host: android_logger: android_logger: log::set_logger failed: attempted to set a logger after the logging system was already initialized
05-01 08:01:10.862 19994 19994 I warp-android-host: warp_mobile_android_host: terminal_set_scroll_offset requested=333 clamped=333
05-01 08:01:10.869 19994 19994 I warp-android-host: warp_mobile_android_host::vulkan: dynamic_grid_fast_path_ok dt_ms=4 instances=696 fast_path_updates=101 full_reinits=1
05-01 08:01:10.872 19994 19994 I warp-android-host: warp_mobile_android_host::vulkan: present_ok frame=2580 ts=164663345
05-01 08:01:10.872 19994 19994 I warp-android-host: warp_mobile_android_host: terminal_push_frame_dynamic ok=true cells=1920 rows=24 cols=80
05-01 08:01:10.875 19994 19994 I warp-android-host: warp_mobile_android_host::vulkan: present_ok frame=2581 ts=164663349
05-01 08:01:10.879 19994 19994 D warp-android-host: android_logger: android_logger: log::set_logger failed: attempted to set a logger after the logging system was already initialized
05-01 08:01:10.879 19994 19994 I warp-android-host: warp_mobile_android_host: terminal_set_scroll_offset requested=336 clamped=336
05-01 08:01:10.886 19994 19994 I warp-android-host: warp_mobile_android_host::vulkan: dynamic_grid_fast_path_ok dt_ms=4 instances=696 fast_path_updates=102 full_reinits=1
05-01 08:01:10.888 19994 19994 I warp-android-host: warp_mobile_android_host::vulkan: present_ok frame=2582 ts=164663361
05-01 08:01:10.888 19994 19994 I warp-android-host: warp_mobile_android_host: terminal_push_frame_dynamic ok=true cells=1920 rows=24 cols=80
05-01 08:01:10.891 19994 19994 I warp-android-host: warp_mobile_android_host::vulkan: present_ok frame=2583 ts=164663365
05-01 08:01:10.895 19994 19994 D warp-android-host: android_logger: android_logger: log::set_logger failed: attempted to set a logger after the logging system was already initialized
05-01 08:01:10.895 19994 19994 I warp-android-host: warp_mobile_android_host: terminal_set_scroll_offset requested=339 clamped=339
05-01 08:01:10.902 19994 19994 I warp-android-host: warp_mobile_android_host::vulkan: dynamic_grid_fast_path_ok dt_ms=4 instances=696 fast_path_updates=103 full_reinits=1
05-01 08:01:10.904 19994 19994 I warp-android-host: warp_mobile_android_host::vulkan: present_ok frame=2584 ts=164663378
05-01 08:01:10.904 19994 19994 I warp-android-host: warp_mobile_android_host: terminal_push_frame_dynamic ok=true cells=1920 rows=24 cols=80
05-01 08:01:10.908 19994 19994 I warp-android-host: warp_mobile_android_host::vulkan: present_ok frame=2585 ts=164663382
05-01 08:01:10.912 19994 19994 D warp-android-host: android_logger: android_logger: log::set_logger failed: attempted to set a logger after the logging system was already initialized
05-01 08:01:10.912 19994 19994 I warp-android-host: warp_mobile_android_host: terminal_set_scroll_offset requested=342 clamped=342
05-01 08:01:10.919 19994 19994 I warp-android-host: warp_mobile_android_host::vulkan: dynamic_grid_fast_path_ok dt_ms=4 instances=696 fast_path_updates=104 full_reinits=1
05-01 08:01:10.921 19994 19994 I warp-android-host: warp_mobile_android_host::vulkan: present_ok frame=2586 ts=164663394
05-01 08:01:10.921 19994 19994 I warp-android-host: warp_mobile_android_host: terminal_push_frame_dynamic ok=true cells=1920 rows=24 cols=80
05-01 08:01:10.924 19994 19994 I warp-android-host: warp_mobile_android_host::vulkan: present_ok frame=2587 ts=164663398
05-01 08:01:10.927  2814  3749 W DeviceStorageMonitorService: updateBroadcasts(/data) oldLevel:0, newLevel:0, seq:1
05-01 08:01:10.928 19994 19994 D warp-android-host: android_logger: android_logger: log::set_logger failed: attempted to set a logger after the logging system was already initialized
05-01 08:01:10.929 19994 19994 I warp-android-host: warp_mobile_android_host: terminal_set_scroll_offset requested=344 clamped=344
05-01 08:01:10.929  2814  3749 D DeviceStorageMonitorService: Available File Node Number is [9964436]
05-01 08:01:10.929  2814  3749 W DeviceStorageMonitorService: updateBroadcasts_filenode(/data) fn_oldLevel:0, fn_newLevel:0, seq:1
05-01 08:01:10.932 19994 19994 I warp-android-host: warp_mobile_android_host::vulkan: dynamic_grid_fast_path_ok dt_ms=1 instances=696 fast_path_updates=105 full_reinits=1
05-01 08:01:10.934 19994 19994 I warp-android-host: warp_mobile_android_host::vulkan: present_ok frame=2588 ts=164663408
05-01 08:01:10.934 19994 19994 I warp-android-host: warp_mobile_android_host: terminal_push_frame_dynamic ok=true cells=1920 rows=24 cols=80
05-01 08:01:10.940 19994 19994 I warp-android-host: warp_mobile_android_host::vulkan: present_ok frame=2589 ts=164663414
05-01 08:01:10.945 19994 19994 D warp-android-host: android_logger: android_logger: log::set_logger failed: attempted to set a logger after the logging system was already initialized
05-01 08:01:10.945 19994 19994 I warp-android-host: warp_mobile_android_host: terminal_set_scroll_offset requested=346 clamped=346
05-01 08:01:10.949 19994 19994 I warp-android-host: warp_mobile_android_host::vulkan: dynamic_grid_fast_path_ok dt_ms=1 instances=696 fast_path_updates=106 full_reinits=1
05-01 08:01:10.950 19994 19994 I warp-android-host: warp_mobile_android_host::vulkan: present_ok frame=2590 ts=164663424
05-01 08:01:10.950 19994 19994 I warp-android-host: warp_mobile_android_host: terminal_push_frame_dynamic ok=true cells=1920 rows=24 cols=80
05-01 08:01:10.958 19994 19994 I warp-android-host: warp_mobile_android_host::vulkan: present_ok frame=2591 ts=164663431
05-01 08:01:10.960 19994 19994 D warp-android-host: android_logger: android_logger: log::set_logger failed: attempted to set a logger after the logging system was already initialized
