05-01 08:01:12.300 19994 19994 I warp-android-host: warp_mobile_android_host::vulkan: dynamic_grid_fast_path_ok dt_ms=4 instances=696 fast_path_updates=178 full_reinits=1
05-01 08:01:12.302 19994 19994 I warp-android-host: warp_mobile_android_host::vulkan: present_ok frame=2751 ts=164664776
05-01 08:01:12.302 19994 19994 I warp-android-host: warp_mobile_android_host: terminal_push_frame_dynamic ok=true cells=1920 rows=24 cols=80
05-01 08:01:12.306 19994 19994 I warp-android-host: warp_mobile_android_host::vulkan: present_ok frame=2752 ts=164664779
05-01 08:01:12.310 19994 19994 D warp-android-host: android_logger: android_logger: log::set_logger failed: attempted to set a logger after the logging system was already initialized
05-01 08:01:12.310 19994 19994 I warp-android-host: warp_mobile_android_host: terminal_set_scroll_offset requested=580 clamped=580
05-01 08:01:12.317 19994 19994 I warp-android-host: warp_mobile_android_host::vulkan: dynamic_grid_fast_path_ok dt_ms=3 instances=696 fast_path_updates=179 full_reinits=1
05-01 08:01:12.319 19994 19994 I warp-android-host: warp_mobile_android_host::vulkan: present_ok frame=2753 ts=164664793
05-01 08:01:12.319 19994 19994 I warp-android-host: warp_mobile_android_host: terminal_push_frame_dynamic ok=true cells=1920 rows=24 cols=80
05-01 08:01:12.322 19994 19994 I warp-android-host: warp_mobile_android_host::vulkan: present_ok frame=2754 ts=164664796
05-01 08:01:12.327 19994 19994 D warp-android-host: android_logger: android_logger: log::set_logger failed: attempted to set a logger after the logging system was already initialized
05-01 08:01:12.327 19994 19994 I warp-android-host: warp_mobile_android_host: terminal_set_scroll_offset requested=583 clamped=583
05-01 08:01:12.333 19994 19994 I warp-android-host: warp_mobile_android_host::vulkan: dynamic_grid_fast_path_ok dt_ms=4 instances=696 fast_path_updates=180 full_reinits=1
05-01 08:01:12.335 19994 19994 I warp-android-host: warp_mobile_android_host::vulkan: present_ok frame=2755 ts=164664809
05-01 08:01:12.335 19994 19994 I warp-android-host: warp_mobile_android_host: terminal_push_frame_dynamic ok=true cells=1920 rows=24 cols=80
05-01 08:01:12.339 19994 19994 I warp-android-host: warp_mobile_android_host::vulkan: present_ok frame=2756 ts=164664813
05-01 08:01:12.343 19994 19994 D warp-android-host: android_logger: android_logger: log::set_logger failed: attempted to set a logger after the logging system was already initialized
05-01 08:01:12.343 19994 19994 I warp-android-host: warp_mobile_android_host: terminal_set_scroll_offset requested=586 clamped=586
05-01 08:01:12.350 19994 19994 I warp-android-host: warp_mobile_android_host::vulkan: dynamic_grid_fast_path_ok dt_ms=4 instances=696 fast_path_updates=181 full_reinits=1
05-01 08:01:12.352 19994 19994 I warp-android-host: warp_mobile_android_host::vulkan: present_ok frame=2757 ts=164664826
05-01 08:01:12.352 19994 19994 I warp-android-host: warp_mobile_android_host: terminal_push_frame_dynamic ok=true cells=1920 rows=24 cols=80
05-01 08:01:12.356 19994 19994 I warp-android-host: warp_mobile_android_host::vulkan: present_ok frame=2758 ts=164664830
05-01 08:01:12.360 19994 19994 D warp-android-host: android_logger: android_logger: log::set_logger failed: attempted to set a logger after the logging system was already initialized
05-01 08:01:12.360 19994 19994 I warp-android-host: warp_mobile_android_host: terminal_set_scroll_offset requested=588 clamped=588
05-01 08:01:12.367 19994 19994 I warp-android-host: warp_mobile_android_host::vulkan: dynamic_grid_fast_path_ok dt_ms=3 instances=696 fast_path_updates=182 full_reinits=1
05-01 08:01:12.368 19994 19994 I warp-android-host: warp_mobile_android_host::vulkan: present_ok frame=2759 ts=164664842
05-01 08:01:12.369 19994 19994 I warp-android-host: warp_mobile_android_host: terminal_push_frame_dynamic ok=true cells=1920 rows=24 cols=80
05-01 08:01:12.372 19994 19994 I warp-android-host: warp_mobile_android_host::vulkan: present_ok frame=2760 ts=164664846
05-01 08:01:12.376 19994 19994 D warp-android-host: android_logger: android_logger: log::set_logger failed: attempted to set a logger after the logging system was already initialized
05-01 08:01:12.376 19994 19994 I warp-android-host: warp_mobile_android_host: terminal_set_scroll_offset requested=590 clamped=590
05-01 08:01:12.383 19994 19994 I warp-android-host: warp_mobile_android_host::vulkan: dynamic_grid_fast_path_ok dt_ms=4 instances=696 fast_path_updates=183 full_reinits=1
05-01 08:01:12.385 19994 19994 I warp-android-host: warp_mobile_android_host::vulkan: present_ok frame=2761 ts=164664858
05-01 08:01:12.385 19994 19994 I warp-android-host: warp_mobile_android_host: terminal_push_frame_dynamic ok=true cells=1920 rows=24 cols=80
05-01 08:01:12.389 19994 19994 I warp-android-host: warp_mobile_android_host::vulkan: present_ok frame=2762 ts=164664862
05-01 08:01:12.392  1802  2321 I CompositionEngine: [setDisplaySize] size=(434, 42)
05-01 08:01:12.392 19994 19994 D warp-android-host: android_logger: android_logger: log::set_logger failed: attempted to set a logger after the logging system was already initialized
05-01 08:01:12.392 19994 19994 I warp-android-host: warp_mobile_android_host: terminal_set_scroll_offset requested=592 clamped=592
05-01 08:01:12.397 19994 19994 I warp-android-host: warp_mobile_android_host::vulkan: dynamic_grid_fast_path_ok dt_ms=2 instances=696 fast_path_updates=184 full_reinits=1
05-01 08:01:12.399 19994 19994 I warp-android-host: warp_mobile_android_host::vulkan: present_ok frame=2763 ts=164664873
05-01 08:01:12.399 19994 19994 I warp-android-host: warp_mobile_android_host: terminal_push_frame_dynamic ok=true cells=1920 rows=24 cols=80
05-01 08:01:12.406 19994 19994 I warp-android-host: warp_mobile_android_host::vulkan: present_ok frame=2764 ts=164664879
05-01 08:01:12.408 19994 19994 D warp-android-host: android_logger: android_logger: log::set_logger failed: attempted to set a logger after the logging system was already initialized
05-01 08:01:12.408 19994 19994 I warp-android-host: warp_mobile_android_host: terminal_set_scroll_offset requested=594 clamped=594
05-01 08:01:12.417 19994 19994 I warp-android-host: warp_mobile_android_host::vulkan: dynamic_grid_fast_path_ok dt_ms=3 instances=696 fast_path_updates=185 full_reinits=1
05-01 08:01:12.418 19994 19994 I warp-android-host: warp_mobile_android_host::vulkan: present_ok frame=2765 ts=164664892
05-01 08:01:12.418 19994 19994 I warp-android-host: warp_mobile_android_host: terminal_push_frame_dynamic ok=true cells=1920 rows=24 cols=80
05-01 08:01:12.420  1667  4712 D vendor.qti.bluetooth@1.1-wake_lock: Release wakelock is released 
05-01 08:01:12.422 19994 19994 I warp-android-host: warp_mobile_android_host::vulkan: present_ok frame=2766 ts=164664896
05-01 08:01:12.423  2814  4599 D InputDispatcher: Inject motion (20680/2000): action=0x0, time=164664896000000, f=0x0, d=0 dsdx=1.000000 dtdx=0.000000
05-01 08:01:12.424  2814  3644 I InputDispatcher: Delivering touch to (3998): action: 0x4, f=0x0, d=0, 'c5a7fd5', t=1 
05-01 08:01:12.424  2814  3644 I InputDispatcher: Delivering touch to (19994): action: 0x0, f=0x0, d=0, 'b65a79d', t=1 
05-01 08:01:12.425 19994 19994 I VRI[MainActivity]@afeb858: ViewPostIme pointer 0
05-01 08:01:12.425 19994 19994 D warp-android-host: android_logger: android_logger: log::set_logger failed: attempted to set a logger after the logging system was already initialized
05-01 08:01:12.425 19994 19994 I warp-android-host: warp_mobile_android_host: terminal_set_scroll_offset requested=596 clamped=596
05-01 08:01:12.426  4483  4483 I HoneySpace.GestureInputHandler: inputConsumers = [com.honeyspace.gesture.inputconsumer.InputConsumer$Companion$NO_OP$1@3c5d14e]
05-01 08:01:12.427  4483  4483 I HoneySpace.InputSession: inputConsumers = NO_OP
05-01 08:01:12.427  4483  4483 I HoneySpace.InputSession: open
05-01 08:01:12.428  2814  3005 I GestureDetector: obtain mCurrentDownEvent. id: -806904768 caller: com.android.server.wm.SystemGesturesPointerEventListener.onPointerEvent:17 com.android.server.wm.PointerEventDispatcher.onInputEvent:51 android.view.InputEventReceiver.dispatchInputEvent:392 
05-01 08:01:12.428  2814  3005 I GestureDetector: obtain mCurrentDownEvent. id: -806904768 caller: com.android.server.wm.SystemPerformancePointerEventListener.onPointerEvent:13 com.android.server.wm.PointerEventDispatcher.onInputEvent:51 android.view.InputEventReceiver.dispatchInputEvent:392 
05-01 08:01:12.428  7128  7128 I SemDvfsHyPerManager: acquire hyper - TATouchBoost/7128@30, type = -999
05-01 08:01:12.428  7128  7128 I SemDvfsHyPerManager: acquire hyper - TA_TOUCH_SHARE/7128@31, type = -999
05-01 08:01:12.429  1684  1724 I HYPER-HAL: [RequestManager.cpp]acquire(): Acquired ID : 25622091  [7128 / 30]    HINT :      list : [TABoost / 1] [TIMEOUT / 1500] 
05-01 08:01:12.429  1684  1724 I HYPER-HAL: [RequestManager.cpp]acquire(): Acquired ID : 25629251  [7128 / 31]    HINT : TA_TOUCH_SHARE    list : [TIMEOUT / 1500] 
05-01 08:01:12.431  2814  3005 I GestureDetector: obtain mCurrentMotionEventRaw. action: 2 id: -826636285
05-01 08:01:12.431  2814  3005 I GestureDetector: obtain mCurrentMotionEventRaw. action: 2 id: -826636285
05-01 08:01:12.432  2814  2814 I SemDvfsHyPerManager: acquire hyper - WM_SCROLL_DETECTED/2814@2, type = -999
05-01 08:01:12.432  1684  1724 I HYPER-HAL: [RequestManager.cpp]acquire(): Acquired ID : 3966338  [2814 / 2]    HINT :      list : [CoreNumBigMin / 3] 
05-01 08:01:12.433 19994 19994 I warp-android-host: warp_mobile_android_host::vulkan: dynamic_grid_fast_path_ok dt_ms=4 instances=696 fast_path_updates=186 full_reinits=1
05-01 08:01:12.435 19994 19994 I warp-android-host: warp_mobile_android_host::vulkan: present_ok frame=2767 ts=164664909
05-01 08:01:12.435 19994 19994 I warp-android-host: warp_mobile_android_host: terminal_push_frame_dynamic ok=true cells=1920 rows=24 cols=80
05-01 08:01:12.440 19994 19994 I warp-android-host: warp_mobile_android_host::vulkan: present_ok frame=2768 ts=164664913
05-01 08:01:12.441 19994 19994 D warp-android-host: android_logger: android_logger: log::set_logger failed: attempted to set a logger after the logging system was already initialized
05-01 08:01:12.441 19994 19994 I warp-android-host: warp_mobile_android_host: terminal_set_scroll_offset requested=597 clamped=597
05-01 08:01:12.450  2814  4860 E BatteryStatsService: Invalid uid for waking network packet: -1
05-01 08:01:12.451 19994 19994 I warp-android-host: warp_mobile_android_host::vulkan: dynamic_grid_fast_path_ok dt_ms=4 instances=696 fast_path_updates=187 full_reinits=1
05-01 08:01:12.452 19994 19994 I warp-android-host: warp_mobile_android_host::vulkan: present_ok frame=2769 ts=164664926
05-01 08:01:12.452 19994 19994 I warp-android-host: warp_mobile_android_host: terminal_push_frame_dynamic ok=true cells=1920 rows=24 cols=80
05-01 08:01:12.456 19994 19994 I warp-android-host: warp_mobile_android_host::vulkan: present_ok frame=2770 ts=164664930
05-01 08:01:12.458 19994 19994 D warp-android-host: android_logger: android_logger: log::set_logger failed: attempted to set a logger after the logging system was already initialized
05-01 08:01:12.458 19994 19994 I warp-android-host: warp_mobile_android_host: terminal_set_scroll_offset requested=598 clamped=598
05-01 08:01:12.467 19994 19994 I warp-android-host: warp_mobile_android_host::vulkan: dynamic_grid_fast_path_ok dt_ms=4 instances=696 fast_path_updates=188 full_reinits=1
05-01 08:01:12.469 19994 19994 I warp-android-host: warp_mobile_android_host::vulkan: present_ok frame=2771 ts=164664942
05-01 08:01:12.469 19994 19994 I warp-android-host: warp_mobile_android_host: terminal_push_frame_dynamic ok=true cells=1920 rows=24 cols=80
05-01 08:01:12.473 19994 19994 I warp-android-host: warp_mobile_android_host::vulkan: present_ok frame=2772 ts=164664947
05-01 08:01:12.475 19994 19994 D warp-android-host: android_logger: android_logger: log::set_logger failed: attempted to set a logger after the logging system was already initialized
05-01 08:01:12.475 19994 19994 I warp-android-host: warp_mobile_android_host: terminal_set_scroll_offset requested=599 clamped=599
05-01 08:01:12.484 19994 19994 I warp-android-host: warp_mobile_android_host::vulkan: dynamic_grid_fast_path_ok dt_ms=4 instances=696 fast_path_updates=189 full_reinits=1
05-01 08:01:12.486 19994 19994 I warp-android-host: warp_mobile_android_host::vulkan: present_ok frame=2773 ts=164664960
05-01 08:01:12.486 19994 19994 I warp-android-host: warp_mobile_android_host: terminal_push_frame_dynamic ok=true cells=1920 rows=24 cols=80
05-01 08:01:12.490 19994 19994 I warp-android-host: warp_mobile_android_host::vulkan: present_ok frame=2774 ts=164664963
05-01 08:01:12.491 19994 19994 D warp-android-host: android_logger: android_logger: log::set_logger failed: attempted to set a logger after the logging system was already initialized
05-01 08:01:12.491 19994 19994 I warp-android-host: warp_mobile_android_host: terminal_set_scroll_offset requested=600 clamped=600
05-01 08:01:12.492  1802  2321 I CompositionEngine: [setDisplaySize] size=(434, 42)
05-01 08:01:12.501 19994 19994 I warp-android-host: warp_mobile_android_host::vulkan: dynamic_grid_fast_path_ok dt_ms=4 instances=696 fast_path_updates=190 full_reinits=1
05-01 08:01:12.503 19994 19994 I warp-android-host: warp_mobile_android_host::vulkan: present_ok frame=2775 ts=164664976
05-01 08:01:12.503 19994 19994 I warp-android-host: warp_mobile_android_host: terminal_push_frame_dynamic ok=true cells=1920 rows=24 cols=80
05-01 08:01:12.506 19994 19994 I warp-android-host: warp_mobile_android_host::vulkan: present_ok frame=2776 ts=164664980
05-01 08:01:12.508 19994 19994 D warp-android-host: android_logger: android_logger: log::set_logger failed: attempted to set a logger after the logging system was already initialized
05-01 08:01:12.508 19994 19994 I warp-android-host: warp_mobile_android_host: terminal_set_scroll_offset requested=601 clamped=601
05-01 08:01:12.517 19994 19994 I warp-android-host: warp_mobile_android_host::vulkan: dynamic_grid_fast_path_ok dt_ms=4 instances=696 fast_path_updates=191 full_reinits=1
05-01 08:01:12.519 19994 19994 I warp-android-host: warp_mobile_android_host::vulkan: present_ok frame=2777 ts=164664993
05-01 08:01:12.519 19994 19994 I warp-android-host: warp_mobile_android_host: terminal_push_frame_dynamic ok=true cells=1920 rows=24 cols=80
05-01 08:01:12.523 19994 19994 I warp-android-host: warp_mobile_android_host::vulkan: present_ok frame=2778 ts=164664997
05-01 08:01:12.524 19994 19994 D warp-android-host: android_logger: android_logger: log::set_logger failed: attempted to set a logger after the logging system was already initialized
05-01 08:01:12.524 19994 19994 I warp-android-host: warp_mobile_android_host: terminal_set_scroll_offset requested=602 clamped=602
05-01 08:01:12.526  7128  7128 I SemDvfsHyPerManager: acquire hyper - TATouchBoost/7128@30, type = -999
05-01 08:01:12.526  7128  7128 I SemDvfsHyPerManager: acquire hyper - TA_TOUCH_SHARE/7128@31, type = -999
05-01 08:01:12.526  1684  1724 I HYPER-HAL: [RequestManager.cpp]acquire(): Acquired ID : 25622091  [7128 / 30]    HINT :      list : [TABoost / 1] [TIMEOUT / 1500] 
05-01 08:01:12.527  1684  1724 I HYPER-HAL: [RequestManager.cpp]acquire(): Acquired ID : 25629251  [7128 / 31]    HINT : TA_TOUCH_SHARE    list : [TIMEOUT / 1500] 
05-01 08:01:12.530  2814  4599 D InputDispatcher: Inject motion (20680/2000): action=0x1, time=164665003000000, f=0x0, d=0 dsdx=1.000000 dtdx=0.000000
05-01 08:01:12.531  2814  3644 I InputDispatcher: Delivering touch to (19994): action: 0x1, f=0x0, d=0, 'b65a79d', t=1 
05-01 08:01:12.532  4483  4483 I HoneySpace.GestureInputHandler: reset
05-01 08:01:12.532  4483  4483 I HoneySpace.InputSession: close
05-01 08:01:12.533  2814  2814 I SemDvfsHyPerManager: acquire hyper - GESTURE_DETECTED_HRR/2814@29, type = -999
05-01 08:01:12.533  2814  2814 I SemDvfsHyPerManager: acquire hyper - GESTURE_DETECTED_HRR/2814@29, type = -999
05-01 08:01:12.533  2814  2814 I SemDvfsHyPerManager: acquire hyper - SMOOTH_SCROLL/2814@25, type = -999
05-01 08:01:12.534  1684  1724 I HYPER-HAL: [RequestManager.cpp]releaseLocked(): Released ID : 3966338
05-01 08:01:12.534  1684  1724 I HYPER-HAL: [RequestManager.cpp]acquire(): Acquired ID : 4042775  [2814 / 29]    HINT : GESTURE_DETECTED_HRR    list : [TIMEOUT / 2083] 
05-01 08:01:12.534  1684  1724 I HYPER-HAL: [RequestManager.cpp]acquire(): Acquired ID : 4042775  [2814 / 29]    HINT : GESTURE_DETECTED_HRR    list : [TIMEOUT / 2282] 
05-01 08:01:12.534 19994 19994 I warp-android-host: warp_mobile_android_host::vulkan: dynamic_grid_fast_path_ok dt_ms=4 instances=696 fast_path_updates=192 full_reinits=1
05-01 08:01:12.536 19994 19994 I warp-android-host: warp_mobile_android_host::vulkan: present_ok frame=2779 ts=164665010
05-01 08:01:12.536 19994 19994 I warp-android-host: warp_mobile_android_host: terminal_push_frame_dynamic ok=true cells=1920 rows=24 cols=80
05-01 08:01:12.536 19994 19994 I VRI[MainActivity]@afeb858: ViewPostIme pointer 1
05-01 08:01:12.539 19994 19994 I warp-android-host: warp_mobile_android_host::vulkan: present_ok frame=2780 ts=164665013
05-01 08:01:12.539 19994 19994 D warp-android-host: android_logger: android_logger: log::set_logger failed: attempted to set a logger after the logging system was already initialized
05-01 08:01:12.539 19994 19994 I warp-android-host: warp_mobile_android_host: terminal_set_scroll_offset requested=603 clamped=603
05-01 08:01:12.549 19994 19994 I warp-android-host: warp_mobile_android_host::vulkan: dynamic_grid_fast_path_ok dt_ms=3 instances=696 fast_path_updates=193 full_reinits=1
05-01 08:01:12.551 19994 19994 I warp-android-host: warp_mobile_android_host::vulkan: present_ok frame=2781 ts=164665024
05-01 08:01:12.551 19994 19994 I warp-android-host: warp_mobile_android_host: terminal_push_frame_dynamic ok=true cells=1920 rows=24 cols=80
05-01 08:01:12.552  2814  3899 D NetdEventListenerService: DNS Requested by 101, 10419(com.coinmarketcap.android), 4(FAIL), isBlocked=true, 0ms
05-01 08:01:12.555 19994 19994 I warp-android-host: warp_mobile_android_host::vulkan: present_ok frame=2782 ts=164665029
05-01 08:01:12.555 19994 19994 D warp-android-host: android_logger: android_logger: log::set_logger failed: attempted to set a logger after the logging system was already initialized
05-01 08:01:12.555 19994 19994 I warp-android-host: warp_mobile_android_host: terminal_set_scroll_offset requested=604 clamped=604
05-01 08:01:12.566 19994 19994 I warp-android-host: warp_mobile_android_host::vulkan: dynamic_grid_fast_path_ok dt_ms=4 instances=696 fast_path_updates=194 full_reinits=1
05-01 08:01:12.568 19994 19994 I warp-android-host: warp_mobile_android_host::vulkan: present_ok frame=2783 ts=164665042
05-01 08:01:12.568 19994 19994 I warp-android-host: warp_mobile_android_host: terminal_push_frame_dynamic ok=true cells=1920 rows=24 cols=80
05-01 08:01:12.572 19994 19994 I warp-android-host: warp_mobile_android_host::vulkan: present_ok frame=2784 ts=164665046
05-01 08:01:12.581 19994 19994 I warp-android-host: warp_mobile_android_host::vulkan: present_ok frame=2785 ts=164665055
05-01 08:01:12.589 19994 19994 I warp-android-host: warp_mobile_android_host::vulkan: present_ok frame=2786 ts=164665063
05-01 08:01:12.589 19994 19994 D warp-android-host: android_logger: android_logger: log::set_logger failed: attempted to set a logger after the logging system was already initialized
05-01 08:01:12.589 19994 19994 I warp-android-host: warp_mobile_android_host: terminal_set_scroll_offset requested=605 clamped=605
05-01 08:01:12.592  1802  2321 I CompositionEngine: [setDisplaySize] size=(434, 42)
05-01 08:01:12.600 19994 19994 I warp-android-host: warp_mobile_android_host::vulkan: dynamic_grid_fast_path_ok dt_ms=4 instances=696 fast_path_updates=195 full_reinits=1
05-01 08:01:12.602 19994 19994 I warp-android-host: warp_mobile_android_host::vulkan: present_ok frame=2787 ts=164665076
05-01 08:01:12.602 19994 19994 I warp-android-host: warp_mobile_android_host: terminal_push_frame_dynamic ok=true cells=1920 rows=24 cols=80
05-01 08:01:12.605 19994 19994 I warp-android-host: warp_mobile_android_host::vulkan: present_ok frame=2788 ts=164665079
05-01 08:01:12.614 19994 19994 I warp-android-host: warp_mobile_android_host::vulkan: present_ok frame=2789 ts=164665087
05-01 08:01:12.622 19994 19994 I warp-android-host: warp_mobile_android_host::vulkan: present_ok frame=2790 ts=164665096
05-01 08:01:12.623 19994 19994 D warp-android-host: android_logger: android_logger: log::set_logger failed: attempted to set a logger after the logging system was already initialized
05-01 08:01:12.623 19994 19994 I warp-android-host: warp_mobile_android_host: terminal_set_scroll_offset requested=606 clamped=606
05-01 08:01:12.633 19994 19994 I warp-android-host: warp_mobile_android_host::vulkan: dynamic_grid_fast_path_ok dt_ms=4 instances=696 fast_path_updates=196 full_reinits=1
05-01 08:01:12.635 19994 19994 I warp-android-host: warp_mobile_android_host::vulkan: present_ok frame=2791 ts=164665109
05-01 08:01:12.635 19994 19994 I warp-android-host: warp_mobile_android_host: terminal_push_frame_dynamic ok=true cells=1920 rows=24 cols=80
05-01 08:01:12.639 19994 19994 I warp-android-host: warp_mobile_android_host::vulkan: present_ok frame=2792 ts=164665113
05-01 08:01:12.647 19994 19994 I warp-android-host: warp_mobile_android_host::vulkan: present_ok frame=2793 ts=164665121
05-01 08:01:12.655 19994 19994 I warp-android-host: warp_mobile_android_host::vulkan: present_ok frame=2794 ts=164665129
05-01 08:01:12.656 19994 19994 D warp-android-host: android_logger: android_logger: log::set_logger failed: attempted to set a logger after the logging system was already initialized
05-01 08:01:12.656 19994 19994 I warp-android-host: warp_mobile_android_host: terminal_set_scroll_offset requested=607 clamped=607
05-01 08:01:12.667 19994 19994 I warp-android-host: warp_mobile_android_host::vulkan: dynamic_grid_fast_path_ok dt_ms=4 instances=696 fast_path_updates=197 full_reinits=1
05-01 08:01:12.668 19994 19994 I warp-android-host: warp_mobile_android_host::vulkan: present_ok frame=2795 ts=164665142
05-01 08:01:12.669 19994 19994 I warp-android-host: warp_mobile_android_host: terminal_push_frame_dynamic ok=true cells=1920 rows=24 cols=80
05-01 08:01:12.672 19994 19994 I warp-android-host: warp_mobile_android_host::vulkan: present_ok frame=2796 ts=164665146
05-01 08:01:12.681 19994 19994 I warp-android-host: warp_mobile_android_host::vulkan: present_ok frame=2797 ts=164665154
05-01 08:01:12.689 19994 19994 I warp-android-host: warp_mobile_android_host::vulkan: present_ok frame=2798 ts=164665162
05-01 08:01:12.697 19994 19994 I warp-android-host: warp_mobile_android_host::vulkan: present_ok frame=2799 ts=164665171
05-01 08:01:12.698  1802  2321 I CompositionEngine: [setDisplaySize] size=(434, 42)
05-01 08:01:12.706 19994 19994 I warp-android-host: warp_mobile_android_host::vulkan: present_ok frame=2800 ts=164665180
05-01 08:01:12.714 19994 19994 I warp-android-host: warp_mobile_android_host::vulkan: present_ok frame=2801 ts=164665187
05-01 08:01:12.723 19994 19994 I warp-android-host: warp_mobile_android_host::vulkan: present_ok frame=2802 ts=164665196
05-01 08:01:12.723 19994 19994 D warp-android-host: android_logger: android_logger: log::set_logger failed: attempted to set a logger after the logging system was already initialized
05-01 08:01:12.723 19994 19994 I warp-android-host: warp_mobile_android_host: terminal_set_scroll_offset requested=608 clamped=608
05-01 08:01:12.733 19994 19994 I warp-android-host: warp_mobile_android_host::vulkan: dynamic_grid_fast_path_ok dt_ms=4 instances=696 fast_path_updates=198 full_reinits=1
05-01 08:01:12.735 19994 19994 I warp-android-host: warp_mobile_android_host::vulkan: present_ok frame=2803 ts=164665209
05-01 08:01:12.735 19994 19994 I warp-android-host: warp_mobile_android_host: terminal_push_frame_dynamic ok=true cells=1920 rows=24 cols=80
05-01 08:01:12.739 19994 19994 I warp-android-host: warp_mobile_android_host::vulkan: present_ok frame=2804 ts=164665212
05-01 08:01:12.746  1792  1822 E HeatmapThread: ECT Thread time in milliseconds: 1777593672
05-01 08:01:12.747 19994 19994 I warp-android-host: warp_mobile_android_host::vulkan: present_ok frame=2805 ts=164665221
05-01 08:01:12.751  1792  1822 D HeatmapThread: !@ batteryplugType : 2
05-01 08:01:12.751  1792  1822 D HeatmapThread: !@ batteryLevel : 100  batteryTemperature : 319 
05-01 08:01:12.751  1792  1822 D HeatmapThread: !@ Heatmap currtime: 29626561
05-01 08:01:12.751  1792  1822 D HeatmapThread: !@ Heatmap prevtime: 29626554
05-01 08:01:12.751  1792  1822 D HeatmapThread: !@ Heatmap plugstarttime: 29625649
05-01 08:01:12.751  1792  1822 D HeatmapThread: !@ Heatmap prevv_dsoh_update_time: 29626542
05-01 08:01:12.751  1792  1822 E HeatmapThread: !@ CAM New BSOH: 100
05-01 08:01:12.751  1792  1822 E HeatmapThread: !@ CAM is Working
05-01 08:01:12.755 19994 19994 I warp-android-host: warp_mobile_android_host::vulkan: present_ok frame=2806 ts=164665229
05-01 08:01:12.764 19994 19994 I warp-android-host: warp_mobile_android_host::vulkan: present_ok frame=2807 ts=164665238
05-01 08:01:12.772 19994 19994 I warp-android-host: warp_mobile_android_host::vulkan: present_ok frame=2808 ts=164665246
05-01 08:01:12.773  2814  4599 W ActivityManager: Unable to start service Intent { act=com.skms.android.agent.remote.SKMSAgentProxyService xflg=0x4 pkg=com.skms.android.agent.remote } U=0: not found
05-01 08:01:12.780 19994 19994 I warp-android-host: warp_mobile_android_host::vulkan: present_ok frame=2809 ts=164665254
05-01 08:01:12.789 19994 19994 I warp-android-host: warp_mobile_android_host::vulkan: present_ok frame=2810 ts=164665262
05-01 08:01:12.797 19994 19994 I warp-android-host: warp_mobile_android_host::vulkan: present_ok frame=2811 ts=164665271
05-01 08:01:12.799  1802  2321 I CompositionEngine: [setDisplaySize] size=(434, 42)
05-01 08:01:12.806 19994 19994 I warp-android-host: warp_mobile_android_host::vulkan: present_ok frame=2812 ts=164665279
05-01 08:01:12.806 19994 19994 D warp-android-host: android_logger: android_logger: log::set_logger failed: attempted to set a logger after the logging system was already initialized
05-01 08:01:12.806 19994 19994 I warp-android-host: warp_mobile_android_host: terminal_set_scroll_offset requested=609 clamped=609
05-01 08:01:12.816 19994 19994 I warp-android-host: warp_mobile_android_host::vulkan: dynamic_grid_fast_path_ok dt_ms=4 instances=696 fast_path_updates=199 full_reinits=1
05-01 08:01:12.818 19994 19994 I warp-android-host: warp_mobile_android_host::vulkan: present_ok frame=2813 ts=164665292
05-01 08:01:12.818 19994 19994 I warp-android-host: warp_mobile_android_host: terminal_push_frame_dynamic ok=true cells=1920 rows=24 cols=80
05-01 08:01:12.822 19994 19994 I warp-android-host: warp_mobile_android_host::vulkan: present_ok frame=2814 ts=164665296
05-01 08:01:12.830 19994 19994 I warp-android-host: warp_mobile_android_host::vulkan: present_ok frame=2815 ts=164665304
05-01 08:01:12.839 19994 19994 I warp-android-host: warp_mobile_android_host::vulkan: present_ok frame=2816 ts=164665312
05-01 08:01:12.847 19994 19994 I warp-android-host: warp_mobile_android_host::vulkan: present_ok frame=2817 ts=164665321
05-01 08:01:12.853  1186  1186 D io_stats: !@   8,0 r 25108752 370015176 w 13821631 212411532 d 1119504 383492036 f 501591 1540805 iot 5432812 0 th 0 0 0 pt 0 inp 0 0 164665.327
05-01 08:01:12.855 19994 19994 I warp-android-host: warp_mobile_android_host::vulkan: present_ok frame=2818 ts=164665329
05-01 08:01:12.864 19994 19994 I warp-android-host: warp_mobile_android_host::vulkan: present_ok frame=2819 ts=164665337
05-01 08:01:12.872 19994 19994 I warp-android-host: warp_mobile_android_host::vulkan: present_ok frame=2820 ts=164665346
05-01 08:01:12.880 19994 19994 I warp-android-host: warp_mobile_android_host::vulkan: present_ok frame=2821 ts=164665354
05-01 08:01:12.889 19994 19994 I warp-android-host: warp_mobile_android_host::vulkan: present_ok frame=2822 ts=164665362
05-01 08:01:12.897 19994 19994 I warp-android-host: warp_mobile_android_host::vulkan: present_ok frame=2823 ts=164665371
05-01 08:01:12.900  1802  2321 I CompositionEngine: [setDisplaySize] size=(434, 42)
05-01 08:01:12.906 19994 19994 I warp-android-host: warp_mobile_android_host::vulkan: present_ok frame=2824 ts=164665379
05-01 08:01:12.914 19994 19994 I warp-android-host: warp_mobile_android_host::vulkan: present_ok frame=2825 ts=164665387
05-01 08:01:12.922 19994 19994 I warp-android-host: warp_mobile_android_host::vulkan: present_ok frame=2826 ts=164665395
05-01 08:01:12.930 19994 19994 I warp-android-host: warp_mobile_android_host::vulkan: present_ok frame=2827 ts=164665404
05-01 08:01:12.939 19994 19994 I warp-android-host: warp_mobile_android_host::vulkan: present_ok frame=2828 ts=164665412
05-01 08:01:12.947 19994 19994 I warp-android-host: warp_mobile_android_host::vulkan: present_ok frame=2829 ts=164665421
05-01 08:01:12.955 19994 19994 I warp-android-host: warp_mobile_android_host::vulkan: present_ok frame=2830 ts=164665429
05-01 08:01:12.964 19994 19994 I warp-android-host: warp_mobile_android_host::vulkan: present_ok frame=2831 ts=164665437
05-01 08:01:12.972 19994 19994 I warp-android-host: warp_mobile_android_host::vulkan: present_ok frame=2832 ts=164665446
05-01 08:01:12.980 19994 19994 I warp-android-host: warp_mobile_android_host::vulkan: present_ok frame=2833 ts=164665454
05-01 08:01:12.989 19994 19994 I warp-android-host: warp_mobile_android_host::vulkan: present_ok frame=2834 ts=164665462
05-01 08:01:12.997 19994 19994 I warp-android-host: warp_mobile_android_host::vulkan: present_ok frame=2835 ts=164665471
05-01 08:01:13.005 19994 19994 I warp-android-host: warp_mobile_android_host::vulkan: present_ok frame=2836 ts=164665479
05-01 08:01:13.007  1802  2321 I CompositionEngine: [setDisplaySize] size=(434, 42)
05-01 08:01:13.014 19994 19994 I warp-android-host: warp_mobile_android_host::vulkan: present_ok frame=2837 ts=164665488
05-01 08:01:13.022 19994 19994 I warp-android-host: warp_mobile_android_host::vulkan: present_ok frame=2838 ts=164665495
05-01 08:01:13.022 19994 19994 D warp-android-host: android_logger: android_logger: log::set_logger failed: attempted to set a logger after the logging system was already initialized
05-01 08:01:13.022 19994 19994 I warp-android-host: warp_mobile_android_host: terminal_set_scroll_offset requested=610 clamped=610
05-01 08:01:13.033 19994 19994 I warp-android-host: warp_mobile_android_host::vulkan: dynamic_grid_fast_path_ok dt_ms=4 instances=696 fast_path_updates=200 full_reinits=1
05-01 08:01:13.035 19994 19994 I warp-android-host: warp_mobile_android_host::vulkan: present_ok frame=2839 ts=164665509
05-01 08:01:13.035 19994 19994 I warp-android-host: warp_mobile_android_host: terminal_push_frame_dynamic ok=true cells=1920 rows=24 cols=80
05-01 08:01:13.039 19994 19994 I warp-android-host: warp_mobile_android_host::vulkan: present_ok frame=2840 ts=164665512
05-01 08:01:13.047 19994 19994 I warp-android-host: warp_mobile_android_host::vulkan: present_ok frame=2841 ts=164665520
05-01 08:01:13.055 19994 19994 I warp-android-host: warp_mobile_android_host::vulkan: present_ok frame=2842 ts=164665529
05-01 08:01:13.064 19994 19994 I warp-android-host: warp_mobile_android_host::vulkan: present_ok frame=2843 ts=164665537
05-01 08:01:13.071 19994 19994 I warp-android-host: warp_mobile_android_host::vulkan: present_ok frame=2844 ts=164665545
05-01 08:01:13.080 19994 19994 I warp-android-host: warp_mobile_android_host::vulkan: present_ok frame=2845 ts=164665554
05-01 08:01:13.088 19994 19994 I warp-android-host: warp_mobile_android_host::vulkan: present_ok frame=2846 ts=164665562
05-01 08:01:13.097 19994 19994 I warp-android-host: warp_mobile_android_host::vulkan: present_ok frame=2847 ts=164665571
05-01 08:01:13.105 19994 19994 I warp-android-host: warp_mobile_android_host::vulkan: present_ok frame=2848 ts=164665579
05-01 08:01:13.107  1802  2321 I CompositionEngine: [setDisplaySize] size=(434, 42)
05-01 08:01:13.115 19994 19994 I warp-android-host: warp_mobile_android_host::vulkan: present_ok frame=2849 ts=164665588
05-01 08:01:13.122 19994 19994 I warp-android-host: warp_mobile_android_host::vulkan: present_ok frame=2850 ts=164665596
05-01 08:01:13.125  1672  6806 I sensors-hal: handle_sns_client_event:190, auto_rotation_debug_2 mode,255, type,1,0 acc,0.426,0.919,9.777, ar,0, ver,14, pedo,1,e,1,i,3
05-01 08:01:13.131 19994 19994 I warp-android-host: warp_mobile_android_host::vulkan: present_ok frame=2851 ts=164665604
05-01 08:01:13.139 19994 19994 I warp-android-host: warp_mobile_android_host::vulkan: present_ok frame=2852 ts=164665612
05-01 08:01:13.147 19994 19994 I warp-android-host: warp_mobile_android_host::vulkan: present_ok frame=2853 ts=164665620
05-01 08:01:13.155 19994 19994 I warp-android-host: warp_mobile_android_host::vulkan: present_ok frame=2854 ts=164665629
05-01 08:01:13.163 19994 19994 I warp-android-host: warp_mobile_android_host::vulkan: present_ok frame=2855 ts=164665637
05-01 08:01:13.172 19994 19994 I warp-android-host: warp_mobile_android_host::vulkan: present_ok frame=2856 ts=164665646
05-01 08:01:13.180 19994 19994 I warp-android-host: warp_mobile_android_host::vulkan: present_ok frame=2857 ts=164665654
05-01 08:01:13.188 19994 19994 I warp-android-host: warp_mobile_android_host::vulkan: present_ok frame=2858 ts=164665662
05-01 08:01:13.196 19994 19994 I warp-android-host: warp_mobile_android_host::vulkan: present_ok frame=2859 ts=164665670
05-01 08:01:13.205 19994 19994 I warp-android-host: warp_mobile_android_host::vulkan: present_ok frame=2860 ts=164665679
05-01 08:01:13.208  1802  2321 I CompositionEngine: [setDisplaySize] size=(434, 42)
05-01 08:01:13.213 19994 19994 I warp-android-host: warp_mobile_android_host::vulkan: present_ok frame=2861 ts=164665687
05-01 08:01:13.222 19994 19994 I warp-android-host: warp_mobile_android_host::vulkan: present_ok frame=2862 ts=164665696
05-01 08:01:13.230 19994 19994 I warp-android-host: warp_mobile_android_host::vulkan: present_ok frame=2863 ts=164665704
05-01 08:01:13.238 19994 19994 I warp-android-host: warp_mobile_android_host::vulkan: present_ok frame=2864 ts=164665712
05-01 08:01:13.247 19994 19994 I warp-android-host: warp_mobile_android_host::vulkan: present_ok frame=2865 ts=164665720
05-01 08:01:13.255 19994 19994 I warp-android-host: warp_mobile_android_host::vulkan: present_ok frame=2866 ts=164665728
05-01 08:01:13.263 19994 19994 I warp-android-host: warp_mobile_android_host::vulkan: present_ok frame=2867 ts=164665737
05-01 08:01:13.272 19994 19994 I warp-android-host: warp_mobile_android_host::vulkan: present_ok frame=2868 ts=164665745
05-01 08:01:13.279 19994 19994 I warp-android-host: warp_mobile_android_host::vulkan: present_ok frame=2869 ts=164665753
05-01 08:01:13.287 19994 19994 I warp-android-host: warp_mobile_android_host::vulkan: present_ok frame=2870 ts=164665761
05-01 08:01:13.296 19994 19994 I warp-android-host: warp_mobile_android_host::vulkan: present_ok frame=2871 ts=164665769
05-01 08:01:13.304 19994 19994 I warp-android-host: warp_mobile_android_host::vulkan: present_ok frame=2872 ts=164665778
05-01 08:01:13.312 19994 19994 I warp-android-host: warp_mobile_android_host::vulkan: present_ok frame=2873 ts=164665786
05-01 08:01:13.313  1802  2321 I CompositionEngine: [setDisplaySize] size=(434, 42)
05-01 08:01:13.322 19994 19994 I warp-android-host: warp_mobile_android_host::vulkan: present_ok frame=2874 ts=164665796
05-01 08:01:13.329 19994 19994 I warp-android-host: warp_mobile_android_host::vulkan: present_ok frame=2875 ts=164665803
05-01 08:01:13.338 19994 19994 I warp-android-host: warp_mobile_android_host::vulkan: present_ok frame=2876 ts=164665812
05-01 08:01:13.346 19994 19994 I warp-android-host: warp_mobile_android_host::vulkan: present_ok frame=2877 ts=164665820
05-01 08:01:13.355 19994 19994 I warp-android-host: warp_mobile_android_host::vulkan: present_ok frame=2878 ts=164665829
05-01 08:01:13.363 19994 19994 I warp-android-host: warp_mobile_android_host::vulkan: present_ok frame=2879 ts=164665837
05-01 08:01:13.371 19994 19994 I warp-android-host: warp_mobile_android_host::vulkan: present_ok frame=2880 ts=164665845
05-01 08:01:13.379 19994 19994 I warp-android-host: warp_mobile_android_host::vulkan: present_ok frame=2881 ts=164665853
05-01 08:01:13.388 19994 19994 I warp-android-host: warp_mobile_android_host::vulkan: present_ok frame=2882 ts=164665862
05-01 08:01:13.396 19994 19994 I warp-android-host: warp_mobile_android_host::vulkan: present_ok frame=2883 ts=164665870
05-01 08:01:13.405 19994 19994 I warp-android-host: warp_mobile_android_host::vulkan: present_ok frame=2884 ts=164665879
05-01 08:01:13.414 19994 19994 I warp-android-host: warp_mobile_android_host::vulkan: present_ok frame=2885 ts=164665888
05-01 08:01:13.416  1802  2321 I CompositionEngine: [setDisplaySize] size=(434, 42)
05-01 08:01:13.421 19994 19994 I warp-android-host: warp_mobile_android_host::vulkan: present_ok frame=2886 ts=164665895
05-01 08:01:13.430 19994 19994 I warp-android-host: warp_mobile_android_host::vulkan: present_ok frame=2887 ts=164665904
05-01 08:01:13.438 19994 19994 I warp-android-host: warp_mobile_android_host::vulkan: present_ok frame=2888 ts=164665912
05-01 08:01:13.446 19994 19994 I warp-android-host: warp_mobile_android_host::vulkan: present_ok frame=2889 ts=164665920
05-01 08:01:13.455 19994 19994 I warp-android-host: warp_mobile_android_host::vulkan: present_ok frame=2890 ts=164665928
05-01 08:01:13.463 19994 19994 I warp-android-host: warp_mobile_android_host::vulkan: present_ok frame=2891 ts=164665937
05-01 08:01:13.471 19994 19994 I warp-android-host: warp_mobile_android_host::vulkan: present_ok frame=2892 ts=164665945
05-01 08:01:13.480 19994 19994 I warp-android-host: warp_mobile_android_host::vulkan: present_ok frame=2893 ts=164665953
05-01 08:01:13.488 19994 19994 I warp-android-host: warp_mobile_android_host::vulkan: present_ok frame=2894 ts=164665961
05-01 08:01:13.497 19994 19994 I warp-android-host: warp_mobile_android_host::vulkan: present_ok frame=2895 ts=164665971
05-01 08:01:13.504 19994 19994 I warp-android-host: warp_mobile_android_host::vulkan: present_ok frame=2896 ts=164665978
05-01 08:01:13.513 19994 19994 I warp-android-host: warp_mobile_android_host::vulkan: present_ok frame=2897 ts=164665987
05-01 08:01:13.521  1802  2321 I CompositionEngine: [setDisplaySize] size=(434, 42)
05-01 08:01:13.521 19994 19994 I warp-android-host: warp_mobile_android_host::vulkan: present_ok frame=2898 ts=164665994
05-01 08:01:13.530 19994 19994 I warp-android-host: warp_mobile_android_host::vulkan: present_ok frame=2899 ts=164666003
05-01 08:01:13.538 19994 19994 I warp-android-host: warp_mobile_android_host::vulkan: present_ok frame=2900 ts=164666011
05-01 08:01:13.546 19994 19994 I warp-android-host: warp_mobile_android_host::vulkan: present_ok frame=2901 ts=164666019
05-01 08:01:13.554 19994 19994 I warp-android-host: warp_mobile_android_host::vulkan: present_ok frame=2902 ts=164666028
05-01 08:01:13.562 19994 19994 I warp-android-host: warp_mobile_android_host::vulkan: present_ok frame=2903 ts=164666036
05-01 08:01:13.571 19994 19994 I warp-android-host: warp_mobile_android_host::vulkan: present_ok frame=2904 ts=164666045
05-01 08:01:13.580 19994 19994 I warp-android-host: warp_mobile_android_host::vulkan: present_ok frame=2905 ts=164666053
05-01 08:01:13.588 19994 19994 I warp-android-host: warp_mobile_android_host::vulkan: present_ok frame=2906 ts=164666062
05-01 08:01:13.596 19994 19994 I warp-android-host: warp_mobile_android_host::vulkan: present_ok frame=2907 ts=164666070
05-01 08:01:13.604 19994 19994 I warp-android-host: warp_mobile_android_host::vulkan: present_ok frame=2908 ts=164666078
05-01 08:01:13.612 19994 19994 I warp-android-host: warp_mobile_android_host::vulkan: present_ok frame=2909 ts=164666086
05-01 08:01:13.620 19994 19994 I warp-android-host: warp_mobile_android_host::vulkan: present_ok frame=2910 ts=164666094
05-01 08:01:13.621  1802  2321 I CompositionEngine: [setDisplaySize] size=(434, 42)
05-01 08:01:13.630 19994 19994 I warp-android-host: warp_mobile_android_host::vulkan: present_ok frame=2911 ts=164666103
05-01 08:01:13.637 19994 19994 I warp-android-host: warp_mobile_android_host::vulkan: present_ok frame=2912 ts=164666111
05-01 08:01:13.646 19994 19994 I warp-android-host: warp_mobile_android_host::vulkan: present_ok frame=2913 ts=164666120
05-01 08:01:13.654 19994 19994 I warp-android-host: warp_mobile_android_host::vulkan: present_ok frame=2914 ts=164666128
05-01 08:01:13.662 19994 19994 I warp-android-host: warp_mobile_android_host::vulkan: present_ok frame=2915 ts=164666136
05-01 08:01:13.670 19994 19994 I warp-android-host: warp_mobile_android_host::vulkan: present_ok frame=2916 ts=164666144
05-01 08:01:13.679 19994 19994 I warp-android-host: warp_mobile_android_host::vulkan: present_ok frame=2917 ts=164666153
05-01 08:01:13.687 19994 19994 I warp-android-host: warp_mobile_android_host::vulkan: present_ok frame=2918 ts=164666161
05-01 08:01:13.695 19994 19994 I warp-android-host: warp_mobile_android_host::vulkan: present_ok frame=2919 ts=164666169
05-01 08:01:13.704 19994 19994 I warp-android-host: warp_mobile_android_host::vulkan: present_ok frame=2920 ts=164666177
05-01 08:01:13.712 19994 19994 I warp-android-host: warp_mobile_android_host::vulkan: present_ok frame=2921 ts=164666186
05-01 08:01:13.721 19994 19994 I warp-android-host: warp_mobile_android_host::vulkan: present_ok frame=2922 ts=164666194
05-01 08:01:13.722  1802  2321 I CompositionEngine: [setDisplaySize] size=(434, 42)
05-01 08:01:13.729 19994 19994 I warp-android-host: warp_mobile_android_host::vulkan: present_ok frame=2923 ts=164666203
05-01 08:01:13.737 19994 19994 I warp-android-host: warp_mobile_android_host::vulkan: present_ok frame=2924 ts=164666211
05-01 08:01:13.745 19994 19994 I warp-android-host: warp_mobile_android_host::vulkan: present_ok frame=2925 ts=164666219
05-01 08:01:13.746  1792  1822 E HeatmapThread: ECT Thread time in milliseconds: 1777593673
05-01 08:01:13.749  1792  1822 D HeatmapThread: !@ batteryplugType : 2
05-01 08:01:13.749  1792  1822 D HeatmapThread: !@ batteryLevel : 100  batteryTemperature : 319 
05-01 08:01:13.749  1792  1822 D HeatmapThread: !@ Heatmap currtime: 29626561
05-01 08:01:13.749  1792  1822 D HeatmapThread: !@ Heatmap prevtime: 29626554
05-01 08:01:13.749  1792  1822 D HeatmapThread: !@ Heatmap plugstarttime: 29625649
05-01 08:01:13.750  1792  1822 D HeatmapThread: !@ Heatmap prevv_dsoh_update_time: 29626542
05-01 08:01:13.750  1792  1822 E HeatmapThread: !@ CAM New BSOH: 100
05-01 08:01:13.750  1792  1822 E HeatmapThread: !@ CAM is Working
05-01 08:01:13.753 19994 19994 I warp-android-host: warp_mobile_android_host::vulkan: present_ok frame=2926 ts=164666227
05-01 08:01:13.761 19994 19994 I warp-android-host: warp_mobile_android_host::vulkan: present_ok frame=2927 ts=164666235

===== Sub-test B (broadcast-only) =====
--------- beginning of main
05-01 08:01:14.053 19994 19994 I warp-android-host: warp_mobile_android_host::vulkan: present_ok frame=2962 ts=164666526
05-01 08:01:14.062 19994 19994 I warp-android-host: warp_mobile_android_host::vulkan: present_ok frame=2963 ts=164666536
05-01 08:01:14.070  1667  5342 I vendor.qti.bluetooth@1.1-ibs_handler: ProcessIbsCmd: Received IBS_WAKE_IND: 0xFD
05-01 08:01:14.071 19994 19994 I warp-android-host: warp_mobile_android_host::vulkan: present_ok frame=2964 ts=164666544
05-01 08:01:14.071  1667  5342 D vendor.qti.bluetooth@1.1-ibs_handler: SerialClockVote: vote for UART CLK ON
05-01 08:01:14.071  1667  5342 D vendor.qti.bluetooth@1.1-wake_lock: Acquire wakelock is acquired 
05-01 08:01:14.071  1667  5342 I vendor.qti.bluetooth@1.1-ibs_handler: ProcessIbsCmd: Writing IBS_WAKE_ACK
05-01 08:01:14.077  4283  5396 I ScanController: onScanResult to scannerId: 6- eventType=0x1b, addressType=1, address=XX:XX:XX:XX:3A:5E, primaryPhy=1, secondaryPhy=0, advertisingSid=0xff, txPower=127, rssi=-52, periodicAdvInt=0x0
05-01 08:01:14.078 19994 19994 I warp-android-host: warp_mobile_android_host::vulkan: present_ok frame=2965 ts=164666552
05-01 08:01:14.087 19994 19994 I warp-android-host: warp_mobile_android_host::vulkan: present_ok frame=2966 ts=164666560
05-01 08:01:14.092  2070  2070 I CNSS    : /sys/wifi/max_chipset_log_size doesn't exist
05-01 08:01:14.095 19994 19994 I warp-android-host: warp_mobile_android_host::vulkan: present_ok frame=2967 ts=164666569
05-01 08:01:14.103 19994 19994 I warp-android-host: warp_mobile_android_host::vulkan: present_ok frame=2968 ts=164666577
05-01 08:01:14.112 19994 19994 I warp-android-host: warp_mobile_android_host::vulkan: present_ok frame=2969 ts=164666585
05-01 08:01:14.121 19994 19994 I warp-android-host: warp_mobile_android_host::vulkan: present_ok frame=2970 ts=164666595
05-01 08:01:14.123  1802  2321 I CompositionEngine: [setDisplaySize] size=(434, 42)
05-01 08:01:14.129 19994 19994 I warp-android-host: warp_mobile_android_host::vulkan: present_ok frame=2971 ts=164666602
05-01 08:01:14.134  4283  5396 I ScanController: onScanResult to scannerId: 6- eventType=0x1b, addressType=1, address=XX:XX:XX:XX:ED:E9, primaryPhy=1, secondaryPhy=0, advertisingSid=0xff, txPower=127, rssi=-64, periodicAdvInt=0x0
05-01 08:01:14.136 19994 19994 I warp-android-host: warp_mobile_android_host::vulkan: present_ok frame=2972 ts=164666610
05-01 08:01:14.145 19994 19994 I warp-android-host: warp_mobile_android_host::vulkan: present_ok frame=2973 ts=164666619
05-01 08:01:14.153 19994 19994 I warp-android-host: warp_mobile_android_host::vulkan: present_ok frame=2974 ts=164666627
05-01 08:01:14.161 19994 19994 I warp-android-host: warp_mobile_android_host::vulkan: present_ok frame=2975 ts=164666635
05-01 08:01:14.170 19994 19994 I warp-android-host: warp_mobile_android_host::vulkan: present_ok frame=2976 ts=164666644
05-01 08:01:14.172  1667  5342 I vendor.qti.bluetooth@1.1-ibs_handler: ProcessIbsCmd: Received IBS_SLEEP_IND: 0xFE
05-01 08:01:14.172  1667  5342 D vendor.qti.bluetooth@1.1-ibs_handler: SerialClockVote: vote for UART CLK OFF
05-01 08:01:14.178 19994 19994 I warp-android-host: warp_mobile_android_host::vulkan: present_ok frame=2977 ts=164666652
05-01 08:01:14.186 19994 19994 I warp-android-host: warp_mobile_android_host::vulkan: present_ok frame=2978 ts=164666660
05-01 08:01:14.194 19994 19994 I warp-android-host: warp_mobile_android_host::vulkan: present_ok frame=2979 ts=164666668
05-01 08:01:14.203 19994 19994 I warp-android-host: warp_mobile_android_host::vulkan: present_ok frame=2980 ts=164666676
05-01 08:01:14.211 19994 19994 I warp-android-host: warp_mobile_android_host::vulkan: present_ok frame=2981 ts=164666685
05-01 08:01:14.219 19994 19994 I warp-android-host: warp_mobile_android_host::vulkan: present_ok frame=2982 ts=164666693
05-01 08:01:14.222  2814  4860 I ActivityManager: Broadcasting: Intent { act=dev.warp.mobile.TERM_SET_SCROLL_OFFSET flg=0x400000 pkg=dev.warp.mobile (has extras) }
--------- beginning of system
05-01 08:01:14.223  2814  4860 I ActivityManager: Enqueued broadcast Intent { act=dev.warp.mobile.TERM_SET_SCROLL_OFFSET flg=0x400000 pkg=dev.warp.mobile (has extras) }: 0
05-01 08:01:14.226 19994 19994 D warp-android-host: android_logger: android_logger: log::set_logger failed: attempted to set a logger after the logging system was already initialized
05-01 08:01:14.226 19994 19994 I warp-android-host: warp_mobile_android_host: terminal_set_scroll_offset requested=10 clamped=10
05-01 08:01:14.226 19994 19994 I WarpTerminal: TERM_SET_SCROLL_OFFSET offset=10 info=scrollback_len=1000,scrollback_max=1000,scroll_offset=10
05-01 08:01:14.228  1802  2321 I CompositionEngine: [setDisplaySize] size=(434, 42)
05-01 08:01:14.228 19994 19994 I warp-android-host: warp_mobile_android_host::vulkan: dynamic_grid_fast_path_ok dt_ms=1 instances=696 fast_path_updates=201 full_reinits=1
05-01 08:01:14.229  2814  3004 I ActivityManager: Broadcast completed: result=0
05-01 08:01:14.229 19994 19994 I warp-android-host: warp_mobile_android_host::vulkan: present_ok frame=2983 ts=164666703
05-01 08:01:14.229 19994 19994 I warp-android-host: warp_mobile_android_host: terminal_push_frame_dynamic ok=true cells=1920 rows=24 cols=80
05-01 08:01:14.236 19994 19994 I warp-android-host: warp_mobile_android_host::vulkan: present_ok frame=2984 ts=164666710
05-01 08:01:14.245 19994 19994 I warp-android-host: warp_mobile_android_host::vulkan: present_ok frame=2985 ts=164666718
05-01 08:01:14.253 19994 19994 I warp-android-host: warp_mobile_android_host::vulkan: present_ok frame=2986 ts=164666727
05-01 08:01:14.262 19994 19994 I warp-android-host: warp_mobile_android_host::vulkan: present_ok frame=2987 ts=164666735
05-01 08:01:14.270 19994 19994 I warp-android-host: warp_mobile_android_host::vulkan: present_ok frame=2988 ts=164666743
05-01 08:01:14.278 19994 19994 I warp-android-host: warp_mobile_android_host::vulkan: present_ok frame=2989 ts=164666752
05-01 08:01:14.286 19994 19994 I warp-android-host: warp_mobile_android_host::vulkan: present_ok frame=2990 ts=164666760
05-01 08:01:14.295 19994 19994 I warp-android-host: warp_mobile_android_host::vulkan: present_ok frame=2991 ts=164666769
05-01 08:01:14.303 19994 19994 I warp-android-host: warp_mobile_android_host::vulkan: present_ok frame=2992 ts=164666777
05-01 08:01:14.311 19994 19994 I warp-android-host: warp_mobile_android_host::vulkan: present_ok frame=2993 ts=164666785
05-01 08:01:14.320 19994 19994 I warp-android-host: warp_mobile_android_host::vulkan: present_ok frame=2994 ts=164666793
05-01 08:01:14.323  1667  4712 D vendor.qti.bluetooth@1.1-wake_lock: Release wakelock is released 
