--------- beginning of main
05-01 07:49:42.130  1684 16942 I HYPER-HAL: [RequestManager.cpp]releaseLocked(): Released ID : 25629251
05-01 07:49:42.136 16310 16310 I warp-android-host: warp_mobile_android_host::vulkan: present_ok frame=3000 ts=163974610
05-01 07:49:42.145 16310 16310 I warp-android-host: warp_mobile_android_host::vulkan: present_ok frame=3001 ts=163974619
05-01 07:49:42.153 16310 16310 I warp-android-host: warp_mobile_android_host::vulkan: present_ok frame=3002 ts=163974627
05-01 07:49:42.162 16310 16310 I warp-android-host: warp_mobile_android_host::vulkan: present_ok frame=3003 ts=163974636
05-01 07:49:42.163  1802  2321 I CompositionEngine: [setDisplaySize] size=(434, 42)
05-01 07:49:42.171 16310 16310 I warp-android-host: warp_mobile_android_host::vulkan: present_ok frame=3004 ts=163974644
05-01 07:49:42.179 16310 16310 I warp-android-host: warp_mobile_android_host::vulkan: present_ok frame=3005 ts=163974653
05-01 07:49:42.187 16310 16310 I warp-android-host: warp_mobile_android_host::vulkan: present_ok frame=3006 ts=163974661
05-01 07:49:42.195 16310 16310 I warp-android-host: warp_mobile_android_host::vulkan: present_ok frame=3007 ts=163974669
05-01 07:49:42.204 16310 16310 I warp-android-host: warp_mobile_android_host::vulkan: present_ok frame=3008 ts=163974677
05-01 07:49:42.213 16310 16310 I warp-android-host: warp_mobile_android_host::vulkan: present_ok frame=3009 ts=163974686
05-01 07:49:42.220 16310 16310 I warp-android-host: warp_mobile_android_host::vulkan: present_ok frame=3010 ts=163974694
05-01 07:49:42.222  2070  2070 I CNSS    : /sys/wifi/max_chipset_log_size doesn't exist
05-01 07:49:42.228 16310 16310 I warp-android-host: warp_mobile_android_host::vulkan: present_ok frame=3011 ts=163974702
05-01 07:49:42.237 16310 16310 I warp-android-host: warp_mobile_android_host::vulkan: present_ok frame=3012 ts=163974710
05-01 07:49:42.238  2814  6253 D SemWifiUsabilityStatsMonitor: onWifiUsabilityStats - seqNum 42670, isSameBssidAndFreq true
05-01 07:49:42.240  2814  3842 D InsDataManager: onOutageCountUpdate() - Outage Data: 0, LQ : Y. Outage Triggered: false
05-01 07:49:42.240  2814  3842 D InsDataManager: Trying to save initial normal data.
05-01 07:49:42.241  2814  3842 D SensorCollector: syncMappedBuffers: 0, 0, 0
05-01 07:49:42.241  2814  3842 D InsDataManager: trimBuffers start.
05-01 07:49:42.241  2814  3842 D InsDataManager: trimBuffers - nsmBuffer size: 26
05-01 07:49:42.241  2814  3842 D InsDataManager: Too short for collecting additional normal data
05-01 07:49:42.241  2814  3842 D SemInsManager: {"bssid": "bd55f12c5200","rssi": -26.0,"latency": 0.0,"outage_count": 0,"lq_callback_triggered": true,"outage_log": "Unreliable statistics: -26.0 / 0 / 69 / 1 / 0 || bd55f12c5200: 0.000 / 0.000 / @ || N N / 0 0 / Y 2.0 / Y X 0 / 163974713 0 || Invalid""Magnetic Sensor Events size": "0""Pressure Sensor Events size": "0"}
05-01 07:49:42.245 16310 16310 I warp-android-host: warp_mobile_android_host::vulkan: present_ok frame=3013 ts=163974719
--------- beginning of system
05-01 07:49:42.249  2814  3860 D SGM:GameManager: identifyGamePackage. dev.warp.mobile, mCurrentUserId: 0, callingMethodInfo: com.samsung.android.game.SemGameManager.isGamePackage(SemGameManager.java:106)
05-01 07:49:42.249  2814  3860 D SGM:SemGameManager: isGamePackage(), pkgName=dev.warp.mobile, ret=false
05-01 07:49:42.254 16310 16310 I warp-android-host: warp_mobile_android_host::vulkan: present_ok frame=3014 ts=163974727
05-01 07:49:42.262 16310 16310 I warp-android-host: warp_mobile_android_host::vulkan: present_ok frame=3015 ts=163974736
05-01 07:49:42.263  1802  2321 I CompositionEngine: [setDisplaySize] size=(434, 42)
05-01 07:49:42.270 16310 16310 I warp-android-host: warp_mobile_android_host::vulkan: present_ok frame=3016 ts=163974744
05-01 07:49:42.278 16310 16310 I warp-android-host: warp_mobile_android_host::vulkan: present_ok frame=3017 ts=163974752
05-01 07:49:42.286 16310 16310 I warp-android-host: warp_mobile_android_host::vulkan: present_ok frame=3018 ts=163974760
05-01 07:49:42.294 16310 16310 I warp-android-host: warp_mobile_android_host::vulkan: present_ok frame=3019 ts=163974768
05-01 07:49:42.303 16310 16310 I warp-android-host: warp_mobile_android_host::vulkan: present_ok frame=3020 ts=163974777
05-01 07:49:42.312 16310 16310 I warp-android-host: warp_mobile_android_host::vulkan: present_ok frame=3021 ts=163974785
05-01 07:49:42.320 16310 16310 I warp-android-host: warp_mobile_android_host::vulkan: present_ok frame=3022 ts=163974794
05-01 07:49:42.321  2814  4406 I ActivityManager: Broadcasting: Intent { act=dev.warp.mobile.TERM_SET_SCROLL_OFFSET flg=0x400000 pkg=dev.warp.mobile (has extras) }
05-01 07:49:42.322  2814  4406 I ActivityManager: Enqueued broadcast Intent { act=dev.warp.mobile.TERM_SET_SCROLL_OFFSET flg=0x400000 pkg=dev.warp.mobile (has extras) }: 0
05-01 07:49:42.328 16310 16310 I warp-android-host: warp_mobile_android_host::vulkan: present_ok frame=3023 ts=163974802
05-01 07:49:42.329 16310 16310 D warp-android-host: android_logger: android_logger: log::set_logger failed: attempted to set a logger after the logging system was already initialized
05-01 07:49:42.329 16310 16310 I warp-android-host: warp_mobile_android_host: terminal_set_scroll_offset requested=10 clamped=10
05-01 07:49:42.329 16310 16310 I WarpTerminal: TERM_SET_SCROLL_OFFSET offset=10 info=scrollback_len=1000,scrollback_max=1000,scroll_offset=10
05-01 07:49:42.330  2814  3004 I ActivityManager: Broadcast completed: result=0
05-01 07:49:42.338 16310 16310 I warp-android-host: warp_mobile_android_host::vulkan: dynamic_grid_fast_path_ok dt_ms=2 instances=696 fast_path_updates=7 full_reinits=1
05-01 07:49:42.339 16310 16310 I warp-android-host: warp_mobile_android_host::vulkan: present_ok frame=3024 ts=163974813
05-01 07:49:42.339 16310 16310 I warp-android-host: warp_mobile_android_host: terminal_push_frame_dynamic ok=true cells=1920 rows=24 cols=80
05-01 07:49:42.346 16310 16310 I warp-android-host: warp_mobile_android_host::vulkan: present_ok frame=3025 ts=163974819
05-01 07:49:42.355 16310 16310 I warp-android-host: warp_mobile_android_host::vulkan: present_ok frame=3026 ts=163974829
05-01 07:49:42.362 16310 16310 I warp-android-host: warp_mobile_android_host::vulkan: present_ok frame=3027 ts=163974836
05-01 07:49:42.362  1186  1186 D io_stats: !@   8,0 r 25046426 369517808 w 13776417 211645624 d 1117186 382665080 f 500181 1537086 iot 5417688 0 th 0 0 0 pt 0 inp 0 0 163974.836
05-01 07:49:42.363  1186  1186 D io_stats: !@ Read_top(KB): c.android.sdhms(7128) 144 .gms.persistent(30192) 8 vendor.samsung.(1722) 4
05-01 07:49:42.363  1186  1186 D io_stats: !@ Write_top(KB): nordvpn.android(15130) 1152 c.android.sdhms(7128) 636 f2fs_ckpt-254:6(1341) 80
05-01 07:49:42.364  1802  2321 I CompositionEngine: [setDisplaySize] size=(434, 42)
05-01 07:49:42.371 16310 16310 I warp-android-host: warp_mobile_android_host::vulkan: present_ok frame=3028 ts=163974844
05-01 07:49:42.378 16310 16310 I warp-android-host: warp_mobile_android_host::vulkan: present_ok frame=3029 ts=163974852
05-01 07:49:42.387 16310 16310 I warp-android-host: warp_mobile_android_host::vulkan: present_ok frame=3030 ts=163974861
05-01 07:49:42.395 16310 16310 I warp-android-host: warp_mobile_android_host::vulkan: present_ok frame=3031 ts=163974869
05-01 07:49:42.403 16310 16310 I warp-android-host: warp_mobile_android_host::vulkan: present_ok frame=3032 ts=163974877
05-01 07:49:42.412 16310 16310 I warp-android-host: warp_mobile_android_host::vulkan: present_ok frame=3033 ts=163974886
05-01 07:49:42.420 16310 16310 I warp-android-host: warp_mobile_android_host::vulkan: present_ok frame=3034 ts=163974894
05-01 07:49:42.428 16310 16310 I warp-android-host: warp_mobile_android_host::vulkan: present_ok frame=3035 ts=163974902
05-01 07:49:42.436 16310 16310 I warp-android-host: warp_mobile_android_host::vulkan: present_ok frame=3036 ts=163974910
05-01 07:49:42.445 16310 16310 I warp-android-host: warp_mobile_android_host::vulkan: present_ok frame=3037 ts=163974919
05-01 07:49:42.453 16310 16310 I warp-android-host: warp_mobile_android_host::vulkan: present_ok frame=3038 ts=163974927
05-01 07:49:42.462 16310 16310 I warp-android-host: warp_mobile_android_host::vulkan: present_ok frame=3039 ts=163974936
05-01 07:49:42.465  1802  2321 I CompositionEngine: [setDisplaySize] size=(434, 42)
05-01 07:49:42.471 16310 16310 I warp-android-host: warp_mobile_android_host::vulkan: present_ok frame=3040 ts=163974945
05-01 07:49:42.478 16310 16310 I warp-android-host: warp_mobile_android_host::vulkan: present_ok frame=3041 ts=163974952
05-01 07:49:42.487 16310 16310 I warp-android-host: warp_mobile_android_host::vulkan: present_ok frame=3042 ts=163974961
05-01 07:49:42.495 16310 16310 I warp-android-host: warp_mobile_android_host::vulkan: present_ok frame=3043 ts=163974969
05-01 07:49:42.504 16310 16310 I warp-android-host: warp_mobile_android_host::vulkan: present_ok frame=3044 ts=163974977
05-01 07:49:42.512 16310 16310 I warp-android-host: warp_mobile_android_host::vulkan: present_ok frame=3045 ts=163974985
05-01 07:49:42.520 16310 16310 I warp-android-host: warp_mobile_android_host::vulkan: present_ok frame=3046 ts=163974994
05-01 07:49:42.529 16310 16310 I warp-android-host: warp_mobile_android_host::vulkan: present_ok frame=3047 ts=163975002
05-01 07:49:42.537 16310 16310 I warp-android-host: warp_mobile_android_host::vulkan: present_ok frame=3048 ts=163975010
05-01 07:49:42.545 16310 16310 I warp-android-host: warp_mobile_android_host::vulkan: present_ok frame=3049 ts=163975019
05-01 07:49:42.553 16310 16310 I warp-android-host: warp_mobile_android_host::vulkan: present_ok frame=3050 ts=163975027
05-01 07:49:42.562 16310 16310 I warp-android-host: warp_mobile_android_host::vulkan: present_ok frame=3051 ts=163975035
05-01 07:49:42.570 16310 16310 I warp-android-host: warp_mobile_android_host::vulkan: present_ok frame=3052 ts=163975044
05-01 07:49:42.572  1802  2321 I CompositionEngine: [setDisplaySize] size=(434, 42)
05-01 07:49:42.579 16310 16310 I warp-android-host: warp_mobile_android_host::vulkan: present_ok frame=3053 ts=163975053
05-01 07:49:42.587 16310 16310 I warp-android-host: warp_mobile_android_host::vulkan: present_ok frame=3054 ts=163975061
05-01 07:49:42.595 16310 16310 I warp-android-host: warp_mobile_android_host::vulkan: present_ok frame=3055 ts=163975069
05-01 07:49:42.604 16310 16310 I warp-android-host: warp_mobile_android_host::vulkan: present_ok frame=3056 ts=163975077
05-01 07:49:42.612 16310 16310 I warp-android-host: warp_mobile_android_host::vulkan: present_ok frame=3057 ts=163975085
05-01 07:49:42.620 16310 16310 I warp-android-host: warp_mobile_android_host::vulkan: present_ok frame=3058 ts=163975094
05-01 07:49:42.628 16310 16310 I warp-android-host: warp_mobile_android_host::vulkan: present_ok frame=3059 ts=163975102
05-01 07:49:42.637 16310 16310 I warp-android-host: warp_mobile_android_host::vulkan: present_ok frame=3060 ts=163975110
05-01 07:49:42.645 16310 16310 I warp-android-host: warp_mobile_android_host::vulkan: present_ok frame=3061 ts=163975119
05-01 07:49:42.653 16310 16310 I warp-android-host: warp_mobile_android_host::vulkan: present_ok frame=3062 ts=163975127
05-01 07:49:42.662 16310 16310 I warp-android-host: warp_mobile_android_host::vulkan: present_ok frame=3063 ts=163975135
05-01 07:49:42.670 16310 16310 I warp-android-host: warp_mobile_android_host::vulkan: present_ok frame=3064 ts=163975144
05-01 07:49:42.672  1802  2321 I CompositionEngine: [setDisplaySize] size=(434, 42)
05-01 07:49:42.679 16310 16310 I warp-android-host: warp_mobile_android_host::vulkan: present_ok frame=3065 ts=163975153
05-01 07:49:42.686 16310 16310 I warp-android-host: warp_mobile_android_host::vulkan: present_ok frame=3066 ts=163975160
05-01 07:49:42.695 16310 16310 I warp-android-host: warp_mobile_android_host::vulkan: present_ok frame=3067 ts=163975169
05-01 07:49:42.704 16310 16310 I warp-android-host: warp_mobile_android_host::vulkan: present_ok frame=3068 ts=163975177
05-01 07:49:42.711 16310 16310 I warp-android-host: warp_mobile_android_host::vulkan: present_ok frame=3069 ts=163975185
05-01 07:49:42.719 16310 16310 I warp-android-host: warp_mobile_android_host::vulkan: present_ok frame=3070 ts=163975193
05-01 07:49:42.727 16310 16310 I warp-android-host: warp_mobile_android_host::vulkan: present_ok frame=3071 ts=163975201
05-01 07:49:42.736 16310 16310 I warp-android-host: warp_mobile_android_host::vulkan: present_ok frame=3072 ts=163975210
05-01 07:49:42.745 16310 16310 I warp-android-host: warp_mobile_android_host::vulkan: present_ok frame=3073 ts=163975219
05-01 07:49:42.746  1792  1822 E HeatmapThread: ECT Thread time in milliseconds: 1777592982
05-01 07:49:42.749  1792  1822 D HeatmapThread: !@ batteryplugType : 2
05-01 07:49:42.749  1792  1822 D HeatmapThread: !@ batteryLevel : 100  batteryTemperature : 322 
05-01 07:49:42.750  1792  1822 D HeatmapThread: !@ Heatmap currtime: 29626549
05-01 07:49:42.750  1792  1822 D HeatmapThread: !@ Heatmap prevtime: 29626524
05-01 07:49:42.750  1792  1822 D HeatmapThread: !@ Heatmap plugstarttime: 29625649
05-01 07:49:42.750  1792  1822 D HeatmapThread: !@ Heatmap prevv_dsoh_update_time: 29626542
05-01 07:49:42.750  1792  1822 E HeatmapThread: !@ CAM New BSOH: 100
05-01 07:49:42.752  1792  1822 E HeatmapThread: !@ CAM is Working
05-01 07:49:42.753 16310 16310 I warp-android-host: warp_mobile_android_host::vulkan: present_ok frame=3074 ts=163975226
05-01 07:49:42.761 16310 16310 I warp-android-host: warp_mobile_android_host::vulkan: present_ok frame=3075 ts=163975235
05-01 07:49:42.763  2814  4406 I ActivityManager: Broadcasting: Intent { act=dev.warp.mobile.TERM_SET_SCROLL_OFFSET flg=0x400000 pkg=dev.warp.mobile (has extras) }
05-01 07:49:42.764  2814  4406 I ActivityManager: Enqueued broadcast Intent { act=dev.warp.mobile.TERM_SET_SCROLL_OFFSET flg=0x400000 pkg=dev.warp.mobile (has extras) }: 0
05-01 07:49:42.766 16310 16310 D warp-android-host: android_logger: android_logger: log::set_logger failed: attempted to set a logger after the logging system was already initialized
05-01 07:49:42.766 16310 16310 I warp-android-host: warp_mobile_android_host: terminal_set_scroll_offset requested=30 clamped=30
05-01 07:49:42.766 16310 16310 I WarpTerminal: TERM_SET_SCROLL_OFFSET offset=30 info=scrollback_len=1000,scrollback_max=1000,scroll_offset=30
05-01 07:49:42.768  2814  3004 I ActivityManager: Broadcast completed: result=0
05-01 07:49:42.770 16310 16310 I warp-android-host: warp_mobile_android_host::vulkan: dynamic_grid_fast_path_ok dt_ms=3 instances=696 fast_path_updates=8 full_reinits=1
05-01 07:49:42.772 16310 16310 I warp-android-host: warp_mobile_android_host::vulkan: present_ok frame=3076 ts=163975245
05-01 07:49:42.772 16310 16310 I warp-android-host: warp_mobile_android_host: terminal_push_frame_dynamic ok=true cells=1920 rows=24 cols=80
05-01 07:49:42.772  1802  2321 I CompositionEngine: [setDisplaySize] size=(434, 42)
05-01 07:49:42.778 16310 16310 I warp-android-host: warp_mobile_android_host::vulkan: present_ok frame=3077 ts=163975252
05-01 07:49:42.786 16310 16310 I warp-android-host: warp_mobile_android_host::vulkan: present_ok frame=3078 ts=163975260
05-01 07:49:42.795 16310 16310 I warp-android-host: warp_mobile_android_host::vulkan: present_ok frame=3079 ts=163975269
05-01 07:49:42.803 16310 16310 I warp-android-host: warp_mobile_android_host::vulkan: present_ok frame=3080 ts=163975277
05-01 07:49:42.811 16310 16310 I warp-android-host: warp_mobile_android_host::vulkan: present_ok frame=3081 ts=163975285
05-01 07:49:42.820 16310 16310 I warp-android-host: warp_mobile_android_host::vulkan: present_ok frame=3082 ts=163975293
05-01 07:49:42.828 16310 16310 I warp-android-host: warp_mobile_android_host::vulkan: present_ok frame=3083 ts=163975301
05-01 07:49:42.837 16310 16310 I warp-android-host: warp_mobile_android_host::vulkan: present_ok frame=3084 ts=163975310
05-01 07:49:42.845 16310 16310 I warp-android-host: warp_mobile_android_host::vulkan: present_ok frame=3085 ts=163975318
05-01 07:49:42.853 16310 16310 I warp-android-host: warp_mobile_android_host::vulkan: present_ok frame=3086 ts=163975326
05-01 07:49:42.861 16310 16310 I warp-android-host: warp_mobile_android_host::vulkan: present_ok frame=3087 ts=163975335
05-01 07:49:42.870 16310 16310 I warp-android-host: warp_mobile_android_host::vulkan: present_ok frame=3088 ts=163975343
05-01 07:49:42.872  1802  2321 I CompositionEngine: [setDisplaySize] size=(434, 42)
05-01 07:49:42.879 16310 16310 I warp-android-host: warp_mobile_android_host::vulkan: present_ok frame=3089 ts=163975352
05-01 07:49:42.886 16310 16310 I warp-android-host: warp_mobile_android_host::vulkan: present_ok frame=3090 ts=163975360
05-01 07:49:42.891  2814  3036 D BatteryExternalStatsWorker: update stats : procstate-change (10)
05-01 07:49:42.892  2814  3036 D BatteryExternalStatsWorker: Fetch WiFi data
05-01 07:49:42.892  2814  3036 D BatteryExternalStatsWorker: Update Rail Energy data
05-01 07:49:42.894 16310 16310 I warp-android-host: warp_mobile_android_host::vulkan: present_ok frame=3091 ts=163975368
05-01 07:49:42.903 16310 16310 I warp-android-host: warp_mobile_android_host::vulkan: present_ok frame=3092 ts=163975377
05-01 07:49:42.911 16310 16310 I warp-android-host: warp_mobile_android_host::vulkan: present_ok frame=3093 ts=163975385
05-01 07:49:42.912  1684 17000 I HYPER-HAL: [RequestManager.cpp]releaseLocked(): Released ID : 4042775
05-01 07:49:42.920 16310 16310 I warp-android-host: warp_mobile_android_host::vulkan: present_ok frame=3094 ts=163975393
05-01 07:49:42.922  2814  3036 D BatteryExternalStatsWorker: mStats lock released
05-01 07:49:42.928 16310 16310 I warp-android-host: warp_mobile_android_host::vulkan: present_ok frame=3095 ts=163975402
05-01 07:49:42.936 16310 16310 I warp-android-host: warp_mobile_android_host::vulkan: present_ok frame=3096 ts=163975410
05-01 07:49:42.940  2814  3036 D BatteryExternalStatsWorker: Update wifi state
05-01 07:49:42.940  2814  3036 D BatteryExternalStatsWorker: done updateExternalStatsLocked
05-01 07:49:42.944 16310 16310 I warp-android-host: warp_mobile_android_host::vulkan: present_ok frame=3097 ts=163975418
05-01 07:49:42.947  8385  8385 I SCS@AiSearch user 0: (SearchProvider) onTrimMemory(): 40
05-01 07:49:42.949 30076 30076 I ContactsProvider: [P] onTrimMemory-success
05-01 07:49:42.953 16310 16310 I warp-android-host: warp_mobile_android_host::vulkan: present_ok frame=3098 ts=163975427
05-01 07:49:42.961 16310 16310 I warp-android-host: warp_mobile_android_host::vulkan: present_ok frame=3099 ts=163975435
05-01 07:49:42.969 16310 16310 I warp-android-host: warp_mobile_android_host::vulkan: present_ok frame=3100 ts=163975443
05-01 07:49:42.973  1802  2321 I CompositionEngine: [setDisplaySize] size=(434, 42)
05-01 07:49:42.978 16310 16310 I warp-android-host: warp_mobile_android_host::vulkan: present_ok frame=3101 ts=163975452
05-01 07:49:42.986 16310 16310 I warp-android-host: warp_mobile_android_host::vulkan: present_ok frame=3102 ts=163975460
05-01 07:49:42.994 16310 16310 I warp-android-host: warp_mobile_android_host::vulkan: present_ok frame=3103 ts=163975468
05-01 07:49:43.003 16310 16310 I warp-android-host: warp_mobile_android_host::vulkan: present_ok frame=3104 ts=163975477
05-01 07:49:43.009  2814  4406 W ActivityManager: Unable to start service Intent { act=com.skms.android.agent.remote.SKMSAgentProxyService xflg=0x4 pkg=com.skms.android.agent.remote } U=0: not found
05-01 07:49:43.011 16310 16310 I warp-android-host: warp_mobile_android_host::vulkan: present_ok frame=3105 ts=163975485
05-01 07:49:43.019 16310 16310 I warp-android-host: warp_mobile_android_host::vulkan: present_ok frame=3106 ts=163975493
05-01 07:49:43.028 16310 16310 I warp-android-host: warp_mobile_android_host::vulkan: present_ok frame=3107 ts=163975501
05-01 07:49:43.036 16310 16310 I warp-android-host: warp_mobile_android_host::vulkan: present_ok frame=3108 ts=163975510
05-01 07:49:43.044 16310 16310 I warp-android-host: warp_mobile_android_host::vulkan: present_ok frame=3109 ts=163975518
05-01 07:49:43.053 16310 16310 I warp-android-host: warp_mobile_android_host::vulkan: present_ok frame=3110 ts=163975527
05-01 07:49:43.062 16310 16310 I warp-android-host: warp_mobile_android_host::vulkan: present_ok frame=3111 ts=163975535
05-01 07:49:43.069 16310 16310 I warp-android-host: warp_mobile_android_host::vulkan: present_ok frame=3112 ts=163975543
05-01 07:49:43.076  1667  5342 I vendor.qti.bluetooth@1.1-ibs_handler: ProcessIbsCmd: Received IBS_WAKE_IND: 0xFD
05-01 07:49:43.076  1667  5342 D vendor.qti.bluetooth@1.1-ibs_handler: SerialClockVote: vote for UART CLK ON
05-01 07:49:43.077  1667  5342 D vendor.qti.bluetooth@1.1-wake_lock: Acquire wakelock is acquired 
05-01 07:49:43.077  1667  5342 I vendor.qti.bluetooth@1.1-ibs_handler: ProcessIbsCmd: Writing IBS_WAKE_ACK
05-01 07:49:43.078 16310 16310 I warp-android-host: warp_mobile_android_host::vulkan: present_ok frame=3113 ts=163975552
05-01 07:49:43.080  1802  2321 I CompositionEngine: [setDisplaySize] size=(434, 42)
05-01 07:49:43.087 16310 16310 I warp-android-host: warp_mobile_android_host::vulkan: present_ok frame=3114 ts=163975561
05-01 07:49:43.088  4283  5396 I ScanController: onScanResult to scannerId: 6- eventType=0x1b, addressType=1, address=XX:XX:XX:XX:67:70, primaryPhy=1, secondaryPhy=0, advertisingSid=0xff, txPower=127, rssi=-64, periodicAdvInt=0x0
05-01 07:49:43.095 16310 16310 I warp-android-host: warp_mobile_android_host::vulkan: present_ok frame=3115 ts=163975569
05-01 07:49:43.103 16310 16310 I warp-android-host: warp_mobile_android_host::vulkan: present_ok frame=3116 ts=163975577
05-01 07:49:43.112 16310 16310 I warp-android-host: warp_mobile_android_host::vulkan: present_ok frame=3117 ts=163975585
05-01 07:49:43.120 16310 16310 I warp-android-host: warp_mobile_android_host::vulkan: present_ok frame=3118 ts=163975593
05-01 07:49:43.126  4283  5396 I ScanController: onScanResult to scannerId: 6- eventType=0x1b, addressType=1, address=XX:XX:XX:XX:56:F4, primaryPhy=1, secondaryPhy=0, advertisingSid=0xff, txPower=127, rssi=-52, periodicAdvInt=0x0
05-01 07:49:43.128 16310 16310 I warp-android-host: warp_mobile_android_host::vulkan: present_ok frame=3119 ts=163975602
05-01 07:49:43.136 16310 16310 I warp-android-host: warp_mobile_android_host::vulkan: present_ok frame=3120 ts=163975609
05-01 07:49:43.144 16310 16310 I warp-android-host: warp_mobile_android_host::vulkan: present_ok frame=3121 ts=163975618
05-01 07:49:43.152 16310 16310 I warp-android-host: warp_mobile_android_host::vulkan: present_ok frame=3122 ts=163975626
05-01 07:49:43.161  1667  5342 I vendor.qti.bluetooth@1.1-ibs_handler: ProcessIbsCmd: Received IBS_SLEEP_IND: 0xFE
05-01 07:49:43.161  1667  5342 D vendor.qti.bluetooth@1.1-ibs_handler: SerialClockVote: vote for UART CLK OFF
05-01 07:49:43.161 16310 16310 I warp-android-host: warp_mobile_android_host::vulkan: present_ok frame=3123 ts=163975635
05-01 07:49:43.168 16310 16310 I warp-android-host: warp_mobile_android_host::vulkan: present_ok frame=3124 ts=163975642
05-01 07:49:43.177 16310 16310 I warp-android-host: warp_mobile_android_host::vulkan: present_ok frame=3125 ts=163975651
05-01 07:49:43.181  1802  2321 I CompositionEngine: [setDisplaySize] size=(434, 42)
05-01 07:49:43.186 16310 16310 I warp-android-host: warp_mobile_android_host::vulkan: present_ok frame=3126 ts=163975660
05-01 07:49:43.194 16310 16310 I warp-android-host: warp_mobile_android_host::vulkan: present_ok frame=3127 ts=163975667
05-01 07:49:43.202 16310 16310 I warp-android-host: warp_mobile_android_host::vulkan: present_ok frame=3128 ts=163975676
05-01 07:49:43.206  2814  4406 I ActivityManager: Broadcasting: Intent { act=dev.warp.mobile.TERM_SET_SCROLL_OFFSET flg=0x400000 pkg=dev.warp.mobile (has extras) }
05-01 07:49:43.207  2814  4406 I ActivityManager: Enqueued broadcast Intent { act=dev.warp.mobile.TERM_SET_SCROLL_OFFSET flg=0x400000 pkg=dev.warp.mobile (has extras) }: 0
05-01 07:49:43.208 16310 16310 D warp-android-host: android_logger: android_logger: log::set_logger failed: attempted to set a logger after the logging system was already initialized
05-01 07:49:43.208 16310 16310 I warp-android-host: warp_mobile_android_host: terminal_set_scroll_offset requested=50 clamped=50
05-01 07:49:43.208 16310 16310 I WarpTerminal: TERM_SET_SCROLL_OFFSET offset=50 info=scrollback_len=1000,scrollback_max=1000,scroll_offset=50
05-01 07:49:43.210 16310 16310 I warp-android-host: warp_mobile_android_host::vulkan: dynamic_grid_fast_path_ok dt_ms=1 instances=696 fast_path_updates=9 full_reinits=1
05-01 07:49:43.211 16310 16310 I warp-android-host: warp_mobile_android_host::vulkan: present_ok frame=3129 ts=163975685
05-01 07:49:43.211 16310 16310 I warp-android-host: warp_mobile_android_host: terminal_push_frame_dynamic ok=true cells=1920 rows=24 cols=80
05-01 07:49:43.212  2814  3004 I ActivityManager: Broadcast completed: result=0
05-01 07:49:43.219 16310 16310 I warp-android-host: warp_mobile_android_host::vulkan: present_ok frame=3130 ts=163975693
05-01 07:49:43.227 16310 16310 I warp-android-host: warp_mobile_android_host::vulkan: present_ok frame=3131 ts=163975701
05-01 07:49:43.236 16310 16310 I warp-android-host: warp_mobile_android_host::vulkan: present_ok frame=3132 ts=163975709
05-01 07:49:43.244 16310 16310 I warp-android-host: warp_mobile_android_host::vulkan: present_ok frame=3133 ts=163975718
05-01 07:49:43.252 16310 16310 I warp-android-host: warp_mobile_android_host::vulkan: present_ok frame=3134 ts=163975726
05-01 07:49:43.261 16310 16310 I warp-android-host: warp_mobile_android_host::vulkan: present_ok frame=3135 ts=163975734
05-01 07:49:43.270 16310 16310 I warp-android-host: warp_mobile_android_host::vulkan: present_ok frame=3136 ts=163975744
05-01 07:49:43.278 16310 16310 I warp-android-host: warp_mobile_android_host::vulkan: present_ok frame=3137 ts=163975752
05-01 07:49:43.286 16310 16310 I warp-android-host: warp_mobile_android_host::vulkan: present_ok frame=3138 ts=163975759
05-01 07:49:43.288  1802  2321 I CompositionEngine: [setDisplaySize] size=(434, 42)
05-01 07:49:43.295 16310 16310 I warp-android-host: warp_mobile_android_host::vulkan: present_ok frame=3139 ts=163975768
05-01 07:49:43.303 16310 16310 I warp-android-host: warp_mobile_android_host::vulkan: present_ok frame=3140 ts=163975776
05-01 07:49:43.311 16310 16310 I warp-android-host: warp_mobile_android_host::vulkan: present_ok frame=3141 ts=163975784
05-01 07:49:43.312  1667  4712 D vendor.qti.bluetooth@1.1-wake_lock: Release wakelock is released 
05-01 07:49:43.319 16310 16310 I warp-android-host: warp_mobile_android_host::vulkan: present_ok frame=3142 ts=163975793
05-01 07:49:43.327 16310 16310 I warp-android-host: warp_mobile_android_host::vulkan: present_ok frame=3143 ts=163975801
05-01 07:49:43.336 16310 16310 I warp-android-host: warp_mobile_android_host::vulkan: present_ok frame=3144 ts=163975810
05-01 07:49:43.344 16310 16310 I warp-android-host: warp_mobile_android_host::vulkan: present_ok frame=3145 ts=163975818
05-01 07:49:43.353 16310 16310 I warp-android-host: warp_mobile_android_host::vulkan: present_ok frame=3146 ts=163975826
05-01 07:49:43.361 16310 16310 I warp-android-host: warp_mobile_android_host::vulkan: present_ok frame=3147 ts=163975835
05-01 07:49:43.369 16310 16310 I warp-android-host: warp_mobile_android_host::vulkan: present_ok frame=3148 ts=163975843
05-01 07:49:43.377 16310 16310 I warp-android-host: warp_mobile_android_host::vulkan: present_ok frame=3149 ts=163975851
05-01 07:49:43.386 16310 16310 I warp-android-host: warp_mobile_android_host::vulkan: present_ok frame=3150 ts=163975859
05-01 07:49:43.388  1802  2321 I CompositionEngine: [setDisplaySize] size=(434, 42)
05-01 07:49:43.395 16310 16310 I warp-android-host: warp_mobile_android_host::vulkan: present_ok frame=3151 ts=163975868
05-01 07:49:43.402 16310 16310 I warp-android-host: warp_mobile_android_host::vulkan: present_ok frame=3152 ts=163975876
05-01 07:49:43.410 16310 16310 I warp-android-host: warp_mobile_android_host::vulkan: present_ok frame=3153 ts=163975884
05-01 07:49:43.419 16310 16310 I warp-android-host: warp_mobile_android_host::vulkan: present_ok frame=3154 ts=163975892
05-01 07:49:43.427 16310 16310 I warp-android-host: warp_mobile_android_host::vulkan: present_ok frame=3155 ts=163975901
05-01 07:49:43.436 16310 16310 I warp-android-host: warp_mobile_android_host::vulkan: present_ok frame=3156 ts=163975909
05-01 07:49:43.444 16310 16310 I warp-android-host: warp_mobile_android_host::vulkan: present_ok frame=3157 ts=163975918
05-01 07:49:43.452 16310 16310 I warp-android-host: warp_mobile_android_host::vulkan: present_ok frame=3158 ts=163975926
05-01 07:49:43.455  1672  2586 I sensors-hal: handle_sns_std_sensor_event:90, light_cct: ts = 244696616658253 ns; value = [0, 0, 5, 5, 0, 15, 0, 0, 0, 0]
05-01 07:49:43.461 16310 16310 I warp-android-host: warp_mobile_android_host::vulkan: present_ok frame=3159 ts=163975934
05-01 07:49:43.469 16310 16310 I warp-android-host: warp_mobile_android_host::vulkan: present_ok frame=3160 ts=163975942
05-01 07:49:43.477 16310 16310 I warp-android-host: warp_mobile_android_host::vulkan: present_ok frame=3161 ts=163975951
05-01 07:49:43.486 16310 16310 I warp-android-host: warp_mobile_android_host::vulkan: present_ok frame=3162 ts=163975959
05-01 07:49:43.489  1802  2321 I CompositionEngine: [setDisplaySize] size=(434, 42)
05-01 07:49:43.494 16310 16310 I warp-android-host: warp_mobile_android_host::vulkan: present_ok frame=3163 ts=163975968
05-01 07:49:43.502 16310 16310 I warp-android-host: warp_mobile_android_host::vulkan: present_ok frame=3164 ts=163975976
05-01 07:49:43.510 16310 16310 I warp-android-host: warp_mobile_android_host::vulkan: present_ok frame=3165 ts=163975984
05-01 07:49:43.519 16310 16310 I warp-android-host: warp_mobile_android_host::vulkan: present_ok frame=3166 ts=163975992
05-01 07:49:43.527 16310 16310 I warp-android-host: warp_mobile_android_host::vulkan: present_ok frame=3167 ts=163976001
05-01 07:49:43.535 16310 16310 I warp-android-host: warp_mobile_android_host::vulkan: present_ok frame=3168 ts=163976009
05-01 07:49:43.544 16310 16310 I warp-android-host: warp_mobile_android_host::vulkan: present_ok frame=3169 ts=163976017
05-01 07:49:43.552 16310 16310 I warp-android-host: warp_mobile_android_host::vulkan: present_ok frame=3170 ts=163976026
05-01 07:49:43.560 16310 16310 I warp-android-host: warp_mobile_android_host::vulkan: present_ok frame=3171 ts=163976034
05-01 07:49:43.569 16310 16310 I warp-android-host: warp_mobile_android_host::vulkan: present_ok frame=3172 ts=163976043
05-01 07:49:43.577 16310 16310 I warp-android-host: warp_mobile_android_host::vulkan: present_ok frame=3173 ts=163976051
05-01 07:49:43.585 16310 16310 I warp-android-host: warp_mobile_android_host::vulkan: present_ok frame=3174 ts=163976059
05-01 07:49:43.593 16310 16310 I warp-android-host: warp_mobile_android_host::vulkan: present_ok frame=3175 ts=163976067
05-01 07:49:43.595  1802  2321 I CompositionEngine: [setDisplaySize] size=(434, 42)
05-01 07:49:43.603 16310 16310 I warp-android-host: warp_mobile_android_host::vulkan: present_ok frame=3176 ts=163976076
05-01 07:49:43.610 16310 16310 I warp-android-host: warp_mobile_android_host::vulkan: present_ok frame=3177 ts=163976083
05-01 07:49:43.618 16310 16310 I warp-android-host: warp_mobile_android_host::vulkan: present_ok frame=3178 ts=163976092
05-01 07:49:43.625  2814  3080 D PowerManagerService: UserActivityStateListenerState: 0
05-01 07:49:43.625 16310 16310 I VRI[MainActivity]@afeb858: call setFrameRateCategory for touch hint category=no preference, reason=boost timeout, vri=VRI[MainActivity]@afeb858
05-01 07:49:43.627 16310 16310 I warp-android-host: warp_mobile_android_host::vulkan: present_ok frame=3179 ts=163976100
05-01 07:49:43.634  1802  1802 I SurfaceFlinger: [dev.warp.mobile/dev.warp.mobile.MainActivity$_16310#43976] setFrameRateCategory: NoPreference
05-01 07:49:43.635 16310 16310 I warp-android-host: warp_mobile_android_host::vulkan: present_ok frame=3180 ts=163976109
05-01 07:49:43.644 16310 16310 I warp-android-host: warp_mobile_android_host::vulkan: present_ok frame=3181 ts=163976117
05-01 07:49:43.652 16310 16310 I warp-android-host: warp_mobile_android_host::vulkan: present_ok frame=3182 ts=163976126
05-01 07:49:43.655  2814  4406 I ActivityManager: Broadcasting: Intent { act=dev.warp.mobile.TERM_SET_SCROLL_OFFSET flg=0x400000 pkg=dev.warp.mobile (has extras) }
05-01 07:49:43.656  2814  4406 I ActivityManager: Enqueued broadcast Intent { act=dev.warp.mobile.TERM_SET_SCROLL_OFFSET flg=0x400000 pkg=dev.warp.mobile (has extras) }: 0
05-01 07:49:43.657 16310 16310 D warp-android-host: android_logger: android_logger: log::set_logger failed: attempted to set a logger after the logging system was already initialized
05-01 07:49:43.657 16310 16310 I warp-android-host: warp_mobile_android_host: terminal_set_scroll_offset requested=25 clamped=25
05-01 07:49:43.657 16310 16310 I WarpTerminal: TERM_SET_SCROLL_OFFSET offset=25 info=scrollback_len=1000,scrollback_max=1000,scroll_offset=25
05-01 07:49:43.659  2814  3004 I ActivityManager: Broadcast completed: result=0
05-01 07:49:43.659 16310 16310 I warp-android-host: warp_mobile_android_host::vulkan: dynamic_grid_fast_path_ok dt_ms=1 instances=696 fast_path_updates=10 full_reinits=1
05-01 07:49:43.660 16310 16310 I warp-android-host: warp_mobile_android_host::vulkan: present_ok frame=3183 ts=163976134
05-01 07:49:43.660 16310 16310 I warp-android-host: warp_mobile_android_host: terminal_push_frame_dynamic ok=true cells=1920 rows=24 cols=80
05-01 07:49:43.668 16310 16310 I warp-android-host: warp_mobile_android_host::vulkan: present_ok frame=3184 ts=163976141
05-01 07:49:43.677 16310 16310 I warp-android-host: warp_mobile_android_host::vulkan: present_ok frame=3185 ts=163976150
05-01 07:49:43.685 16310 16310 I warp-android-host: warp_mobile_android_host::vulkan: present_ok frame=3186 ts=163976159
05-01 07:49:43.693 16310 16310 I warp-android-host: warp_mobile_android_host::vulkan: present_ok frame=3187 ts=163976167
05-01 07:49:43.695  1802  2321 I CompositionEngine: [setDisplaySize] size=(434, 42)
05-01 07:49:43.703 16310 16310 I warp-android-host: warp_mobile_android_host::vulkan: present_ok frame=3188 ts=163976176
05-01 07:49:43.710 16310 16310 I warp-android-host: warp_mobile_android_host::vulkan: present_ok frame=3189 ts=163976184
05-01 07:49:43.719 16310 16310 I warp-android-host: warp_mobile_android_host::vulkan: present_ok frame=3190 ts=163976192
05-01 07:49:43.727 16310 16310 I warp-android-host: warp_mobile_android_host::vulkan: present_ok frame=3191 ts=163976201
05-01 07:49:43.735 16310 16310 I warp-android-host: warp_mobile_android_host::vulkan: present_ok frame=3192 ts=163976209
05-01 07:49:43.744 16310 16310 I warp-android-host: warp_mobile_android_host::vulkan: present_ok frame=3193 ts=163976217
05-01 07:49:43.746  1792  1822 E HeatmapThread: ECT Thread time in milliseconds: 1777592983
05-01 07:49:43.751  1792  1822 D HeatmapThread: !@ batteryplugType : 2
05-01 07:49:43.751  1792  1822 D HeatmapThread: !@ batteryLevel : 100  batteryTemperature : 322 
05-01 07:49:43.751  1792  1822 D HeatmapThread: !@ Heatmap currtime: 29626549
05-01 07:49:43.751  1792  1822 D HeatmapThread: !@ Heatmap prevtime: 29626524
05-01 07:49:43.751  1792  1822 D HeatmapThread: !@ Heatmap plugstarttime: 29625649
05-01 07:49:43.751  1792  1822 D HeatmapThread: !@ Heatmap prevv_dsoh_update_time: 29626542
05-01 07:49:43.752 16310 16310 I warp-android-host: warp_mobile_android_host::vulkan: present_ok frame=3194 ts=163976226
05-01 07:49:43.752  1792  1822 E HeatmapThread: !@ CAM New BSOH: 100
05-01 07:49:43.752  1792  1822 E HeatmapThread: !@ CAM is Working
05-01 07:49:43.760 16310 16310 I warp-android-host: warp_mobile_android_host::vulkan: present_ok frame=3195 ts=163976234
05-01 07:49:43.768 16310 16310 I warp-android-host: warp_mobile_android_host::vulkan: present_ok frame=3196 ts=163976242
05-01 07:49:43.778 16310 16310 I warp-android-host: warp_mobile_android_host::vulkan: present_ok frame=3197 ts=163976251
05-01 07:49:43.785 16310 16310 I warp-android-host: warp_mobile_android_host::vulkan: present_ok frame=3198 ts=163976259
05-01 07:49:43.794 16310 16310 I warp-android-host: warp_mobile_android_host::vulkan: present_ok frame=3199 ts=163976268
05-01 07:49:43.796  1802  2321 I CompositionEngine: [setDisplaySize] size=(434, 42)
05-01 07:49:43.803 16310 16310 I warp-android-host: warp_mobile_android_host::vulkan: present_ok frame=3200 ts=163976276
05-01 07:49:43.810 16310 16310 I warp-android-host: warp_mobile_android_host::vulkan: present_ok frame=3201 ts=163976284
05-01 07:49:43.819 16310 16310 I warp-android-host: warp_mobile_android_host::vulkan: present_ok frame=3202 ts=163976292
05-01 07:49:43.827 16310 16310 I warp-android-host: warp_mobile_android_host::vulkan: present_ok frame=3203 ts=163976301
05-01 07:49:43.835 16310 16310 I warp-android-host: warp_mobile_android_host::vulkan: present_ok frame=3204 ts=163976308
05-01 07:49:43.843 16310 16310 I warp-android-host: warp_mobile_android_host::vulkan: present_ok frame=3205 ts=163976317
05-01 07:49:43.852 16310 16310 I warp-android-host: warp_mobile_android_host::vulkan: present_ok frame=3206 ts=163976325
05-01 07:49:43.860 16310 16310 I warp-android-host: warp_mobile_android_host::vulkan: present_ok frame=3207 ts=163976334
05-01 07:49:43.868 16310 16310 I warp-android-host: warp_mobile_android_host::vulkan: present_ok frame=3208 ts=163976342
05-01 07:49:43.877 16310 16310 I warp-android-host: warp_mobile_android_host::vulkan: present_ok frame=3209 ts=163976350
05-01 07:49:43.885 16310 16310 I warp-android-host: warp_mobile_android_host::vulkan: present_ok frame=3210 ts=163976358
05-01 07:49:43.893 16310 16310 I warp-android-host: warp_mobile_android_host::vulkan: present_ok frame=3211 ts=163976367
05-01 07:49:43.896  1802  2321 I CompositionEngine: [setDisplaySize] size=(434, 42)
05-01 07:49:43.902 16310 16310 I warp-android-host: warp_mobile_android_host::vulkan: present_ok frame=3212 ts=163976376
05-01 07:49:43.910 16310 16310 I warp-android-host: warp_mobile_android_host::vulkan: present_ok frame=3213 ts=163976384
05-01 07:49:43.918 16310 16310 I warp-android-host: warp_mobile_android_host::vulkan: present_ok frame=3214 ts=163976392
05-01 07:49:43.926 16310 16310 I warp-android-host: warp_mobile_android_host::vulkan: present_ok frame=3215 ts=163976400
05-01 07:49:43.935  1672  2564 I sensors-hal: handle_sns_std_sensor_event:409, [SSC_LIGHT] P: 0(0),c:1,b:15,m:13,cl:0,l:0,s:0,l0:0,l1:0,s0:0,s1:0,acl:1,opr:0.02,f(r):77,u(bl):100,if:0,wi:0,si:0,po:0(N:0)
05-01 07:49:43.935  1672  6806 I sensors-hal: handle_sns_std_sensor_event:131, [SSC_LIGHT] A: 0(0),c:1,b:15,m:13,cl:0,l:0,s:0,l0:0,l1:0,s0:0,s1:0,acl:1,opr:0.02,f(r):77,u(bl):100,if:0,wi:0,si:0,po:0(N:0)
05-01 07:49:43.935 16310 16310 I warp-android-host: warp_mobile_android_host::vulkan: present_ok frame=3216 ts=163976409
05-01 07:49:43.943 16310 16310 I warp-android-host: warp_mobile_android_host::vulkan: present_ok frame=3217 ts=163976417
05-01 07:49:43.952 16310 16310 I warp-android-host: warp_mobile_android_host::vulkan: present_ok frame=3218 ts=163976425
05-01 07:49:43.960 16310 16310 I warp-android-host: warp_mobile_android_host::vulkan: present_ok frame=3219 ts=163976434
05-01 07:49:43.968 16310 16310 I warp-android-host: warp_mobile_android_host::vulkan: present_ok frame=3220 ts=163976442
05-01 07:49:43.977 16310 16310 I warp-android-host: warp_mobile_android_host::vulkan: present_ok frame=3221 ts=163976451
05-01 07:49:43.985 16310 16310 I warp-android-host: warp_mobile_android_host::vulkan: present_ok frame=3222 ts=163976459
05-01 07:49:43.993 16310 16310 I warp-android-host: warp_mobile_android_host::vulkan: present_ok frame=3223 ts=163976467
05-01 07:49:43.996  1802  2321 I CompositionEngine: [setDisplaySize] size=(434, 42)
05-01 07:49:44.002 16310 16310 I warp-android-host: warp_mobile_android_host::vulkan: present_ok frame=3224 ts=163976476
05-01 07:49:44.010 16310 16310 I warp-android-host: warp_mobile_android_host::vulkan: present_ok frame=3225 ts=163976483
05-01 07:49:44.013  2814  4406 W ActivityManager: Unable to start service Intent { act=com.skms.android.agent.remote.SKMSAgentProxyService xflg=0x4 pkg=com.skms.android.agent.remote } U=0: not found
05-01 07:49:44.018 16310 16310 I warp-android-host: warp_mobile_android_host::vulkan: present_ok frame=3226 ts=163976492
05-01 07:49:44.026 16310 16310 I warp-android-host: warp_mobile_android_host::vulkan: present_ok frame=3227 ts=163976500
05-01 07:49:44.035 16310 16310 I warp-android-host: warp_mobile_android_host::vulkan: present_ok frame=3228 ts=163976508
05-01 07:49:44.043 16310 16310 I warp-android-host: warp_mobile_android_host::vulkan: present_ok frame=3229 ts=163976517
05-01 07:49:44.051 16310 16310 I warp-android-host: warp_mobile_android_host::vulkan: present_ok frame=3230 ts=163976525
05-01 07:49:44.059 16310 16310 I warp-android-host: warp_mobile_android_host::vulkan: present_ok frame=3231 ts=163976533
05-01 07:49:44.068 16310 16310 I warp-android-host: warp_mobile_android_host::vulkan: present_ok frame=3232 ts=163976541
05-01 07:49:44.075 16310 16310 I warp-android-host: warp_mobile_android_host::vulkan: present_ok frame=3233 ts=163976549
05-01 07:49:44.084 16310 16310 I warp-android-host: warp_mobile_android_host::vulkan: present_ok frame=3234 ts=163976558
05-01 07:49:44.092 16310 16310 I warp-android-host: warp_mobile_android_host::vulkan: present_ok frame=3235 ts=163976566
05-01 07:49:44.094  2814  4406 I ActivityManager: Broadcasting: Intent { act=dev.warp.mobile.TERM_SET_SCROLL_OFFSET flg=0x400000 pkg=dev.warp.mobile (has extras) }
05-01 07:49:44.095  2814  4406 I ActivityManager: Enqueued broadcast Intent { act=dev.warp.mobile.TERM_SET_SCROLL_OFFSET flg=0x400000 pkg=dev.warp.mobile (has extras) }: 0
05-01 07:49:44.096 16310 16310 D warp-android-host: android_logger: android_logger: log::set_logger failed: attempted to set a logger after the logging system was already initialized
05-01 07:49:44.096 16310 16310 I warp-android-host: warp_mobile_android_host: terminal_set_scroll_offset requested=0 clamped=0
05-01 07:49:44.096 16310 16310 I WarpTerminal: TERM_SET_SCROLL_OFFSET offset=0 info=scrollback_len=1000,scrollback_max=1000,scroll_offset=0
05-01 07:49:44.097  2814  3004 I ActivityManager: Broadcast completed: result=0
05-01 07:49:44.100 16310 16310 I warp-android-host: warp_mobile_android_host::vulkan: dynamic_grid_fast_path_ok dt_ms=1 instances=667 fast_path_updates=11 full_reinits=1
05-01 07:49:44.101 16310 16310 I warp-android-host: warp_mobile_android_host::vulkan: present_ok frame=3236 ts=163976575
05-01 07:49:44.101 16310 16310 I warp-android-host: warp_mobile_android_host: terminal_push_frame_dynamic ok=true cells=1920 rows=24 cols=80
05-01 07:49:44.102  1802  2321 I CompositionEngine: [setDisplaySize] size=(434, 42)
05-01 07:49:44.109 16310 16310 I warp-android-host: warp_mobile_android_host::vulkan: present_ok frame=3237 ts=163976582
05-01 07:49:44.118 16310 16310 I warp-android-host: warp_mobile_android_host::vulkan: present_ok frame=3238 ts=163976591
05-01 07:49:44.127 16310 16310 I warp-android-host: warp_mobile_android_host::vulkan: present_ok frame=3239 ts=163976600
05-01 07:49:44.135 16310 16310 I warp-android-host: warp_mobile_android_host::vulkan: present_ok frame=3240 ts=163976609
05-01 07:49:44.143 16310 16310 I warp-android-host: warp_mobile_android_host::vulkan: present_ok frame=3241 ts=163976617
05-01 07:49:44.151 16310 16310 I warp-android-host: warp_mobile_android_host::vulkan: present_ok frame=3242 ts=163976625
05-01 07:49:44.160 16310 16310 I warp-android-host: warp_mobile_android_host::vulkan: present_ok frame=3243 ts=163976633
05-01 07:49:44.168 16310 16310 I warp-android-host: warp_mobile_android_host::vulkan: present_ok frame=3244 ts=163976642
05-01 07:49:44.176 16310 16310 I warp-android-host: warp_mobile_android_host::vulkan: present_ok frame=3245 ts=163976650
05-01 07:49:44.185 16310 16310 I warp-android-host: warp_mobile_android_host::vulkan: present_ok frame=3246 ts=163976658
05-01 07:49:44.193 16310 16310 I warp-android-host: warp_mobile_android_host::vulkan: present_ok frame=3247 ts=163976667
05-01 07:49:44.201 16310 16310 I warp-android-host: warp_mobile_android_host::vulkan: present_ok frame=3248 ts=163976675
05-01 07:49:44.203  1802  2321 I CompositionEngine: [setDisplaySize] size=(434, 42)
05-01 07:49:44.210 16310 16310 I warp-android-host: warp_mobile_android_host::vulkan: present_ok frame=3249 ts=163976683
05-01 07:49:44.218 16310 16310 I warp-android-host: warp_mobile_android_host::vulkan: present_ok frame=3250 ts=163976691
05-01 07:49:44.226 16310 16310 I warp-android-host: warp_mobile_android_host::vulkan: present_ok frame=3251 ts=163976700
05-01 07:49:44.228  2814  4406 E BatteryStatsService: Invalid uid for waking network packet: -1
05-01 07:49:44.234 16310 16310 I warp-android-host: warp_mobile_android_host::vulkan: present_ok frame=3252 ts=163976708
05-01 07:49:44.243 16310 16310 I warp-android-host: warp_mobile_android_host::vulkan: present_ok frame=3253 ts=163976716
05-01 07:49:44.251 16310 16310 I warp-android-host: warp_mobile_android_host::vulkan: present_ok frame=3254 ts=163976725
05-01 07:49:44.259 16310 16310 I warp-android-host: warp_mobile_android_host::vulkan: present_ok frame=3255 ts=163976733
05-01 07:49:44.268 16310 16310 I warp-android-host: warp_mobile_android_host::vulkan: present_ok frame=3256 ts=163976742
05-01 07:49:44.276 16310 16310 I warp-android-host: warp_mobile_android_host::vulkan: present_ok frame=3257 ts=163976750
05-01 07:49:44.284 16310 16310 I warp-android-host: warp_mobile_android_host::vulkan: present_ok frame=3258 ts=163976758
05-01 07:49:44.293 16310 16310 I warp-android-host: warp_mobile_android_host::vulkan: present_ok frame=3259 ts=163976766
05-01 07:49:44.302 16310 16310 I warp-android-host: warp_mobile_android_host::vulkan: present_ok frame=3260 ts=163976775
05-01 07:49:44.303  1802  2321 I CompositionEngine: [setDisplaySize] size=(434, 42)
05-01 07:49:44.310 16310 16310 I warp-android-host: warp_mobile_android_host::vulkan: present_ok frame=3261 ts=163976783
05-01 07:49:44.317 16310 16310 I warp-android-host: warp_mobile_android_host::vulkan: present_ok frame=3262 ts=163976791
05-01 07:49:44.326 16310 16310 I warp-android-host: warp_mobile_android_host::vulkan: present_ok frame=3263 ts=163976800
05-01 07:49:44.335 16310 16310 I warp-android-host: warp_mobile_android_host::vulkan: present_ok frame=3264 ts=163976808
05-01 07:49:44.343 16310 16310 I warp-android-host: warp_mobile_android_host::vulkan: present_ok frame=3265 ts=163976816
05-01 07:49:44.351 16310 16310 I warp-android-host: warp_mobile_android_host::vulkan: present_ok frame=3266 ts=163976825
05-01 07:49:44.359 16310 16310 I warp-android-host: warp_mobile_android_host::vulkan: present_ok frame=3267 ts=163976833
05-01 07:49:44.364  1186  1186 D io_stats: !@   8,0 r 25046426 369517808 w 13776476 211647348 d 1117194 382666368 f 500188 1537089 iot 5417724 0 th 0 0 0 pt 0 inp 0 0 163976.838
05-01 07:49:44.368 16310 16310 I warp-android-host: warp_mobile_android_host::vulkan: present_ok frame=3268 ts=163976841
05-01 07:49:44.376 16310 16310 I warp-android-host: warp_mobile_android_host::vulkan: present_ok frame=3269 ts=163976850
05-01 07:49:44.384 16310 16310 I warp-android-host: warp_mobile_android_host::vulkan: present_ok frame=3270 ts=163976858
05-01 07:49:44.392 16310 16310 I warp-android-host: warp_mobile_android_host::vulkan: present_ok frame=3271 ts=163976866
05-01 07:49:44.401 16310 16310 I warp-android-host: warp_mobile_android_host::vulkan: present_ok frame=3272 ts=163976875
05-01 07:49:44.403  1802  2321 I CompositionEngine: [setDisplaySize] size=(434, 42)
05-01 07:49:44.410 16310 16310 I warp-android-host: warp_mobile_android_host::vulkan: present_ok frame=3273 ts=163976883
05-01 07:49:44.417 16310 16310 I warp-android-host: warp_mobile_android_host::vulkan: present_ok frame=3274 ts=163976891
05-01 07:49:44.426 16310 16310 I warp-android-host: warp_mobile_android_host::vulkan: present_ok frame=3275 ts=163976900
05-01 07:49:44.434 16310 16310 I warp-android-host: warp_mobile_android_host::vulkan: present_ok frame=3276 ts=163976908
05-01 07:49:44.442 16310 16310 I warp-android-host: warp_mobile_android_host::vulkan: present_ok frame=3277 ts=163976916
05-01 07:49:44.451 16310 16310 I warp-android-host: warp_mobile_android_host::vulkan: present_ok frame=3278 ts=163976925
05-01 07:49:44.459 16310 16310 I warp-android-host: warp_mobile_android_host::vulkan: present_ok frame=3279 ts=163976933
05-01 07:49:44.468 16310 16310 I warp-android-host: warp_mobile_android_host::vulkan: present_ok frame=3280 ts=163976941
05-01 07:49:44.476 16310 16310 I warp-android-host: warp_mobile_android_host::vulkan: present_ok frame=3281 ts=163976950
05-01 07:49:44.484 16310 16310 I warp-android-host: warp_mobile_android_host::vulkan: present_ok frame=3282 ts=163976958
05-01 07:49:44.492 16310 16310 I warp-android-host: warp_mobile_android_host::vulkan: present_ok frame=3283 ts=163976966
05-01 07:49:44.501 16310 16310 I warp-android-host: warp_mobile_android_host::vulkan: present_ok frame=3284 ts=163976974
05-01 07:49:44.504  1802  2321 I CompositionEngine: [setDisplaySize] size=(434, 42)
05-01 07:49:44.510 16310 16310 I warp-android-host: warp_mobile_android_host::vulkan: present_ok frame=3285 ts=163976983
05-01 07:49:44.518 16310 16310 I warp-android-host: warp_mobile_android_host::vulkan: present_ok frame=3286 ts=163976991
05-01 07:49:44.526 16310 16310 I warp-android-host: warp_mobile_android_host::vulkan: present_ok frame=3287 ts=163977000
