===== Sub-test A (gesture-only) =====
--------- beginning of main
05-01 08:01:08.693 19994 19994 I warp-android-host: warp_mobile_android_host::vulkan: present_ok frame=2319 ts=164661167
05-01 08:01:08.702 19994 19994 I warp-android-host: warp_mobile_android_host::vulkan: present_ok frame=2320 ts=164661176
05-01 08:01:08.711 19994 19994 I warp-android-host: warp_mobile_android_host::vulkan: present_ok frame=2321 ts=164661185
05-01 08:01:08.720 19994 19994 I warp-android-host: warp_mobile_android_host::vulkan: present_ok frame=2322 ts=164661193
05-01 08:01:08.728 19994 19994 I warp-android-host: warp_mobile_android_host::vulkan: present_ok frame=2323 ts=164661201
05-01 08:01:08.736 19994 19994 I warp-android-host: warp_mobile_android_host::vulkan: present_ok frame=2324 ts=164661210
05-01 08:01:08.738  1802  2321 I CompositionEngine: [setDisplaySize] size=(434, 42)
05-01 08:01:08.745 19994 19994 I warp-android-host: warp_mobile_android_host::vulkan: present_ok frame=2325 ts=164661219
05-01 08:01:08.746  1792  1822 E HeatmapThread: ECT Thread time in milliseconds: 1777593668
05-01 08:01:08.751  1792  1822 D HeatmapThread: !@ batteryplugType : 2
05-01 08:01:08.751  1792  1822 D HeatmapThread: !@ batteryLevel : 100  batteryTemperature : 319 
05-01 08:01:08.751  1792  1822 D HeatmapThread: !@ Heatmap currtime: 29626561
05-01 08:01:08.751  1792  1822 D HeatmapThread: !@ Heatmap prevtime: 29626554
05-01 08:01:08.751  1792  1822 D HeatmapThread: !@ Heatmap plugstarttime: 29625649
05-01 08:01:08.752  1792  1822 D HeatmapThread: !@ Heatmap prevv_dsoh_update_time: 29626542
05-01 08:01:08.752  1792  1822 E HeatmapThread: !@ CAM New BSOH: 100
05-01 08:01:08.752  1792  1822 E HeatmapThread: !@ CAM is Working
05-01 08:01:08.753 19994 19994 I warp-android-host: warp_mobile_android_host::vulkan: present_ok frame=2326 ts=164661227
05-01 08:01:08.761 19994 19994 I warp-android-host: warp_mobile_android_host::vulkan: present_ok frame=2327 ts=164661235
--------- beginning of system
05-01 08:01:08.762  2814  4599 W ActivityManager: Unable to start service Intent { act=com.skms.android.agent.remote.SKMSAgentProxyService xflg=0x4 pkg=com.skms.android.agent.remote } U=0: not found
05-01 08:01:08.770 19994 19994 I warp-android-host: warp_mobile_android_host::vulkan: present_ok frame=2328 ts=164661243
05-01 08:01:08.778 19994 19994 I warp-android-host: warp_mobile_android_host::vulkan: present_ok frame=2329 ts=164661251
05-01 08:01:08.786 19994 19994 I warp-android-host: warp_mobile_android_host::vulkan: present_ok frame=2330 ts=164661260
05-01 08:01:08.795 19994 19994 I warp-android-host: warp_mobile_android_host::vulkan: present_ok frame=2331 ts=164661269
05-01 08:01:08.803 19994 19994 I warp-android-host: warp_mobile_android_host::vulkan: present_ok frame=2332 ts=164661276
05-01 08:01:08.811 19994 19994 I warp-android-host: warp_mobile_android_host::vulkan: present_ok frame=2333 ts=164661284
05-01 08:01:08.819 19994 19994 I warp-android-host: warp_mobile_android_host::vulkan: present_ok frame=2334 ts=164661293
05-01 08:01:08.828 19994 19994 I warp-android-host: warp_mobile_android_host::vulkan: present_ok frame=2335 ts=164661301
05-01 08:01:08.832  1667  4712 D vendor.qti.bluetooth@1.1-wake_lock: Release wakelock is released 
05-01 08:01:08.836 19994 19994 I warp-android-host: warp_mobile_android_host::vulkan: present_ok frame=2336 ts=164661309
05-01 08:01:08.838  1802  2321 I CompositionEngine: [setDisplaySize] size=(434, 42)
05-01 08:01:08.844 19994 19994 I warp-android-host: warp_mobile_android_host::vulkan: present_ok frame=2337 ts=164661318
05-01 08:01:08.850  1186  1186 D io_stats: !@   8,0 r 25108750 370015168 w 13821517 212409708 d 1119480 383475332 f 501583 1540800 iot 5432756 0 th 0 0 0 pt 0 inp 0 0 164661.324
05-01 08:01:08.852 19994 19994 I warp-android-host: warp_mobile_android_host::vulkan: present_ok frame=2338 ts=164661325
05-01 08:01:08.860 19994 19994 I warp-android-host: warp_mobile_android_host::vulkan: present_ok frame=2339 ts=164661334
05-01 08:01:08.869 19994 19994 I warp-android-host: warp_mobile_android_host::vulkan: present_ok frame=2340 ts=164661343
05-01 08:01:08.877 19994 19994 I warp-android-host: warp_mobile_android_host::vulkan: present_ok frame=2341 ts=164661351
05-01 08:01:08.885 19994 19994 I warp-android-host: warp_mobile_android_host::vulkan: present_ok frame=2342 ts=164661359
05-01 08:01:08.888  2814  4599 D InputDispatcher: Inject motion (20563/2000): action=0x0, time=164661362000000, f=0x0, d=0 dsdx=1.000000 dtdx=0.000000
05-01 08:01:08.887  7128  7128 I SDHMS:LOAD: type: LoadsFreqs, value: 30:0:2:785663:3398400:672000:787583:3148800:499200:231:231:231
05-01 08:01:08.890  2814  3644 I InputDispatcher: Delivering touch to (3998): action: 0x4, f=0x0, d=0, 'c5a7fd5', t=1 
05-01 08:01:08.890  2814  3644 I InputDispatcher: Delivering touch to (19994): action: 0x0, f=0x0, d=0, 'b65a79d', t=1 
05-01 08:01:08.891  2814  3644 D PowerManagerService: [api] userActivityFromNative : touch displayId=0 eventTime=164661362
05-01 08:01:08.892  4483  4483 I HoneySpace.GestureInputHandler: inputConsumers = [com.honeyspace.gesture.inputconsumer.InputConsumer$Companion$NO_OP$1@3c5d14e]
05-01 08:01:08.893  2814  3644 D PowerManagerService: UserActivityStateListenerState: 1
05-01 08:01:08.893 19994 19994 I VRI[MainActivity]@afeb858: ViewPostIme pointer 0
05-01 08:01:08.893  4483  4483 I HoneySpace.InputSession: inputConsumers = NO_OP
05-01 08:01:08.893  4483  4483 I HoneySpace.InputSession: open
05-01 08:01:08.893 19994 19994 I VRI[MainActivity]@afeb858: call setFrameRateCategory for touch hint category=high hint, reason=touch, vri=VRI[MainActivity]@afeb858
05-01 08:01:08.894  2814  3005 I GestureDetector: obtain mCurrentDownEvent. id: -299079768 caller: com.android.server.wm.SystemGesturesPointerEventListener.onPointerEvent:17 com.android.server.wm.PointerEventDispatcher.onInputEvent:51 android.view.InputEventReceiver.dispatchInputEvent:392 
05-01 08:01:08.894  2814  3005 I GestureDetector: obtain mCurrentDownEvent. id: -299079768 caller: com.android.server.wm.SystemPerformancePointerEventListener.onPointerEvent:13 com.android.server.wm.PointerEventDispatcher.onInputEvent:51 android.view.InputEventReceiver.dispatchInputEvent:392 
05-01 08:01:08.895 19994 19994 I warp-android-host: warp_mobile_android_host::vulkan: present_ok frame=2343 ts=164661369
05-01 08:01:08.896  7128  7128 I SemDvfsHyPerManager: acquire hyper - TATouchBoost/7128@30, type = -999
05-01 08:01:08.896  7128  7128 I SemDvfsHyPerManager: acquire hyper - TA_TOUCH_SHARE/7128@31, type = -999
05-01 08:01:08.897  1684  1724 I HYPER-HAL: [RequestManager.cpp]acquire(): Acquired ID : 25622091  [7128 / 30]    HINT :      list : [TABoost / 1] [TIMEOUT / 1500] 
05-01 08:01:08.897  1684  1724 I HYPER-HAL: [RequestManager.cpp]acquire(): Acquired ID : 25629251  [7128 / 31]    HINT : TA_TOUCH_SHARE    list : [TIMEOUT / 1500] 
05-01 08:01:08.898  2814  3005 I GestureDetector: obtain mCurrentMotionEventRaw. action: 2 id: -786438525
05-01 08:01:08.898  2814  3005 I GestureDetector: obtain mCurrentMotionEventRaw. action: 2 id: -786438525
05-01 08:01:08.898  2814  2814 I SemDvfsHyPerManager: acquire hyper - WM_SCROLL_DETECTED/2814@2, type = -999
05-01 08:01:08.899  1684  1724 I HYPER-HAL: [RequestManager.cpp]acquire(): Acquired ID : 3966338  [2814 / 2]    HINT :      list : [CoreNumBigMin / 3] 
05-01 08:01:08.900  1802  1802 I SurfaceFlinger: [dev.warp.mobile/dev.warp.mobile.MainActivity$_19994#44006] setFrameRateCategory: HighHint
05-01 08:01:08.902 19994 19994 I warp-android-host: warp_mobile_android_host::vulkan: present_ok frame=2344 ts=164661375
05-01 08:01:08.910 19994 19994 I warp-android-host: warp_mobile_android_host::vulkan: present_ok frame=2345 ts=164661384
05-01 08:01:08.919 19994 19994 I warp-android-host: warp_mobile_android_host::vulkan: present_ok frame=2346 ts=164661393
05-01 08:01:08.928 19994 19994 I warp-android-host: warp_mobile_android_host::vulkan: present_ok frame=2347 ts=164661401
05-01 08:01:08.936 19994 19994 I warp-android-host: warp_mobile_android_host::vulkan: present_ok frame=2348 ts=164661410
05-01 08:01:08.939  1802  2321 I CompositionEngine: [setDisplaySize] size=(434, 42)
05-01 08:01:08.945 19994 19994 I warp-android-host: warp_mobile_android_host::vulkan: present_ok frame=2349 ts=164661419
05-01 08:01:08.952 19994 19994 I warp-android-host: warp_mobile_android_host::vulkan: present_ok frame=2350 ts=164661426
05-01 08:01:08.961 19994 19994 I warp-android-host: warp_mobile_android_host::vulkan: present_ok frame=2351 ts=164661435
05-01 08:01:08.970 19994 19994 I warp-android-host: warp_mobile_android_host::vulkan: present_ok frame=2352 ts=164661444
05-01 08:01:08.978 19994 19994 I warp-android-host: warp_mobile_android_host::vulkan: present_ok frame=2353 ts=164661452
05-01 08:01:08.986 19994 19994 I warp-android-host: warp_mobile_android_host::vulkan: present_ok frame=2354 ts=164661460
05-01 08:01:08.994  2814  4599 D InputDispatcher: Inject motion (20563/2000): action=0x1, time=164661467000000, f=0x0, d=0 dsdx=1.000000 dtdx=0.000000
05-01 08:01:08.995  2814  3644 I InputDispatcher: Delivering touch to (19994): action: 0x1, f=0x0, d=0, 'b65a79d', t=1 
05-01 08:01:08.995 19994 19994 I warp-android-host: warp_mobile_android_host::vulkan: present_ok frame=2355 ts=164661469
05-01 08:01:08.995 19994 19994 I VRI[MainActivity]@afeb858: ViewPostIme pointer 1
05-01 08:01:08.996  4483  4483 I HoneySpace.GestureInputHandler: reset
05-01 08:01:08.996  4483  4483 I HoneySpace.InputSession: close
05-01 08:01:08.997  7128  7128 I SemDvfsHyPerManager: acquire hyper - TATouchBoost/7128@30, type = -999
05-01 08:01:08.997  7128  7128 I SemDvfsHyPerManager: acquire hyper - TA_TOUCH_SHARE/7128@31, type = -999
05-01 08:01:08.997  2814  2814 I SemDvfsHyPerManager: acquire hyper - GESTURE_DETECTED_HRR/2814@29, type = -999
05-01 08:01:08.997  2814  2814 I SemDvfsHyPerManager: acquire hyper - GESTURE_DETECTED_HRR/2814@29, type = -999
05-01 08:01:08.997  2814  2814 I SemDvfsHyPerManager: acquire hyper - SMOOTH_SCROLL/2814@25, type = -999
05-01 08:01:08.998  1684  1724 I HYPER-HAL: [RequestManager.cpp]releaseLocked(): Released ID : 3966338
05-01 08:01:08.998  1684  1724 I HYPER-HAL: [RequestManager.cpp]acquire(): Acquired ID : 25622091  [7128 / 30]    HINT :      list : [TABoost / 1] [TIMEOUT / 1500] 
05-01 08:01:08.998  1684  1724 I HYPER-HAL: [RequestManager.cpp]acquire(): Acquired ID : 25629251  [7128 / 31]    HINT : TA_TOUCH_SHARE    list : [TIMEOUT / 1500] 
05-01 08:01:08.998  1684  1724 I HYPER-HAL: [RequestManager.cpp]acquire(): Acquired ID : 4042775  [2814 / 29]    HINT : GESTURE_DETECTED_HRR    list : [TIMEOUT / 2083] 
05-01 08:01:09.000  1684  1724 I HYPER-HAL: [RequestManager.cpp]acquire(): Acquired ID : 4042775  [2814 / 29]    HINT : GESTURE_DETECTED_HRR    list : [TIMEOUT / 2282] 
05-01 08:01:09.002 19994 19994 I warp-android-host: warp_mobile_android_host::vulkan: present_ok frame=2356 ts=164661476
05-01 08:01:09.010 19994 19994 I warp-android-host: warp_mobile_android_host::vulkan: present_ok frame=2357 ts=164661484
05-01 08:01:09.018 19994 19994 I warp-android-host: warp_mobile_android_host::vulkan: present_ok frame=2358 ts=164661492
05-01 08:01:09.027 19994 19994 I warp-android-host: warp_mobile_android_host::vulkan: present_ok frame=2359 ts=164661501
05-01 08:01:09.035 19994 19994 I warp-android-host: warp_mobile_android_host::vulkan: present_ok frame=2360 ts=164661509
05-01 08:01:09.039  1802  2321 I CompositionEngine: [setDisplaySize] size=(434, 42)
05-01 08:01:09.045 19994 19994 I warp-android-host: warp_mobile_android_host::vulkan: present_ok frame=2361 ts=164661519
05-01 08:01:09.052 19994 19994 I warp-android-host: warp_mobile_android_host::vulkan: present_ok frame=2362 ts=164661526
05-01 08:01:09.061 19994 19994 I warp-android-host: warp_mobile_android_host::vulkan: present_ok frame=2363 ts=164661535
05-01 08:01:09.070 19994 19994 I warp-android-host: warp_mobile_android_host::vulkan: present_ok frame=2364 ts=164661543
05-01 08:01:09.077 19994 19994 I warp-android-host: warp_mobile_android_host::vulkan: present_ok frame=2365 ts=164661551
05-01 08:01:09.085 19994 19994 I warp-android-host: warp_mobile_android_host::vulkan: present_ok frame=2366 ts=164661559
05-01 08:01:09.093 19994 19994 I warp-android-host: warp_mobile_android_host::vulkan: present_ok frame=2367 ts=164661567
05-01 08:01:09.102 19994 19994 I warp-android-host: warp_mobile_android_host::vulkan: present_ok frame=2368 ts=164661576
05-01 08:01:09.111 19994 19994 I warp-android-host: warp_mobile_android_host::vulkan: present_ok frame=2369 ts=164661584
05-01 08:01:09.119 19994 19994 I warp-android-host: warp_mobile_android_host::vulkan: present_ok frame=2370 ts=164661593
05-01 08:01:09.127 19994 19994 I warp-android-host: warp_mobile_android_host::vulkan: present_ok frame=2371 ts=164661600
05-01 08:01:09.128  2814  6253 D SemWifiUsabilityStatsMonitor: onWifiUsabilityStats - seqNum 42897, isSameBssidAndFreq true
05-01 08:01:09.129  2814  3841 I SemWifiLinkQualityMonitor: Link stat: 480 / 11 / 1.00 (8) / 600 / -26.0 || 100.0 : 600.00 / 0.5 : 1.00 / 0.55 : 0.02 / G (G) || bd55f12c5200: 0.087 / 91.931 / N || N N / 0 0 / Y 2.0 / Y X 0 / 164661602 0 || Invalid
05-01 08:01:09.129  2814  3842 D InsDataManager: onOutageCountUpdate() - Outage Data: 0, LQ : Y. Outage Triggered: false
05-01 08:01:09.129  2814  3842 D InsDataManager: Trying to save initial normal data.
05-01 08:01:09.129  2814  3842 D SensorCollector: syncMappedBuffers: 0, 0, 0
05-01 08:01:09.129  2814  3842 D InsDataManager: trimBuffers start.
05-01 08:01:09.129  2814  3842 D InsDataManager: trimBuffers - nsmBuffer size: 26
05-01 08:01:09.130  2814  3842 D InsDataManager: Too short for collecting additional normal data
05-01 08:01:09.130  2814  3842 D SemInsManager: {"bssid": "bd55f12c5200","rssi": -26.0,"latency": 0.08702203269367448,"outage_count": 0,"lq_callback_triggered": true,"outage_log": "Link stat: 480 / 11 / 1.00 (8) / 600 / -26.0 || 100.0 : 600.00 / 0.5 : 1.00 / 0.55 : 0.02 / G (G) || bd55f12c5200: 0.087 / 91.931 / N || N N / 0 0 / Y 2.0 / Y X 0 / 164661602 0 || Invalid""Magnetic Sensor Events size": "0""Pressure Sensor Events size": "0"}
05-01 08:01:09.135 19994 19994 I warp-android-host: warp_mobile_android_host::vulkan: present_ok frame=2372 ts=164661609
05-01 08:01:09.135  2814  3860 D SGM:GameManager: identifyGamePackage. dev.warp.mobile, mCurrentUserId: 0, callingMethodInfo: com.samsung.android.game.SemGameManager.isGamePackage(SemGameManager.java:106)
05-01 08:01:09.135  2814  3860 D SGM:SemGameManager: isGamePackage(), pkgName=dev.warp.mobile, ret=false
05-01 08:01:09.144 19994 19994 I warp-android-host: warp_mobile_android_host::vulkan: present_ok frame=2373 ts=164661617
05-01 08:01:09.145  1802  2321 I CompositionEngine: [setDisplaySize] size=(434, 42)
05-01 08:01:09.152 19994 19994 I warp-android-host: warp_mobile_android_host::vulkan: present_ok frame=2374 ts=164661626
05-01 08:01:09.160 19994 19994 I warp-android-host: warp_mobile_android_host::vulkan: present_ok frame=2375 ts=164661634
05-01 08:01:09.168 19994 19994 I warp-android-host: warp_mobile_android_host::vulkan: present_ok frame=2376 ts=164661642
05-01 08:01:09.177 19994 19994 I warp-android-host: warp_mobile_android_host::vulkan: present_ok frame=2377 ts=164661651
05-01 08:01:09.185 19994 19994 I warp-android-host: warp_mobile_android_host::vulkan: present_ok frame=2378 ts=164661659
05-01 08:01:09.193 19994 19994 I warp-android-host: warp_mobile_android_host::vulkan: present_ok frame=2379 ts=164661666
05-01 08:01:09.201 19994 19994 I warp-android-host: warp_mobile_android_host::vulkan: present_ok frame=2380 ts=164661675
05-01 08:01:09.210 19994 19994 I warp-android-host: warp_mobile_android_host::vulkan: present_ok frame=2381 ts=164661684
05-01 08:01:09.218 19994 19994 I warp-android-host: warp_mobile_android_host::vulkan: present_ok frame=2382 ts=164661692
05-01 08:01:09.227 19994 19994 I warp-android-host: warp_mobile_android_host::vulkan: present_ok frame=2383 ts=164661700
05-01 08:01:09.230  2814  4599 D InputDispatcher: Inject motion (20593/2000): action=0x0, time=164661703000000, f=0x0, d=0 dsdx=1.000000 dtdx=0.000000
05-01 08:01:09.231  2814  3644 I InputDispatcher: Delivering touch to (3998): action: 0x4, f=0x0, d=0, 'c5a7fd5', t=1 
05-01 08:01:09.231  2814  3644 I InputDispatcher: Delivering touch to (19994): action: 0x0, f=0x0, d=0, 'b65a79d', t=1 
05-01 08:01:09.232 19994 19994 I VRI[MainActivity]@afeb858: ViewPostIme pointer 0
05-01 08:01:09.232 19994 19994 I WarpIme : touch_down x=540.0 y=1500.0
05-01 08:01:09.232 19994 19994 D warp-android-host: android_logger: android_logger: log::set_logger failed: attempted to set a logger after the logging system was already initialized
05-01 08:01:09.232 19994 19994 I warp-android-host: warp_mobile_android_host::input: input_event kind=touch_down x=540.0 y=1500.0 vx=0.0 vy=0.0 events_total=1
05-01 08:01:09.232 19994 19994 I GestureDetector: obtain mCurrentDownEvent. id: -128224168 caller: dev.warp.mobile.WarpInputView.onTouchEvent:395 android.view.View.performOnTouchCallback:17234 android.view.View.dispatchTouchEvent:17187 
05-01 08:01:09.232  2814  3005 I GestureDetector: obtain mCurrentDownEvent. id: -128224168 caller: com.android.server.wm.SystemGesturesPointerEventListener.onPointerEvent:17 com.android.server.wm.PointerEventDispatcher.onInputEvent:51 android.view.InputEventReceiver.dispatchInputEvent:392 
05-01 08:01:09.232  2814  3005 I GestureDetector: obtain mCurrentDownEvent. id: -128224168 caller: com.android.server.wm.SystemPerformancePointerEventListener.onPointerEvent:13 com.android.server.wm.PointerEventDispatcher.onInputEvent:51 android.view.InputEventReceiver.dispatchInputEvent:392 
05-01 08:01:09.233  4483  4483 I HoneySpace.GestureInputHandler: inputConsumers = [com.honeyspace.gesture.inputconsumer.InputConsumer$Companion$NO_OP$1@3c5d14e]
05-01 08:01:09.234  4483  4483 I HoneySpace.InputSession: inputConsumers = NO_OP
05-01 08:01:09.234 19994 19994 I warp-android-host: warp_mobile_android_host::vulkan: present_ok frame=2384 ts=164661708
05-01 08:01:09.234  4483  4483 I HoneySpace.InputSession: open
05-01 08:01:09.236  7128  7128 I SemDvfsHyPerManager: acquire hyper - TATouchBoost/7128@30, type = -999
05-01 08:01:09.236  7128  7128 I SemDvfsHyPerManager: acquire hyper - TA_TOUCH_SHARE/7128@31, type = -999
05-01 08:01:09.236  1684  1724 I HYPER-HAL: [RequestManager.cpp]acquire(): Acquired ID : 25622091  [7128 / 30]    HINT :      list : [TABoost / 1] [TIMEOUT / 1500] 
05-01 08:01:09.236  1684  1724 I HYPER-HAL: [RequestManager.cpp]acquire(): Acquired ID : 25629251  [7128 / 31]    HINT : TA_TOUCH_SHARE    list : [TIMEOUT / 1500] 
05-01 08:01:09.239  2814  3005 I GestureDetector: obtain mCurrentMotionEventRaw. action: 2 id: -207575845
05-01 08:01:09.239  2814  3005 I GestureDetector: obtain mCurrentMotionEventRaw. action: 2 id: -207575845
05-01 08:01:09.239  2814  2814 I SemDvfsHyPerManager: acquire hyper - WM_SCROLL_DETECTED/2814@2, type = -999
05-01 08:01:09.240  1684  1724 I HYPER-HAL: [RequestManager.cpp]acquire(): Acquired ID : 3966338  [2814 / 2]    HINT :      list : [CoreNumBigMin / 3] 
05-01 08:01:09.243 19994 19994 I warp-android-host: warp_mobile_android_host::vulkan: present_ok frame=2385 ts=164661717
05-01 08:01:09.244  1802  2321 I CompositionEngine: [setDisplaySize] size=(434, 42)
05-01 08:01:09.250 19994 19994 I GestureDetector: obtain mCurrentMotionEventRaw. action: 2 id: -207575845
05-01 08:01:09.251 19994 19994 D WarpIme : gesture_scroll x=540.0 y=1344.0 dx=0.0 dy=156.0 vx=0.0 vy=-13000.004
05-01 08:01:09.251 19994 19994 D warp-android-host: android_logger: android_logger: log::set_logger failed: attempted to set a logger after the logging system was already initialized
05-01 08:01:09.251 19994 19994 I warp-android-host: warp_mobile_android_host::input: input_event kind=scroll x=540.0 y=1344.0 vx=0.0 vy=-13000.0 events_total=2
05-01 08:01:09.251 19994 19994 D warp-android-host: android_logger: android_logger: log::set_logger failed: attempted to set a logger after the logging system was already initialized
05-01 08:01:09.251 19994 19994 I warp-android-host: warp_mobile_android_host: terminal_set_scroll_offset requested=5 clamped=5
05-01 08:01:09.253 19994 19994 I warp-android-host: warp_mobile_android_host::vulkan: dynamic_grid_fast_path_ok dt_ms=2 instances=696 fast_path_updates=6 full_reinits=1
05-01 08:01:09.255 19994 19994 I warp-android-host: warp_mobile_android_host::vulkan: present_ok frame=2386 ts=164661729
05-01 08:01:09.255 19994 19994 I warp-android-host: warp_mobile_android_host: terminal_push_frame_dynamic ok=true cells=1920 rows=24 cols=80
05-01 08:01:09.259 19994 19994 D WarpIme : gesture_scroll x=540.0 y=1189.8271 dx=0.0 dy=154.17285 vx=-0.1117194 vy=-13000.017
05-01 08:01:09.259 19994 19994 D warp-android-host: android_logger: android_logger: log::set_logger failed: attempted to set a logger after the logging system was already initialized
05-01 08:01:09.259 19994 19994 I warp-android-host: warp_mobile_android_host::input: input_event kind=scroll x=540.0 y=1189.8 vx=-0.1 vy=-13000.0 events_total=3
05-01 08:01:09.259 19994 19994 D warp-android-host: android_logger: android_logger: log::set_logger failed: attempted to set a logger after the logging system was already initialized
05-01 08:01:09.259 19994 19994 I warp-android-host: warp_mobile_android_host: terminal_set_scroll_offset requested=11 clamped=11
05-01 08:01:09.262 19994 19994 I warp-android-host: warp_mobile_android_host::vulkan: dynamic_grid_fast_path_ok dt_ms=3 instances=696 fast_path_updates=7 full_reinits=1
05-01 08:01:09.263 19994 19994 I warp-android-host: warp_mobile_android_host::vulkan: present_ok frame=2387 ts=164661737
05-01 08:01:09.263 19994 19994 I warp-android-host: warp_mobile_android_host: terminal_push_frame_dynamic ok=true cells=1920 rows=24 cols=80
05-01 08:01:09.267 19994 19994 D WarpIme : gesture_scroll x=540.0 y=1081.6484 dx=0.0 dy=108.17871 vx=0.117795885 vy=-12999.573
05-01 08:01:09.267 19994 19994 D warp-android-host: android_logger: android_logger: log::set_logger failed: attempted to set a logger after the logging system was already initialized
05-01 08:01:09.267 19994 19994 I warp-android-host: warp_mobile_android_host::input: input_event kind=scroll x=540.0 y=1081.6 vx=0.1 vy=-12999.6 events_total=4
05-01 08:01:09.267 19994 19994 D warp-android-host: android_logger: android_logger: log::set_logger failed: attempted to set a logger after the logging system was already initialized
05-01 08:01:09.267 19994 19994 I warp-android-host: warp_mobile_android_host: terminal_set_scroll_offset requested=15 clamped=15
05-01 08:01:09.271 19994 19994 I warp-android-host: warp_mobile_android_host::vulkan: dynamic_grid_fast_path_ok dt_ms=2 instances=696 fast_path_updates=8 full_reinits=1
05-01 08:01:09.272 19994 19994 I warp-android-host: warp_mobile_android_host::vulkan: present_ok frame=2388 ts=164661746
05-01 08:01:09.272 19994 19994 I warp-android-host: warp_mobile_android_host: terminal_push_frame_dynamic ok=true cells=1920 rows=24 cols=80
05-01 08:01:09.275 19994 19994 D WarpIme : gesture_scroll x=540.0 y=973.4707 dx=0.0 dy=108.177734 vx=0.0 vy=-13000.021
05-01 08:01:09.275 19994 19994 D warp-android-host: android_logger: android_logger: log::set_logger failed: attempted to set a logger after the logging system was already initialized
05-01 08:01:09.275 19994 19994 I warp-android-host: warp_mobile_android_host::input: input_event kind=scroll x=540.0 y=973.5 vx=0.0 vy=-13000.0 events_total=5
05-01 08:01:09.275 19994 19994 D warp-android-host: android_logger: android_logger: log::set_logger failed: attempted to set a logger after the logging system was already initialized
05-01 08:01:09.275 19994 19994 I warp-android-host: warp_mobile_android_host: terminal_set_scroll_offset requested=19 clamped=19
05-01 08:01:09.279 19994 19994 I warp-android-host: warp_mobile_android_host::vulkan: dynamic_grid_fast_path_ok dt_ms=3 instances=696 fast_path_updates=9 full_reinits=1
05-01 08:01:09.280 19994 19994 I warp-android-host: warp_mobile_android_host::vulkan: present_ok frame=2389 ts=164661754
05-01 08:01:09.280 19994 19994 I warp-android-host: warp_mobile_android_host: terminal_push_frame_dynamic ok=true cells=1920 rows=24 cols=80
05-01 08:01:09.284 19994 19994 D WarpIme : gesture_scroll x=540.0 y=865.29395 dx=0.0 dy=108.17676 vx=-0.086525396 vy=-12999.892
05-01 08:01:09.284 19994 19994 D warp-android-host: android_logger: android_logger: log::set_logger failed: attempted to set a logger after the logging system was already initialized
05-01 08:01:09.284 19994 19994 I warp-android-host: warp_mobile_android_host::input: input_event kind=scroll x=540.0 y=865.3 vx=-0.1 vy=-12999.9 events_total=6
05-01 08:01:09.284 19994 19994 D warp-android-host: android_logger: android_logger: log::set_logger failed: attempted to set a logger after the logging system was already initialized
05-01 08:01:09.284 19994 19994 I warp-android-host: warp_mobile_android_host: terminal_set_scroll_offset requested=23 clamped=23
05-01 08:01:09.287 19994 19994 I warp-android-host: warp_mobile_android_host::vulkan: dynamic_grid_fast_path_ok dt_ms=3 instances=696 fast_path_updates=10 full_reinits=1
05-01 08:01:09.289 19994 19994 I warp-android-host: warp_mobile_android_host::vulkan: present_ok frame=2390 ts=164661763
05-01 08:01:09.289 19994 19994 I warp-android-host: warp_mobile_android_host: terminal_push_frame_dynamic ok=true cells=1920 rows=24 cols=80
05-01 08:01:09.292 19994 19994 D WarpIme : gesture_scroll x=540.0 y=757.1172 dx=0.0 dy=108.17676 vx=4.1482816E-4 vy=-13000.068
05-01 08:01:09.292 19994 19994 D warp-android-host: android_logger: android_logger: log::set_logger failed: attempted to set a logger after the logging system was already initialized
05-01 08:01:09.292 19994 19994 I warp-android-host: warp_mobile_android_host::input: input_event kind=scroll x=540.0 y=757.1 vx=0.0 vy=-13000.1 events_total=7
05-01 08:01:09.292 19994 19994 D warp-android-host: android_logger: android_logger: log::set_logger failed: attempted to set a logger after the logging system was already initialized
05-01 08:01:09.292 19994 19994 I warp-android-host: warp_mobile_android_host: terminal_set_scroll_offset requested=27 clamped=27
05-01 08:01:09.296 19994 19994 I warp-android-host: warp_mobile_android_host::vulkan: dynamic_grid_fast_path_ok dt_ms=3 instances=696 fast_path_updates=11 full_reinits=1
05-01 08:01:09.298 19994 19994 I warp-android-host: warp_mobile_android_host::vulkan: present_ok frame=2391 ts=164661772
05-01 08:01:09.298 19994 19994 I warp-android-host: warp_mobile_android_host: terminal_push_frame_dynamic ok=true cells=1920 rows=24 cols=80
05-01 08:01:09.300 19994 19994 D WarpIme : gesture_scroll x=540.0 y=648.9414 dx=0.0 dy=108.17578 vx=0.073945194 vy=-13000.13
05-01 08:01:09.301 19994 19994 D warp-android-host: android_logger: android_logger: log::set_logger failed: attempted to set a logger after the logging system was already initialized
05-01 08:01:09.301 19994 19994 I warp-android-host: warp_mobile_android_host::input: input_event kind=scroll x=540.0 y=648.9 vx=0.1 vy=-13000.1 events_total=8
05-01 08:01:09.301 19994 19994 D warp-android-host: android_logger: android_logger: log::set_logger failed: attempted to set a logger after the logging system was already initialized
05-01 08:01:09.301 19994 19994 I warp-android-host: warp_mobile_android_host: terminal_set_scroll_offset requested=31 clamped=31
05-01 08:01:09.304 19994 19994 I warp-android-host: warp_mobile_android_host::vulkan: dynamic_grid_fast_path_ok dt_ms=3 instances=696 fast_path_updates=12 full_reinits=1
05-01 08:01:09.306 19994 19994 I warp-android-host: warp_mobile_android_host::vulkan: present_ok frame=2392 ts=164661780
05-01 08:01:09.306 19994 19994 I warp-android-host: warp_mobile_android_host: terminal_push_frame_dynamic ok=true cells=1920 rows=24 cols=80
05-01 08:01:09.308 19994 19994 D WarpIme : gesture_scroll x=540.0 y=540.7666 dx=0.0 dy=108.174805 vx=0.040281385 vy=-13000.007
05-01 08:01:09.309 19994 19994 D warp-android-host: android_logger: android_logger: log::set_logger failed: attempted to set a logger after the logging system was already initialized
05-01 08:01:09.309 19994 19994 I warp-android-host: warp_mobile_android_host::input: input_event kind=scroll x=540.0 y=540.8 vx=0.0 vy=-13000.0 events_total=9
05-01 08:01:09.309 19994 19994 D warp-android-host: android_logger: android_logger: log::set_logger failed: attempted to set a logger after the logging system was already initialized
05-01 08:01:09.309 19994 19994 I warp-android-host: warp_mobile_android_host: terminal_set_scroll_offset requested=35 clamped=35
05-01 08:01:09.312 19994 19994 I warp-android-host: warp_mobile_android_host::vulkan: dynamic_grid_fast_path_ok dt_ms=3 instances=696 fast_path_updates=13 full_reinits=1
05-01 08:01:09.313 19994 19994 I warp-android-host: warp_mobile_android_host::vulkan: present_ok frame=2393 ts=164661787
05-01 08:01:09.314 19994 19994 I warp-android-host: warp_mobile_android_host: terminal_push_frame_dynamic ok=true cells=1920 rows=24 cols=80
05-01 08:01:09.317 19994 19994 D WarpIme : gesture_scroll x=540.0 y=432.5918 dx=0.0 dy=108.174805 vx=-0.022090258 vy=-12999.941
05-01 08:01:09.317 19994 19994 D warp-android-host: android_logger: android_logger: log::set_logger failed: attempted to set a logger after the logging system was already initialized
05-01 08:01:09.317 19994 19994 I warp-android-host: warp_mobile_android_host::input: input_event kind=scroll x=540.0 y=432.6 vx=-0.0 vy=-12999.9 events_total=10
05-01 08:01:09.317 19994 19994 D warp-android-host: android_logger: android_logger: log::set_logger failed: attempted to set a logger after the logging system was already initialized
05-01 08:01:09.317 19994 19994 I warp-android-host: warp_mobile_android_host: terminal_set_scroll_offset requested=39 clamped=39
05-01 08:01:09.320 19994 19994 I warp-android-host: warp_mobile_android_host::vulkan: dynamic_grid_fast_path_ok dt_ms=3 instances=696 fast_path_updates=14 full_reinits=1
05-01 08:01:09.322 19994 19994 I warp-android-host: warp_mobile_android_host::vulkan: present_ok frame=2394 ts=164661796
05-01 08:01:09.322 19994 19994 I warp-android-host: warp_mobile_android_host: terminal_push_frame_dynamic ok=true cells=1920 rows=24 cols=80
05-01 08:01:09.325 19994 19994 D WarpIme : gesture_scroll x=540.0 y=324.41895 dx=0.0 dy=108.17285 vx=0.015325155 vy=-13000.113
05-01 08:01:09.325 19994 19994 D warp-android-host: android_logger: android_logger: log::set_logger failed: attempted to set a logger after the logging system was already initialized
05-01 08:01:09.325 19994 19994 I warp-android-host: warp_mobile_android_host::input: input_event kind=scroll x=540.0 y=324.4 vx=0.0 vy=-13000.1 events_total=11
05-01 08:01:09.325 19994 19994 D warp-android-host: android_logger: android_logger: log::set_logger failed: attempted to set a logger after the logging system was already initialized
05-01 08:01:09.325 19994 19994 I warp-android-host: warp_mobile_android_host: terminal_set_scroll_offset requested=43 clamped=43
05-01 08:01:09.329 19994 19994 I warp-android-host: warp_mobile_android_host::vulkan: dynamic_grid_fast_path_ok dt_ms=3 instances=696 fast_path_updates=15 full_reinits=1
05-01 08:01:09.330 19994 19994 I warp-android-host: warp_mobile_android_host::vulkan: present_ok frame=2395 ts=164661804
05-01 08:01:09.330 19994 19994 I warp-android-host: warp_mobile_android_host: terminal_push_frame_dynamic ok=true cells=1920 rows=24 cols=80
05-01 08:01:09.334 19994 19994 D WarpIme : gesture_scroll x=540.0 y=216.2461 dx=0.0 dy=108.17285 vx=-0.022051044 vy=-12999.927
05-01 08:01:09.334 19994 19994 D warp-android-host: android_logger: android_logger: log::set_logger failed: attempted to set a logger after the logging system was already initialized
05-01 08:01:09.334 19994 19994 I warp-android-host: warp_mobile_android_host::input: input_event kind=scroll x=540.0 y=216.2 vx=-0.0 vy=-12999.9 events_total=12
05-01 08:01:09.334 19994 19994 D warp-android-host: android_logger: android_logger: log::set_logger failed: attempted to set a logger after the logging system was already initialized
05-01 08:01:09.334 19994 19994 I warp-android-host: warp_mobile_android_host: terminal_set_scroll_offset requested=47 clamped=47
05-01 08:01:09.335  2814  4599 D InputDispatcher: Inject motion (20593/2000): action=0x1, time=164661808000000, f=0x0, d=0 dsdx=1.000000 dtdx=0.000000
05-01 08:01:09.335  2814  3644 I InputDispatcher: Delivering touch to (19994): action: 0x1, f=0x0, d=0, 'b65a79d', t=1 
05-01 08:01:09.336  4483  4483 I HoneySpace.GestureInputHandler: reset
05-01 08:01:09.336  4483  4483 I HoneySpace.InputSession: close
05-01 08:01:09.337  2814  2814 I SemDvfsHyPerManager: acquire hyper - GESTURE_DETECTED_HRR/2814@29, type = -999
05-01 08:01:09.337  2814  2814 I SemDvfsHyPerManager: acquire hyper - SMOOTH_SCROLL/2814@25, type = -999
05-01 08:01:09.337  2814  2814 I SemDvfsHyPerManager: acquire hyper - GESTURE_DETECTED_HRR/2814@29, type = -999
05-01 08:01:09.337  7128  7128 I SemDvfsHyPerManager: acquire hyper - TATouchBoost/7128@30, type = -999
05-01 08:01:09.337 19994 19994 I warp-android-host: warp_mobile_android_host::vulkan: dynamic_grid_fast_path_ok dt_ms=3 instances=696 fast_path_updates=16 full_reinits=1
05-01 08:01:09.338  7128  7128 I SemDvfsHyPerManager: acquire hyper - TA_TOUCH_SHARE/7128@31, type = -999
05-01 08:01:09.338  1684  1724 I HYPER-HAL: [RequestManager.cpp]releaseLocked(): Released ID : 3966338
05-01 08:01:09.338  1684  1724 I HYPER-HAL: [RequestManager.cpp]acquire(): Acquired ID : 4042775  [2814 / 29]    HINT : GESTURE_DETECTED_HRR    list : [TIMEOUT / 2083] 
05-01 08:01:09.338  1684  1724 I HYPER-HAL: [RequestManager.cpp]acquire(): Acquired ID : 4042775  [2814 / 29]    HINT : GESTURE_DETECTED_HRR    list : [TIMEOUT / 2282] 
05-01 08:01:09.338  1684  1724 I HYPER-HAL: [RequestManager.cpp]acquire(): Acquired ID : 25622091  [7128 / 30]    HINT :      list : [TABoost / 1] [TIMEOUT / 1500] 
05-01 08:01:09.339  1684  1724 I HYPER-HAL: [RequestManager.cpp]acquire(): Acquired ID : 25629251  [7128 / 31]    HINT : TA_TOUCH_SHARE    list : [TIMEOUT / 1500] 
05-01 08:01:09.339 19994 19994 I warp-android-host: warp_mobile_android_host::vulkan: present_ok frame=2396 ts=164661813
05-01 08:01:09.339 19994 19994 I warp-android-host: warp_mobile_android_host: terminal_push_frame_dynamic ok=true cells=1920 rows=24 cols=80
05-01 08:01:09.340 19994 19994 I VRI[MainActivity]@afeb858: ViewPostIme pointer 1
05-01 08:01:09.340 19994 19994 I WarpIme : touch_up x=540.0 y=200.0
05-01 08:01:09.340 19994 19994 D warp-android-host: android_logger: android_logger: log::set_logger failed: attempted to set a logger after the logging system was already initialized
05-01 08:01:09.340 19994 19994 I warp-android-host: warp_mobile_android_host::input: input_event kind=touch_up x=540.0 y=200.0 vx=0.0 vy=0.0 events_total=13
05-01 08:01:09.340 19994 19994 I WarpIme : gesture_fling vx=-0.022051044 vy=-12999.927
05-01 08:01:09.343 19994 19994 I warp-android-host: warp_mobile_android_host::vulkan: present_ok frame=2397 ts=164661817
05-01 08:01:09.345  1802  2321 I CompositionEngine: [setDisplaySize] size=(434, 42)
05-01 08:01:09.352 19994 19994 I warp-android-host: warp_mobile_android_host::vulkan: present_ok frame=2398 ts=164661825
05-01 08:01:09.356 19994 19994 D warp-android-host: android_logger: android_logger: log::set_logger failed: attempted to set a logger after the logging system was already initialized
05-01 08:01:09.356 19994 19994 I warp-android-host: warp_mobile_android_host: terminal_set_scroll_offset requested=55 clamped=55
05-01 08:01:09.361 19994 19994 I warp-android-host: warp_mobile_android_host::vulkan: dynamic_grid_fast_path_ok dt_ms=3 instances=696 fast_path_updates=17 full_reinits=1
05-01 08:01:09.363 19994 19994 I warp-android-host: warp_mobile_android_host::vulkan: present_ok frame=2399 ts=164661837
05-01 08:01:09.363 19994 19994 I warp-android-host: warp_mobile_android_host: terminal_push_frame_dynamic ok=true cells=1920 rows=24 cols=80
05-01 08:01:09.368 19994 19994 I warp-android-host: warp_mobile_android_host::vulkan: present_ok frame=2400 ts=164661841
05-01 08:01:09.372 19994 19994 D warp-android-host: android_logger: android_logger: log::set_logger failed: attempted to set a logger after the logging system was already initialized
05-01 08:01:09.372 19994 19994 I warp-android-host: warp_mobile_android_host: terminal_set_scroll_offset requested=62 clamped=62
05-01 08:01:09.378 19994 19994 I warp-android-host: warp_mobile_android_host::vulkan: dynamic_grid_fast_path_ok dt_ms=2 instances=696 fast_path_updates=18 full_reinits=1
05-01 08:01:09.379 19994 19994 I warp-android-host: warp_mobile_android_host::vulkan: present_ok frame=2401 ts=164661853
05-01 08:01:09.379 19994 19994 I warp-android-host: warp_mobile_android_host: terminal_push_frame_dynamic ok=true cells=1920 rows=24 cols=80
05-01 08:01:09.385 19994 19994 I warp-android-host: warp_mobile_android_host::vulkan: present_ok frame=2402 ts=164661858
05-01 08:01:09.388 19994 19994 D warp-android-host: android_logger: android_logger: log::set_logger failed: attempted to set a logger after the logging system was already initialized
05-01 08:01:09.388 19994 19994 I warp-android-host: warp_mobile_android_host: terminal_set_scroll_offset requested=68 clamped=68
05-01 08:01:09.395 19994 19994 I warp-android-host: warp_mobile_android_host::vulkan: dynamic_grid_fast_path_ok dt_ms=3 instances=696 fast_path_updates=19 full_reinits=1
05-01 08:01:09.396 19994 19994 I warp-android-host: warp_mobile_android_host::vulkan: present_ok frame=2403 ts=164661870
05-01 08:01:09.396 19994 19994 I warp-android-host: warp_mobile_android_host: terminal_push_frame_dynamic ok=true cells=1920 rows=24 cols=80
05-01 08:01:09.402 19994 19994 I warp-android-host: warp_mobile_android_host::vulkan: present_ok frame=2404 ts=164661876
05-01 08:01:09.405 19994 19994 D warp-android-host: android_logger: android_logger: log::set_logger failed: attempted to set a logger after the logging system was already initialized
05-01 08:01:09.405 19994 19994 I warp-android-host: warp_mobile_android_host: terminal_set_scroll_offset requested=74 clamped=74
05-01 08:01:09.411 19994 19994 I warp-android-host: warp_mobile_android_host::vulkan: dynamic_grid_fast_path_ok dt_ms=3 instances=696 fast_path_updates=20 full_reinits=1
05-01 08:01:09.413 19994 19994 I warp-android-host: warp_mobile_android_host::vulkan: present_ok frame=2405 ts=164661887
05-01 08:01:09.413 19994 19994 I warp-android-host: warp_mobile_android_host: terminal_push_frame_dynamic ok=true cells=1920 rows=24 cols=80
05-01 08:01:09.418 19994 19994 I warp-android-host: warp_mobile_android_host::vulkan: present_ok frame=2406 ts=164661892
05-01 08:01:09.422 19994 19994 D warp-android-host: android_logger: android_logger: log::set_logger failed: attempted to set a logger after the logging system was already initialized
05-01 08:01:09.422 19994 19994 I warp-android-host: warp_mobile_android_host: terminal_set_scroll_offset requested=79 clamped=79
05-01 08:01:09.428 19994 19994 I warp-android-host: warp_mobile_android_host::vulkan: dynamic_grid_fast_path_ok dt_ms=3 instances=696 fast_path_updates=21 full_reinits=1
05-01 08:01:09.429 19994 19994 I warp-android-host: warp_mobile_android_host::vulkan: present_ok frame=2407 ts=164661903
05-01 08:01:09.430 19994 19994 I warp-android-host: warp_mobile_android_host: terminal_push_frame_dynamic ok=true cells=1920 rows=24 cols=80
05-01 08:01:09.435 19994 19994 I warp-android-host: warp_mobile_android_host::vulkan: present_ok frame=2408 ts=164661909
05-01 08:01:09.437 19994 19994 D warp-android-host: android_logger: android_logger: log::set_logger failed: attempted to set a logger after the logging system was already initialized
05-01 08:01:09.437 19994 19994 I warp-android-host: warp_mobile_android_host: terminal_set_scroll_offset requested=83 clamped=83
05-01 08:01:09.445 19994 19994 I warp-android-host: warp_mobile_android_host::vulkan: dynamic_grid_fast_path_ok dt_ms=3 instances=696 fast_path_updates=22 full_reinits=1
05-01 08:01:09.445  1802  2321 I CompositionEngine: [setDisplaySize] size=(434, 42)
05-01 08:01:09.446 19994 19994 I warp-android-host: warp_mobile_android_host::vulkan: present_ok frame=2409 ts=164661920
05-01 08:01:09.446 19994 19994 I warp-android-host: warp_mobile_android_host: terminal_push_frame_dynamic ok=true cells=1920 rows=24 cols=80
05-01 08:01:09.452 19994 19994 I warp-android-host: warp_mobile_android_host::vulkan: present_ok frame=2410 ts=164661925
05-01 08:01:09.453 19994 19994 D warp-android-host: android_logger: android_logger: log::set_logger failed: attempted to set a logger after the logging system was already initialized
05-01 08:01:09.453 19994 19994 I warp-android-host: warp_mobile_android_host: terminal_set_scroll_offset requested=87 clamped=87
05-01 08:01:09.461 19994 19994 I warp-android-host: warp_mobile_android_host::vulkan: dynamic_grid_fast_path_ok dt_ms=3 instances=696 fast_path_updates=23 full_reinits=1
05-01 08:01:09.462 19994 19994 I warp-android-host: warp_mobile_android_host::vulkan: present_ok frame=2411 ts=164661936
05-01 08:01:09.462 19994 19994 I warp-android-host: warp_mobile_android_host: terminal_push_frame_dynamic ok=true cells=1920 rows=24 cols=80
05-01 08:01:09.468 19994 19994 I warp-android-host: warp_mobile_android_host::vulkan: present_ok frame=2412 ts=164661942
05-01 08:01:09.470 19994 19994 D warp-android-host: android_logger: android_logger: log::set_logger failed: attempted to set a logger after the logging system was already initialized
05-01 08:01:09.470 19994 19994 I warp-android-host: warp_mobile_android_host: terminal_set_scroll_offset requested=91 clamped=91
05-01 08:01:09.478 19994 19994 I warp-android-host: warp_mobile_android_host::vulkan: dynamic_grid_fast_path_ok dt_ms=3 instances=696 fast_path_updates=24 full_reinits=1
05-01 08:01:09.479 19994 19994 I warp-android-host: warp_mobile_android_host::vulkan: present_ok frame=2413 ts=164661953
05-01 08:01:09.480 19994 19994 I warp-android-host: warp_mobile_android_host: terminal_push_frame_dynamic ok=true cells=1920 rows=24 cols=80
05-01 08:01:09.485 19994 19994 I warp-android-host: warp_mobile_android_host::vulkan: present_ok frame=2414 ts=164661959
05-01 08:01:09.486 19994 19994 D warp-android-host: android_logger: android_logger: log::set_logger failed: attempted to set a logger after the logging system was already initialized
05-01 08:01:09.487 19994 19994 I warp-android-host: warp_mobile_android_host: terminal_set_scroll_offset requested=94 clamped=94
05-01 08:01:09.494 19994 19994 I warp-android-host: warp_mobile_android_host::vulkan: dynamic_grid_fast_path_ok dt_ms=3 instances=696 fast_path_updates=25 full_reinits=1
05-01 08:01:09.496 19994 19994 I warp-android-host: warp_mobile_android_host::vulkan: present_ok frame=2415 ts=164661970
05-01 08:01:09.496 19994 19994 I warp-android-host: warp_mobile_android_host: terminal_push_frame_dynamic ok=true cells=1920 rows=24 cols=80
05-01 08:01:09.501 19994 19994 I warp-android-host: warp_mobile_android_host::vulkan: present_ok frame=2416 ts=164661975
05-01 08:01:09.503 19994 19994 D warp-android-host: android_logger: android_logger: log::set_logger failed: attempted to set a logger after the logging system was already initialized
05-01 08:01:09.503 19994 19994 I warp-android-host: warp_mobile_android_host: terminal_set_scroll_offset requested=97 clamped=97
05-01 08:01:09.511 19994 19994 I warp-android-host: warp_mobile_android_host::vulkan: dynamic_grid_fast_path_ok dt_ms=3 instances=696 fast_path_updates=26 full_reinits=1
05-01 08:01:09.512 19994 19994 I warp-android-host: warp_mobile_android_host::vulkan: present_ok frame=2417 ts=164661986
05-01 08:01:09.512 19994 19994 I warp-android-host: warp_mobile_android_host: terminal_push_frame_dynamic ok=true cells=1920 rows=24 cols=80
05-01 08:01:09.518 19994 19994 I warp-android-host: warp_mobile_android_host::vulkan: present_ok frame=2418 ts=164661991
05-01 08:01:09.519 19994 19994 D warp-android-host: android_logger: android_logger: log::set_logger failed: attempted to set a logger after the logging system was already initialized
05-01 08:01:09.519 19994 19994 I warp-android-host: warp_mobile_android_host: terminal_set_scroll_offset requested=100 clamped=100
05-01 08:01:09.528 19994 19994 I warp-android-host: warp_mobile_android_host::vulkan: dynamic_grid_fast_path_ok dt_ms=3 instances=696 fast_path_updates=27 full_reinits=1
05-01 08:01:09.529 19994 19994 I warp-android-host: warp_mobile_android_host::vulkan: present_ok frame=2419 ts=164662003
05-01 08:01:09.529 19994 19994 I warp-android-host: warp_mobile_android_host: terminal_push_frame_dynamic ok=true cells=1920 rows=24 cols=80
05-01 08:01:09.534 19994 19994 I warp-android-host: warp_mobile_android_host::vulkan: present_ok frame=2420 ts=164662008
05-01 08:01:09.534  1672  2586 I sensors-hal: handle_sns_std_sensor_event:90, light_cct: ts = 245382696654824 ns; value = [0, 0, 5, 5, 0, 15, 0, 0, 0, 0]
05-01 08:01:09.536 19994 19994 D warp-android-host: android_logger: android_logger: log::set_logger failed: attempted to set a logger after the logging system was already initialized
05-01 08:01:09.536 19994 19994 I warp-android-host: warp_mobile_android_host: terminal_set_scroll_offset requested=102 clamped=102
05-01 08:01:09.544 19994 19994 I warp-android-host: warp_mobile_android_host::vulkan: dynamic_grid_fast_path_ok dt_ms=3 instances=696 fast_path_updates=28 full_reinits=1
05-01 08:01:09.545 19994 19994 I warp-android-host: warp_mobile_android_host::vulkan: present_ok frame=2421 ts=164662019
05-01 08:01:09.545 19994 19994 I warp-android-host: warp_mobile_android_host: terminal_push_frame_dynamic ok=true cells=1920 rows=24 cols=80
05-01 08:01:09.546  1802  2321 I CompositionEngine: [setDisplaySize] size=(434, 42)
05-01 08:01:09.550 19994 19994 I warp-android-host: warp_mobile_android_host::vulkan: present_ok frame=2422 ts=164662024
05-01 08:01:09.552 19994 19994 D warp-android-host: android_logger: android_logger: log::set_logger failed: attempted to set a logger after the logging system was already initialized
05-01 08:01:09.553 19994 19994 I warp-android-host: warp_mobile_android_host: terminal_set_scroll_offset requested=105 clamped=105
05-01 08:01:09.559 19994 19994 I warp-android-host: warp_mobile_android_host::vulkan: dynamic_grid_fast_path_ok dt_ms=1 instances=696 fast_path_updates=29 full_reinits=1
05-01 08:01:09.560 19994 19994 I warp-android-host: warp_mobile_android_host::vulkan: present_ok frame=2423 ts=164662034
05-01 08:01:09.560 19994 19994 I warp-android-host: warp_mobile_android_host: terminal_push_frame_dynamic ok=true cells=1920 rows=24 cols=80
05-01 08:01:09.567 19994 19994 I warp-android-host: warp_mobile_android_host::vulkan: present_ok frame=2424 ts=164662041
05-01 08:01:09.569 19994 19994 D warp-android-host: android_logger: android_logger: log::set_logger failed: attempted to set a logger after the logging system was already initialized
05-01 08:01:09.569 19994 19994 I warp-android-host: warp_mobile_android_host: terminal_set_scroll_offset requested=106 clamped=106
05-01 08:01:09.578 19994 19994 I warp-android-host: warp_mobile_android_host::vulkan: dynamic_grid_fast_path_ok dt_ms=2 instances=696 fast_path_updates=30 full_reinits=1
05-01 08:01:09.579 19994 19994 I warp-android-host: warp_mobile_android_host::vulkan: present_ok frame=2425 ts=164662053
05-01 08:01:09.579 19994 19994 I warp-android-host: warp_mobile_android_host: terminal_push_frame_dynamic ok=true cells=1920 rows=24 cols=80
05-01 08:01:09.580  2814  4599 D InputDispatcher: Inject motion (20602/2000): action=0x0, time=164662054000000, f=0x0, d=0 dsdx=1.000000 dtdx=0.000000
05-01 08:01:09.582  2814  3644 I InputDispatcher: Delivering touch to (3998): action: 0x4, f=0x0, d=0, 'c5a7fd5', t=1 
05-01 08:01:09.582  2814  3644 I InputDispatcher: Delivering touch to (19994): action: 0x0, f=0x0, d=0, 'b65a79d', t=1 
05-01 08:01:09.582 19994 19994 I VRI[MainActivity]@afeb858: ViewPostIme pointer 0
05-01 08:01:09.584  4483  4483 I HoneySpace.GestureInputHandler: inputConsumers = [com.honeyspace.gesture.inputconsumer.InputConsumer$Companion$NO_OP$1@3c5d14e]
05-01 08:01:09.584 19994 19994 I warp-android-host: warp_mobile_android_host::vulkan: present_ok frame=2426 ts=164662058
05-01 08:01:09.584  4483  4483 I HoneySpace.InputSession: inputConsumers = NO_OP
05-01 08:01:09.585  4483  4483 I HoneySpace.InputSession: open
05-01 08:01:09.585 19994 19994 D warp-android-host: android_logger: android_logger: log::set_logger failed: attempted to set a logger after the logging system was already initialized
05-01 08:01:09.585 19994 19994 I warp-android-host: warp_mobile_android_host: terminal_set_scroll_offset requested=108 clamped=108
05-01 08:01:09.585  7128  7128 I SemDvfsHyPerManager: acquire hyper - TATouchBoost/7128@30, type = -999
05-01 08:01:09.586  2814  3005 I GestureDetector: obtain mCurrentDownEvent. id: -941730455 caller: com.android.server.wm.SystemGesturesPointerEventListener.onPointerEvent:17 com.android.server.wm.PointerEventDispatcher.onInputEvent:51 android.view.InputEventReceiver.dispatchInputEvent:392 
05-01 08:01:09.586  7128  7128 I SemDvfsHyPerManager: acquire hyper - TA_TOUCH_SHARE/7128@31, type = -999
05-01 08:01:09.586  2814  3005 I GestureDetector: obtain mCurrentDownEvent. id: -941730455 caller: com.android.server.wm.SystemPerformancePointerEventListener.onPointerEvent:13 com.android.server.wm.PointerEventDispatcher.onInputEvent:51 android.view.InputEventReceiver.dispatchInputEvent:392 
05-01 08:01:09.587  1684  1724 I HYPER-HAL: [RequestManager.cpp]acquire(): Acquired ID : 25622091  [7128 / 30]    HINT :      list : [TABoost / 1] [TIMEOUT / 1500] 
