05-01 06:47:29.828  2814  8013 I SemDvfsHyPerManager: acquire hyper - AMS_RESUME_TAIL/2814@20, type = -999
05-01 06:47:29.828  8465 14997 I Routine@Core[4.9.04.13]: COORD/ConditionStateHandlerImpl: enableRoutineConditions: routineId=3(uuid=853535, name=工作)[READY]
05-01 06:47:29.828  8465 14997 I Routine@Core[4.9.04.13]: COORD/ConditionStateHandlerImpl: enableCondition: conditionId=plugin_gps_location_v3(id=3, uuid=346828, routineId=3)
05-01 06:47:29.828  8465 14997 I Routine@Core[4.9.04.13]: TASKD/ConditionTaskAdapterFactoryImpl: getAdapter - metaId=plugin_gps_location_v3(id=65)
05-01 06:47:29.828  8465 14997 I Routine@Sdk[3.1.20]: ParameterValues: fromJsonString: jsonString={"TYPE":"STRING","VALUE":""}
05-01 06:47:29.828  8465 12267 W System.err: java.util.concurrent.ExecutionException: com.google.android.gms.common.api.ApiException: 4000: TARGET_NODE_NOT_CONNECTED
05-01 06:47:29.828  8465 14997 I Routine@Sdk[3.1.20]: ParameterValues: fromJsonString: jsonString={"TYPE":"LIST{STRING}","VALUE":[]}
05-01 06:47:29.828  8465 14997 I Routine@Sdk[3.1.20]: ParameterValues: fromJsonString: jsonString={"TYPE":"STRING","VALUE":"106台灣台北市大安區忠孝東路三段96號(台北市)"}
05-01 06:47:29.828  8465 14997 I Routine@Sdk[3.1.20]: ParameterValues: fromJsonString: jsonString={"TYPE":"STRING","VALUE":"25.0415901"}
05-01 06:47:29.828  8465 14997 I Routine@Sdk[3.1.20]: ParameterValues: fromJsonString: jsonString={"TYPE":"STRING","VALUE":"0"}
05-01 06:47:29.828  8465 14997 I Routine@Sdk[3.1.20]: ParameterValues: fromJsonString: jsonString={"TYPE":"BOOLEAN","VALUE":"false"}
05-01 06:47:29.828  2814  8013 I SemDvfsHyPerManager: acquire hyper - AMS_ACT_LAZY/2814@21, type = -999
05-01 06:47:29.828  2814  8013 D ActivityManagerPerformance: AMP_acquire() TAIL
05-01 06:47:29.828  8465 14997 E Routine@SdkCore[3.1.20]: ParameterFactory: fromJsonString: failed to parse as RawParameter. jsonString=false
05-01 06:47:29.828  8465 14997 I Routine@Sdk[3.1.20]: ParameterValues: fromJsonString: jsonString={"TYPE":"STRING","VALUE":"150"}
05-01 06:47:29.828  2814  8013 D ActivityManagerPerformance: AMP_release() APP_SWITCH
05-01 06:47:29.828  8465 14997 I Routine@Sdk[3.1.20]: ParameterValues: fromJsonString: jsonString={"TYPE":"STRING","VALUE":"121.53620020000001"}
05-01 06:47:29.828  8465 14997 I Routine@Core[4.9.04.13]: RoutinePluginLocationConditionHandler: onEnabled
05-01 06:47:29.828  8465 20326 I Routine@Core[4.9.04.13]: COORD/CoordinatorRequestHandler: onCallReceive: method=specific_condition_state_changed
05-01 06:47:29.828  8465 20326 W Routine@Core[4.9.04.13]: COORD/CoordinatorRequestHandler: onCallReceive - handlerThread is not in runnable state=TIMED_WAITING
05-01 06:47:29.828  8465 20326 I Routine@Core[4.9.04.13]: COORD/CoordinatorRequestHandler: [messageHandler.dump] Handler (z8.a) {eabc23c} @ 160242302
05-01 06:47:29.828  8465 20326 I Routine@Core[4.9.04.13]: COORD/CoordinatorRequestHandler: [messageHandler.dump]   Looper (CoordinatorHandlerThread, tid 66) {ab82bc5}
05-01 06:47:29.828  1684  1724 I HYPER-HAL: [RequestManager.cpp]acquire(): Acquired ID : 4017215  [2814 / 20]    HINT : AMS_RESUME_TAIL    list : 
05-01 06:47:29.828  8465 20326 I Routine@Core[4.9.04.13]: COORD/CoordinatorRequestHandler: [messageHandler.dump]     (MessageQueue is using Legacy implementation)
05-01 06:47:29.828  8465 20326 I Routine@Core[4.9.04.13]: COORD/CoordinatorRequestHandler: [messageHandler.dump]     (Total messages: 0, polling=false, quitting=false)
05-01 06:47:29.828  8465 20326 I Routine@Core[4.9.04.13]: COORD/CoordinatorRequestHandler: onCallReceive: wait until notify... method=specific_condition_state_changed
05-01 06:47:29.828  8465  8465 E RoutineTransimissionLib@WearMessageHelper: sendMessage.onFailure: e=4000: TARGET_NODE_NOT_CONNECTED
05-01 06:47:29.829  8465 14997 I Routine@Sdk[3.1.20]: ParameterValues: toJsonString: mValueType=STRING, mValue=
05-01 06:47:29.829  8465 14997 I Routine@Sdk[3.1.20]: ParameterValues: toJsonString: mValueType=LIST_STRING, mValue=[Ljava.lang.String;@a79a9f2
05-01 06:47:29.829  8465 14997 I Routine@Sdk[3.1.20]: ParameterValues: toJsonString: mValueType=STRING, mValue=106台灣台北市大安區忠孝東路三段96號(台北市)
05-01 06:47:29.829  8465 14997 I Routine@Sdk[3.1.20]: ParameterValues: toJsonString: mValueType=STRING, mValue=25.0415901
05-01 06:47:29.829  8465 14997 I Routine@Sdk[3.1.20]: ParameterValues: toJsonString: mValueType=STRING, mValue=0
05-01 06:47:29.829  8465 14997 I Routine@Sdk[3.1.20]: ParameterValues: toJsonString: mValueType=BOOLEAN, mValue=false
05-01 06:47:29.829  8465 14997 I Routine@Sdk[3.1.20]: ParameterValues: toJsonString: mValueType=STRING, mValue=150
05-01 06:47:29.829  8465 14997 I Routine@Sdk[3.1.20]: ParameterValues: toJsonString: mValueType=STRING, mValue=121.53620020000001
05-01 06:47:29.829  1802  1802 I SurfaceFlinger: RequestedLayer [dev.warp.mobile/dev.warp.mobile.MainActivity$_21724#43683] hidden!! flag  from(1) --> to(0)
05-01 06:47:29.829  1802  1802 I SurfaceFlinger: [LayerHierarchy{RequestedLayerState{c96d871 dev.warp.mobile/dev.warp.mobile.MainActivity#43682 parentId=43690} 1 children}] reparent to LayerHierarchy{RequestedLayerState{Surface(name=c96d871 dev.warp.mobile/dev.warp.mobile.MainActivity)/@0x570559e - animation-leash of starting_reveal#43690 parentId=43675} 1 children}
05-01 06:47:29.829 21724 21724 D warp-android-host: warp_mobile_android_host::vulkan: submit_dynamic_grid_frame called with no grid attached; falling back to clear
05-01 06:47:29.830  1684  1724 I HYPER-HAL: [RequestManager.cpp]acquire(): Acquired ID : 4020051  [2814 / 21]    HINT : AMS_ACT_LAZY    list : 
05-01 06:47:29.830 21724 21724 I warp-android-host: warp_mobile_android_host::vulkan: present_ok frame=4 ts=160242304
05-01 06:47:29.830  2814  8013 D SLocation: SLocation - addGeofences com.samsung.android.app.routines
05-01 06:47:29.830  2814  8013 D SLocation: CommonUtil - check android.permission.ACCESS_FINE_LOCATION Permission pid=8465, uid=10049, hasPermission=true
05-01 06:47:29.831  2814  8013 D SLocation: CommonUtil - check android.permission.ACCESS_BACKGROUND_LOCATION Permission pid=8465, uid=10049, hasPermission=true
05-01 06:47:29.831  2814  8013 D SLocation: ClientDataManager - com.samsung.android.app.routines max count is 100
05-01 06:47:29.831  2814  8013 D SLocation: SLocation - addGeofences end com.samsung.android.app.routines -5
05-01 06:47:29.831  8465 14997 I Routine@Core[4.9.04.13]: RoutinePluginLocationConditionHandler: getGeofenceIdMap: 2
05-01 06:47:29.831  8465 14997 I Routine@Sdk[3.1.20]: ParameterValues: toJsonString: mValueType=STRING, mValue=
05-01 06:47:29.831  8465 14997 I Routine@Sdk[3.1.20]: ParameterValues: toJsonString: mValueType=LIST_STRING, mValue=[Ljava.lang.String;@a79a9f2
05-01 06:47:29.831  8465 14997 I Routine@Sdk[3.1.20]: ParameterValues: toJsonString: mValueType=STRING, mValue=106台灣台北市大安區忠孝東路三段96號(台北市)
05-01 06:47:29.831  8465 14997 I Routine@Sdk[3.1.20]: ParameterValues: toJsonString: mValueType=STRING, mValue=25.0415901
05-01 06:47:29.831  8465 14997 I Routine@Sdk[3.1.20]: ParameterValues: toJsonString: mValueType=STRING, mValue=0
05-01 06:47:29.831  8465 14997 I Routine@Sdk[3.1.20]: ParameterValues: toJsonString: mValueType=BOOLEAN, mValue=false
05-01 06:47:29.831  8465 14997 I Routine@Sdk[3.1.20]: ParameterValues: toJsonString: mValueType=STRING, mValue=150
05-01 06:47:29.831  8465 14997 I Routine@Sdk[3.1.20]: ParameterValues: toJsonString: mValueType=STRING, mValue=121.53620020000001
05-01 06:47:29.831  8465 14997 I Routine@Core[4.9.04.13]: RoutinePluginLocationConditionHandler: updateGeofenceIdMapByResult: monitor already started instanceId=3
05-01 06:47:29.832  8465 14997 I Routine@Core[4.9.04.13]: Pref: putSharedPrefsData: key=routine_geofence_ids, data.size=954
05-01 06:47:29.832  1802  1802 D SurfaceFlinger: Display 4630946315032985731 HWC layers:
05-01 06:47:29.832  1802  1802 D SurfaceFlinger:        DEVICE |           17171279249417 | 00000100 | RGBA_8888    |    0.0    0.0 1080.0 2340.0 |    0    0 1080 2340 | Wallpaper BBQ wrapper 5_system#86 (1)
05-01 06:47:29.832  1802  1802 D SurfaceFlinger:        DEVICE |           19254338396845 | 00002100 | RGBA_8888    |    0.0    0.0 1080.0 2340.0 |    0    0 1080 2340 | com.sec.android.app.launcher/com.sec[...]id.app.launcher.Launcher$_4483#43665 (91)
05-01 06:47:29.832  1802  1802 D SurfaceFlinger:        CLIENT |                        0 | 00000002 | N/A          |    0.0    0.0    0.0    0.0 |    4   65 1076 2331 | Background for ae097b SurfaceView[de[...]ev.warp.mobile.MainActivity]@0#43689 (0)
05-01 06:47:29.832  1802  1802 D SurfaceFlinger:        CLIENT |           93303869538329 | 00000102 | RGBA_8888    |    0.0    0.0 1080.0 2284.0 |    4   65 1076 2331 | ae097b SurfaceView[dev.warp.mobile/d[...].mobile.MainActivity]@0(BLAST)#43688 (2)
05-01 06:47:29.832  1802  1802 D SurfaceFlinger:        CLIENT |           93303869538334 | 00002100 | RGBA_8888    |    0.0    0.0 1080.0 2284.0 |    4   65 1076 2331 | dev.warp.mobile/dev.warp.mobile.MainActivity$_21724#43683 (2)
05-01 06:47:29.832  1802  1802 D SurfaceFlinger:        CLIENT |           17171
05-01 06:47:29.832  1802  1802 D SurfaceFlinger: 279273585 | 00002100 | RGBA_8888    |    0.0    0.0 1080.0 2340.0 |    4    9 1076 2331 | Splash Screen dev.warp.mobile$_3998#43677 (2)
05-01 06:47:29.832  1802  1802 D SurfaceFlinger:        DEVICE |           17171279272996 | 00002100 | RGBA_8888    |    0.0    0.0 1080.0   84.0 |    0    0 1080   84 | StatusBar$_3998#107 (42589)
05-01 06:47:29.832  1802  1802 D SurfaceFlinger:        DEVICE |           19254338396749 | 00002100 | RGBA_8888    |    0.0    0.0   67.0  323.0 |    0  287   67  610 | com.sec.android.app.launcher/com.sam[...]l.app.CocktailBarService$_4483#42931 (1)
05-01 06:47:29.832  1802  1802 D SurfaceFlinger:        DEVICE |           17171279272982 | 00002100 | RGBA_8888    |    0.0    0.0 1080.0  135.0 |    0 2205 1080 2340 | NavigationBar0$_3998#103 (11942)
05-01 06:47:29.832  1802  1802 D SurfaceFlinger: 
05-01 06:47:29.833  2814  5825 D InputDispatcher: Focus entered window (0): c96d871 dev.warp.mobile/dev.warp.mobile.MainActivity
05-01 06:47:29.833  1684  1724 I HYPER-HAL: [RequestManager.cpp]releaseLocked(): Released ID : 4022888
05-01 06:47:29.833 21724 21724 D VRI[MainActivity]@afeb858: mThreadedRenderer.initializeIfNeeded()#2 mSurface={isValid=true 0xb40000716d204430}
05-01 06:47:29.834 21724 21724 I WarpIme : onCreateInputConnection inputType=0x20001 imeOptions=0x10000001
05-01 06:47:29.834  3998  4122 D SurfaceComposerClient: setCornerRadius ## Task=2133#43674 cornerRadius=4.500000
05-01 06:47:29.834 21724 21724 D InputMethodManagerUtils: startInputInner - Id : 0
05-01 06:47:29.834 21724 21724 I InputMethodManager: startInputInner - IInputMethodManagerGlobalInvoker.startInputOrWindowGainedFocus
05-01 06:47:29.834  8465 20327 I Routine@Core[4.9.04.13]: InstanceCleaner: clean() - listToDelete is Empty !
05-01 06:47:29.834  2814  3663 V InputMethodManagerService: startInputOrWindowGainedFocusInternalLocked: reason=WINDOW_FOCUS_GAIN client=android.os.BinderProxy@6ea11f5 inputContext=com.android.internal.inputmethod.IRemoteInputConnection$Stub$Proxy@8b04ce4 editorInfo=android.view.inputmethod.EditorInfo@6d6654d startInputFlags=VIEW_HAS_FOCUS|IS_TEXT_EDITOR|INITIAL_CONNECTION softInputMode=STATE_UNSPECIFIED|ADJUST_PAN|IS_FORWARD_NAVIGATION windowFlags=#81810180 unverifiedTargetSdkVersion=36 bindingController=com.android.server.inputmethod.InputMethodBindingController@e9ec8d6 imeDispatcher=android.window.ImeOnBackInvokedDispatcher@2b4c802 cs=ClientState{f75f513 mUid=11186 mPid=21724 mSelfReportedDisplayId=0} imeRequestedVisible=false
05-01 06:47:29.835  2814  3663 V InputMethodManagerService: startInputOrWindowGainedFocusInternalLocked: reason=WINDOW_FOCUS_GAIN clientState=f75f513 editorInfo=android.view.inputmethod.EditorInfo@6d6654d startInputFlags=VIEW_HAS_FOCUS|IS_TEXT_EDITOR|INITIAL_CONNECTION softInputMode=STATE_UNSPECIFIED|ADJUST_PAN|IS_FORWARD_NAVIGATION windowFlags=#81810180 sameWindowFocused=false
05-01 06:47:29.835  8465 20327 I Routine@Core[4.9.04.13]: InstanceCleaner: clean() - end
05-01 06:47:29.835  2814  3663 V InputMethodManagerService: setWindowStateInner, windowToken=android.os.BinderProxy@453c618, state=ImeTargetWindowState{ imeToken null imeFocusChanged true hasEditorFocused true requestedImeVisible false imeDisplayId 0 softInputModeState STATE_UNSPECIFIED|ADJUST_PAN|IS_FORWARD_NAVIGATION isStartInputByGainFocus true}
05-01 06:47:29.835  3998  4189 I VRI[mobile]@fee40a7: mWNT: t=0xb4000071fd278050 mBlastBufferQueue=0xb4000070ed3729f0 fn= 3 HdrRenderState mRenderHdrSdrRatio=1.0 caller= android.view.SyncRtSurfaceTransactionApplier.applyTransaction:100 android.view.SyncRtSurfaceTransactionApplier.lambda$scheduleApply$0:73 android.view.SyncRtSurfaceTransactionApplier.$r8$lambda$afI4fXg3U3-nBZQEDQMiNy-B06s:0 
05-01 06:47:29.835  3998  4198 W qdgralloc: getInterlacedFlag: getMetaData returned 3, defaulting to interlaced_flag = 0
05-01 06:47:29.835  2814  3007 I DisplayDeviceRepository: Display device changed render timings: "內建畫面", renderFrameRate=120.00001, presentationDeadlineNanos=9333333, appVsyncOffsetNanos=8333333, frameRateOverrides=[{uid=10049 frameRateHz=120.00001}, {uid=10157 frameRateHz=120.00001}, {uid=11186 frameRateHz=120.00001}]
05-01 06:47:29.836  8465 14997 I Routine@Core[4.9.04.13]: RoutinePluginLocationConditionHandler: saveGeofenceIdMap: 2
05-01 06:47:29.836  8465 14997 I Routine@Core[4.9.04.13]: RoutinePluginLocationConditionHandler: onEnabled: addGeofence: (result:-5)3|0|150 - ($)
05-01 06:47:29.836  8465 14997 I Routine@Core[4.9.04.13]: COORD/ConditionStateHandlerCallbackImpl: unregisterConditionObserver: conditionId=plugin_gps_location_v3(id=3, uuid=346828, routineId=3), targetUri=content://com.samsung.android.app.routines.provider.routines.v3/plugin_gps_location_v3
05-01 06:47:29.836  2814  3008 D SurfaceComposerClient: setCornerRadius ## 8df6f20 Splash Screen dev.warp.mobile#43676 cornerRadius=0.000000
05-01 06:47:29.836  2814  3008 D SurfaceComposerClient: setCornerRadius ## c96d871 dev.warp.mobile/dev.warp.mobile.MainActivity#43682 cornerRadius=0.000000
05-01 06:47:29.836  8465  8570 I Routine@Core[4.9.04.13]: MetadataSyncHistory: isMetaDataSyncedWithVersion: latest=9c17a0ca7155acc4a4ec81aebd062cfa44e6880f, currentVersion=9c17a0ca7155acc4a4ec81aebd062cfa44e6880f
05-01 06:47:29.836  8465 14997 I SEP_UNION_SemUnionManager: getUnionService(semeventdelegator) 
05-01 06:47:29.836  8465 14997 I Routine@Core[4.9.04.13]: COORD/ConditionStateHandlerCallbackImpl: registerConditionObserver: conditionId=plugin_gps_location_v3(id=3, uuid=346828, routineId=3), targetUri=content://com.samsung.android.app.routines.provider.routines.v3/plugin_gps_location_v3
05-01 06:47:29.836  2814  8013 D SEP_UNION_SemDeviceInfoManagerService: Unregister uri = content://com.samsung.android.app.routines.provider.routines.v3/plugin_gps_location_v3, package = com.samsung.android.app.routines, userId = 0 
05-01 06:47:29.836  8465 14997 I SEP_UNION_SemUnionManager: getUnionService(semeventdelegator) 
05-01 06:47:29.836  2814  8013 D SEP_UNION_SemDeviceInfoManagerService: Register uri = content://com.samsung.android.app.routines.provider.routines.v3/plugin_gps_location_v3, package = com.samsung.android.app.routines, userId = 0 
05-01 06:47:29.836  2814  8013 D SEP_UNION_SemDeviceInfoManagerService: PendingIntentWithConditions added f=0 
05-01 06:47:29.836  2814  8013 D SEP_UNION_SemDeviceInfoManagerService: Creating new UnionContentObserver for the uri:content://com.samsung.android.app.routines.provider.routines.v3/plugin_gps_location_v3 
05-01 06:47:29.837  2814  3663 D SemInputMethodManagerServiceUtil: restorePreviousUsedInputMethod : failed to return the previous ime becuase the stored info is null or do not need restore
05-01 06:47:29.837  2814  3663 V InputMethodManagerService: semComputeImeDisplayIdForTarget: displayToShowIme=0
05-01 06:47:29.837  2814  3663 V InputMethodManagerService: unbindCurrentInputLocked: client=android.os.BinderProxy@3d918f8
05-01 06:47:29.837  8465 20327 I Routine@Core[4.9.04.13]: Pref: putSharedPrefsData: key=pref_metaloader_status, data.size=9
05-01 06:47:29.837  2814  3663 V InputMethodManagerService: Creating new session for client ClientState{f75f513 mUid=11186 mPid=21724 mSelfReportedDisplayId=0}
05-01 06:47:29.837  2814  3663 V InputMethodManagerService: Creating new session for client ClientState{f75f513 mUid=11186 mPid=21724 mSelfReportedDisplayId=0}
05-01 06:47:29.837  2814  3663 D InputTransport: Input channel constructed: 'ClientS', fd=1634
05-01 06:47:29.837  2814  3663 D InputTransport: Input channel constructed: 'ClientS', fd=1640
05-01 06:47:29.838 21724 21724 D warp-android-host: warp_mobile_android_host::vulkan: submit_dynamic_grid_frame called with no grid attached; falling back to clear
05-01 06:47:29.838  4483  4483 I HoneySpace.WallpaperAnimator: destroyWallpaperSurface Surface(name=Surface(name=RemoteWallpaperAnim:1:1)/@0xa64bb40 - animation-leash of remote_wallpaper)/@0x20adfc9
05-01 06:47:29.838  4483  4483 I HoneySpace.WallpaperAnimator: wallpaper animation end [222738126]
05-01 06:47:29.839  2814  4860 I WindowManager: Cancelling animation restarting=false, leash=Surface(name=Surface(name=RemoteWallpaperAnim:1:1)/@0xa64bb40 - animation-leash of remote_wallpaper)/@0x30cfd5c
05-01 06:47:29.839  2814  4860 I WindowManager: Reparenting to original parent: Surface(name=OneHanded:0:14)/@0x1716a79, destroy=false, surface=Surface(name=RemoteWallpaperAnim:1:1)/@0xa64bb40
05-01 06:47:29.839  2814  3663 D InputTransport: Input channel destroyed: 'ClientS', fd=1640
05-01 06:47:29.839  2814  3663 V InputMethodManagerService: Creating new accessibility sessions for client ClientState{f75f513 mUid=11186 mPid=21724 mSelfReportedDisplayId=0}
05-01 06:47:29.839  2814  4860 D WindowManager: mRunner#onAnimationCancelled, leash=Surface(name=Surface(name=RemoteWallpaperAnim:1:1)/@0xa64bb40 - animation-leash of remote_wallpaper)/@0x30cfd5c, caller=com.android.server.wm.SurfaceAnimator.cancelAnimation:14 com.android.server.wm.SurfaceAnimator.cancelAnimation:1 com.android.server.wm.WindowContainer.cancelAnimation:3 com.android.server.wm.WindowManagerService.finishRemoteWallpaperAnimation:81 android.view.IWindowManager$Stub.onTransact:4336 
05-01 06:47:29.839  2814  4860 D WindowManager: finishRemoteWallpaperAnimation, success=true
05-01 06:47:29.840  1186  1186 D io_stats: !@   8,0 r 24614038 366647688 w 13582702 206526100 d 1103884 373943536 f 493403 1522328 iot 5331400 0 th 0 0 0 pt 0 inp 0 0 160242.314
05-01 06:47:29.841  3998  4122 D SurfaceComposerClient: setCornerRadius ## Task=2133#43674 cornerRadius=4.500000
05-01 06:47:29.841 21724 21724 I warp-android-host: warp_mobile_android_host::vulkan: present_ok frame=5 ts=160242315
05-01 06:47:29.841  4483  4679 I HoneySpace.WallpaperAnimator: onAnimationCancelled
05-01 06:47:29.841  2814  4860 D InputMethodManagerService: isImeSwitcherDisabledPackage : false
05-01 06:47:29.841  2814  4860 D InputMethodManagerService: shouldShowImeSwitcherLocked : checking vis : 3
05-01 06:47:29.841  2814  4860 V InputMethodManagerService: Disabling: SessionState{uid=10157 pid=4483 method=1f50f87 session=5d52ea2 channel=ClientState{d4cb716 mUid=10157 mPid=4483 mSelfReportedDisplayId=0} userId=0}
05-01 06:47:29.841  2814  4860 V InputMethodManagerService: Enabling: SessionState{uid=11186 pid=21724 method=1f50f87 session=777f105 channel=ClientState{f75f513 mUid=11186 mPid=21724 mSelfReportedDisplayId=0} userId=0}
05-01 06:47:29.841  2814  4860 D InputMethodManagerService: checkDisplayOfStartInputAndUpdateKeyboard: displayId=0, mFocusedDisplayId=0
05-01 06:47:29.841  2814  4860 D InputTransport: Input channel constructed: 'ClientS', fd=1575
05-01 06:47:29.841  2814  4860 D InputTransport: Input channel destroyed: 'ClientS', fd=1575
05-01 06:47:29.842  8385 28335 I AppClassifier: Category not present in BloomFilter, Checking in Manifest:- dev.warp.mobile
05-01 06:47:29.842  3998  4198 W qdgralloc: getInterlacedFlag: getMetaData returned 3, defaulting to interlaced_flag = 0
05-01 06:47:29.842  3998  4188 I VRI[mobile]@fee40a7: mWNT: t=0xb4000071fd278050 mBlastBufferQueue=0xb4000070ed3729f0 fn= 4 HdrRenderState mRenderHdrSdrRatio=1.0 caller= android.view.SyncRtSurfaceTransactionApplier.applyTransaction:100 android.view.SyncRtSurfaceTransactionApplier.lambda$scheduleApply$0:73 android.view.SyncRtSurfaceTransactionApplier.$r8$lambda$afI4fXg3U3-nBZQEDQMiNy-B06s:0 
05-01 06:47:29.842  8465 20327 I Routine@Core[4.9.04.13]: RoutineService: onMetadataLoadingCompleted.onComplete
05-01 06:47:29.842 21724 21736 D InputTransport: Input channel constructed: 'ClientS', fd=149
05-01 06:47:29.842  8385 28335 I AppClassifier: Category not found in BF and Manifest for pkg :- dev.warp.mobile
05-01 06:47:29.842 21724 21724 I WarpIme : onCreateInputConnection inputType=0x20001 imeOptions=0x10000001
05-01 06:47:29.842  8385 28335 I AppCategoryExecutor: convertToParcel() executed
05-01 06:47:29.842  8385 28335 I AppCategoryExecutor: AppCategoryDetail is : AppCategoryDetail{mPackageName='dev.warp.mobile', mCategoryString='', mCategoryId=-1}
05-01 06:47:29.842  8385 28335 I AppCategoryExecutor: Response is : [AppCategoryDetail{mPackageName='dev.warp.mobile', mCategoryString='', mCategoryId=-1}]
05-01 06:47:29.842  8465 12267 W System.err: 	at com.google.android.gms.tasks.Tasks.zza(Unknown Source:31)
05-01 06:47:29.842  8465 12267 W System.err: 	at com.google.android.gms.tasks.Tasks.await(SourceFile:17)
05-01 06:47:29.843  9797  9797 I HBD     : HoneyBoardService onFinishInput 
05-01 06:47:29.843  9797  9797 I HBD     : a IC have been unbinding,  RemoteInputConnection{idHash=#2328ec0}
05-01 06:47:29.843  9797  9797 I HBD     : HoneyBoardService [PF_CL][onFinishInput]  0 ms 
05-01 06:47:29.843  9797  9797 I HBD     : HoneyBoardService [IMI] onStartInput - caller pid : 21724 , caller uid : 11186 
05-01 06:47:29.843  9797  9797 I HBD     : k updateConfigs 
05-01 06:47:29.843  9797  9797 I HBD     : k isEnabledNightMode : true 
05-01 06:47:29.843  9797  9797 I HBD     : a IC have been binding, RemoteInputConnection{idHash=#7911997} 
05-01 06:47:29.843  9797  9797 I HBD     : h [EditorInputType]setPrivateImeOptionsToTable privateImeOptions ( null )
05-01 06:47:29.843  9797  9797 I HBD     : b incognitoMode : false 
05-01 06:47:29.844  9797  9797 I HBD     : h getDefaultInputRange : UNKNOWN 
05-01 06:47:29.844  9797  9797 I HBD     : h getDefaultInputRange : UNKNOWN 
05-01 06:47:29.844  9797  9797 I HBD     : h getDefaultInputRange : UNKNOWN 
05-01 06:47:29.844  9797  9797 I HBD     : g [AiWriter] isChildBlockCase:
05-01 06:47:29.844  8465 12267 W System.err: 	at com.bumptech.glide.d.W0(Unknown Source:54)
05-01 06:47:29.844  8465 12267 W System.err: 	at iv.d.b(Unknown Source:82)
05-01 06:47:29.844  8465 12267 W System.err: 	at iv.d.c(Unknown Source:13)
05-01 06:47:29.844  8465 12267 W System.err: 	at vv.d0.d(Unknown Source:205)
05-01 06:47:29.844  8465 12267 W System.err: 	at vv.c0.invokeSuspend(Unknown Source:11)
05-01 06:47:29.844  8465 12267 W System.err: 	at kotlin.coroutines.jvm.internal.BaseContinuationImpl.resumeWith(Unknown Source:10)
05-01 06:47:29.844  8465 12267 W System.err: 	at l10.e0.B(Unknown Source:6)
05-01 06:47:29.844  8465 12267 W System.err: 	at h10.a.resumeWith(Unknown Source:22)
05-01 06:47:29.844  8465 12267 W System.err: 	at kotlin.coroutines.jvm.internal.BaseContinuationImpl.resumeWith(Unknown Source:46)
05-01 06:47:29.844  8465 12267 W System.err: 	at h10.x0.run(Unknown Source:128)
05-01 06:47:29.844  8465 12267 W System.err: 	at com.bumptech.glide.load.engine.a.run(Unknown Source:98)
05-01 06:47:29.844  8465 12267 W System.err: 	at n10.j.run(Unknown Source:2)
05-01 06:47:29.844  8465 12267 W System.err: 	at n10.b.run(Unknown Source:95)
05-01 06:47:29.844  8465 12267 W System.err: Caused by: com.google.android.gms.common.api.ApiException: 4000: TARGET_NODE_NOT_CONNECTED
05-01 06:47:29.844  8465 12267 W System.err: 	at com.google.android.gms.common.internal.ApiExceptionUtil.fromStatus(Unknown Source:14)
05-01 06:47:29.844  8465 12267 W System.err: 	at com.google.android.gms.common.internal.zap.onComplete(Unknown Source:30)
05-01 06:47:29.844  8465 12267 W System.err: 	at com.google.android.gms.common.api.internal.BasePendingResult.zab(Unknown Source:73)
05-01 06:47:29.844  8465 12267 W System.err: 	at com.google.android.gms.common.api.internal.BasePendingResult.setResult(Unknown Source:34)
05-01 06:47:29.844  8465 12267 W System.err: 	at com.google.android.gms.wearable.internal.zzw.setResult(Unknown Source:2)
05-01 06:47:29.844  8465 12267 W System.err: 	at com.google.android.gms.wearable.internal.zzij.zzO(Unknown Source:4)
05-01 06:47:29.844  8465 12267 W System.err: 	at com.google.android.gms.wearable.internal.zzjc.zzK(Unknown Source:13)
05-01 06:47:29.844  8465 12267 W System.err: 	at com.google.android.gms.wearable.internal.zzfo.zza(Unknown Source:542)
05-01 06:47:29.844  8465 12267 W System.err: 	at com.google.android.gms.internal.wearable.zzb.onTransact(Unknown Source:20)
05-01 06:47:29.844  8465 12267 W System.err: 	at android.os.Binder.execTransactInternal(Binder.java:1462)
05-01 06:47:29.844  8465 12267 W System.err: 	at android.os.Binder.execTransact(Binder.java:1401)
05-01 06:47:29.844  8465 12267 E Routine@Core[4.9.04.13]: WearRoutineMessageWrapper: Fail sendMessage - Exception! : kotlin.Unit
05-01 06:47:29.844  8465  8465 I Routine@Core[4.9.04.13]: RoutineEngineService: onSpecificConditionStateChanged: instancedId=3468284106953736558
05-01 06:47:29.844  2814  3006 D KNOX_MDM_SettingsProvider: isChangeAllowed() : name = enabled_notification_listeners
05-01 06:47:29.844  8465  8465 I Routine@Core[4.9.04.13]: RoutineService: onDestroy
05-01 06:47:29.844  2814  3006 D KNOX_MDM_SettingsProvider: isChangeAllowed() : name = enabled_notification_listeners
05-01 06:47:29.844  2814  3006 D KNOX_MDM_SettingsProvider: isChangeAllowed() : name = enabled_notification_listeners
05-01 06:47:29.844  8465 20321 I Routine@Core[4.9.04.13]: ProcessUtils: setProcessImportant: needForeground=true, reason=ENGINE_COORDINATOR
05-01 06:47:29.845  8465 14997 I Routine@Core[4.9.04.13]: COORD/ConditionStateHandlerImpl: enableRoutineConditions: routineId=4(uuid=111992, name=夜間省電)[READY]
05-01 06:47:29.845  8465 14997 I Routine@Core[4.9.04.13]: COORD/ConditionStateHandlerImpl: enableCondition: conditionId=runestone_time_occasion/context_probably_asleep(id=4, uuid=415315, routineId=4)
05-01 06:47:29.845  8465 14997 I Routine@Core[4.9.04.13]: TASKD/ConditionTaskAdapterFactoryImpl: getAdapter - metaId=runestone_time_occasion/context_probably_asleep(id=5)
05-01 06:47:29.845  2814  4860 D RestrictionPolicy: isScreenCaptureEnabled : ret=true userId=0
05-01 06:47:29.845  2814  5161 D FreecessController: BG freezed, skip OLAF unfreeze for (com.samsung.knox.securefolder, 10133)
05-01 06:47:29.845  2814  4860 I WindowManager: Cancelling animation restarting=true, leash=Surface(name=Surface(name=b723832 InputMethod)/@0x5220adf - animation-leash of insets_animation)/@0xc1f29c7
05-01 06:47:29.845  2814  4860 I WindowManager: Reparenting to original parent: Surface(name=WindowToken{a0034c4 type=2011 android.os.Binder@8a063d7})/@0x648c32c, destroy=false, surface=Surface(name=b723832 InputMethod)/@0x5220adf
05-01 06:47:29.846  2814  4860 I WindowManager: Reparenting to leash, surface=Surface(name=b723832 InputMethod)/@0x5220adf, leashParent=Surface(name=WindowToken{a0034c4 type=2011 android.os.Binder@8a063d7})/@0x648c32c
05-01 06:47:29.846  1802  2571 I SurfaceFlinger: id=43691 createSurf, flag=24004, Surface(name=b723832 InputMethod)/@0x5220adf - animation-leash of insets_animation#43691
05-01 06:47:29.846  1802  1802 I SurfaceFlinger: [LayerHierarchy{RequestedLayerState{RemoteWallpaperAnim:1:1#7 parentId=4 z=1} 1 children}] reparent to LayerHierarchy{RequestedLayerState{OneHanded:0:14#4 parentId=3} 4 children}
05-01 06:47:29.846  1802  1802 I SurfaceFlinger: [LayerHierarchy{RequestedLayerState{Surface(name=RemoteWallpaperAnim:1:1)/@0xa64bb40 - animation-leash of remote_wallpaper#43671 z=1} no children}] reparent to OffscreenRoot
05-01 06:47:29.846  1802  1802 I SurfaceFlinger: [LayerHierarchy{RequestedLayerState{Surface(name=RemoteWallpaperAnim:1:1)/@0xa64bb40 - animation-leash of remote_wallpaper#43671 z=1} no children}] RelativeParent to null
05-01 06:47:29.846  1802  1802 I SurfaceFlinger: [Surface(name=b723832 InputMethod)/@0x5220adf - animation-leash of insets_animation#43691] attach to parent LayerHierarchy{RequestedLayerState{WindowToken{a0034c4 type=2011 android.os.Binder@8a063d7}#186 parentId=15} 2 children}
05-01 06:47:29.846  2814  4860 D WindowManager: makeSurface duration=1 leash=Surface(name=Surface(name=b723832 InputMethod)/@0x5220adf - animation-leash of insets_animation)/@0xa34f38b
05-01 06:47:29.846  8465 20321 I Routine@Core[4.9.04.13]: COORD/CoordinatorRequestHandler: onCallReceive: method=specific_condition_state_changed
05-01 06:47:29.846  8465 20321 W Routine@Core[4.9.04.13]: COORD/CoordinatorRequestHandler: onCallReceive - handlerThread is not in runnable state=TIMED_WAITING
05-01 06:47:29.846  8465 20321 I Routine@Core[4.9.04.13]: COORD/CoordinatorRequestHandler: [messageHandler.dump] Handler (z8.a) {eabc23c} @ 160242320
05-01 06:47:29.846  8465 20321 I Routine@Core[4.9.04.13]: COORD/CoordinatorRequestHandler: [messageHandler.dump]   Looper (CoordinatorHandlerThread, tid 66) {ab82bc5}
05-01 06:47:29.846  8465 20321 I Routine@Core[4.9.04.13]: COORD/CoordinatorRequestHandler: [messageHandler.dump]     (MessageQueue is using Legacy implementation)
05-01 06:47:29.846 21724 21724 D warp-android-host: warp_mobile_android_host::vulkan: submit_dynamic_grid_frame called with no grid attached; falling back to clear
05-01 06:47:29.846  8465 20321 I Routine@Core[4.9.04.13]: COORD/CoordinatorRequestHandler: [messageHandler.dump]     Message 0: { when=-18ms what=0 obj=MessageData(executionLock=java.lang.Object@a412ab5, operation=SPECIFIC_CONDITION_STATE_CHANGED, extras=Bundle[{condition_instance_uuid=4410690364478539017}]) target=z8.a }
05-01 06:47:29.846  8465 20321 I Routine@Core[4.9.04.13]: COORD/CoordinatorRequestHandler: [messageHandler.dump]     (Total messages: 1, polling=false, quitting=false)
05-01 06:47:29.846  8465 20321 I Routine@Core[4.9.04.13]: COORD/CoordinatorRequestHandler: onCallReceive: wait until notify... method=specific_condition_state_changed
05-01 06:47:29.846  2814  4860 D InsetsSourceProvider: updateControlForTarget: control=InsetsSourceControl: {3 mType=ime mSurfacePosition=Point(0, 84) mInsetsHint=Insets{left=0, top=0, right=0, bottom=1008}}, target=Window{c96d871 u0 dev.warp.mobile/dev.warp.mobile.MainActivity}, from=com.android.server.wm.ImeInsetsSourceProvider.updateControlForTarget:17 com.android.server.wm.InsetsStateController.onControlTargetChanged:83 com.android.server.wm.DisplayContent.updateImeControlTarget:21 com.android.server.wm.DisplayContent.updateImeInputAndControlTarget:156 com.android.server.wm.WindowManagerService$LocalService.updateInputMethodTargetWindow:64 
05-01 06:47:29.846  2814  4860 I ImeTracker: system_server:db123c37: onRequestHide at ORIGIN_SERVER reason IME_REQUESTED_CHANGED_LISTENER fromUser false
05-01 06:47:29.846  8465 14997 E Routine@Core[4.9.04.13]: NowBriefSettingConfig: getBriefVersionNameOrZero: result value  - 1
05-01 06:47:29.846  2814  3007 V InputMethodManagerService: Client requesting input be hidden
05-01 06:47:29.846  2814  3007 V InputMethodManagerService: setWindowStateInner, windowToken=android.os.BinderProxy@453c618, state=ImeTargetWindowState{ imeToken android.os.Binder@20b9881 imeFocusChanged true hasEditorFocused true requestedImeVisible false imeDisplayId 0 softInputModeState STATE_UNSPECIFIED|ADJUST_PAN|IS_FORWARD_NAVIGATION isStartInputByGainFocus true}
05-01 06:47:29.846  2814  3007 I ImeTracker: system_server:db123c37: onCancelled at PHASE_SERVER_SHOULD_HIDE
05-01 06:47:29.846  2814  3007 V InputMethodManagerService: hideCurrentInputLocked : canceled, shouldHideSoftInput=false, mInputShown=false, mImeWindowVis=0
05-01 06:47:29.847  1802  1802 I SurfaceFlinger: id=43671 Removed Surface(name=RemoteWallpaperAnim:1:1)/@0xa64bb40 - animation-leash of remote_wallpaper#43671 (192)
05-01 06:47:29.847  2814  3008 D SurfaceComposerClient: setCornerRadius ## 8df6f20 Splash Screen dev.warp.mobile#43676 cornerRadius=0.000000
05-01 06:47:29.847  2814  3008 D SurfaceComposerClient: setCornerRadius ## c96d871 dev.warp.mobile/dev.warp.mobile.MainActivity#43682 cornerRadius=0.000000
05-01 06:47:29.847 29974 29983 I SamsungAccount: [AccountManagerProvider] isChildAccount
05-01 06:47:29.847  3998  4122 D SurfaceComposerClient: setCornerRadius ## Task=2133#43674 cornerRadius=4.500000
05-01 06:47:29.847 29974 29983 I SamsungAccount: [AccountManagerProvider] Calling package : android.honeyboard.
05-01 06:47:29.847  3998  4189 I VRI[mobile]@fee40a7: mWNT: t=0xb4000071fd247210 mBlastBufferQueue=0xb4000070ed3729f0 fn= 5 HdrRenderState mRenderHdrSdrRatio=1.0 caller= android.view.SyncRtSurfaceTransactionApplier.applyTransaction:100 android.view.SyncRtSurfaceTransactionApplier.lambda$scheduleApply$0:73 android.view.SyncRtSurfaceTransactionApplier.$r8$lambda$afI4fXg3U3-nBZQEDQMiNy-B06s:0 
05-01 06:47:29.847 21724 21724 I warp-android-host: warp_mobile_android_host::vulkan: present_ok frame=6 ts=160242321
05-01 06:47:29.848  2814  5161 D FreecessController: UFZ : com.croxera.croxera(10141) [8578] reason: Binder(1)-android.service.notification.INotificatio
05-01 06:47:29.848  8578  8578 D ActivityThread: Package [dev.warp.mobile] reported as REPLACED, but missing application info. Assuming REMOVED.
05-01 06:47:29.849  8578  8578 D ActivityThread: Package [dev.warp.mobile] reported as REPLACED, but missing application info. Assuming REMOVED.
05-01 06:47:29.850  8578  8578 D ActivityThread: Package [dev.warp.mobile] reported as REPLACED, but missing application info. Assuming REMOVED.
05-01 06:47:29.850 26992 31586 I AiPrivacy::AiAppEventWorker: result : Success {mOutputData=Data {}}, ADDED
05-01 06:47:29.850 29974 29983 I SamsungAccount: [SignatureInfoDbHelper] searchOnUser(fromDb) - [10/lfgff][android.honeyboard.][64/3291d] => matched
05-01 06:47:29.850 29974 29983 I SamsungAccount: [AccountManagerProvider] This is the access of the allowed application
05-01 06:47:29.850 29974 29983 I SamsungAccount: [AccountManagerUtil] isSamsungAccountSignedIn : true
05-01 06:47:29.852  7032  7095 I NowBrief$Event:RuneUtils: binder:7032_1] isFeatureEnabled SUPPORT_AI_SUGGESTION_YOUTUBE false
05-01 06:47:29.852  2814  5161 D FreecessController: BG freezed, skip OLAF unfreeze for (com.samsung.android.rampart, 10207)
05-01 06:47:29.852 29974 29983 I SamsungAccount: [TPMU]  SIMState     :SIM_STATE_READY
05-01 06:47:29.852 29974 29983 I SamsungAccount: [CountryCodeUtil] isChinaCountryCode : false
05-01 06:47:29.852  8465 14997 I Routine@Core[4.9.04.13]: NowBriefSettingConfig: getRoutineAvailabilityInBriefSetting: result - true
05-01 06:47:29.852  8465 14997 E Routine@Core[4.9.04.13]: NowBriefSettingConfig: getBriefVersionNameOrZero: result value  - 1
05-01 06:47:29.853  7032  7095 I NowBrief$Event:RuneUtils: binder:7032_1] isFeatureEnabled SUPPORT_AI_SUGGESTION_YOUTUBE false
05-01 06:47:29.853  8465 14997 I Routine@Core[4.9.04.13]: NowBriefSettingConfig: getRoutineAvailabilityInBriefSetting: result - true
05-01 06:47:29.853 29974 29983 I SamsungAccount: [TPMU] getMccFromUsim
05-01 06:47:29.853 29974 29983 I SamsungAccount: [MccManager] saveMccToPreference Start
05-01 06:47:29.853 29974 29983 I SamsungAccount: [MccManager] saveMccToPreference, mcc is same with previous mcc
05-01 06:47:29.854  8465 14997 I Routine@Core[4.9.04.13]: FakeCommutePatternManager: isEnabled: false
05-01 06:47:29.854 29974 29983 I SamsungAccount: [ChildAccountSupportedListManager] getSupportedListFromLocal from cache
05-01 06:47:29.854  8465 14997 E Routine@Core[4.9.04.13]: NowBriefSettingConfig: getBriefVersionNameOrZero: result value  - 1
05-01 06:47:29.854 29974 29983 E SamsungAccount: [FamilyGroupUtil] getCountryCodeListWithRegionMcc - no country code with region mcc
05-01 06:47:29.854 29974 29983 I SamsungAccount: [FamilyGroupUtil] isSupportFamilyService: false
05-01 06:47:29.854 29974 29983 I SamsungAccount: [AccountManagerUtil] isSamsungAccountSignedIn : true
05-01 06:47:29.854  1667  5342 I vendor.qti.bluetooth@1.1-ibs_handler: ProcessIbsCmd: Received IBS_SLEEP_IND: 0xFE
05-01 06:47:29.854  1667  5342 D vendor.qti.bluetooth@1.1-ibs_handler: SerialClockVote: vote for UART CLK OFF
05-01 06:47:29.854 29974 29983 I SamsungAccount: [AccountManagerProvider] makeResultBundle - resultCode : 1
05-01 06:47:29.854  7032  7095 I NowBrief$Event:RuneUtils: binder:7032_1] isFeatureEnabled SUPPORT_AI_SUGGESTION_YOUTUBE false
05-01 06:47:29.854  1802  1802 I SurfaceFlinger: RequestedLayer [Surface(name=b723832 InputMethod)/@0[...]tion-leash of insets_animation#43691] hidden!! flag  from(1) --> to(0)
05-01 06:47:29.854  1802  1802 E SurfaceFlinger: alpha changed 1.000 -> 0.000 - Surface(name=b723832 InputMethod)/@0x5220adf - animation-leash of insets_animation#43691
05-01 06:47:29.854  1802  1802 I SurfaceFlinger: destroyed Surface(name=RemoteWallpaperAnim:1:1)/@0xa64bb40 - animation-leash of remote_wallpaper#43671 form LifecycleManager
05-01 06:47:29.854  1802  1802 I SurfaceFlinger: [LayerHierarchy{RequestedLayerState{ImeContainer#15 parentId=43675 relativeParentId=43675 z=3} 1 children}] reparent to LayerHierarchy{RequestedLayerState{ActivityRecord{54809081 u0 dev.warp.mobile/.MainActivity t2133}#43675 parentId=43674} 4 children}
05-01 06:47:29.854  1802  1802 I SurfaceFlinger: [LayerHierarchy{RequestedLayerState{ImeContainer#15 parentId=43675 relativeParentId=43675 z=3} 1 children}] RelativeParent to null
05-01 06:47:29.854  1802  1802 I SurfaceFlinger: [LayerHierarchy{RequestedLayerState{b723832 InputMethod#199 parentId=43691} no children}] reparent to LayerHierarchy{RequestedLayerState{Surface(name=b723832 InputMethod)/@0x5220adf - animation-leash of insets_animation#43691 parentId=186} 1 children}
05-01 06:47:29.854  1802  1802 I SurfaceFlinger: [LayerHierarchy{RequestedLayerState{Surface(name=b723832 InputMethod)/@0x5220adf - animation-leash of insets_animation#43672} no children}] reparent to OffscreenRoot
05-01 06:47:29.854  1802  1802 I SurfaceFlinger: [LayerHierarchy{RequestedLayerState{Surface(name=b723832 InputMethod)/@0x5220adf - animation-leash of insets_animation#43672} no children}] RelativeParent to null
05-01 06:47:29.854  1802  1802 I SurfaceFlinger: id=43671 onLayerDestroyed from LayerHierarchyBuilder(RequestedLayerState{Surface(name=RemoteWallpaperAnim:1:1)/@0xa64bb40 - animation-leash of remote_wallpaper#43671 !handle z=1})
05-01 06:47:29.854  9797  9797 I HBD     : c update cached prediction status : true 
05-01 06:47:29.854 21724 21724 D warp-android-host: warp_mobile_android_host::vulkan: submit_dynamic_grid_frame called with no grid attached; falling back to clear
05-01 06:47:29.854  9797  9797 I HBD     : h getDefaultInputRange : UNKNOWN 
05-01 06:47:29.854  9797  9797 I HBD     : a currentState : 0 
05-01 06:47:29.855  9797  9797 I HBD     : a [UpdatePolicy] [post] a: 0 cl: 4653074 kit: [0/9] vt: 0 ir: 1 
05-01 06:47:29.855  3998  4122 D SurfaceComposerClient: setCornerRadius ## Task=2133#43674 cornerRadius=4.500000
05-01 06:47:29.855  1802  1802 I Layer   : id=43671 Destroyed Surface(name=RemoteWallpaperAnim:1:1)/@0xa64bb40 - animation-leash of remote_wallpaper#43671
05-01 06:47:29.855  8465 14997 I Routine@Core[4.9.04.13]: NowBriefSettingConfig: getRoutineAvailabilityInBriefSetting: result - true
05-01 06:47:29.855  8465 14997 I Routine@Core[4.9.04.13]: ContextEngineHelper: getContextEngineSystemState - tag : runestone_time_occasion/context_probably_asleep, prefKey : ce_system_state_sleeping, state : 1
05-01 06:47:29.855  8465 14997 I Routine@Core[4.9.04.13]: ContextEngineHelper: isContextEngineSupportContext - tag : runestone_time_occasion/context_probably_asleep, state : 1
05-01 06:47:29.855  8465 14997 I Routine@Core[4.9.04.13]: ContextConditionHandlerFactory: getHandler - by Runestone: tag: runestone_time_occasion/context_probably_asleep
05-01 06:47:29.855  8465 14997 I Routine@Core[4.9.04.13]: RunestoneTimeConditionHandler: onEnabled - tag : runestone_time_occasion/context_probably_asleep
05-01 06:47:29.855  2814  4051 I ActivityManager: Changes in 10116 8 to 10, 128 to 0
05-01 06:47:29.855  3998  4188 I VRI[mobile]@fee40a7: mWNT: t=0xb4000071fd247210 mBlastBufferQueue=0xb4000070ed3729f0 fn= 6 HdrRenderState mRenderHdrSdrRatio=1.0 caller= android.view.SyncRtSurfaceTransactionApplier.applyTransaction:100 android.view.SyncRtSurfaceTransactionApplier.lambda$scheduleApply$0:73 android.view.SyncRtSurfaceTransactionApplier.$r8$lambda$afI4fXg3U3-nBZQEDQMiNy-B06s:0 
05-01 06:47:29.857 21724 21724 I warp-android-host: warp_mobile_android_host::vulkan: present_ok frame=7 ts=160242331
05-01 06:47:29.857  2814  3752 V MdnieScenarioControlService: mAclOffEnabled : false
05-01 06:47:29.857  1802  3943 I SurfaceFlinger: id=43672 Removed Surface(name=b723832 InputMethod)/@0x5220adf - animation-leash of insets_animation#43672 (191)
05-01 06:47:29.858  9797  9797 I HBD     : a [NRIC] resetNoResponseState 
05-01 06:47:29.858  9797  9797 I HBD     : c update cached prediction status : true 
05-01 06:47:29.858  9797  9797 I HBD     : b [AiWriter] setContact : dev.warp.mobile
05-01 06:47:29.859  9797  9797 I HBD     : n0 [EmojiCandidate] getEmoji from EmojiCore-[0]
05-01 06:47:29.859  9797  9797 I HBD     : n1 [SCV] (157) 1 1 1 1 1 1 1 1 1 1 1 1 1 1 1 1 1 1 1 1 
05-01 06:47:29.859 31486 31558 I WM-WorkerWrapper: Worker result SUCCESS for Work [ id=fa9bf15a-5012-44cc-8421-04b4ccf06baa, tags={ com.samsung.android.kmxservice.ai.event.AiAppEventWorker } ]
05-01 06:47:29.859  9797  9797 I HBD     : o0 EBD si f 1 
05-01 06:47:29.859  9797  9797 I HBD     : a [UpdatePolicy] [post] a: 31 cl: 4653074 kit: [0/9] vt: 0 ir: 1 
05-01 06:47:29.859  2814  5161 D FreecessController: UFZ : com.samsung.android.game.gamehome(10312) [15593] reason: Binder(1)-android.service.notification.INotificatio
05-01 06:47:29.860  2814  5161 D FreecessController: BG freezed, skip OLAF unfreeze for (com.samsung.android.app.reminder, 10316)
05-01 06:47:29.860  9797  9797 I HBD     : HoneyBoardService [PF_OP][onStartInput]  17 ms 
05-01 06:47:29.860  9797  9797 I InputMethodService: scheduleImeSurfaceRemoval: removeImeSurface is posted.
05-01 06:47:29.860  9797  9797 I HBD     : [DirectWriting] DirectWriting emitInputConnection : RemoteInputConnection{idHash=#7911997} 
05-01 06:47:29.861  2814  4203 I ActivityManager: Changes in 10106 10 to 5, 0 to 144
05-01 06:47:29.861  2814  3808 D BackgroundInstallControlService: Package event received: 0
05-01 06:47:29.862  2814  3005 D SensorService: setUidStateForConnection uid= 10106 , ident = 0xb4000070bd22fc10 , state= 0
05-01 06:47:29.862  8436  2969 I Rubin   : [171] com.samsung.android.rubin.controller.provider.RubinStateProvider.call(Unknown Source) : RubinStateProvider : method = getRubinState
05-01 06:47:29.863  1802  1802 I SurfaceFlinger: destroyed Surface(name=b723832 InputMethod)/@0x5220adf - animation-leash of insets_animation#43672 form LifecycleManager
05-01 06:47:29.863  1802  1802 I SurfaceFlinger: id=43672 onLayerDestroyed from LayerHierarchyBuilder(RequestedLayerState{Surface(name=b723832 InputMethod)/@0x5220adf - animation-leash of insets_animation#43672 !handle})
05-01 06:47:29.863 21724 21724 D warp-android-host: warp_mobile_android_host::vulkan: submit_dynamic_grid_frame called with no grid attached; falling back to clear
05-01 06:47:29.863  3998  4122 D SurfaceComposerClient: setCornerRadius ## Task=2133#43674 cornerRadius=4.500000
05-01 06:47:29.863  1802  1802 I Layer   : id=43672 Destroyed Surface(name=b723832 InputMethod)/@0x5220adf - animation-leash of insets_animation#43672
05-01 06:47:29.863  8385  8385 I SCS@AiSearch user 0: (SearchProvider) onTrimMemory(): 40
05-01 06:47:29.863  3998  4189 I VRI[mobile]@fee40a7: mWNT: t=0xb4000071fd1f1290 mBlastBufferQueue=0xb4000070ed3729f0 fn= 7 HdrRenderState mRenderHdrSdrRatio=1.0 caller= android.view.SyncRtSurfaceTransactionApplier.applyTransaction:100 android.view.SyncRtSurfaceTransactionApplier.lambda$scheduleApply$0:73 android.view.SyncRtSurfaceTransactionApplier.$r8$lambda$afI4fXg3U3-nBZQEDQMiNy-B06s:0 
05-01 06:47:29.864 21724 21724 I warp-android-host: warp_mobile_android_host::vulkan: present_ok frame=8 ts=160242337
05-01 06:47:29.864  2814  5161 D FreecessController: BG freezed, skip OLAF unfreeze for (com.google.android.apps.photos, 10322)
05-01 06:47:29.864  8436  2969 I Rubin   : [171] com.samsung.android.rubin.controller.provider.RubinStateProvider.call(Unknown Source) : RubinStateProvider : watch state = 1
05-01 06:47:29.865  8436  2969 I Rubin   : [171] e3.b.j(Unknown Source) : active permissions : [CALENDAR, LOCATION, CALL_LOG, CONTACTS, NEARBY_DEVICES, PHYSICAL_ACTIVITY, SMS, STORAGE]
05-01 06:47:29.865  8436  2969 I Rubin   : [171] I4.e.b(Unknown Source) : D-RST 1.0
05-01 06:47:29.866  8436  2969 I Rubin   : [171] com.samsung.android.rubin.controller.provider.RubinStateProvider.b(Unknown Source) : Is alternative Agreement : true
05-01 06:47:29.867  2814  5825 I ActivityManager: Changes in 10088 8 to 10, 128 to 0
05-01 06:47:29.868 20595 20630 I SAMSUNGWALLET: [Hint_ProcessStatusChange] fg Change, pid : 21724 , isNotify : false , isForeground : true , fg list : [4483, 21724]
05-01 06:47:29.868  2814  5110 I ActivityManager: Changes in 10334 19 to 5, 0 to 144
05-01 06:47:29.869 20595 20629 I SAMSUNGWALLET: [Hint_ProcessStatusChange] fg Change, pid : 21724 , isNotify : true , isForeground : true , fg list : [4483, 21724]
05-01 06:47:29.869  2814  3808 D BackgroundInstallControlService: Package event received: 0
05-01 06:47:29.869  2814  5161 D FreecessController: BG freezed, skip OLAF unfreeze for (com.google.android.videos, 10336)
05-01 06:47:29.870  2814  5161 D FreecessController: BG freezed, skip OLAF unfreeze for (com.onepassword.android, 10361)
05-01 06:47:29.870  2814  5161 D FreecessController: BG freezed, skip OLAF unfreeze for (com.microsoft.todos, 10382)
05-01 06:47:29.870  2814  5161 D FreecessController: BG freezed, skip OLAF unfreeze for (com.tencent.mm, 10413)
05-01 06:47:29.870  2814  5161 D FreecessController: BG freezed, skip OLAF unfreeze for (com.mihoyo.hoyolab, 10469)
05-01 06:47:29.870  2814  5161 D FreecessController: BG freezed, skip OLAF unfreeze for (com.shopee.tw, 10484)
05-01 06:47:29.870  2814  5161 D FreecessController: BG freezed, skip OLAF unfreeze for (com.twitter.android, 10502)
05-01 06:47:29.871 21724 21724 D warp-android-host: warp_mobile_android_host::vulkan: submit_dynamic_grid_frame called with no grid attached; falling back to clear
05-01 06:47:29.871  2814  5161 D FreecessController: BG freezed, skip OLAF unfreeze for (org.telegram.messenger, 10534)
05-01 06:47:29.871  3998  4122 D SurfaceComposerClient: setCornerRadius ## Task=2133#43674 cornerRadius=4.500000
05-01 06:47:29.871 30383 23614 I ProviderCallHandler: execute setSleepDetection by com.samsung.android.app.routines
05-01 06:47:29.872 30383 23614 I ProviderCallHandler: setSleepDetection: true
05-01 06:47:29.872  2814  5825 I DropBoxManagerService: add tag=clockpackage isTagEnabled=true flags=0x2
05-01 06:47:29.873  2814  5161 D FreecessController: BG freezed, skip OLAF unfreeze for (com.esunbank, 10590)
05-01 06:47:29.873  2814  5161 D FreecessController: BG freezed, skip OLAF unfreeze for (com.mi.global.shop, 10593)
05-01 06:47:29.873  2814  5161 D FreecessController: BG freezed, skip OLAF unfreeze for (com.facebook.orca, 10608)
05-01 06:47:29.874  1802  2321 I CompositionEngine: [setDisplaySize] size=(434, 42)
05-01 06:47:29.874  2814  5161 D FreecessController: BG freezed, skip OLAF unfreeze for (com.xiaomi.smarthome, 10637)
05-01 06:47:29.874  2814  5161 D FreecessController: BG freezed, skip OLAF unfreeze for (com.instagram.barcelona, 10668)
05-01 06:47:29.874 21724 21724 I warp-android-host: warp_mobile_android_host::vulkan: present_ok frame=9 ts=160242348
05-01 06:47:29.874 20595 20595 I SAMSUNGWALLET: [Hint_PayHintService] Hint Status - already invisible, skip hide : [4000000] - Disable on home
05-01 06:47:29.874  2814  5161 D FreecessController: UFZ : com.samsung.android.galaxycontinuity(10819) [8594] reason: Binder(1)-android.service.notification.INotificatio
05-01 06:47:29.875  2814  4860 I WindowManager: Relayout Window{8df6f20 u0 Splash Screen dev.warp.mobile}: viewVisibility=8 req=1080x2340 ty=3 d0
05-01 06:47:29.875  2814  5161 D FreecessController: BG freezed, skip OLAF unfreeze for (com.duolingo, 10917)
05-01 06:47:29.875  2814  5161 D FreecessController: BG freezed, skip OLAF unfreeze for (com.samsung.android.multistar, 10923)
05-01 06:47:29.875  2814  4860 D SurfaceComposerClient: setCornerRadius ## c96d871 dev.warp.mobile/dev.warp.mobile.MainActivity#43682 cornerRadius=0.000000
05-01 06:47:29.875  2814  5161 D FreecessController: BG freezed, skip OLAF unfreeze for (com.whatsapp, 10947)
05-01 06:47:29.875  2814  4860 D SurfaceComposerClient: setCornerRadius ## 8df6f20 Splash Screen dev.warp.mobile#43676 cornerRadius=0.000000
05-01 06:47:29.875  2814  4860 D SurfaceComposerClient: setCornerRadius ## c96d871 dev.warp.mobile/dev.warp.mobile.MainActivity#43682 cornerRadius=0.000000
05-01 06:47:29.876  2814  4860 I WindowManager: Relayout hash=8df6f20, pid=3998, syncId=-1: mAttrs={(0,0)(fillxfill) sim={adjust=pan} layoutInDisplayCutoutMode=always ty=APPLICATION_STARTING fmt=TRANSLUCENT wanim=0x1030317
05-01 06:47:29.876  2814  4860 I WindowManager:   fl=81030118
05-01 06:47:29.876  2814  4860 I WindowManager:   pfl=10000810
05-01 06:47:29.876  2814  4860 I WindowManager:   bhv=1
05-01 06:47:29.876  2814  4860 I WindowManager:   fitSides=0
