05-01 06:47:29.797  8465  8673 I Routine@Core[4.9.04.13]: RoutineDataMigrator: isAvailableToMigrate() newPackageName:com.samsung.android.app.routines, newTag:screen_layout_and_zoom_v3, isAvailableToMigrate:false
05-01 06:47:29.797  8465  8673 I Routine@Core[4.9.04.13]: RoutineDataMigrator: isAvailableToMigrate() newPackageName:com.samsung.android.app.routines, newTag:screen_resolution_v3, isAvailableToMigrate:true
05-01 06:47:29.797  8465  8673 I Routine@Core[4.9.04.13]: RoutineDataMigrator: isAvailableToMigrate() newPackageName:com.samsung.android.app.routines, newTag:screen_timeout_v3, isAvailableToMigrate:true
05-01 06:47:29.797  8465  8673 I Routine@Core[4.9.04.13]: RoutineDataMigrator: isAvailableToMigrate() newPackageName:com.samsung.android.app.routines, newTag:rotation_screen_v3, isAvailableToMigrate:true
05-01 06:47:29.797  8465  8673 I Routine@Core[4.9.04.13]: RoutineDataMigrator: isAvailableToMigrate() newPackageName:com.samsung.android.app.routines, newTag:multi_window_tray_v3, isAvailableToMigrate:false
05-01 06:47:29.797 21724 21724 W qdgralloc: GetSize: Pixel format: 0x3b is not supported by gralloc
05-01 06:47:29.797 21724 21724 W qdgralloc: gralloc failed to allocate buffer for size 0 format 59 AWxAH 1x1 usage 2816
05-01 06:47:29.797 21724 21724 E Gralloc4: isSupported(1, 1, 59, 1, ...) failed with 7
05-01 06:47:29.797  8465  8673 I Routine@Core[4.9.04.13]: RoutineDataMigrator: isAvailableToMigrate() newPackageName:com.samsung.android.app.routines, newTag:dark_mode_v3, isAvailableToMigrate:true
05-01 06:47:29.797  1697 10358 W qdgralloc: GetSize: Pixel format: 0x3b is not supported by gralloc
05-01 06:47:29.797  8465  8673 I Routine@Core[4.9.04.13]: RoutineDataMigrator: isAvailableToMigrate() newPackageName:com.samsung.android.app.routines, newTag:bixby_text_command_v3, isAvailableToMigrate:true
05-01 06:47:29.797  1697 10358 W qdgralloc: gralloc failed to allocate buffer for size 0 format 59 AWxAH 4x4 usage 2816
05-01 06:47:29.797  8465  8673 I Routine@Core[4.9.04.13]: RoutineDataMigrator: isAvailableToMigrate() newPackageName:com.samsung.android.app.routines, newTag:bixby_quick_command_v3, isAvailableToMigrate:false
05-01 06:47:29.797  8465  8673 I Routine@Core[4.9.04.13]: RoutineDataMigrator: isAvailableToMigrate() newPackageName:com.samsung.android.app.routines, newTag:bixby_voice_wake_up_v3, isAvailableToMigrate:true
05-01 06:47:29.797 21724 21724 E GraphicBufferAllocator: Failed to allocate (4 x 4) layerCount 1 format 59 usage b00: 2
05-01 06:47:29.797 21724 21724 E AHardwareBuffer: GraphicBuffer(w=4, h=4, lc=1) failed (Unknown error -2), handle=0x0
05-01 06:47:29.797  8465  8673 I Routine@Core[4.9.04.13]: RoutineDataMigrator: isAvailableToMigrate() newPackageName:com.samsung.android.app.routines, newTag:spotify_playlist_v3, isAvailableToMigrate:true
05-01 06:47:29.797  8465  8673 I Routine@Core[4.9.04.13]: RoutineDataMigrator: isAvailableToMigrate() newPackageName:com.samsung.android.app.routines, newTag:play_media_v3, isAvailableToMigrate:true
05-01 06:47:29.797 21724 21724 W qdgralloc: GetSize: Pixel format: 0x3b is not supported by gralloc
05-01 06:47:29.797 21724 21724 W qdgralloc: gralloc failed to allocate buffer for size 0 format 59 AWxAH 1x1 usage 2816
05-01 06:47:29.797  8465  8673 I Routine@Core[4.9.04.13]: RoutineDataMigrator: isAvailableToMigrate() newPackageName:com.samsung.android.app.routines, newTag:launch_app_v3, isAvailableToMigrate:true
05-01 06:47:29.797 21724 21724 E Gralloc4: isSupported(1, 1, 59, 1, ...) failed with 7
05-01 06:47:29.797  8465  8673 I Routine@Core[4.9.04.13]: RoutineDataMigrator: isAvailableToMigrate() newPackageName:com.samsung.android.app.routines, newTag:close_app_v3, isAvailableToMigrate:true
05-01 06:47:29.797  8465  8673 I Routine@Core[4.9.04.13]: RoutineDataMigrator: isAvailableToMigrate() newPackageName:com.samsung.android.app.routines, newTag:separate_app_sound_v3, isAvailableToMigrate:true
05-01 06:47:29.797  1697 26347 W qdgralloc: GetSize: Pixel format: 0x3b is not supported by gralloc
05-01 06:47:29.797  1697 26347 W qdgralloc: gralloc failed to allocate buffer for size 0 format 59 AWxAH 4x4 usage 2816
05-01 06:47:29.797  8465  8673 I Routine@Core[4.9.04.13]: RoutineDataMigrator: isAvailableToMigrate() newPackageName:com.samsung.android.app.routines, newTag:dnd_mode_on_v3, isAvailableToMigrate:true
05-01 06:47:29.797  8465  8673 I Routine@Core[4.9.04.13]: RoutineDataMigrator: isAvailableToMigrate() newPackageName:com.samsung.android.app.routines, newTag:custom_notification_v3, isAvailableToMigrate:true
05-01 06:47:29.797 21724 21724 E GraphicBufferAllocator: Failed to allocate (4 x 4) layerCount 1 format 59 usage b00: 2
05-01 06:47:29.797 21724 21724 E AHardwareBuffer: GraphicBuffer(w=4, h=4, lc=1) failed (Unknown error -2), handle=0x0
05-01 06:47:29.797  8465  8673 I Routine@Core[4.9.04.13]: RoutineDataMigrator: isAvailableToMigrate() newPackageName:com.samsung.android.app.routines, newTag:hard_key_v3, isAvailableToMigrate:true
05-01 06:47:29.797  8465  8673 I Routine@Core[4.9.04.13]: RoutineDataMigrator: isAvailableToMigrate() newPackageName:com.samsung.android.app.routines, newTag:quick_decline_message_v3, isAvailableToMigrate:true
05-01 06:47:29.797  8465  8673 I Routine@Core[4.9.04.13]: RoutineDataMigrator: isAvailableToMigrate() newPackageName:com.samsung.android.app.routines, newTag:quick_decline_message_v3, isAvailableToMigrate:true
05-01 06:47:29.797  8465  8673 I Routine@Core[4.9.04.13]: RoutineDataMigrator: isAvailableToMigrate() newPackageName:com.samsung.android.app.routines, newTag:video_enhancer_v3, isAvailableToMigrate:true
05-01 06:47:29.797  8465  8673 I Routine@Core[4.9.04.13]: RoutineDataMigrator: isAvailableToMigrate() newPackageName:com.samsung.android.app.routines, newTag:bluetooth_on_v3, isAvailableToMigrate:true
05-01 06:47:29.797  8465  8673 I Routine@Core[4.9.04.13]: RoutineDataMigrator: isAvailableToMigrate() newPackageName:com.samsung.android.app.routines, newTag:instant_session_v3, isAvailableToMigrate:true
05-01 06:47:29.797  8465  8673 I Routine@Core[4.9.04.13]: RoutineDataMigrator: isAvailableToMigrate() newPackageName:com.samsung.android.app.routines, newTag:airplane_mode_on_v3, isAvailableToMigrate:true
05-01 06:47:29.797  8465  8673 I Routine@Core[4.9.04.13]: RoutineDataMigrator: isAvailableToMigrate() newPackageName:com.samsung.android.app.routines, newTag:mobile_network_mode_setting_v3, isAvailableToMigrate:true
05-01 06:47:29.797  8465  8673 I Routine@Core[4.9.04.13]: RoutineDataMigrator: isAvailableToMigrate() newPackageName:com.samsung.android.app.routines, newTag:mobile_data_on_v3, isAvailableToMigrate:true
05-01 06:47:29.797  8465  8673 I Routine@Core[4.9.04.13]: RoutineDataMigrator: isAvailableToMigrate() newPackageName:com.samsung.android.app.routines, newTag:hotspot_on_v3, isAvailableToMigrate:true
05-01 06:47:29.797  8465  8673 I Routine@Core[4.9.04.13]: RoutineDataMigrator: isAvailableToMigrate() newPackageName:com.samsung.android.app.routines, newTag:gps_on_v3, isAvailableToMigrate:true
05-01 06:47:29.797  8465  8673 I Routine@Core[4.9.04.13]: RoutineDataMigrator: isAvailableToMigrate() newPackageName:com.samsung.android.app.routines, newTag:auto_data_sync_v3, isAvailableToMigrate:true
05-01 06:47:29.797  8465  8673 I Routine@Core[4.9.04.13]: RoutineDataMigrator: isAvailableToMigrate() newPackageName:com.samsung.android.app.routines, newTag:sound_sdk3, isAvailableToMigrate:true
05-01 06:47:29.797  8465  8673 I Routine@Core[4.9.04.13]: RoutineDataMigrator: isAvailableToMigrate() newPackageName:com.samsung.android.app.routines, newTag:vibrate_once, isAvailableToMigrate:true
05-01 06:47:29.797  8465  8673 I Routine@Core[4.9.04.13]: RoutineDataMigrator: isAvailableToMigrate() newPackageName:com.samsung.android.app.routines, newTag:connect_url_sdk3, isAvailableToMigrate:true
05-01 06:47:29.797  8465  8673 I Routine@Core[4.9.04.13]: RoutineDataMigrator: isAvailableToMigrate() newPackageName:com.samsung.android.app.routines, newTag:wifi_on_sdk3, isAvailableToMigrate:true
05-01 06:47:29.797  8465  8673 I Routine@Core[4.9.04.13]: RoutineDataMigrator: isAvailableToMigrate() newPackageName:com.samsung.android.app.routines, newTag:lockscreen_shortcut_v3, isAvailableToMigrate:true
05-01 06:47:29.797  8465  8673 I Routine@Core[4.9.04.13]: RoutineDataMigrator: isAvailableToMigrate() newPackageName:com.samsung.android.app.routines, newTag:launch_app_v3, isAvailableToMigrate:true
05-01 06:47:29.797  8465  8673 I Routine@Core[4.9.04.13]: RoutineDataMigrator: isAvailableToMigrate() newPackageName:com.samsung.android.app.routines, newTag:launch_game_v3, isAvailableToMigrate:true
05-01 06:47:29.797  8465  8673 I Routine@Core[4.9.04.13]: RoutineDataMigrator: isAvailableToMigrate() newPackageName:com.samsung.android.app.routines, newTag:samsung_health_during_exercise_v3, isAvailableToMigrate:true
05-01 06:47:29.797  8465  8673 I Routine@Core[4.9.04.13]: RoutineDataMigrator: isAvailableToMigrate() newPackageName:com.samsung.android.app.routines, newTag:samsung_health_during_exercise_when_starting_v3, isAvailableToMigrate:true
05-01 06:47:29.797  8465  8673 I Routine@Core[4.9.04.13]: RoutineDataMigrator: isAvailableToMigrate() newPackageName:com.samsung.android.app.routines, newTag:notification_with_keyword_v3, isAvailableToMigrate:true
05-01 06:47:29.797  8465  8673 I Routine@Core[4.9.04.13]: RoutineDataMigrator: isAvailableToMigrate() newPackageName:com.samsung.android.app.routines, newTag:specify_wifi_v3, isAvailableToMigrate:true
05-01 06:47:29.797  8465  8673 I Routine@Core[4.9.04.13]: RoutineDataMigrator: isAvailableToMigrate() newPackageName:com.samsung.android.app.routines, newTag:wifi_rssi_v3, isAvailableToMigrate:true
05-01 06:47:29.797  8465  8673 I Routine@Core[4.9.04.13]: RoutineDataMigrator: isAvailableToMigrate() newPackageName:com.samsung.android.app.routines, newTag:specify_bluetooth_v3, isAvailableToMigrate:true
05-01 06:47:29.797  8465  8673 I Routine@Core[4.9.04.13]: RoutineDataMigrator: isAvailableToMigrate() newPackageName:com.samsung.android.app.routines, newTag:specify_bluetooth_only_connected_v3, isAvailableToMigrate:true
05-01 06:47:29.797  8465  8673 I Routine@Core[4.9.04.13]: RoutineDataMigrator: isAvailableToMigrate() newPackageName:com.samsung.android.app.routines, newTag:nfc_tagged_v3, isAvailableToMigrate:true
05-01 06:47:29.797  8465  8673 I Routine@Core[4.9.04.13]: RoutineDataMigrator: isAvailableToMigrate() newPackageName:com.samsung.android.app.routines, newTag:airplane_mode_v3, isAvailableToMigrate:true
05-01 06:47:29.797  8465  8673 I Routine@Core[4.9.04.13]: RoutineDataMigrator: isAvailableToMigrate() newPackageName:com.samsung.android.app.routines, newTag:specific_time_v3, isAvailableToMigrate:true
05-01 06:47:29.797  8465  8673 I Routine@Core[4.9.04.13]: RoutineDataMigrator: isAvailableToMigrate() newPackageName:com.samsung.android.app.routines, newTag:time_v3, isAvailableToMigrate:true
05-01 06:47:29.797  8465  8673 I Routine@Core[4.9.04.13]: RoutineDataMigrator: isAvailableToMigrate() newPackageName:com.samsung.android.app.routines, newTag:plugin_gps_location_v3, isAvailableToMigrate:true
05-01 06:47:29.797  8465  8673 I Routine@Core[4.9.04.13]: RoutineDataMigrator: isAvailableToMigrate() newPackageName:com.samsung.android.app.routines, newTag:plugin_gps_location_only_arrived_v3, isAvailableToMigrate:false
05-01 06:47:29.797  8465  8673 I Routine@Core[4.9.04.13]: RoutineDataMigrator: isAvailableToMigrate() newPackageName:com.samsung.android.app.routines, newTag:calling_v3, isAvailableToMigrate:true
05-01 06:47:29.797  8465  8673 I Routine@Core[4.9.04.13]: RoutineDataMigrator: isAvailableToMigrate() newPackageName:com.samsung.android.app.routines, newTag:during_call_v3, isAvailableToMigrate:true
05-01 06:47:29.797  8465  8673 I Routine@Core[4.9.04.13]: RoutineDataMigrator: isAvailableToMigrate() newPackageName:com.samsung.android.app.routines, newTag:connected_headset_v3, isAvailableToMigrate:true
05-01 06:47:29.797  8465  8673 I Routine@Core[4.9.04.13]: RoutineDataMigrator: isAvailableToMigrate() newPackageName:com.samsung.android.app.routines, newTag:plugged_battery_v3, isAvailableToMigrate:true
05-01 06:47:29.797  8465  8673 I Routine@Core[4.9.04.13]: RoutineDataMigrator: isAvailableToMigrate() newPackageName:com.samsung.android.app.routines, newTag:battery_condition_v3, isAvailableToMigrate:true
05-01 06:47:29.797  8465  8673 I Routine@Core[4.9.04.13]: RoutineDataMigrator: isAvailableToMigrate() newPackageName:com.samsung.android.app.routines, newTag:dex_mode_on_v3, isAvailableToMigrate:true
05-01 06:47:29.797  8465  8673 I Routine@Core[4.9.04.13]: RoutineDataMigrator: isAvailableToMigrate() newPackageName:com.samsung.android.app.routines, newTag:fold_state_v3, isAvailableToMigrate:false
05-01 06:47:29.797  8465  8673 I Routine@Core[4.9.04.13]: RoutineDataMigrator: isAvailableToMigrate() newPackageName:com.samsung.android.app.routines, newTag:ringer_mode_v3, isAvailableToMigrate:true
05-01 06:47:29.797  8465  8673 I Routine@Core[4.9.04.13]: RoutineDataMigrator: isAvailableToMigrate() newPackageName:com.samsung.android.app.routines, newTag:night_mode_v3, isAvailableToMigrate:true
05-01 06:47:29.797  8465  8673 I Routine@Core[4.9.04.13]: RoutineDataMigrator: isAvailableToMigrate() newPackageName:com.samsung.android.app.routines, newTag:wifi_on_sdk3, isAvailableToMigrate:true
05-01 06:47:29.797  8465  8673 I Routine@Core[4.9.04.13]: RoutineDataMigrator: isAvailableToMigrate() newPackageName:com.samsung.android.app.routines, newTag:show_action_list, isAvailableToMigrate:true
05-01 06:47:29.797  8465  8673 I Routine@Core[4.9.04.13]: RoutineDataMigrator: deprecateOldTag() should not deprecate oldTag(show_action_list
05-01 06:47:29.797  8465  8673 I Routine@Core[4.9.04.13]: RoutineDataMigrator: migration - end, results = []
05-01 06:47:29.797  3998  4122 D SurfaceComposerClient: setCornerRadius ## Task=2133#43674 cornerRadius=4.500000
05-01 06:47:29.798 21724 21724 W qdgralloc: getInterlacedFlag: getMetaData returned 3, defaulting to interlaced_flag = 0
05-01 06:47:29.798 21724 21724 W qdgralloc: getInterlacedFlag: getMetaData returned 3, defaulting to interlaced_flag = 0
05-01 06:47:29.798  1802  2360 D SurfaceFlinger: [input] setFocusedWindow: c96d871 dev.warp.mobile/dev.warp.mobile.MainActivity
05-01 06:47:29.799  2814  4860 D InputDispatcher: Once focus requested (0): c96d871 dev.warp.mobile/dev.warp.mobile.MainActivity
05-01 06:47:29.799  2814  4860 D InputDispatcher: Focus request (0): c96d871 dev.warp.mobile/dev.warp.mobile.MainActivity but waiting because NOT_VISIBLE
05-01 06:47:29.799 21724 21724 W qdgralloc: getInterlacedFlag: getMetaData returned 3, defaulting to interlaced_flag = 0
05-01 06:47:29.799  8465 12267 I Routine@Core[4.9.04.13]: WatchMetaUpdateRequester: asyncRequestUpdateMetaToWatch
05-01 06:47:29.799  8465 12267 I Routine@Core[4.9.04.13]: GooglePlayServiceChecker: isPackageEnabled: com.google.android.gms - result(true)
05-01 06:47:29.799 21724 21724 W qdgralloc: getInterlacedFlag: getMetaData returned 3, defaulting to interlaced_flag = 0
05-01 06:47:29.801 21724 21724 W qdgralloc: getInterlacedFlag: getMetaData returned 3, defaulting to interlaced_flag = 0
05-01 06:47:29.802 21724 21724 I warp-android-host: warp_mobile_android_host::vulkan: attach ok extent=1080x2340 images=5
05-01 06:47:29.802 21724 21724 I WarpRender: renderAttachSurface ok=true
05-01 06:47:29.802 21724 21724 I WarpRender: terminal_mode ready (post-surfaceCreated) rows=24 cols=80 cell=13.5x27.0px font_size_px=22.0
05-01 06:47:29.802 21724 21724 I SurfaceView: 11405691 surfaceChanged -- format=4 w=1080 h=2340
05-01 06:47:29.802 21724 21724 I SV[11405691 MainActivity]: surfaceChanged (1080,2340) 1 #8 android.view.SurfaceView{ae097b V.E...... ......ID 0,0-1080,2340}
05-01 06:47:29.802 21724 21724 I WarpRender: surfaceChanged_ts=160242276 width=1080 height=2340
05-01 06:47:29.802 21724 21724 I SurfaceView: 11405691 surfaceRedrawNeeded
05-01 06:47:29.802  8465  8673 I Routine@Core[4.9.04.13]: MetadataLoadManager: refreshRegisterPackageChangeIntentFilter
05-01 06:47:29.802  8465  8673 I Routine@Core[4.9.04.13]: MetadataPackageUtil: getMetaLoadedPackageMonitoringList - packages size : 52, targetPackages : [com.samsung.android.app.aodservice, com.samsung.accessory.neobeanmgr, com.samsung.android.spay, com.android.systemui, com.samsung.android.honeyboard, com.samsung.android.app.dressroom, com.samsung.android.lool, com.sec.android.app.launcher, com.samsung.android.smartmirroring, com.samsung.android.fast, com.samsung.android.app.reminder, com.samsung.android.mdecservice, com.samsung.android.app.routines, com.samsung.android.game.gametools, com.samsung.android.calendar, com.sec.android.app.soundalive, com.samsung.android.mdx, com.samsung.android.app.smartcapture, com.samsung.android.inputshare, com.sec.android.app.clockpackage, com.sec.android.gallery3d, com.samsung.accessibility, com.samsung.android.service.aircommand, com.android.settings, com.samsung.android.app.notes, com.samsung.android.soundassistant, com.samsung.android.app.telephonyui, com.samsung.accessory.zenithmgr, com.samsung.android.app.sharelive, com.samsung.accessory.budsunitemgr, com.samsung.android.game.gos, com.samsung.wearable.watch7plugin, com.samsung.android.app.routineplus, com.samsung.android.app.clockpack, com.samsung.android.app.cocktailbarservice, com.samsung.android.app.galaxyregistry, com.samsung.android.app.smartwidget, com.samsung.android.routinesdkv3, com.samsung.android.secondscreen, com.samsung.android.sidegesturepad, com.samsung.android.sm_cn, com.sec.android.desktopmode.uiservice, com.samsung.android.waterplugin, com.samsung.android.heartplugin, com.samsung.wearable.watch6plugin, com.samsung.wearable.watchuniteplugin, com.samsung.accessory.popcornmgr, com.samsung.accessory.berrymgr, com.samsung.accessory.jellymgr, com.samsung.accessory.atticmgr, com.samsung.accessory.paranmgr, com.samsung.accessory.pearlmgr]
05-01 06:47:29.802  8465  8673 I Routine@Core[4.9.04.13]: BroadcastRegister: refreshRegisterPackageChangeIntentFilter - packages size: 52
05-01 06:47:29.802 21724 21724 I SurfaceView: 11405691 finishedDrawing
05-01 06:47:29.802  8465  8673 I Routine@Core[4.9.04.13]: BroadcastRegister: unregisterPackageChangeIntentFilter
05-01 06:47:29.802 21724 21724 V SurfaceView: Layout: x=0 y=0 w=1080 h=2340, frame=Rect(0, 0 - 1080, 2340)
05-01 06:47:29.802  8465  8673 I SEP_UNION_SemUnionManager: getUnionService(semeventdelegator) 
05-01 06:47:29.802 21724 21724 D VRI[MainActivity]@afeb858: Setup new sync=wmsSync-VRI[MainActivity]@afeb858#1
05-01 06:47:29.802  8465  8673 I SEP_UNION_SemUnionManager: getUnionService(semeventdelegator) 
05-01 06:47:29.803 21724 21724 I VRI[MainActivity]@afeb858: Creating new active sync group VRI[MainActivity]@afeb858#2
05-01 06:47:29.803  8465  8673 I Routine@Core[4.9.04.13]: BroadcastRegister: registerPackageAddedIntentFilterInternal
05-01 06:47:29.803  8465  8673 I SEP_UNION_SemUnionManager: getUnionService(semeventdelegator) 
05-01 06:47:29.803  8465  8673 I Routine@Core[4.9.04.13]: BroadcastRegister: registerPackageMonitoringIntentFilterInternal
05-01 06:47:29.803  8465  8673 I SEP_UNION_SemUnionManager: getUnionService(semeventdelegator) 
05-01 06:47:29.803  8465  8673 I Routine@Core[4.9.04.13]: Pref: removeSharedPrefsData() key=meta_loading_target_package_name
05-01 06:47:29.803  2814  4860 D SEP_UNION_SemDeviceInfoManagerService: Unregister intent = android.intent.action.PACKAGE_ADDED, , package = com.samsung.android.app.routines, userId = 0 
05-01 06:47:29.803  2814  4860 D SEP_UNION_SemDeviceInfoManagerService: Unregister intent = android.intent.action.PACKAGE_REPLACED, android.intent.action.PACKAGE_CHANGED, android.intent.action.PACKAGE_REMOVED, android.intent.action.PACKAGE_FULLY_REMOVED, android.intent.action.MY_PACKAGE_REPLACED, , package = com.samsung.android.app.routines, userId = 0 
05-01 06:47:29.804  2814  4860 D SEP_UNION_SemDeviceInfoManagerService: Register intent = android.intent.action.PACKAGE_ADDED,  package = com.samsung.android.app.routines, userId = 0, flag = 0, conditions = null 
05-01 06:47:29.804  2814  4860 D SEP_UNION_SemDeviceInfoManagerService: PendingIntentWithConditions added f=0 
05-01 06:47:29.804  2814  4860 D SEP_UNION_SemDeviceInfoManagerService: Register intent = android.intent.action.PACKAGE_REPLACED, android.intent.action.PACKAGE_CHANGED, android.intent.action.PACKAGE_REMOVED, android.intent.action.PACKAGE_FULLY_REMOVED, android.intent.action.MY_PACKAGE_REPLACED,  package = com.samsung.android.app.routines, userId = 0, flag = 1, conditions = [com.samsung.android.app.aodservice, com.samsung.accessory.neobeanmgr, com.samsung.android.spay, com.android.systemui, com.samsung.android.honeyboard, com.samsung.android.app.dressroom, com.samsung.android.lool, com.sec.android.app.launcher, com.samsung.android.smartmirroring, com.samsung.android.fast, com.samsung.android.app.reminder, com.samsung.android.mdecservice, com.samsung.android.app.routines, com.samsung.android.game.gametools, com.samsung.android.calendar, com.sec.android.app.soundalive, com.samsung.android.mdx, com.samsung.android.app.smartcapture, com.samsung.android.inputshare, com.sec.android.app.clockpackage, com.sec.android.gallery3d, com.samsung.accessibility, com.samsung.android.service.aircommand, com.android.settings, com.samsung.android.app.notes, com.samsung.android.soundassistant, com.samsung.android.app.telephonyui, com.samsung.accessory.zenithmgr, com.samsung.android.app.sharelive, com.samsung.accessory.budsunitemgr, com.samsung.android.game.gos, com.samsung.wearable.watch7plugin, com.samsung.android.app.routineplus, com.samsung.android.app.clockpack, com.samsung.android.app.cocktailbarservice, com.samsung.android.app.galaxyregistry, com.samsung.android.app.smartwidget, com.samsung.android.routinesdkv3, com.samsung.android.secondscreen, com.samsung.android.sidegesturepad, com.samsung.android.sm_cn, com.sec.android.desktopmode.uiservice, com.samsung.android.waterplugin, com.samsung.android.heartplugin, com.samsung.wearable.watch6plugin, com.samsung.wearable.watchuniteplugin, com.samsung.accessory.popcornmgr, com.samsung.accessory.berrymgr, com.samsung.accessory.jellymgr, com.samsung.accessory.atticmgr, com.samsung.accessory.paranmgr, com.samsung.accessory.pearlmgr] 
05-01 06:47:29.804  2814  4860 D SEP_UNION_SemDeviceInfoManagerService: PendingIntentWithConditions added f=1 
05-01 06:47:29.804  2814  4860 D SEP_UNION_SemDeviceInfoManagerService: PendingIntentWithConditions added f=1 
05-01 06:47:29.804  2814  4860 D SEP_UNION_SemDeviceInfoManagerService: Adding new UnionBroadcastReceiver for the action: android.intent.action.PACKAGE_CHANGED in User 0 
05-01 06:47:29.804  2814  4860 D SEP_UNION_SemDeviceInfoManagerService: PendingIntentWithConditions added f=1 
05-01 06:47:29.804  2814  4860 D SEP_UNION_SemDeviceInfoManagerService: PendingIntentWithConditions added f=1 
05-01 06:47:29.804  2814  4860 D SEP_UNION_SemDeviceInfoManagerService: PendingIntentWithConditions added f=1 
05-01 06:47:29.804  2814  4860 D SEP_UNION_SemDeviceInfoManagerService: Adding new UnionBroadcastReceiver for the action: android.intent.action.MY_PACKAGE_REPLACED in User 0 
05-01 06:47:29.804  8465 12536 I Routine@Core[4.9.04.13]: ModeOrderObserver: ModeOrderObserver:onChange: uri content://com.samsung.android.app.routines.routineprovider/preference
05-01 06:47:29.804  8465  8673 I Routine@Core[4.9.04.13]: MetadataLoadManager: enableAllConditions
05-01 06:47:29.805  8465  8673 I Routine@Core[4.9.04.13]: ProcessUtils: setProcessImportant: needForeground=true, reason=ENGINE_COORDINATOR
05-01 06:47:29.805  3998  4122 D SurfaceComposerClient: setCornerRadius ## Task=2133#43674 cornerRadius=4.500000
05-01 06:47:29.805  2814  5156 D ActivityManager: unpendingScheduleServiceRestart: u=10158, drop=false
05-01 06:47:29.805  2814  5156 D ActivityManager: unpendingScheduleServiceRestart: u=10819, drop=false
05-01 06:47:29.805  4483  8507 I HoneySpace.NotificationListener: onNotificationPosted com.samsung.android.app.routines: 0|com.samsung.android.app.routines|102|null|10049: 0
05-01 06:47:29.805 21724 21724 D VRI[MainActivity]@afeb858: registerCallbacksForSync syncBuffer=false
05-01 06:47:29.805  4483  8507 I HoneySpace.NotificationListener: invalid notification: com.samsung.android.app.routines UserHandle{0}: canShowBadge is false
05-01 06:47:29.805  8465 31980 I Routine@Core[4.9.04.13]: MetadataSyncHistory: isMetaDataSyncedWithVersion: latest=9c17a0ca7155acc4a4ec81aebd062cfa44e6880f, currentVersion=9c17a0ca7155acc4a4ec81aebd062cfa44e6880f
05-01 06:47:29.806  4483 18892 I HoneySpace.BadgeDataSourceImpl: Get notification count. PK(p='com.mihoyo.hoyolab', u=UserHandle{0}) - forceBadgeCount: false, notification listener: 2, badge provider: 87
05-01 06:47:29.806  4483 18892 I HoneySpace.BadgeDataSourceImpl: Get notification count. PK(p='com.shopee.tw', u=UserHandle{0}) - forceBadgeCount: false, notification listener: 10, badge provider: 0
05-01 06:47:29.806  4483 18892 I HoneySpace.BadgeDataSourceImpl: Get notification count. PK(p='com.tencent.mm', u=UserHandle{0}) - forceBadgeCount: false, notification listener: 238, badge provider: 238
05-01 06:47:29.806  4483 18892 I HoneySpace.BadgeDataSourceImpl: Get notification count. PK(p='app.backpack.mobile', u=UserHandle{0}) - forceBadgeCount: false, notification listener: 1, badge provider: 0
05-01 06:47:29.806  4483 21085 I HoneySpace.PackageEventOperator: [VerticalApplistViewModel] badge count is updated. com.samsung.android.app.routines/.ui.main.RoutineLaunchActivityDummy#UserHandle{0}|444 : 0
05-01 06:47:29.806  4483 21085 I HoneySpace.BadgeDataSourceImpl: Get notification count. PK(p='com.google.android.gm', u=UserHandle{0}) - forceBadgeCount: false, notification listener: 4, badge provider: 0
05-01 06:47:29.807 21724 21746 D SurfaceView: 11405691 updateSurfacePosition RenderWorker, frameNr = 1, position = [0, 0, 1080, 2340] surfaceSize = 1080x2340
05-01 06:47:29.807 21724 21746 I SV[11405691 MainActivity]: uSP: rtp = Rect(0, 0 - 1080, 2340) rtsw = 1080 rtsh = 2340
05-01 06:47:29.807 21724 21746 I SV[11405691 MainActivity]: onSSPAndSRT: pl = 0 pt = 0 sx = 1.0 sy = 1.0
05-01 06:47:29.807 21724 21746 I SV[11405691 MainActivity]: aOrMT: VRI[MainActivity]@afeb858 t = android.view.SurfaceControl$Transaction@a564f1e fN = 1 android.view.SurfaceView.-$$Nest$mapplyOrMergeTransaction:0 android.view.SurfaceView$SurfaceViewPositionUpdateListener.positionChanged:1932 android.graphics.RenderNode$CompositePositionUpdateListener.positionChanged:401 
05-01 06:47:29.807 21724 21746 I VRI[MainActivity]@afeb858: mWNT: t=0xb4000071fd1f8ed0 mBlastBufferQueue=0xb4000070ed20e3c0 fn= 1 HdrRenderState mRenderHdrSdrRatio=1.0 caller= android.view.SurfaceView.applyOrMergeTransaction:1863 android.view.SurfaceView.-$$Nest$mapplyOrMergeTransaction:0 android.view.SurfaceView$SurfaceViewPositionUpdateListener.positionChanged:1932 
05-01 06:47:29.807 21724 21751 D VRI[MainActivity]@afeb858: Received frameDrawingCallback syncResult=0 frameNum=1.
05-01 06:47:29.807 21724 21751 I VRI[MainActivity]@afeb858: mWNT: t=0xb4000071fd1fe810 mBlastBufferQueue=0xb4000070ed20e3c0 fn= 1 HdrRenderState mRenderHdrSdrRatio=1.0 caller= android.view.ViewRootImpl$12.onFrameDraw:15441 android.view.ThreadedRenderer$1.onFrameDraw:718 <bottom of call stack> 
05-01 06:47:29.807 21724 21751 I VRI[MainActivity]@afeb858: Setting up sync and frameCommitCallback
05-01 06:47:29.808  8465 12536 I Routine@Core[4.9.04.13]: ModesOrderManager: getOrderOrDefault: uuid(100)
05-01 06:47:29.808  8465 12536 I Routine@Core[4.9.04.13]: ModesOrderManager: getOrder: uuid(100) -> order(999)
05-01 06:47:29.808  8465 12536 I Routine@Core[4.9.04.13]: ModesOrderManager: getOrderOrDefault: uuid(101)
05-01 06:47:29.809  8465 12536 I Routine@Core[4.9.04.13]: ModesOrderManager: getOrder: uuid(101) -> order(1001)
05-01 06:47:29.809 21724 21746 W qdgralloc: getInterlacedFlag: getMetaData returned 3, defaulting to interlaced_flag = 0
05-01 06:47:29.809  8465 12536 I Routine@Core[4.9.04.13]: ModeListHolder: update: size(2) updated(2026/05/01 06:47:29) [ModeMeta(id=5, uuid=100, iconResourceId=2131231140, iconStatusResourceId=2131231637, displayName=睡眠, isRunning=false, runningReason=, runningReasonCondition=, isSet=true, isDeleted=false, detailRunningReason=null, order=999, toggleTime=1707324096775), ModeMeta(id=6, uuid=101, iconResourceId=2131231296, iconStatusResourceId=2131231647, displayName=開車, isRunning=false, runningReason=, runningReasonCondition=, isSet=true, isDeleted=false, detailRunningReason=null, order=1001, toggleTime=1770287967072)]
05-01 06:47:29.809  8465  8673 I Routine@Core[4.9.04.13]: COORD/CoordinatorRequestHandler: onCallReceive: method=enable_all_conditions
05-01 06:47:29.809  8465  8673 I Routine@Core[4.9.04.13]: ProcessUtils: setProcessImportant: needForeground=false, reason=ENGINE_COORDINATOR
05-01 06:47:29.809  8465 12578 I Routine@Core[4.9.04.13]: COORD/CoordinatorRequestHandler: messageHandler.handleMessage: message=ENABLE_ALL_CONDITIONS
05-01 06:47:29.809  2814  5156 D ActivityManager: unpendingScheduleServiceRestart: u=10312, drop=false
05-01 06:47:29.809  2814  5156 D ActivityManager: unpendingScheduleServiceRestart: u=10141, drop=false
05-01 06:47:29.810  8465 14997 I Routine@Core[4.9.04.13]: COORD/ConditionStateHandlerImpl: enableAllConditions
05-01 06:47:29.811  8465 14997 I Routine@Core[4.9.04.13]: COORD/ConditionStateHandlerImpl: enableRoutineConditions: routineId=2(uuid=593420, name=在家)[RUNNING]
05-01 06:47:29.811  8465 14997 I Routine@Core[4.9.04.13]: COORD/ConditionStateHandlerImpl: enableCondition: conditionId=plugin_gps_location_v3(id=2, uuid=441069, routineId=2)
05-01 06:47:29.811  8465 14997 I Routine@Core[4.9.04.13]: TASKD/ConditionTaskAdapterFactoryImpl: getAdapter - metaId=plugin_gps_location_v3(id=65)
05-01 06:47:29.811  8465 14997 I Routine@Sdk[3.1.20]: ParameterValues: fromJsonString: jsonString={"TYPE":"STRING","VALUE":""}
05-01 06:47:29.811  8465 14997 I Routine@Sdk[3.1.20]: ParameterValues: fromJsonString: jsonString={"TYPE":"LIST{STRING}","VALUE":[]}
05-01 06:47:29.811  8465 14997 I Routine@Sdk[3.1.20]: ParameterValues: fromJsonString: jsonString={"TYPE":"STRING","VALUE":"116台灣台北市文山區萬安街66-1號(台北市)"}
05-01 06:47:29.811  8465 14997 I Routine@Sdk[3.1.20]: ParameterValues: fromJsonString: jsonString={"TYPE":"STRING","VALUE":"25.001547"}
05-01 06:47:29.811  8465 14997 I Routine@Sdk[3.1.20]: ParameterValues: fromJsonString: jsonString={"TYPE":"STRING","VALUE":"0"}
05-01 06:47:29.811  8465 14997 I Routine@Sdk[3.1.20]: ParameterValues: fromJsonString: jsonString={"TYPE":"BOOLEAN","VALUE":"false"}
05-01 06:47:29.811  8465 14997 E Routine@SdkCore[3.1.20]: ParameterFactory: fromJsonString: failed to parse as RawParameter. jsonString=false
05-01 06:47:29.811  8465 14997 I Routine@Sdk[3.1.20]: ParameterValues: fromJsonString: jsonString={"TYPE":"STRING","VALUE":"150"}
05-01 06:47:29.811  8465 14997 I Routine@Sdk[3.1.20]: ParameterValues: fromJsonString: jsonString={"TYPE":"STRING","VALUE":"121.57163899999999"}
05-01 06:47:29.811  8465 14997 I Routine@Core[4.9.04.13]: RoutinePluginLocationConditionHandler: onEnabled
05-01 06:47:29.812  8465  8465 I Routine@Core[4.9.04.13]: MetadataLoaderJobService: metadataLoadingCompleted: collectPackageInBG - dev.warp.mobile
05-01 06:47:29.812 21724 21746 I BLASTBufferQueue: [VRI[MainActivity]@afeb858#0](f:0,a:0,s:0) onFrameAvailable the first frame is available
05-01 06:47:29.812 21724 21746 I SurfaceComposerClient: apply transaction with the first frame. layerId: 43683, bufferData(ID: 93303869538333, frameNumber: 1)
05-01 06:47:29.813  1667  5342 I vendor.qti.bluetooth@1.1-ibs_handler: ProcessIbsCmd: Received IBS_WAKE_IND: 0xFD
05-01 06:47:29.813  1667  5342 D vendor.qti.bluetooth@1.1-ibs_handler: SerialClockVote: vote for UART CLK ON
05-01 06:47:29.813  1667  5342 I vendor.qti.bluetooth@1.1-ibs_handler: ProcessIbsCmd: Writing IBS_WAKE_ACK
05-01 06:47:29.813 21724 21746 I VRI[MainActivity]@afeb858: Received frameCommittedCallback lastAttemptedDrawFrameNum=1 didProduceBuffer=true
05-01 06:47:29.813  3998  4122 D SurfaceComposerClient: setCornerRadius ## Task=2133#43674 cornerRadius=4.500000
05-01 06:47:29.813 21724 21746 D HWUI    : CFMS:: SetUp Pid : 21724    Tid : 21746
05-01 06:47:29.813 21724 21724 D VRI[MainActivity]@afeb858: reportDrawFinished seqId=0
05-01 06:47:29.814  1802  1881 I SurfaceFlinger: [dev.warp.mobile/dev.warp.mobile.MainActivity$_21724#43683] setTransactionState with the first frame. bufferData(ID: 93303869538333, frameNumber: 1)
05-01 06:47:29.814 21724 21724 D warp-android-host: warp_mobile_android_host::vulkan: submit_dynamic_grid_frame called with no grid attached; falling back to clear
05-01 06:47:29.814  2814  4051 D WindowManager: finishDrawingWindow: Window{c96d871 u0 dev.warp.mobile/dev.warp.mobile.MainActivity} mDrawState=DRAW_PENDING seqId=0
05-01 06:47:29.814  2814  3008 D SurfaceComposerClient: setCornerRadius ## 8df6f20 Splash Screen dev.warp.mobile#43676 cornerRadius=0.000000
05-01 06:47:29.814  2814  3008 D SurfaceComposerClient: setCornerRadius ## c96d871 dev.warp.mobile/dev.warp.mobile.MainActivity#43682 cornerRadius=0.000000
05-01 06:47:29.814 21724 21724 I BLASTBufferQueue: [ae097b SurfaceView[dev.warp.mobile/dev.warp.mobile.MainActivity]@0#1](f:0,a:0,s:0) onFrameAvailable the first frame is available
05-01 06:47:29.814  2814  3008 D SurfaceComposerClient: setCornerRadius ## 8df6f20 Splash Screen dev.warp.mobile#43676 cornerRadius=0.000000
05-01 06:47:29.814 21724 21724 I SurfaceComposerClient: apply transaction with the first frame. layerId: 43688, bufferData(ID: 93303869538328, frameNumber: 1)
05-01 06:47:29.814  2814  3008 V WindowManager: Finish starting ActivityRecord{54809081 u0 dev.warp.mobile/.MainActivity t2133}: first real window is shown, no animation
05-01 06:47:29.815  1802  1881 I SurfaceFlinger: [ae097b SurfaceView[dev.warp.mobile/dev.warp.mobile.MainActivity]@0(BLAST)#43688] setTransactionState with the first frame. bufferData(ID: 93303869538328, frameNumber: 1)
05-01 06:47:29.815  8465  8465 I Routine@Core[4.9.04.13]: MetadataSyncHistory: isMetaDataSyncedWithVersion: latest=9c17a0ca7155acc4a4ec81aebd062cfa44e6880f, currentVersion=9c17a0ca7155acc4a4ec81aebd062cfa44e6880f
05-01 06:47:29.815  2814  3008 V WindowManager: Schedule remove starting ActivityRecord{54809081 u0 dev.warp.mobile/.MainActivity t2133} startingWindow=Window{8df6f20 u0 Splash Screen dev.warp.mobile} animate=true Callers=com.android.server.wm.ActivityRecord.removeStartingWindow:178 com.android.server.wm.WindowState.performShowLocked:155 com.android.server.wm.WindowStateAnimator.commitFinishDrawingLocked:73 com.android.server.wm.DisplayContent$$ExternalSyntheticLambda1.accept$com$android$server$wm$DisplayContent$$ExternalSyntheticLambda37:23 com.android.server.wm.DisplayContent$$ExternalSyntheticLambda1.accept:143 
05-01 06:47:29.815  3998  3998 D SubscreenNotificationListCoordinator: onAfterRenderList() isSubScreen = false, pluginLockMode = 0, doNotShowOnCover = false
05-01 06:47:29.815  2814  3008 D TaskOrganizerController: applyStartingWindowAnimation, window=Window{c96d871 u0 dev.warp.mobile/dev.warp.mobile.MainActivity}, caller=com.android.server.wm.TaskOrganizerController.removeStartingWindow:132 com.android.server.wm.StartingSurfaceController$StartingSurface.remove:23 com.android.server.wm.ActivityRecord.removeStartingWindowAnimation:171 
05-01 06:47:29.815  2814  3008 I WindowManager: Reparenting to leash, surface=Surface(name=c96d871 dev.warp.mobile/dev.warp.mobile.MainActivity)/@0x570559e, leashParent=Surface(name=ActivityRecord{54809081 u0 dev.warp.mobile/.MainActivity t2133})/@0x11ec87f
05-01 06:47:29.815  1802  1881 I SurfaceFlinger: id=43690 createSurf, flag=24000, Surface(name=c96d871 dev.warp.mobile/dev.warp.mobile.MainActivity)/@0x570559e - animation-leash of starting_reveal#43690
05-01 06:47:29.815  2814  3008 D WindowManager: makeSurface duration=0 leash=Surface(name=Surface(name=c96d871 dev.warp.mobile/dev.warp.mobile.MainActivity)/@0x570559e - animation-leash of starting_reveal)/@0xc6c404c
05-01 06:47:29.816  2814  3008 I ActivityTaskManager: done cause=notifyWindowsDrawn timestamp=160242289790954 info=TransitionInfo{c76b895 a=ActivityRecord{54809081 u0 dev.warp.mobile/.MainActivity t2133} d=true}
05-01 06:47:29.816  3998  4099 D ShellTaskOrganizer: removeStartingWindow, removalInfo=StartingWindowRemovalInfo{taskId=2133 frame=Rect(0, 0 - 1080, 2340) playRevealAnimation=true roundedCornerRadius=0.0 deferRemoveMode=0 windowlessSurface=false removeImmediately=false}
05-01 06:47:29.816  2814  3008 V WindowManager: performShowLocked: mDrawState=HAS_DRAWN in Window{c96d871 u0 dev.warp.mobile/dev.warp.mobile.MainActivity}
05-01 06:47:29.816  2814  3008 D SurfaceComposerClient: setCornerRadius ## c96d871 dev.warp.mobile/dev.warp.mobile.MainActivity#43682 cornerRadius=0.000000
05-01 06:47:29.816  2814  3008 D PowerManagerService: [api] acquire WakeLock SCREEN_BRIGHT_WAKE_LOCK           'WindowManager/displayId:0' ON_AFTER_RELEASE (uid=1000 pid=2814 ws=WorkSource{11186 dev.warp.mobile} displayId=0 lock=b87a7c9)
05-01 06:47:29.816  8465 12267 I Routine@Core[4.9.04.13]: WearNodeManagerImpl: getConnectedNodeIdByCapability nodeId:null
05-01 06:47:29.816  8465 12267 I Routine@Core[4.9.04.13]: WearCommonDataStore: getLastConnectedNodeId: 95aab2fd
05-01 06:47:29.816  2814  3008 D SurfaceComposerClient: setCornerRadius ## 8df6f20 Splash Screen dev.warp.mobile#43676 cornerRadius=0.000000
05-01 06:47:29.816  2814  3008 D SurfaceComposerClient: setCornerRadius ## c96d871 dev.warp.mobile/dev.warp.mobile.MainActivity#43682 cornerRadius=0.000000
05-01 06:47:29.816  2814  3008 D SurfaceComposerClient: setCornerRadius ## 8df6f20 Splash Screen dev.warp.mobile#43676 cornerRadius=0.000000
05-01 06:47:29.816  2814  3008 D SurfaceComposerClient: setCornerRadius ## c96d871 dev.warp.mobile/dev.warp.mobile.MainActivity#43682 cornerRadius=0.000000
05-01 06:47:29.817  2814  3004 D [secipm]: mSecIpmManager report to nap
05-01 06:47:29.817  2814  3004 I PkgPredictorService-SecIpmManagerServiceImpl: reportToNAP uid:11186 dev.warp.mobile/dev.warp.mobile.MainActivity thisTime:287
05-01 06:47:29.817  2814  3004 D PkgPredictorService-SecIpmManagerServiceImpl: reportToNAP: mHeavyLaunchCounter is false
05-01 06:47:29.818  8465  8465 I Routine@Core[4.9.04.13]: Pref: putSharedPrefsData: key=routine_meta_data_loading_statue, data.size=8
05-01 06:47:29.818  3998  3998 I LockscreenNotificationIconsOnlyController: onNotificationInfoUpdated 0
05-01 06:47:29.818  3998  3998 I AODNotificationManager: updateNotification() 
05-01 06:47:29.818  2814  3004 I ActivityTaskManager: Displayed dev.warp.mobile/.MainActivity for user 0: +287ms
05-01 06:47:29.818  2814  3004 I Pageboost: Launch time gathered : pid 21724 dev.warp.mobile 287
05-01 06:47:29.819  8465 31980 I Routine@Core[4.9.04.13]: MetadataSyncHistory: isMetaDataSyncedWithVersion: latest=9c17a0ca7155acc4a4ec81aebd062cfa44e6880f, currentVersion=9c17a0ca7155acc4a4ec81aebd062cfa44e6880f
05-01 06:47:29.819 21724 21724 I warp-android-host: warp_mobile_android_host::vulkan: present_ok frame=1 ts=160242293
05-01 06:47:29.819  4283  5396 I ScanController: onScanResult to scannerId: 6- eventType=0x1b, addressType=1, address=XX:XX:XX:XX:7C:E7, primaryPhy=1, secondaryPhy=0, advertisingSid=0xff, txPower=127, rssi=-48, periodicAdvInt=0x0
05-01 06:47:29.819  8465  8465 I Routine@Core[4.9.04.13]: DatabaseJobIntentService: Stop no more task
05-01 06:47:29.819  5315  5315 E pageboostd: Received HALT command code 2
05-01 06:47:29.820  8465 14997 I Routine@Sdk[3.1.20]: ParameterValues: toJsonString: mValueType=STRING, mValue=
05-01 06:47:29.820  8465 14997 I Routine@Sdk[3.1.20]: ParameterValues: toJsonString: mValueType=LIST_STRING, mValue=[Ljava.lang.String;@b477190
05-01 06:47:29.820  8465 14997 I Routine@Sdk[3.1.20]: ParameterValues: toJsonString: mValueType=STRING, mValue=116台灣台北市文山區萬安街66-1號(台北市)
05-01 06:47:29.820  8465 14997 I Routine@Sdk[3.1.20]: ParameterValues: toJsonString: mValueType=STRING, mValue=25.001547
05-01 06:47:29.820  8465 14997 I Routine@Sdk[3.1.20]: ParameterValues: toJsonString: mValueType=STRING, mValue=0
05-01 06:47:29.820  8465 14997 I Routine@Sdk[3.1.20]: ParameterValues: toJsonString: mValueType=BOOLEAN, mValue=false
05-01 06:47:29.820  8465 14997 I Routine@Sdk[3.1.20]: ParameterValues: toJsonString: mValueType=STRING, mValue=150
05-01 06:47:29.820  8465 14997 I Routine@Sdk[3.1.20]: ParameterValues: toJsonString: mValueType=STRING, mValue=121.57163899999999
05-01 06:47:29.820  8465  8465 I Routine@Core[4.9.04.13]: PreloadNotificationListenerService: onNotificationPosted: - begin  - ($)
05-01 06:47:29.820  8465  8465 I Routine@Core[4.9.04.13]: PreloadNotificationListenerService: isScreenedOut: ignore routine running notification
05-01 06:47:29.820  8465  8465 I Routine@Core[4.9.04.13]: RoutineService: onCreate
05-01 06:47:29.820  8465  8465 I Routine@Core[4.9.04.13]: RoutineService: onStartCommand: com.samsung.android.app.routine.ACTION_METADATA_LOADING_COMPLETE
05-01 06:47:29.820  8465  8465 I Routine@Core[4.9.04.13]: RoutineService: onMetadataLoadingCompleted
05-01 06:47:29.820  8465 20327 I Routine@Core[4.9.04.13]: InstanceCleaner: clean() - begin
05-01 06:47:29.820  2814  4203 D SLocation: SLocation - addGeofences com.samsung.android.app.routines
05-01 06:47:29.820  2814  4203 D SLocation: CommonUtil - check android.permission.ACCESS_FINE_LOCATION Permission pid=8465, uid=10049, hasPermission=true
05-01 06:47:29.820  2814  4203 D SLocation: CommonUtil - check android.permission.ACCESS_BACKGROUND_LOCATION Permission pid=8465, uid=10049, hasPermission=true
05-01 06:47:29.820  2814  4203 D SLocation: ClientDataManager - com.samsung.android.app.routines max count is 100
05-01 06:47:29.821  2814  4203 D SLocation: SLocation - addGeofences end com.samsung.android.app.routines -5
05-01 06:47:29.821  1802  1802 I SurfaceFlinger: RequestedLayer [ae097b SurfaceView[dev.warp.mobile/dev.warp.mobile.MainActivity]@0#43687] hidden!! flag  from(1) --> to(0)
05-01 06:47:29.821  1802  1802 I SurfaceFlinger: RequestedLayer [Bounds for - dev.warp.mobile/dev.warp.mobile.MainActivity@0#43686] hidden!! flag  from(1) --> to(0)
05-01 06:47:29.821  1802  1802 I SurfaceFlinger: RequestedLayer [Background for ae097b SurfaceView[de[...]ev.warp.mobile.MainActivity]@0#43689] hidden!! flag  from(1) --> to(0)
05-01 06:47:29.821  1802  1802 I SurfaceFlinger: [LayerHierarchy{RequestedLayerState{Background for ae097b SurfaceView[dev.warp.mobile/dev.warp.mobile.MainActivity]@0#43689 parentId=43687 relativeParentId=43683 z=-2147483648} no children}] RelativeParent to LayerHierarchy{RequestedLayerState{dev.warp.mobile/dev.warp.mobile.MainActivity$_21724#43683 parentId=43682} 2 children}
05-01 06:47:29.821  1802  1802 I SurfaceFlinger: [LayerHierarchy{RequestedLayerState{ae097b SurfaceView[dev.warp.mobile/dev.warp.mobile.MainActivity]@0#43687 parentId=43686 relativeParentId=43683 z=-2} 2 children}] RelativeParent to LayerHierarchy{RequestedLayerState{dev.warp.mobile/dev.warp.mobile.MainActivity$_21724#43683 parentId=43682} 3 children}
05-01 06:47:29.821  1802  1802 I SurfaceFlinger: [Surface(name=c96d871 dev.warp.mobile/dev.warp.mobile.MainActivity)/@0x570559e - animation-leash of starting_reveal#43690] attach to parent LayerHierarchy{RequestedLayerState{ActivityRecord{54809081 u0 dev.warp.mobile/.MainActivity t2133}#43675 parentId=43674} 4 children}
05-01 06:47:29.821  3998  4122 D SurfaceComposerClient: setCornerRadius ## Task=2133#43674 cornerRadius=4.500000
05-01 06:47:29.822  8465 14997 I Routine@Core[4.9.04.13]: RoutinePluginLocationConditionHandler: getGeofenceIdMap: 2
05-01 06:47:29.822  8465 14997 I Routine@Sdk[3.1.20]: ParameterValues: toJsonString: mValueType=STRING, mValue=
05-01 06:47:29.822  8465 14997 I Routine@Sdk[3.1.20]: ParameterValues: toJsonString: mValueType=LIST_STRING, mValue=[Ljava.lang.String;@b477190
05-01 06:47:29.822  8465 14997 I Routine@Sdk[3.1.20]: ParameterValues: toJsonString: mValueType=STRING, mValue=116台灣台北市文山區萬安街66-1號(台北市)
05-01 06:47:29.822  8465 14997 I Routine@Sdk[3.1.20]: ParameterValues: toJsonString: mValueType=STRING, mValue=25.001547
05-01 06:47:29.822  8465 14997 I Routine@Sdk[3.1.20]: ParameterValues: toJsonString: mValueType=STRING, mValue=0
05-01 06:47:29.822  8465 14997 I Routine@Sdk[3.1.20]: ParameterValues: toJsonString: mValueType=BOOLEAN, mValue=false
05-01 06:47:29.822  8465 14997 I Routine@Sdk[3.1.20]: ParameterValues: toJsonString: mValueType=STRING, mValue=150
05-01 06:47:29.822  8465 14997 I Routine@Sdk[3.1.20]: ParameterValues: toJsonString: mValueType=STRING, mValue=121.57163899999999
05-01 06:47:29.822  8465 14997 I Routine@Core[4.9.04.13]: RoutinePluginLocationConditionHandler: updateGeofenceIdMapByResult: monitor already started instanceId=2
05-01 06:47:29.822  8465 14997 I Routine@Core[4.9.04.13]: Pref: putSharedPrefsData: key=routine_geofence_ids, data.size=954
05-01 06:47:29.822  2814  3007 D BBA2    : updateWindowVisible for pid : 21724, visible : 1
05-01 06:47:29.822  3998  4198 W qdgralloc: getInterlacedFlag: getMetaData returned 3, defaulting to interlaced_flag = 0
05-01 06:47:29.823  3998  4188 I VRI[mobile]@fee40a7: mWNT: t=0xb4000071fd27cf10 mBlastBufferQueue=0xb4000070ed3729f0 fn= 2 HdrRenderState mRenderHdrSdrRatio=1.0 caller= android.view.SyncRtSurfaceTransactionApplier.applyTransaction:100 android.view.SyncRtSurfaceTransactionApplier.lambda$scheduleApply$0:73 android.view.SyncRtSurfaceTransactionApplier.$r8$lambda$afI4fXg3U3-nBZQEDQMiNy-B06s:0 
05-01 06:47:29.823  3998  4188 I VRI[mobile]@fee40a7: mWNT: t=0xb4000071fd2a7990 mBlastBufferQueue=0xb4000070ed3729f0 fn= 2 HdrRenderState mRenderHdrSdrRatio=1.0 caller= android.view.SyncRtSurfaceTransactionApplier.applyTransaction:100 android.view.SyncRtSurfaceTransactionApplier.lambda$scheduleApply$0:73 android.view.SyncRtSurfaceTransactionApplier.$r8$lambda$afI4fXg3U3-nBZQEDQMiNy-B06s:0 
05-01 06:47:29.823  8465 14997 I Routine@Core[4.9.04.13]: RoutinePluginLocationConditionHandler: saveGeofenceIdMap: 2
05-01 06:47:29.823  8465 14997 I Routine@Core[4.9.04.13]: RoutinePluginLocationConditionHandler: onEnabled: addGeofence: (result:-5)2|0|150 - ($)
05-01 06:47:29.823  8465 14997 I Routine@Core[4.9.04.13]: COORD/ConditionStateHandlerCallbackImpl: unregisterConditionObserver: conditionId=plugin_gps_location_v3(id=2, uuid=441069, routineId=2), targetUri=content://com.samsung.android.app.routines.provider.routines.v3/plugin_gps_location_v3
05-01 06:47:29.824 21724 21724 D warp-android-host: warp_mobile_android_host::vulkan: submit_dynamic_grid_frame called with no grid attached; falling back to clear
05-01 06:47:29.824  8465 14997 I SEP_UNION_SemUnionManager: getUnionService(semeventdelegator) 
05-01 06:47:29.824  8465 14997 I Routine@Core[4.9.04.13]: COORD/ConditionStateHandlerCallbackImpl: registerConditionObserver: conditionId=plugin_gps_location_v3(id=2, uuid=441069, routineId=2), targetUri=content://com.samsung.android.app.routines.provider.routines.v3/plugin_gps_location_v3
05-01 06:47:29.824  8465  8570 I Routine@Core[4.9.04.13]: MetadataSyncHistory: isMetaDataSyncedWithVersion: latest=9c17a0ca7155acc4a4ec81aebd062cfa44e6880f, currentVersion=9c17a0ca7155acc4a4ec81aebd062cfa44e6880f
05-01 06:47:29.824  2814  4051 D SEP_UNION_SemDeviceInfoManagerService: Unregister uri = content://com.samsung.android.app.routines.provider.routines.v3/plugin_gps_location_v3, package = com.samsung.android.app.routines, userId = 0 
05-01 06:47:29.824  8465 14997 I SEP_UNION_SemUnionManager: getUnionService(semeventdelegator) 
05-01 06:47:29.825  2814  4051 D SEP_UNION_SemDeviceInfoManagerService: Register uri = content://com.samsung.android.app.routines.provider.routines.v3/plugin_gps_location_v3, package = com.samsung.android.app.routines, userId = 0 
05-01 06:47:29.825  2814  4051 D SEP_UNION_SemDeviceInfoManagerService: PendingIntentWithConditions added f=0 
05-01 06:47:29.825  2814  4051 D SEP_UNION_SemDeviceInfoManagerService: Creating new UnionContentObserver for the uri:content://com.samsung.android.app.routines.provider.routines.v3/plugin_gps_location_v3 
05-01 06:47:29.825 21724 21724 I warp-android-host: warp_mobile_android_host::vulkan: present_ok frame=2 ts=160242299
05-01 06:47:29.825  8465  8465 I Routine@Core[4.9.04.13]: MetadataSyncHistory: isMetaDataSyncedWithVersion: latest=9c17a0ca7155acc4a4ec81aebd062cfa44e6880f, currentVersion=9c17a0ca7155acc4a4ec81aebd062cfa44e6880f
05-01 06:47:29.825  8465  8465 I Routine@Core[4.9.04.13]: MetadataLoaderJobService: onDestroy
05-01 06:47:29.826  8465 12267 I Routine@Core[4.9.04.13]: WEAR/WearRoutineHostSenderImpl: requestToUpdateMetas: savedMetasHashCode : -2416242922, nodeId : 95aab2fd
05-01 06:47:29.826 21724 21724 I InsetsSourceConsumer: applyRequestedVisibilityToControl: visible=true, type=statusBars, host=dev.warp.mobile/dev.warp.mobile.MainActivity
05-01 06:47:29.826 21724 21724 I InsetsSourceConsumer: applyRequestedVisibilityToControl: visible=true, type=navigationBars, host=dev.warp.mobile/dev.warp.mobile.MainActivity
05-01 06:47:29.827 21724 21724 D warp-android-host: warp_mobile_android_host::vulkan: submit_dynamic_grid_frame called with no grid attached; falling back to clear
05-01 06:47:29.827  8465  8465 I Routine@Core[4.9.04.13]: RoutineEngineService: onCreate
05-01 06:47:29.827  8465  8465 I Routine@Core[4.9.04.13]: RoutineEngineService: onSpecificConditionStateChanged: instancedId=4410690364478539017
05-01 06:47:29.827  8465 20326 I Routine@Core[4.9.04.13]: ProcessUtils: setProcessImportant: needForeground=true, reason=ENGINE_COORDINATOR
05-01 06:47:29.827 21724 21724 I warp-android-host: warp_mobile_android_host::vulkan: present_ok frame=3 ts=160242301
05-01 06:47:29.827 21724 21746 W qdgralloc: getInterlacedFlag: getMetaData returned 3, defaulting to interlaced_flag = 0
