05-01 07:49:40.224 16310 16310 D warp-android-host: android_logger: android_logger: log::set_logger failed: attempted to set a logger after the logging system was already initialized
05-01 07:49:40.224 16310 16310 I warp-android-host: warp_mobile_android_host: terminal_set_scroll_offset requested=0 clamped=0
05-01 07:49:40.226  1802  2321 I CompositionEngine: [setDisplaySize] size=(434, 42)
05-01 07:49:40.232 16310 16310 I warp-android-host: warp_mobile_android_host::vulkan: present_ok frame=2771 ts=163972706
05-01 07:49:40.240 16310 16310 I warp-android-host: warp_mobile_android_host::vulkan: present_ok frame=2772 ts=163972714
05-01 07:49:40.240 16310 16310 D warp-android-host: android_logger: android_logger: log::set_logger failed: attempted to set a logger after the logging system was already initialized
05-01 07:49:40.240 16310 16310 I warp-android-host: warp_mobile_android_host: terminal_set_scroll_offset requested=0 clamped=0
05-01 07:49:40.249 16310 16310 I warp-android-host: warp_mobile_android_host::vulkan: present_ok frame=2773 ts=163972723
05-01 07:49:40.257 16310 16310 I warp-android-host: warp_mobile_android_host::vulkan: present_ok frame=2774 ts=163972731
05-01 07:49:40.258 16310 16310 D warp-android-host: android_logger: android_logger: log::set_logger failed: attempted to set a logger after the logging system was already initialized
05-01 07:49:40.258 16310 16310 I warp-android-host: warp_mobile_android_host: terminal_set_scroll_offset requested=0 clamped=0
05-01 07:49:40.266 16310 16310 I warp-android-host: warp_mobile_android_host::vulkan: present_ok frame=2775 ts=163972739
05-01 07:49:40.274 16310 16310 I warp-android-host: warp_mobile_android_host::vulkan: present_ok frame=2776 ts=163972748
05-01 07:49:40.274 16310 16310 D warp-android-host: android_logger: android_logger: log::set_logger failed: attempted to set a logger after the logging system was already initialized
05-01 07:49:40.275 16310 16310 I warp-android-host: warp_mobile_android_host: terminal_set_scroll_offset requested=0 clamped=0
05-01 07:49:40.282 16310 16310 I warp-android-host: warp_mobile_android_host::vulkan: present_ok frame=2777 ts=163972755
05-01 07:49:40.290 16310 16310 I warp-android-host: warp_mobile_android_host::vulkan: present_ok frame=2778 ts=163972764
05-01 07:49:40.291 16310 16310 D warp-android-host: android_logger: android_logger: log::set_logger failed: attempted to set a logger after the logging system was already initialized
05-01 07:49:40.291 16310 16310 I warp-android-host: warp_mobile_android_host: terminal_set_scroll_offset requested=0 clamped=0
05-01 07:49:40.297  2814  4051 D InputDispatcher: Inject motion (17068/2000): action=0x1, time=163972771000000, f=0x0, d=0 dsdx=1.000000 dtdx=0.000000
05-01 07:49:40.298 16310 16310 I warp-android-host: warp_mobile_android_host::vulkan: present_ok frame=2779 ts=163972772
05-01 07:49:40.299  2814  3644 I InputDispatcher: Delivering touch to (16310): action: 0x1, f=0x0, d=0, '3ff34e4', t=1 
05-01 07:49:40.299 16310 16310 I VRI[MainActivity]@afeb858: ViewPostIme pointer 1
05-01 07:49:40.301  4483  4483 I HoneySpace.GestureInputHandler: reset
05-01 07:49:40.301  4483  4483 I HoneySpace.InputSession: close
05-01 07:49:40.302  2814  2814 I SemDvfsHyPerManager: acquire hyper - GESTURE_DETECTED_HRR/2814@29, type = -999
05-01 07:49:40.302  2814  2814 I SemDvfsHyPerManager: acquire hyper - GESTURE_DETECTED_HRR/2814@29, type = -999
05-01 07:49:40.302  7128  7128 I SemDvfsHyPerManager: acquire hyper - TATouchBoost/7128@30, type = -999
05-01 07:49:40.303  2814  2814 I SemDvfsHyPerManager: acquire hyper - SMOOTH_SCROLL/2814@25, type = -999
05-01 07:49:40.303  7128  7128 I SemDvfsHyPerManager: acquire hyper - TA_TOUCH_SHARE/7128@31, type = -999
05-01 07:49:40.304  1684  1724 I HYPER-HAL: [RequestManager.cpp]releaseLocked(): Released ID : 3966338
05-01 07:49:40.304  1684  1724 I HYPER-HAL: [RequestManager.cpp]acquire(): Acquired ID : 4042775  [2814 / 29]    HINT : GESTURE_DETECTED_HRR    list : [TIMEOUT / 2083] 
05-01 07:49:40.304  1684  1724 I HYPER-HAL: [RequestManager.cpp]acquire(): Acquired ID : 4042775  [2814 / 29]    HINT : GESTURE_DETECTED_HRR    list : [TIMEOUT / 2282] 
05-01 07:49:40.304  1684  1724 I HYPER-HAL: [RequestManager.cpp]acquire(): Acquired ID : 25622091  [7128 / 30]    HINT :      list : [TABoost / 1] [TIMEOUT / 1500] 
05-01 07:49:40.304  1684  1724 I HYPER-HAL: [RequestManager.cpp]acquire(): Acquired ID : 25629251  [7128 / 31]    HINT : TA_TOUCH_SHARE    list : [TIMEOUT / 1500] 
05-01 07:49:40.306 16310 16310 I warp-android-host: warp_mobile_android_host::vulkan: present_ok frame=2780 ts=163972780
05-01 07:49:40.307 16310 16310 D warp-android-host: android_logger: android_logger: log::set_logger failed: attempted to set a logger after the logging system was already initialized
05-01 07:49:40.308 16310 16310 I warp-android-host: warp_mobile_android_host: terminal_set_scroll_offset requested=0 clamped=0
05-01 07:49:40.314 16310 16310 I warp-android-host: warp_mobile_android_host::vulkan: present_ok frame=2781 ts=163972788
05-01 07:49:40.323 16310 16310 I warp-android-host: warp_mobile_android_host::vulkan: present_ok frame=2782 ts=163972796
05-01 07:49:40.323 16310 16310 D warp-android-host: android_logger: android_logger: log::set_logger failed: attempted to set a logger after the logging system was already initialized
05-01 07:49:40.323 16310 16310 I warp-android-host: warp_mobile_android_host: terminal_set_scroll_offset requested=0 clamped=0
05-01 07:49:40.331 16310 16310 I warp-android-host: warp_mobile_android_host::vulkan: present_ok frame=2783 ts=163972805
05-01 07:49:40.334  1802  2321 I CompositionEngine: [setDisplaySize] size=(434, 42)
05-01 07:49:40.340 16310 16310 I warp-android-host: warp_mobile_android_host::vulkan: present_ok frame=2784 ts=163972814
05-01 07:49:40.348 16310 16310 I warp-android-host: warp_mobile_android_host::vulkan: present_ok frame=2785 ts=163972822
05-01 07:49:40.356 16310 16310 I warp-android-host: warp_mobile_android_host::vulkan: present_ok frame=2786 ts=163972830
05-01 07:49:40.357 16310 16310 D warp-android-host: android_logger: android_logger: log::set_logger failed: attempted to set a logger after the logging system was already initialized
05-01 07:49:40.357 16310 16310 I warp-android-host: warp_mobile_android_host: terminal_set_scroll_offset requested=0 clamped=0
05-01 07:49:40.361  1186  1186 D io_stats: !@   8,0 r 25046388 369517656 w 13776392 211644988 d 1117186 382665080 f 500181 1537086 iot 5417648 0 th 0 0 0 pt 0 inp 0 0 163972.835
05-01 07:49:40.365 16310 16310 I warp-android-host: warp_mobile_android_host::vulkan: present_ok frame=2787 ts=163972838
05-01 07:49:40.373 16310 16310 I warp-android-host: warp_mobile_android_host::vulkan: present_ok frame=2788 ts=163972846
05-01 07:49:40.373 16310 16310 D warp-android-host: android_logger: android_logger: log::set_logger failed: attempted to set a logger after the logging system was already initialized
05-01 07:49:40.373 16310 16310 I warp-android-host: warp_mobile_android_host: terminal_set_scroll_offset requested=0 clamped=0
05-01 07:49:40.381 16310 16310 I warp-android-host: warp_mobile_android_host::vulkan: present_ok frame=2789 ts=163972855
05-01 07:49:40.389 16310 16310 I warp-android-host: warp_mobile_android_host::vulkan: present_ok frame=2790 ts=163972863
05-01 07:49:40.398 16310 16310 I warp-android-host: warp_mobile_android_host::vulkan: present_ok frame=2791 ts=163972872
05-01 07:49:40.406 16310 16310 I warp-android-host: warp_mobile_android_host::vulkan: present_ok frame=2792 ts=163972880
05-01 07:49:40.414 16310 16310 I warp-android-host: warp_mobile_android_host::vulkan: present_ok frame=2793 ts=163972888
05-01 07:49:40.423 16310 16310 I warp-android-host: warp_mobile_android_host::vulkan: present_ok frame=2794 ts=163972897
05-01 07:49:40.423 16310 16310 D warp-android-host: android_logger: android_logger: log::set_logger failed: attempted to set a logger after the logging system was already initialized
05-01 07:49:40.423 16310 16310 I warp-android-host: warp_mobile_android_host: terminal_set_scroll_offset requested=0 clamped=0
05-01 07:49:40.431 16310 16310 I warp-android-host: warp_mobile_android_host::vulkan: present_ok frame=2795 ts=163972905
05-01 07:49:40.434  1802  2321 I CompositionEngine: [setDisplaySize] size=(434, 42)
05-01 07:49:40.440 16310 16310 I warp-android-host: warp_mobile_android_host::vulkan: present_ok frame=2796 ts=163972914
05-01 07:49:40.448 16310 16310 I warp-android-host: warp_mobile_android_host::vulkan: present_ok frame=2797 ts=163972921
05-01 07:49:40.454  7128  7711 I SDHMS:n : Periodic event 'saveLog' will starts soon.
05-01 07:49:40.455  7128  7711 I SDHMS:x : Polling event syncDatabaseLocked will starts.
05-01 07:49:40.455  7128  7711 I SDHMS:x : Polling event syncDatabaseLocked finished.
05-01 07:49:40.455  7128  7711 I SDHMS:x : Polling event checkDatabaseLocked will starts.
05-01 07:49:40.456 16310 16310 I warp-android-host: warp_mobile_android_host::vulkan: present_ok frame=2798 ts=163972930
05-01 07:49:40.457 16310 16310 D warp-android-host: android_logger: android_logger: log::set_logger failed: attempted to set a logger after the logging system was already initialized
05-01 07:49:40.457 16310 16310 I warp-android-host: warp_mobile_android_host: terminal_set_scroll_offset requested=0 clamped=0
05-01 07:49:40.464 16310 16310 I warp-android-host: warp_mobile_android_host::vulkan: present_ok frame=2799 ts=163972938
05-01 07:49:40.466  7128  7711 I SDHMS:x : Polling event checkDatabaseLocked finished.
05-01 07:49:40.466  7128  7711 I SDHMS:x : Polling event checkDatabaseOverflow will starts.
05-01 07:49:40.467  7128  7711 I SDHMS:x : Polling event checkDatabaseOverflow finished.
05-01 07:49:40.472 16310 16310 I warp-android-host: warp_mobile_android_host::vulkan: present_ok frame=2800 ts=163972946
05-01 07:49:40.480 16310 16310 I warp-android-host: warp_mobile_android_host::vulkan: present_ok frame=2801 ts=163972954
05-01 07:49:40.489 16310 16310 I warp-android-host: warp_mobile_android_host::vulkan: present_ok frame=2802 ts=163972962
05-01 07:49:40.497 16310 16310 I warp-android-host: warp_mobile_android_host::vulkan: present_ok frame=2803 ts=163972971
05-01 07:49:40.505 16310 16310 I warp-android-host: warp_mobile_android_host::vulkan: present_ok frame=2804 ts=163972979
05-01 07:49:40.514 16310 16310 I warp-android-host: warp_mobile_android_host::vulkan: present_ok frame=2805 ts=163972987
05-01 07:49:40.515  2814  4051 E BatteryStatsService: Invalid uid for waking network packet: -1
05-01 07:49:40.519  2814  4051 D InputDispatcher: Inject motion (17076/2000): action=0x0, time=163972993000000, f=0x0, d=0 dsdx=1.000000 dtdx=0.000000
05-01 07:49:40.520  2814  3644 I InputDispatcher: Delivering touch to (3998): action: 0x4, f=0x0, d=0, 'c5a7fd5', t=1 
05-01 07:49:40.520  2814  3644 I InputDispatcher: Delivering touch to (16310): action: 0x0, f=0x0, d=0, '3ff34e4', t=1 
05-01 07:49:40.520 16310 16310 I VRI[MainActivity]@afeb858: ViewPostIme pointer 0
05-01 07:49:40.520 16310 16310 I WarpIme : touch_down x=540.0 y=1500.0
05-01 07:49:40.521 16310 16310 D warp-android-host: android_logger: android_logger: log::set_logger failed: attempted to set a logger after the logging system was already initialized
05-01 07:49:40.521 16310 16310 I warp-android-host: warp_mobile_android_host::input: input_event kind=touch_down x=540.0 y=1500.0 vx=0.0 vy=0.0 events_total=65
05-01 07:49:40.521 16310 16310 I GestureDetector: obtain mCurrentDownEvent. id: -1036515309 caller: dev.warp.mobile.WarpInputView.onTouchEvent:392 android.view.View.performOnTouchCallback:17234 android.view.View.dispatchTouchEvent:17187 
05-01 07:49:40.521 16310 16310 D warp-android-host: android_logger: android_logger: log::set_logger failed: attempted to set a logger after the logging system was already initialized
05-01 07:49:40.521 16310 16310 I warp-android-host: warp_mobile_android_host: terminal_set_scroll_offset requested=0 clamped=0
05-01 07:49:40.521  4483  4483 I HoneySpace.GestureInputHandler: inputConsumers = [com.honeyspace.gesture.inputconsumer.InputConsumer$Companion$NO_OP$1@3c5d14e]
05-01 07:49:40.521  4483  4483 I HoneySpace.InputSession: inputConsumers = NO_OP
05-01 07:49:40.521  2814  3005 I GestureDetector: obtain mCurrentDownEvent. id: -1036515309 caller: com.android.server.wm.SystemGesturesPointerEventListener.onPointerEvent:17 com.android.server.wm.PointerEventDispatcher.onInputEvent:51 android.view.InputEventReceiver.dispatchInputEvent:392 
05-01 07:49:40.521  4483  4483 I HoneySpace.InputSession: open
05-01 07:49:40.521  2814  3005 I GestureDetector: obtain mCurrentDownEvent. id: -1036515309 caller: com.android.server.wm.SystemPerformancePointerEventListener.onPointerEvent:13 com.android.server.wm.PointerEventDispatcher.onInputEvent:51 android.view.InputEventReceiver.dispatchInputEvent:392 
05-01 07:49:40.522 16310 16310 I warp-android-host: warp_mobile_android_host::vulkan: present_ok frame=2806 ts=163972996
05-01 07:49:40.524  7128  7128 I SemDvfsHyPerManager: acquire hyper - TATouchBoost/7128@30, type = -999
05-01 07:49:40.524  7128  7128 I SemDvfsHyPerManager: acquire hyper - TA_TOUCH_SHARE/7128@31, type = -999
05-01 07:49:40.525  1684  1724 I HYPER-HAL: [RequestManager.cpp]acquire(): Acquired ID : 25622091  [7128 / 30]    HINT :      list : [TABoost / 1] [TIMEOUT / 1500] 
05-01 07:49:40.525  1684  1724 I HYPER-HAL: [RequestManager.cpp]acquire(): Acquired ID : 25629251  [7128 / 31]    HINT : TA_TOUCH_SHARE    list : [TIMEOUT / 1500] 
05-01 07:49:40.528  2814  3005 I GestureDetector: obtain mCurrentMotionEventRaw. action: 2 id: -849241762
05-01 07:49:40.528  2814  3005 I GestureDetector: obtain mCurrentMotionEventRaw. action: 2 id: -849241762
05-01 07:49:40.529  2814  2814 I SemDvfsHyPerManager: acquire hyper - WM_SCROLL_DETECTED/2814@2, type = -999
05-01 07:49:40.530 16310 16310 I warp-android-host: warp_mobile_android_host::vulkan: present_ok frame=2807 ts=163973004
05-01 07:49:40.530  1684  1724 I HYPER-HAL: [RequestManager.cpp]acquire(): Acquired ID : 3966338  [2814 / 2]    HINT :      list : [CoreNumBigMin / 3] 
05-01 07:49:40.538 16310 16310 I GestureDetector: obtain mCurrentMotionEventRaw. action: 2 id: -849241762
05-01 07:49:40.538 16310 16310 D WarpIme : gesture_scroll x=540.0 y=1344.0 dx=0.0 dy=156.0 vx=0.0 vy=-13000.004
05-01 07:49:40.538 16310 16310 D warp-android-host: android_logger: android_logger: log::set_logger failed: attempted to set a logger after the logging system was already initialized
05-01 07:49:40.538 16310 16310 I warp-android-host: warp_mobile_android_host::input: input_event kind=scroll x=540.0 y=1344.0 vx=0.0 vy=-13000.0 events_total=66
05-01 07:49:40.538 16310 16310 D warp-android-host: android_logger: android_logger: log::set_logger failed: attempted to set a logger after the logging system was already initialized
05-01 07:49:40.538 16310 16310 I warp-android-host: warp_mobile_android_host: terminal_set_scroll_offset requested=0 clamped=0
05-01 07:49:40.539  1802  2321 I CompositionEngine: [setDisplaySize] size=(434, 42)
05-01 07:49:40.542 16310 16310 I warp-android-host: warp_mobile_android_host::vulkan: present_ok frame=2808 ts=163973015
05-01 07:49:40.546 16310 16310 D WarpIme : gesture_scroll x=540.0 y=1224.583 dx=0.0 dy=119.41699 vx=-0.12742129 vy=-13000.427
05-01 07:49:40.546 16310 16310 D warp-android-host: android_logger: android_logger: log::set_logger failed: attempted to set a logger after the logging system was already initialized
05-01 07:49:40.546 16310 16310 I warp-android-host: warp_mobile_android_host::input: input_event kind=scroll x=540.0 y=1224.6 vx=-0.1 vy=-13000.4 events_total=67
05-01 07:49:40.546 16310 16310 D warp-android-host: android_logger: android_logger: log::set_logger failed: attempted to set a logger after the logging system was already initialized
05-01 07:49:40.546 16310 16310 I warp-android-host: warp_mobile_android_host: terminal_set_scroll_offset requested=0 clamped=0
05-01 07:49:40.549 16310 16310 I warp-android-host: warp_mobile_android_host::vulkan: present_ok frame=2809 ts=163973022
05-01 07:49:40.554 16310 16310 D WarpIme : gesture_scroll x=540.0 y=1116.3857 dx=0.0 dy=108.197266 vx=-0.002669326 vy=-13000.064
05-01 07:49:40.555 16310 16310 D warp-android-host: android_logger: android_logger: log::set_logger failed: attempted to set a logger after the logging system was already initialized
05-01 07:49:40.555 16310 16310 I warp-android-host: warp_mobile_android_host::input: input_event kind=scroll x=540.0 y=1116.4 vx=-0.0 vy=-13000.1 events_total=68
05-01 07:49:40.555 16310 16310 D warp-android-host: android_logger: android_logger: log::set_logger failed: attempted to set a logger after the logging system was already initialized
05-01 07:49:40.555 16310 16310 I warp-android-host: warp_mobile_android_host: terminal_set_scroll_offset requested=0 clamped=0
05-01 07:49:40.557 16310 16310 I warp-android-host: warp_mobile_android_host::vulkan: present_ok frame=2810 ts=163973031
05-01 07:49:40.563 16310 16310 D WarpIme : gesture_scroll x=540.0 y=1008.1885 dx=0.0 dy=108.197266 vx=0.11539961 vy=-12999.752
05-01 07:49:40.563 16310 16310 D warp-android-host: android_logger: android_logger: log::set_logger failed: attempted to set a logger after the logging system was already initialized
05-01 07:49:40.563 16310 16310 I warp-android-host: warp_mobile_android_host::input: input_event kind=scroll x=540.0 y=1008.2 vx=0.1 vy=-12999.8 events_total=69
05-01 07:49:40.563 16310 16310 D warp-android-host: android_logger: android_logger: log::set_logger failed: attempted to set a logger after the logging system was already initialized
05-01 07:49:40.563 16310 16310 I warp-android-host: warp_mobile_android_host: terminal_set_scroll_offset requested=0 clamped=0
05-01 07:49:40.565 16310 16310 I warp-android-host: warp_mobile_android_host::vulkan: present_ok frame=2811 ts=163973039
05-01 07:49:40.571 16310 16310 D WarpIme : gesture_scroll x=540.0 y=899.9912 dx=0.0 dy=108.197266 vx=0.074313164 vy=-12999.846
05-01 07:49:40.571 16310 16310 D warp-android-host: android_logger: android_logger: log::set_logger failed: attempted to set a logger after the logging system was already initialized
05-01 07:49:40.571 16310 16310 I warp-android-host: warp_mobile_android_host::input: input_event kind=scroll x=540.0 y=900.0 vx=0.1 vy=-12999.8 events_total=70
05-01 07:49:40.571 16310 16310 D warp-android-host: android_logger: android_logger: log::set_logger failed: attempted to set a logger after the logging system was already initialized
05-01 07:49:40.571 16310 16310 I warp-android-host: warp_mobile_android_host: terminal_set_scroll_offset requested=0 clamped=0
05-01 07:49:40.574 16310 16310 I warp-android-host: warp_mobile_android_host::vulkan: present_ok frame=2812 ts=163973047
05-01 07:49:40.579 16310 16310 D WarpIme : gesture_scroll x=540.0 y=791.7949 dx=0.0 dy=108.19629 vx=-0.045567416 vy=-13000.067
05-01 07:49:40.579 16310 16310 D warp-android-host: android_logger: android_logger: log::set_logger failed: attempted to set a logger after the logging system was already initialized
05-01 07:49:40.580 16310 16310 I warp-android-host: warp_mobile_android_host::input: input_event kind=scroll x=540.0 y=791.8 vx=-0.0 vy=-13000.1 events_total=71
05-01 07:49:40.580 16310 16310 D warp-android-host: android_logger: android_logger: log::set_logger failed: attempted to set a logger after the logging system was already initialized
05-01 07:49:40.580 16310 16310 I warp-android-host: warp_mobile_android_host: terminal_set_scroll_offset requested=0 clamped=0
05-01 07:49:40.582 16310 16310 I warp-android-host: warp_mobile_android_host::vulkan: present_ok frame=2813 ts=163973055
05-01 07:49:40.587 16310 16310 D WarpIme : gesture_scroll x=540.0 y=683.59863 dx=0.0 dy=108.19629 vx=0.09066589 vy=-12999.91
05-01 07:49:40.588 16310 16310 D warp-android-host: android_logger: android_logger: log::set_logger failed: attempted to set a logger after the logging system was already initialized
05-01 07:49:40.588 16310 16310 I warp-android-host: warp_mobile_android_host::input: input_event kind=scroll x=540.0 y=683.6 vx=0.1 vy=-12999.9 events_total=72
05-01 07:49:40.588 16310 16310 D warp-android-host: android_logger: android_logger: log::set_logger failed: attempted to set a logger after the logging system was already initialized
05-01 07:49:40.588 16310 16310 I warp-android-host: warp_mobile_android_host: terminal_set_scroll_offset requested=0 clamped=0
05-01 07:49:40.590 16310 16310 I warp-android-host: warp_mobile_android_host::vulkan: present_ok frame=2814 ts=163973063
05-01 07:49:40.596 16310 16310 D WarpIme : gesture_scroll x=540.0 y=575.40234 dx=0.0 dy=108.19629 vx=0.0073392442 vy=-13000.093
05-01 07:49:40.596 16310 16310 D warp-android-host: android_logger: android_logger: log::set_logger failed: attempted to set a logger after the logging system was already initialized
05-01 07:49:40.596 16310 16310 I warp-android-host: warp_mobile_android_host::input: input_event kind=scroll x=540.0 y=575.4 vx=0.0 vy=-13000.1 events_total=73
05-01 07:49:40.596 16310 16310 D warp-android-host: android_logger: android_logger: log::set_logger failed: attempted to set a logger after the logging system was already initialized
05-01 07:49:40.596 16310 16310 I warp-android-host: warp_mobile_android_host: terminal_set_scroll_offset requested=0 clamped=0
05-01 07:49:40.598 16310 16310 I warp-android-host: warp_mobile_android_host::vulkan: present_ok frame=2815 ts=163973072
05-01 07:49:40.604 16310 16310 D WarpIme : gesture_scroll x=540.0 y=467.20605 dx=0.0 dy=108.19629 vx=0.033082213 vy=-13000.008
05-01 07:49:40.605 16310 16310 D warp-android-host: android_logger: android_logger: log::set_logger failed: attempted to set a logger after the logging system was already initialized
05-01 07:49:40.605 16310 16310 I warp-android-host: warp_mobile_android_host::input: input_event kind=scroll x=540.0 y=467.2 vx=0.0 vy=-13000.0 events_total=74
05-01 07:49:40.605 16310 16310 D warp-android-host: android_logger: android_logger: log::set_logger failed: attempted to set a logger after the logging system was already initialized
05-01 07:49:40.605 16310 16310 I warp-android-host: warp_mobile_android_host: terminal_set_scroll_offset requested=0 clamped=0
05-01 07:49:40.607 16310 16310 I warp-android-host: warp_mobile_android_host::vulkan: present_ok frame=2816 ts=163973081
05-01 07:49:40.613 16310 16310 D WarpIme : gesture_scroll x=540.0 y=359.00977 dx=0.0 dy=108.19629 vx=-0.02508776 vy=-12999.996
05-01 07:49:40.613 16310 16310 D warp-android-host: android_logger: android_logger: log::set_logger failed: attempted to set a logger after the logging system was already initialized
05-01 07:49:40.613 16310 16310 I warp-android-host: warp_mobile_android_host::input: input_event kind=scroll x=540.0 y=359.0 vx=-0.0 vy=-13000.0 events_total=75
05-01 07:49:40.613 16310 16310 D warp-android-host: android_logger: android_logger: log::set_logger failed: attempted to set a logger after the logging system was already initialized
05-01 07:49:40.613 16310 16310 I warp-android-host: warp_mobile_android_host: terminal_set_scroll_offset requested=0 clamped=0
05-01 07:49:40.616 16310 16310 I warp-android-host: warp_mobile_android_host::vulkan: present_ok frame=2817 ts=163973089
05-01 07:49:40.621 16310 16310 D WarpIme : gesture_scroll x=540.0 y=250.81445 dx=0.0 dy=108.19531 vx=-0.039467335 vy=-12999.974
05-01 07:49:40.621 16310 16310 D warp-android-host: android_logger: android_logger: log::set_logger failed: attempted to set a logger after the logging system was already initialized
05-01 07:49:40.621 16310 16310 I warp-android-host: warp_mobile_android_host::input: input_event kind=scroll x=540.0 y=250.8 vx=-0.0 vy=-13000.0 events_total=76
05-01 07:49:40.621 16310 16310 D warp-android-host: android_logger: android_logger: log::set_logger failed: attempted to set a logger after the logging system was already initialized
05-01 07:49:40.621 16310 16310 I warp-android-host: warp_mobile_android_host: terminal_set_scroll_offset requested=0 clamped=0
05-01 07:49:40.622  2814  4051 D InputDispatcher: Inject motion (17076/2000): action=0x1, time=163973096000000, f=0x0, d=0 dsdx=1.000000 dtdx=0.000000
05-01 07:49:40.623  2814  3644 I InputDispatcher: Delivering touch to (16310): action: 0x1, f=0x0, d=0, '3ff34e4', t=1 
05-01 07:49:40.624 16310 16310 I warp-android-host: warp_mobile_android_host::vulkan: present_ok frame=2818 ts=163973098
05-01 07:49:40.624  4483  4483 I HoneySpace.GestureInputHandler: reset
05-01 07:49:40.624 16310 16310 I VRI[MainActivity]@afeb858: ViewPostIme pointer 1
05-01 07:49:40.624  4483  4483 I HoneySpace.InputSession: close
05-01 07:49:40.624 16310 16310 I WarpIme : touch_up x=540.0 y=200.0
05-01 07:49:40.624 16310 16310 D warp-android-host: android_logger: android_logger: log::set_logger failed: attempted to set a logger after the logging system was already initialized
05-01 07:49:40.625 16310 16310 I warp-android-host: warp_mobile_android_host::input: input_event kind=touch_up x=540.0 y=200.0 vx=0.0 vy=0.0 events_total=77
05-01 07:49:40.625 16310 16310 I WarpIme : gesture_fling vx=-0.039467335 vy=-12999.974
05-01 07:49:40.625  2814  2814 I SemDvfsHyPerManager: acquire hyper - GESTURE_DETECTED_HRR/2814@29, type = -999
05-01 07:49:40.625  2814  2814 I SemDvfsHyPerManager: acquire hyper - SMOOTH_SCROLL/2814@25, type = -999
05-01 07:49:40.626  2814  2814 I SemDvfsHyPerManager: acquire hyper - GESTURE_DETECTED_HRR/2814@29, type = -999
05-01 07:49:40.627  1684  1724 I HYPER-HAL: [RequestManager.cpp]releaseLocked(): Released ID : 3966338
05-01 07:49:40.627  7128  7128 I SemDvfsHyPerManager: acquire hyper - TATouchBoost/7128@30, type = -999
05-01 07:49:40.628  1684  1724 I HYPER-HAL: [RequestManager.cpp]acquire(): Acquired ID : 4042775  [2814 / 29]    HINT : GESTURE_DETECTED_HRR    list : [TIMEOUT / 2083] 
05-01 07:49:40.628  7128  7128 I SemDvfsHyPerManager: acquire hyper - TA_TOUCH_SHARE/7128@31, type = -999
05-01 07:49:40.628  1684  1724 I HYPER-HAL: [RequestManager.cpp]acquire(): Acquired ID : 4042775  [2814 / 29]    HINT : GESTURE_DETECTED_HRR    list : [TIMEOUT / 2282] 
05-01 07:49:40.628  1684  1724 I HYPER-HAL: [RequestManager.cpp]acquire(): Acquired ID : 25622091  [7128 / 30]    HINT :      list : [TABoost / 1] [TIMEOUT / 1500] 
05-01 07:49:40.629  1684  1724 I HYPER-HAL: [RequestManager.cpp]acquire(): Acquired ID : 25629251  [7128 / 31]    HINT : TA_TOUCH_SHARE    list : [TIMEOUT / 1500] 
05-01 07:49:40.631 16310 16310 I warp-android-host: warp_mobile_android_host::vulkan: present_ok frame=2819 ts=163973105
05-01 07:49:40.639  1802  2321 I CompositionEngine: [setDisplaySize] size=(434, 42)
05-01 07:49:40.639 16310 16310 I warp-android-host: warp_mobile_android_host::vulkan: present_ok frame=2820 ts=163973113
05-01 07:49:40.641 16310 16310 D warp-android-host: android_logger: android_logger: log::set_logger failed: attempted to set a logger after the logging system was already initialized
05-01 07:49:40.641 16310 16310 I warp-android-host: warp_mobile_android_host: terminal_set_scroll_offset requested=0 clamped=0
05-01 07:49:40.648 16310 16310 I warp-android-host: warp_mobile_android_host::vulkan: present_ok frame=2821 ts=163973122
05-01 07:49:40.655 16310 16310 I warp-android-host: warp_mobile_android_host::vulkan: present_ok frame=2822 ts=163973129
05-01 07:49:40.657 16310 16310 D warp-android-host: android_logger: android_logger: log::set_logger failed: attempted to set a logger after the logging system was already initialized
05-01 07:49:40.657 16310 16310 I warp-android-host: warp_mobile_android_host: terminal_set_scroll_offset requested=0 clamped=0
05-01 07:49:40.664 16310 16310 I warp-android-host: warp_mobile_android_host::vulkan: present_ok frame=2823 ts=163973138
05-01 07:49:40.672 16310 16310 I warp-android-host: warp_mobile_android_host::vulkan: present_ok frame=2824 ts=163973146
05-01 07:49:40.674 16310 16310 D warp-android-host: android_logger: android_logger: log::set_logger failed: attempted to set a logger after the logging system was already initialized
05-01 07:49:40.674 16310 16310 I warp-android-host: warp_mobile_android_host: terminal_set_scroll_offset requested=0 clamped=0
05-01 07:49:40.681 16310 16310 I warp-android-host: warp_mobile_android_host::vulkan: present_ok frame=2825 ts=163973155
05-01 07:49:40.689 16310 16310 I warp-android-host: warp_mobile_android_host::vulkan: present_ok frame=2826 ts=163973163
05-01 07:49:40.691 16310 16310 D warp-android-host: android_logger: android_logger: log::set_logger failed: attempted to set a logger after the logging system was already initialized
05-01 07:49:40.691 16310 16310 I warp-android-host: warp_mobile_android_host: terminal_set_scroll_offset requested=0 clamped=0
05-01 07:49:40.697 16310 16310 I warp-android-host: warp_mobile_android_host::vulkan: present_ok frame=2827 ts=163973171
05-01 07:49:40.706 16310 16310 I warp-android-host: warp_mobile_android_host::vulkan: present_ok frame=2828 ts=163973179
05-01 07:49:40.706 16310 16310 D warp-android-host: android_logger: android_logger: log::set_logger failed: attempted to set a logger after the logging system was already initialized
05-01 07:49:40.706 16310 16310 I warp-android-host: warp_mobile_android_host: terminal_set_scroll_offset requested=0 clamped=0
05-01 07:49:40.714 16310 16310 I warp-android-host: warp_mobile_android_host::vulkan: present_ok frame=2829 ts=163973188
05-01 07:49:40.723 16310 16310 I warp-android-host: warp_mobile_android_host::vulkan: present_ok frame=2830 ts=163973196
05-01 07:49:40.723 16310 16310 D warp-android-host: android_logger: android_logger: log::set_logger failed: attempted to set a logger after the logging system was already initialized
05-01 07:49:40.723 16310 16310 I warp-android-host: warp_mobile_android_host: terminal_set_scroll_offset requested=0 clamped=0
05-01 07:49:40.731 16310 16310 I warp-android-host: warp_mobile_android_host::vulkan: present_ok frame=2831 ts=163973205
05-01 07:49:40.739 16310 16310 I warp-android-host: warp_mobile_android_host::vulkan: present_ok frame=2832 ts=163973213
05-01 07:49:40.740 16310 16310 D warp-android-host: android_logger: android_logger: log::set_logger failed: attempted to set a logger after the logging system was already initialized
05-01 07:49:40.740 16310 16310 I warp-android-host: warp_mobile_android_host: terminal_set_scroll_offset requested=0 clamped=0
05-01 07:49:40.741  1802  2321 I CompositionEngine: [setDisplaySize] size=(434, 42)
05-01 07:49:40.746  1792  1822 E HeatmapThread: ECT Thread time in milliseconds: 1777592980
05-01 07:49:40.748 16310 16310 I warp-android-host: warp_mobile_android_host::vulkan: present_ok frame=2833 ts=163973222
05-01 07:49:40.751  1792  1822 D HeatmapThread: !@ batteryplugType : 2
05-01 07:49:40.752  1792  1822 D HeatmapThread: !@ batteryLevel : 100  batteryTemperature : 322 
05-01 07:49:40.752  1792  1822 D HeatmapThread: !@ Heatmap currtime: 29626549
05-01 07:49:40.752  1792  1822 D HeatmapThread: !@ Heatmap prevtime: 29626524
05-01 07:49:40.752  1792  1822 D HeatmapThread: !@ Heatmap plugstarttime: 29625649
05-01 07:49:40.752  1792  1822 D HeatmapThread: !@ Heatmap prevv_dsoh_update_time: 29626542
05-01 07:49:40.752  1792  1822 E HeatmapThread: !@ CAM New BSOH: 100
05-01 07:49:40.752  1792  1822 E HeatmapThread: !@ CAM is Working
05-01 07:49:40.755 16310 16310 I warp-android-host: warp_mobile_android_host::vulkan: present_ok frame=2834 ts=163973229
05-01 07:49:40.756 16310 16310 D warp-android-host: android_logger: android_logger: log::set_logger failed: attempted to set a logger after the logging system was already initialized
05-01 07:49:40.756 16310 16310 I warp-android-host: warp_mobile_android_host: terminal_set_scroll_offset requested=0 clamped=0
05-01 07:49:40.764 16310 16310 I warp-android-host: warp_mobile_android_host::vulkan: present_ok frame=2835 ts=163973238
05-01 07:49:40.772 16310 16310 I warp-android-host: warp_mobile_android_host::vulkan: present_ok frame=2836 ts=163973246
05-01 07:49:40.773 16310 16310 D warp-android-host: android_logger: android_logger: log::set_logger failed: attempted to set a logger after the logging system was already initialized
05-01 07:49:40.773 16310 16310 I warp-android-host: warp_mobile_android_host: terminal_set_scroll_offset requested=0 clamped=0
05-01 07:49:40.781 16310 16310 I warp-android-host: warp_mobile_android_host::vulkan: present_ok frame=2837 ts=163973255
05-01 07:49:40.789 16310 16310 I warp-android-host: warp_mobile_android_host::vulkan: present_ok frame=2838 ts=163973263
05-01 07:49:40.790 16310 16310 D warp-android-host: android_logger: android_logger: log::set_logger failed: attempted to set a logger after the logging system was already initialized
05-01 07:49:40.790 16310 16310 I warp-android-host: warp_mobile_android_host: terminal_set_scroll_offset requested=0 clamped=0
05-01 07:49:40.794  2814  3899 D NetdEventListenerService: DNS Requested by 101, 10419(com.coinmarketcap.android), 4(FAIL), isBlocked=true, 0ms
05-01 07:49:40.798 16310 16310 I warp-android-host: warp_mobile_android_host::vulkan: present_ok frame=2839 ts=163973271
05-01 07:49:40.806 16310 16310 I warp-android-host: warp_mobile_android_host::vulkan: present_ok frame=2840 ts=163973280
05-01 07:49:40.806 16310 16310 D warp-android-host: android_logger: android_logger: log::set_logger failed: attempted to set a logger after the logging system was already initialized
05-01 07:49:40.807 16310 16310 I warp-android-host: warp_mobile_android_host: terminal_set_scroll_offset requested=0 clamped=0
05-01 07:49:40.814 16310 16310 I warp-android-host: warp_mobile_android_host::vulkan: present_ok frame=2841 ts=163973287
05-01 07:49:40.822 16310 16310 I warp-android-host: warp_mobile_android_host::vulkan: present_ok frame=2842 ts=163973296
05-01 07:49:40.823 16310 16310 D warp-android-host: android_logger: android_logger: log::set_logger failed: attempted to set a logger after the logging system was already initialized
05-01 07:49:40.823 16310 16310 I warp-android-host: warp_mobile_android_host: terminal_set_scroll_offset requested=0 clamped=0
05-01 07:49:40.831 16310 16310 I warp-android-host: warp_mobile_android_host::vulkan: present_ok frame=2843 ts=163973304
05-01 07:49:40.839 16310 16310 I warp-android-host: warp_mobile_android_host::vulkan: present_ok frame=2844 ts=163973313
05-01 07:49:40.840 16310 16310 D warp-android-host: android_logger: android_logger: log::set_logger failed: attempted to set a logger after the logging system was already initialized
05-01 07:49:40.840 16310 16310 I warp-android-host: warp_mobile_android_host: terminal_set_scroll_offset requested=0 clamped=0
05-01 07:49:40.843  1802  2321 I CompositionEngine: [setDisplaySize] size=(434, 42)
05-01 07:49:40.848 16310 16310 I warp-android-host: warp_mobile_android_host::vulkan: present_ok frame=2845 ts=163973321
05-01 07:49:40.855 16310 16310 I warp-android-host: warp_mobile_android_host::vulkan: present_ok frame=2846 ts=163973329
05-01 07:49:40.857 16310 16310 D warp-android-host: android_logger: android_logger: log::set_logger failed: attempted to set a logger after the logging system was already initialized
05-01 07:49:40.857 16310 16310 I warp-android-host: warp_mobile_android_host: terminal_set_scroll_offset requested=0 clamped=0
05-01 07:49:40.863 16310 16310 I warp-android-host: warp_mobile_android_host::vulkan: present_ok frame=2847 ts=163973337
05-01 07:49:40.872 16310 16310 I warp-android-host: warp_mobile_android_host::vulkan: present_ok frame=2848 ts=163973346
05-01 07:49:40.874 16310 16310 D warp-android-host: android_logger: android_logger: log::set_logger failed: attempted to set a logger after the logging system was already initialized
05-01 07:49:40.874 16310 16310 I warp-android-host: warp_mobile_android_host: terminal_set_scroll_offset requested=0 clamped=0
05-01 07:49:40.880 16310 16310 I warp-android-host: warp_mobile_android_host::vulkan: present_ok frame=2849 ts=163973354
05-01 07:49:40.889 16310 16310 I warp-android-host: warp_mobile_android_host::vulkan: present_ok frame=2850 ts=163973362
05-01 07:49:40.890 16310 16310 D warp-android-host: android_logger: android_logger: log::set_logger failed: attempted to set a logger after the logging system was already initialized
05-01 07:49:40.890 16310 16310 I warp-android-host: warp_mobile_android_host: terminal_set_scroll_offset requested=0 clamped=0
05-01 07:49:40.895  1672  2586 I sensors-hal: handle_sns_std_sensor_event:90, light_cct: ts = 244694056660232 ns; value = [0, 0, 5, 5, 0, 15, 0, 0, 0, 0]
05-01 07:49:40.897 16310 16310 I warp-android-host: warp_mobile_android_host::vulkan: present_ok frame=2851 ts=163973370
05-01 07:49:40.905 16310 16310 I warp-android-host: warp_mobile_android_host::vulkan: present_ok frame=2852 ts=163973379
05-01 07:49:40.907 16310 16310 D warp-android-host: android_logger: android_logger: log::set_logger failed: attempted to set a logger after the logging system was already initialized
05-01 07:49:40.907 16310 16310 I warp-android-host: warp_mobile_android_host: terminal_set_scroll_offset requested=0 clamped=0
05-01 07:49:40.914 16310 16310 I warp-android-host: warp_mobile_android_host::vulkan: present_ok frame=2853 ts=163973387
05-01 07:49:40.922 16310 16310 I warp-android-host: warp_mobile_android_host::vulkan: present_ok frame=2854 ts=163973395
05-01 07:49:40.922 16310 16310 D warp-android-host: android_logger: android_logger: log::set_logger failed: attempted to set a logger after the logging system was already initialized
05-01 07:49:40.922 16310 16310 I warp-android-host: warp_mobile_android_host: terminal_set_scroll_offset requested=0 clamped=0
05-01 07:49:40.930 16310 16310 I warp-android-host: warp_mobile_android_host::vulkan: present_ok frame=2855 ts=163973404
05-01 07:49:40.939 16310 16310 I warp-android-host: warp_mobile_android_host::vulkan: present_ok frame=2856 ts=163973412
05-01 07:49:40.939 16310 16310 D warp-android-host: android_logger: android_logger: log::set_logger failed: attempted to set a logger after the logging system was already initialized
05-01 07:49:40.939 16310 16310 I warp-android-host: warp_mobile_android_host: terminal_set_scroll_offset requested=0 clamped=0
05-01 07:49:40.947  1802  2321 I CompositionEngine: [setDisplaySize] size=(434, 42)
05-01 07:49:40.947 16310 16310 I warp-android-host: warp_mobile_android_host::vulkan: present_ok frame=2857 ts=163973420
05-01 07:49:40.956 16310 16310 I warp-android-host: warp_mobile_android_host::vulkan: present_ok frame=2858 ts=163973429
05-01 07:49:40.956 16310 16310 D warp-android-host: android_logger: android_logger: log::set_logger failed: attempted to set a logger after the logging system was already initialized
05-01 07:49:40.956 16310 16310 I warp-android-host: warp_mobile_android_host: terminal_set_scroll_offset requested=0 clamped=0
05-01 07:49:40.963 16310 16310 I warp-android-host: warp_mobile_android_host::vulkan: present_ok frame=2859 ts=163973437
05-01 07:49:40.972 16310 16310 I warp-android-host: warp_mobile_android_host::vulkan: present_ok frame=2860 ts=163973445
05-01 07:49:40.972 16310 16310 D warp-android-host: android_logger: android_logger: log::set_logger failed: attempted to set a logger after the logging system was already initialized
05-01 07:49:40.972 16310 16310 I warp-android-host: warp_mobile_android_host: terminal_set_scroll_offset requested=0 clamped=0
05-01 07:49:40.980 16310 16310 I warp-android-host: warp_mobile_android_host::vulkan: present_ok frame=2861 ts=163973454
05-01 07:49:40.988 16310 16310 I warp-android-host: warp_mobile_android_host::vulkan: present_ok frame=2862 ts=163973462
05-01 07:49:40.989 16310 16310 D warp-android-host: android_logger: android_logger: log::set_logger failed: attempted to set a logger after the logging system was already initialized
05-01 07:49:40.989 16310 16310 I warp-android-host: warp_mobile_android_host: terminal_set_scroll_offset requested=0 clamped=0
05-01 07:49:40.997 16310 16310 I warp-android-host: warp_mobile_android_host::vulkan: present_ok frame=2863 ts=163973470
05-01 07:49:41.004  2814  4051 W ActivityManager: Unable to start service Intent { act=com.skms.android.agent.remote.SKMSAgentProxyService xflg=0x4 pkg=com.skms.android.agent.remote } U=0: not found
05-01 07:49:41.005 16310 16310 I warp-android-host: warp_mobile_android_host::vulkan: present_ok frame=2864 ts=163973479
05-01 07:49:41.005 16310 16310 D warp-android-host: android_logger: android_logger: log::set_logger failed: attempted to set a logger after the logging system was already initialized
05-01 07:49:41.005 16310 16310 I warp-android-host: warp_mobile_android_host: terminal_set_scroll_offset requested=0 clamped=0
05-01 07:49:41.013 16310 16310 I warp-android-host: warp_mobile_android_host::vulkan: present_ok frame=2865 ts=163973487
05-01 07:49:41.021 16310 16310 I warp-android-host: warp_mobile_android_host::vulkan: present_ok frame=2866 ts=163973495
05-01 07:49:41.022 16310 16310 D warp-android-host: android_logger: android_logger: log::set_logger failed: attempted to set a logger after the logging system was already initialized
05-01 07:49:41.022 16310 16310 I warp-android-host: warp_mobile_android_host: terminal_set_scroll_offset requested=0 clamped=0
05-01 07:49:41.030 16310 16310 I warp-android-host: warp_mobile_android_host::vulkan: present_ok frame=2867 ts=163973503
05-01 07:49:41.038 16310 16310 I warp-android-host: warp_mobile_android_host::vulkan: present_ok frame=2868 ts=163973512
05-01 07:49:41.047 16310 16310 I warp-android-host: warp_mobile_android_host::vulkan: present_ok frame=2869 ts=163973521
05-01 07:49:41.049  1802  2321 I CompositionEngine: [setDisplaySize] size=(434, 42)
05-01 07:49:41.056 16310 16310 I warp-android-host: warp_mobile_android_host::vulkan: present_ok frame=2870 ts=163973529
05-01 07:49:41.056 16310 16310 D warp-android-host: android_logger: android_logger: log::set_logger failed: attempted to set a logger after the logging system was already initialized
05-01 07:49:41.056 16310 16310 I warp-android-host: warp_mobile_android_host: terminal_set_scroll_offset requested=0 clamped=0
05-01 07:49:41.063 16310 16310 I warp-android-host: warp_mobile_android_host::vulkan: present_ok frame=2871 ts=163973537
05-01 07:49:41.069  1667  5342 I vendor.qti.bluetooth@1.1-ibs_handler: ProcessIbsCmd: Received IBS_WAKE_IND: 0xFD
05-01 07:49:41.069  1667  5342 D vendor.qti.bluetooth@1.1-ibs_handler: SerialClockVote: vote for UART CLK ON
05-01 07:49:41.070  1667  5342 D vendor.qti.bluetooth@1.1-wake_lock: Acquire wakelock is acquired 
05-01 07:49:41.070  1667  5342 I vendor.qti.bluetooth@1.1-ibs_handler: ProcessIbsCmd: Writing IBS_WAKE_ACK
05-01 07:49:41.072 16310 16310 I warp-android-host: warp_mobile_android_host::vulkan: present_ok frame=2872 ts=163973545
05-01 07:49:41.080  4283  5396 I ScanController: onScanResult to scannerId: 12- eventType=0x10, addressType=1, address=XX:XX:XX:XX:54:EB, primaryPhy=1, secondaryPhy=0, advertisingSid=0xff, txPower=127, rssi=-37, periodicAdvInt=0x0
05-01 07:49:41.080 16310 16310 I warp-android-host: warp_mobile_android_host::vulkan: present_ok frame=2873 ts=163973554
05-01 07:49:41.083  4283  5396 I ScanController: onScanResult to scannerId: 6- eventType=0x1b, addressType=1, address=XX:XX:XX:XX:7F:A1, primaryPhy=1, secondaryPhy=0, advertisingSid=0xff, txPower=127, rssi=-60, periodicAdvInt=0x0
05-01 07:49:41.083 30192 15517 I NearbyMediums: Triggered instant on lost for service id : NearbySharing with hash [ 0xb8 0xe4 0xb4 0xc6 ]
05-01 07:49:41.083 30192 17085 I NearbyConnections: Processing instant lost on BlePeripheral BlePeripheral{advertisement=BleAdvertisement { version=2, socketVersion=2, isFast=true, serviceIdHash=null, data=[ 0x23 0x30 0x36 0x57 0x41 0x11 0x34 0xa1 0xd0 0x2a 0x07 0xcb 0xfa 0x57 0xba 0x86 0x42 0xf7 0x15 0x94 0xcf 0xf4 0x6f ], deviceToken=[ 0xc7 0x1a ], rxAdvertisement=null }, dctAdvertisement=null, address=null, psm=0, deviceToken=<ByteString@1137b6f size=2 contents="\307\032">, isSecondProfile=false, rxInstantConnectionAdv=null}.
05-01 07:49:41.083 30192 17085 I NearbyConnections: Remove entry from BleAdvertisementProcessor bleEndpoints.
05-01 07:49:41.084 30192 17085 I NearbyConnections: Unable to record lost endpoint due to null currentDiscoveryPhase
05-01 07:49:41.084 30192 17085 I NearbyConnections: ClientProxy(15084941) reporting onEndpointLost(06WA)
05-01 07:49:41.085 30192 15517 I NearbySharing: NearbySharing Internal event EndpointLost(endpointId=06WA)
05-01 07:49:41.085 30192 17085 I NearbySharing: [NS_DISCOVERY] DiscoveryController reported Lost(endpointId=06WA)
05-01 07:49:41.088 16310 16310 I warp-android-host: warp_mobile_android_host::vulkan: present_ok frame=2874 ts=163973562
05-01 07:49:41.089 16310 16310 D warp-android-host: android_logger: android_logger: log::set_logger failed: attempted to set a logger after the logging system was already initialized
05-01 07:49:41.089 16310 16310 I warp-android-host: warp_mobile_android_host: terminal_set_scroll_offset requested=0 clamped=0
05-01 07:49:41.096 16310 16310 I warp-android-host: warp_mobile_android_host::vulkan: present_ok frame=2875 ts=163973570
05-01 07:49:41.105 16310 16310 I warp-android-host: warp_mobile_android_host::vulkan: present_ok frame=2876 ts=163973578
05-01 07:49:41.113 16310 16310 I warp-android-host: warp_mobile_android_host::vulkan: present_ok frame=2877 ts=163973587
05-01 07:49:41.120  1667  5342 I vendor.qti.bluetooth@1.1-ibs_handler: ProcessIbsCmd: Received IBS_SLEEP_IND: 0xFE
05-01 07:49:41.121  1667  5342 D vendor.qti.bluetooth@1.1-ibs_handler: SerialClockVote: vote for UART CLK OFF
05-01 07:49:41.122 16310 16310 I warp-android-host: warp_mobile_android_host::vulkan: present_ok frame=2878 ts=163973595
05-01 07:49:41.122 16310 16310 D warp-android-host: android_logger: android_logger: log::set_logger failed: attempted to set a logger after the logging system was already initialized
05-01 07:49:41.122 16310 16310 I warp-android-host: warp_mobile_android_host: terminal_set_scroll_offset requested=0 clamped=0
05-01 07:49:41.130 16310 16310 I warp-android-host: warp_mobile_android_host::vulkan: present_ok frame=2879 ts=163973603
05-01 07:49:41.138 16310 16310 I warp-android-host: warp_mobile_android_host::vulkan: present_ok frame=2880 ts=163973612
05-01 07:49:41.147 16310 16310 I warp-android-host: warp_mobile_android_host::vulkan: present_ok frame=2881 ts=163973620
05-01 07:49:41.149  1802  2321 I CompositionEngine: [setDisplaySize] size=(434, 42)
05-01 07:49:41.156 16310 16310 I warp-android-host: warp_mobile_android_host::vulkan: present_ok frame=2882 ts=163973629
05-01 07:49:41.163 16310 16310 I warp-android-host: warp_mobile_android_host::vulkan: present_ok frame=2883 ts=163973637
05-01 07:49:41.171 16310 16310 I warp-android-host: warp_mobile_android_host::vulkan: present_ok frame=2884 ts=163973645
05-01 07:49:41.180 16310 16310 I warp-android-host: warp_mobile_android_host::vulkan: present_ok frame=2885 ts=163973654
05-01 07:49:41.188 16310 16310 I warp-android-host: warp_mobile_android_host::vulkan: present_ok frame=2886 ts=163973662
05-01 07:49:41.189 16310 16310 D warp-android-host: android_logger: android_logger: log::set_logger failed: attempted to set a logger after the logging system was already initialized
05-01 07:49:41.189 16310 16310 I warp-android-host: warp_mobile_android_host: terminal_set_scroll_offset requested=0 clamped=0
05-01 07:49:41.195  1667  5342 I vendor.qti.bluetooth@1.1-ibs_handler: ProcessIbsCmd: Received IBS_WAKE_IND: 0xFD
05-01 07:49:41.195  1667  5342 D vendor.qti.bluetooth@1.1-ibs_handler: SerialClockVote: vote for UART CLK ON
05-01 07:49:41.196  1667  5342 I vendor.qti.bluetooth@1.1-ibs_handler: ProcessIbsCmd: Writing IBS_WAKE_ACK
05-01 07:49:41.197 16310 16310 I warp-android-host: warp_mobile_android_host::vulkan: present_ok frame=2887 ts=163973670
05-01 07:49:41.202  4283  5396 I ScanController: onScanResult to scannerId: 12- eventType=0x10, addressType=1, address=XX:XX:XX:XX:54:EB, primaryPhy=1, secondaryPhy=0, advertisingSid=0xff, txPower=127, rssi=-37, periodicAdvInt=0x0
05-01 07:49:41.202  4283  5396 I ScanController: onScanResult to scannerId: 12- eventType=0x10, addressType=1, address=XX:XX:XX:XX:FB:5D, primaryPhy=1, secondaryPhy=0, advertisingSid=0xff, txPower=127, rssi=-47, periodicAdvInt=0x0
05-01 07:49:41.205 16310 16310 I warp-android-host: warp_mobile_android_host::vulkan: present_ok frame=2888 ts=163973678
05-01 07:49:41.206 30192 17086 I NearbyMediums: This GATT advertisement BleAdvertisement { version=2, socketVersion=2, isFast=true, serviceIdHash=null, data=[ 0x23 0x30 0x36 0x57 0x41 0x11 0x34 0xa1 0xd0 0x2a 0x07 0xcb 0xfa 0x57 0xba 0x86 0x42 0xf7 0x15 0x94 0xcf 0xf4 0x6f ], deviceToken=[ 0xe4 0x81 ], rxAdvertisement=null } is a Fast Advertisement and matched UUID 0000fef3-0000-1000-8000-00805f9b34fb in fastAdvertisementServiceUuids map with serviceID NearbySharing
05-01 07:49:41.206 30192 17088 I NearbyConnections: Found BleAdvertisement [ 0x23 0x30 0x36 0x57 0x41 0x11 0x34 0xa1 0xd0 0x2a 0x07 0xcb 0xfa 0x57 0xba 0x86 0x42 0xf7 0x15 0x94 0xcf 0xf4 0x6f ] (with EndpointId 06WA and EndpointInfo [ 0x34 0xa1 0xd0 0x2a 0x07 0xcb 0xfa 0x57 0xba 0x86 0x42 0xf7 0x15 0x94 0xcf 0xf4 0x6f ])
05-01 07:49:41.208 30192 17088 I NearbyConnections: Unable to record discovered endpoint due to null currentDiscoveryPhase
05-01 07:49:41.209 30192 17088 I NearbyConnections: ClientProxy(15084941 0p:com.google.android.gms.nearby.sharing) reporting onEndpointFound(06WA)
05-01 07:49:41.209 30192 17088 I NearbyConnections: ClientProxy(15084941) reporting onEndpointDistanceChanged(06WA, UNKNOWN)
05-01 07:49:41.209 30192 17088 I NearbySharing: NearbySharing Internal event EndpointDiscovered(endpointId=06WA)
05-01 07:49:41.213 16310 16310 I warp-android-host: warp_mobile_android_host::vulkan: present_ok frame=2889 ts=163973687
