05-01 07:49:44.534 16310 16310 I warp-android-host: warp_mobile_android_host::vulkan: present_ok frame=3288 ts=163977008
05-01 07:49:44.542 16310 16310 I warp-android-host: warp_mobile_android_host::vulkan: present_ok frame=3289 ts=163977016
05-01 07:49:44.551 16310 16310 I warp-android-host: warp_mobile_android_host::vulkan: present_ok frame=3290 ts=163977024
05-01 07:49:44.559 16310 16310 I warp-android-host: warp_mobile_android_host::vulkan: present_ok frame=3291 ts=163977033
05-01 07:49:44.568 16310 16310 I warp-android-host: warp_mobile_android_host::vulkan: present_ok frame=3292 ts=163977041
05-01 07:49:44.576 16310 16310 I warp-android-host: warp_mobile_android_host::vulkan: present_ok frame=3293 ts=163977050
05-01 07:49:44.584 16310 16310 I warp-android-host: warp_mobile_android_host::vulkan: present_ok frame=3294 ts=163977058
05-01 07:49:44.593 16310 16310 I warp-android-host: warp_mobile_android_host::vulkan: present_ok frame=3295 ts=163977067
05-01 07:49:44.601 16310 16310 I warp-android-host: warp_mobile_android_host::vulkan: present_ok frame=3296 ts=163977075
05-01 07:49:44.609 16310 16310 I warp-android-host: warp_mobile_android_host::vulkan: present_ok frame=3297 ts=163977083
05-01 07:49:44.611  1802  2321 I CompositionEngine: [setDisplaySize] size=(434, 42)
05-01 07:49:44.618 16310 16310 I warp-android-host: warp_mobile_android_host::vulkan: present_ok frame=3298 ts=163977091
05-01 07:49:44.626 16310 16310 I warp-android-host: warp_mobile_android_host::vulkan: present_ok frame=3299 ts=163977099
05-01 07:49:44.634 16310 16310 I warp-android-host: warp_mobile_android_host::vulkan: present_ok frame=3300 ts=163977107
05-01 07:49:44.642 16310 16310 I warp-android-host: warp_mobile_android_host::vulkan: present_ok frame=3301 ts=163977116
05-01 07:49:44.651 16310 16310 I warp-android-host: warp_mobile_android_host::vulkan: present_ok frame=3302 ts=163977124
05-01 07:49:44.659 16310 16310 I warp-android-host: warp_mobile_android_host::vulkan: present_ok frame=3303 ts=163977132
05-01 07:49:44.667 16310 16310 I warp-android-host: warp_mobile_android_host::vulkan: present_ok frame=3304 ts=163977141
05-01 07:49:44.676 16310 16310 I warp-android-host: warp_mobile_android_host::vulkan: present_ok frame=3305 ts=163977150
05-01 07:49:44.684 16310 16310 I warp-android-host: warp_mobile_android_host::vulkan: present_ok frame=3306 ts=163977157
05-01 07:49:44.692 16310 16310 I warp-android-host: warp_mobile_android_host::vulkan: present_ok frame=3307 ts=163977166
05-01 07:49:44.700 16310 16310 I warp-android-host: warp_mobile_android_host::vulkan: present_ok frame=3308 ts=163977174
05-01 07:49:44.708 16310 16310 I warp-android-host: warp_mobile_android_host::vulkan: present_ok frame=3309 ts=163977182
05-01 07:49:44.711  1802  2321 I CompositionEngine: [setDisplaySize] size=(434, 42)
05-01 07:49:44.717 16310 16310 I warp-android-host: warp_mobile_android_host::vulkan: present_ok frame=3310 ts=163977191
05-01 07:49:44.726 16310 16310 I warp-android-host: warp_mobile_android_host::vulkan: present_ok frame=3311 ts=163977199
05-01 07:49:44.734 16310 16310 I warp-android-host: warp_mobile_android_host::vulkan: present_ok frame=3312 ts=163977207
05-01 07:49:44.742 16310 16310 I warp-android-host: warp_mobile_android_host::vulkan: present_ok frame=3313 ts=163977216
05-01 07:49:44.746  1792  1822 E HeatmapThread: ECT Thread time in milliseconds: 1777592984
05-01 07:49:44.751 16310 16310 I warp-android-host: warp_mobile_android_host::vulkan: present_ok frame=3314 ts=163977224
05-01 07:49:44.753  1792  1822 D HeatmapThread: !@ batteryplugType : 2
05-01 07:49:44.753  1792  1822 D HeatmapThread: !@ batteryLevel : 100  batteryTemperature : 322 
05-01 07:49:44.753  1792  1822 D HeatmapThread: !@ Heatmap currtime: 29626549
05-01 07:49:44.753  1792  1822 D HeatmapThread: !@ Heatmap prevtime: 29626524
05-01 07:49:44.753  1792  1822 D HeatmapThread: !@ Heatmap plugstarttime: 29625649
05-01 07:49:44.753  1792  1822 D HeatmapThread: !@ Heatmap prevv_dsoh_update_time: 29626542
05-01 07:49:44.753  1792  1822 E HeatmapThread: !@ CAM New BSOH: 100
05-01 07:49:44.753  1792  1822 E HeatmapThread: !@ CAM is Working
05-01 07:49:44.759 16310 16310 I warp-android-host: warp_mobile_android_host::vulkan: present_ok frame=3315 ts=163977233
05-01 07:49:44.767 16310 16310 I warp-android-host: warp_mobile_android_host::vulkan: present_ok frame=3316 ts=163977241
05-01 07:49:44.775 16310 16310 I warp-android-host: warp_mobile_android_host::vulkan: present_ok frame=3317 ts=163977249
05-01 07:49:44.784 16310 16310 I warp-android-host: warp_mobile_android_host::vulkan: present_ok frame=3318 ts=163977257
05-01 07:49:44.792 16310 16310 I warp-android-host: warp_mobile_android_host::vulkan: present_ok frame=3319 ts=163977266
05-01 07:49:44.800 16310 16310 I warp-android-host: warp_mobile_android_host::vulkan: present_ok frame=3320 ts=163977274
05-01 07:49:44.809 16310 16310 I warp-android-host: warp_mobile_android_host::vulkan: present_ok frame=3321 ts=163977283
05-01 07:49:44.812  1802  2321 I CompositionEngine: [setDisplaySize] size=(434, 42)
05-01 07:49:44.817 16310 16310 I warp-android-host: warp_mobile_android_host::vulkan: present_ok frame=3322 ts=163977291
05-01 07:49:44.826 16310 16310 I warp-android-host: warp_mobile_android_host::vulkan: present_ok frame=3323 ts=163977299
05-01 07:49:44.834 16310 16310 I warp-android-host: warp_mobile_android_host::vulkan: present_ok frame=3324 ts=163977307
05-01 07:49:44.842 16310 16310 I warp-android-host: warp_mobile_android_host::vulkan: present_ok frame=3325 ts=163977316
05-01 07:49:44.851 16310 16310 I warp-android-host: warp_mobile_android_host::vulkan: present_ok frame=3326 ts=163977324
05-01 07:49:44.859 16310 16310 I warp-android-host: warp_mobile_android_host::vulkan: present_ok frame=3327 ts=163977333
05-01 07:49:44.867 16310 16310 I warp-android-host: warp_mobile_android_host::vulkan: present_ok frame=3328 ts=163977341
05-01 07:49:44.875 16310 16310 I warp-android-host: warp_mobile_android_host::vulkan: present_ok frame=3329 ts=163977349
05-01 07:49:44.884 16310 16310 I warp-android-host: warp_mobile_android_host::vulkan: present_ok frame=3330 ts=163977357
05-01 07:49:44.892 16310 16310 I warp-android-host: warp_mobile_android_host::vulkan: present_ok frame=3331 ts=163977366
05-01 07:49:44.900 16310 16310 I warp-android-host: warp_mobile_android_host::vulkan: present_ok frame=3332 ts=163977374
05-01 07:49:44.908 16310 16310 I warp-android-host: warp_mobile_android_host::vulkan: present_ok frame=3333 ts=163977382
05-01 07:49:44.917 16310 16310 I warp-android-host: warp_mobile_android_host::vulkan: present_ok frame=3334 ts=163977391
05-01 07:49:44.919  1802  2321 I CompositionEngine: [setDisplaySize] size=(434, 42)
05-01 07:49:44.926 16310 16310 I warp-android-host: warp_mobile_android_host::vulkan: present_ok frame=3335 ts=163977399
05-01 07:49:44.933 16310 16310 I warp-android-host: warp_mobile_android_host::vulkan: present_ok frame=3336 ts=163977407
05-01 07:49:44.942 16310 16310 I warp-android-host: warp_mobile_android_host::vulkan: present_ok frame=3337 ts=163977415
05-01 07:49:44.950 16310 16310 I warp-android-host: warp_mobile_android_host::vulkan: present_ok frame=3338 ts=163977424
05-01 07:49:44.959 16310 16310 I warp-android-host: warp_mobile_android_host::vulkan: present_ok frame=3339 ts=163977432
05-01 07:49:44.967 16310 16310 I warp-android-host: warp_mobile_android_host::vulkan: present_ok frame=3340 ts=163977441
05-01 07:49:44.975 16310 16310 I warp-android-host: warp_mobile_android_host::vulkan: present_ok frame=3341 ts=163977449
05-01 07:49:44.983 16310 16310 I warp-android-host: warp_mobile_android_host::vulkan: present_ok frame=3342 ts=163977457
05-01 07:49:44.992 16310 16310 I warp-android-host: warp_mobile_android_host::vulkan: present_ok frame=3343 ts=163977466
05-01 07:49:44.998  1667  5342 I vendor.qti.bluetooth@1.1-ibs_handler: ProcessIbsCmd: Received IBS_WAKE_IND: 0xFD
05-01 07:49:44.998  1667  5342 D vendor.qti.bluetooth@1.1-ibs_handler: SerialClockVote: vote for UART CLK ON
05-01 07:49:44.998  1667  5342 D vendor.qti.bluetooth@1.1-wake_lock: Acquire wakelock is acquired 
05-01 07:49:44.998  1667  5342 I vendor.qti.bluetooth@1.1-ibs_handler: ProcessIbsCmd: Writing IBS_WAKE_ACK
05-01 07:49:45.000 16310 16310 I warp-android-host: warp_mobile_android_host::vulkan: present_ok frame=3344 ts=163977474
05-01 07:49:45.008 16310 16310 I warp-android-host: warp_mobile_android_host::vulkan: present_ok frame=3345 ts=163977482
05-01 07:49:45.011  4283  5396 I ScanController: onScanResult to scannerId: 6- eventType=0x1b, addressType=1, address=XX:XX:XX:XX:67:70, primaryPhy=1, secondaryPhy=0, advertisingSid=0xff, txPower=127, rssi=-64, periodicAdvInt=0x0
05-01 07:49:45.016  2814  4406 W ActivityManager: Unable to start service Intent { act=com.skms.android.agent.remote.SKMSAgentProxyService xflg=0x4 pkg=com.skms.android.agent.remote } U=0: not found
05-01 07:49:45.016 16310 16310 I warp-android-host: warp_mobile_android_host::vulkan: present_ok frame=3346 ts=163977490
05-01 07:49:45.019  1802  2321 I CompositionEngine: [setDisplaySize] size=(434, 42)
05-01 07:49:45.025 16310 16310 I warp-android-host: warp_mobile_android_host::vulkan: present_ok frame=3347 ts=163977499
05-01 07:49:45.033 16310 16310 I warp-android-host: warp_mobile_android_host::vulkan: present_ok frame=3348 ts=163977507
05-01 07:49:45.038  4283  5396 I ScanController: onScanResult to scannerId: 6- eventType=0x1b, addressType=1, address=XX:XX:XX:XX:56:F4, primaryPhy=1, secondaryPhy=0, advertisingSid=0xff, txPower=127, rssi=-46, periodicAdvInt=0x0
05-01 07:49:45.041 16310 16310 I warp-android-host: warp_mobile_android_host::vulkan: present_ok frame=3349 ts=163977515
05-01 07:49:45.050 16310 16310 I warp-android-host: warp_mobile_android_host::vulkan: present_ok frame=3350 ts=163977524
05-01 07:49:45.058 16310 16310 I warp-android-host: warp_mobile_android_host::vulkan: present_ok frame=3351 ts=163977532
05-01 07:49:45.067 16310 16310 I warp-android-host: warp_mobile_android_host::vulkan: present_ok frame=3352 ts=163977540
05-01 07:49:45.075 16310 16310 I warp-android-host: warp_mobile_android_host::vulkan: present_ok frame=3353 ts=163977549
05-01 07:49:45.075  1667  5342 I vendor.qti.bluetooth@1.1-ibs_handler: ProcessIbsCmd: Received IBS_SLEEP_IND: 0xFE
05-01 07:49:45.076  1667  5342 D vendor.qti.bluetooth@1.1-ibs_handler: SerialClockVote: vote for UART CLK OFF
05-01 07:49:45.083 16310 16310 I warp-android-host: warp_mobile_android_host::vulkan: present_ok frame=3354 ts=163977557
05-01 07:49:45.092 16310 16310 I warp-android-host: warp_mobile_android_host::vulkan: present_ok frame=3355 ts=163977566
05-01 07:49:45.100 16310 16310 I warp-android-host: warp_mobile_android_host::vulkan: present_ok frame=3356 ts=163977574
05-01 07:49:45.108 16310 16310 I warp-android-host: warp_mobile_android_host::vulkan: present_ok frame=3357 ts=163977582
05-01 07:49:45.116 16310 16310 I warp-android-host: warp_mobile_android_host::vulkan: present_ok frame=3358 ts=163977590
05-01 07:49:45.119  1802  2321 I CompositionEngine: [setDisplaySize] size=(434, 42)
05-01 07:49:45.125 16310 16310 I warp-android-host: warp_mobile_android_host::vulkan: present_ok frame=3359 ts=163977599
05-01 07:49:45.132 16310 16310 I warp-android-host: warp_mobile_android_host::vulkan: present_ok frame=3360 ts=163977606
05-01 07:49:45.141 16310 16310 I warp-android-host: warp_mobile_android_host::vulkan: present_ok frame=3361 ts=163977615
05-01 07:49:45.149 16310 16310 I warp-android-host: warp_mobile_android_host::vulkan: present_ok frame=3362 ts=163977623
05-01 07:49:45.158 16310 16310 I warp-android-host: warp_mobile_android_host::vulkan: present_ok frame=3363 ts=163977631
05-01 07:49:45.166 16310 16310 I warp-android-host: warp_mobile_android_host::vulkan: present_ok frame=3364 ts=163977640
05-01 07:49:45.169  2814  4406 D InputDispatcher: Inject key (17142/2000): action=0, f=0x0, d=-1, time=163977642000000
05-01 07:49:45.169  2814  4406 D InputManager-JNI: !@interceptKeyBeforeQueueing(0), action=0, interactive=true
05-01 07:49:45.169  2814  4406 D SingleKeyGesture: interceptKeyDown, info : KeyCode=KEYCODE_UNKNOWN, size=0
05-01 07:49:45.169  2814  4406 D PhoneWindowManager: interceptKeyTq interceptKeyResult=1
05-01 07:49:45.169  2814  4406 D WindowWakeUpPolicy: HINT_DEVICE_WAKEUP acquire()
05-01 07:49:45.169  2814  4406 I SemDvfsHyPerManager: acquire hyper - DEVICE_WAKEUP/2814@17, type = -999
05-01 07:49:45.169  2814  4406 D PowerManagerService: [api] wakeUp (uid: 1000 pid: 2814) eventTime = 163977642
05-01 07:49:45.169  2814  4406 D InputManager-JNI: !@handleInterceptActions(0), action=0, wmActions=0
05-01 07:49:45.169  1684  1724 I HYPER-HAL: [RequestManager.cpp]acquire(): Acquired ID : 4008713  [2814 / 17]    HINT : DEVICE_WAKEUP    list : 
05-01 07:49:45.170  2814  4406 D InputDispatcher: Inject key (17142/2000): action=1, f=0x0, d=-1, time=163977644000000
05-01 07:49:45.170  2814  4406 D InputManager-JNI: !@interceptKeyBeforeQueueing(0), action=1, interactive=true
05-01 07:49:45.171  2814  4406 D PhoneWindowManager: interceptKeyTq interceptKeyResult=1
05-01 07:49:45.171  2814  4406 D InputManager-JNI: !@handleInterceptActions(0), action=1, wmActions=0
05-01 07:49:45.174 16310 16310 I warp-android-host: warp_mobile_android_host::vulkan: present_ok frame=3365 ts=163977648
05-01 07:49:45.182 16310 16310 I warp-android-host: warp_mobile_android_host::vulkan: present_ok frame=3366 ts=163977656
05-01 07:49:45.191 16310 16310 I warp-android-host: warp_mobile_android_host::vulkan: present_ok frame=3367 ts=163977665
05-01 07:49:45.200 16310 16310 I warp-android-host: warp_mobile_android_host::vulkan: present_ok frame=3368 ts=163977673
05-01 07:49:45.208 16310 16310 I warp-android-host: warp_mobile_android_host::vulkan: present_ok frame=3369 ts=163977682
05-01 07:49:45.216 16310 16310 I warp-android-host: warp_mobile_android_host::vulkan: present_ok frame=3370 ts=163977690
05-01 07:49:45.224 16310 16310 I warp-android-host: warp_mobile_android_host::vulkan: present_ok frame=3371 ts=163977698
05-01 07:49:45.226  1667  4712 D vendor.qti.bluetooth@1.1-wake_lock: Release wakelock is released 
05-01 07:49:45.226  1802  2321 I CompositionEngine: [setDisplaySize] size=(434, 42)
05-01 07:49:45.233 16310 16310 I warp-android-host: warp_mobile_android_host::vulkan: present_ok frame=3372 ts=163977706
05-01 07:49:45.240 16310 16310 I warp-android-host: warp_mobile_android_host::vulkan: present_ok frame=3373 ts=163977714
05-01 07:49:45.249 16310 16310 I warp-android-host: warp_mobile_android_host::vulkan: present_ok frame=3374 ts=163977723
05-01 07:49:45.253  2814  6253 D SemWifiUsabilityStatsMonitor: onWifiUsabilityStats - seqNum 42671, isSameBssidAndFreq true
05-01 07:49:45.254  2814  3842 D InsDataManager: onOutageCountUpdate() - Outage Data: 0, LQ : Y. Outage Triggered: false
05-01 07:49:45.254  2814  3842 D InsDataManager: Trying to save initial normal data.
05-01 07:49:45.254  2814  3842 D SensorCollector: syncMappedBuffers: 0, 0, 0
05-01 07:49:45.254  2814  3842 D InsDataManager: trimBuffers start.
05-01 07:49:45.254  2814  3842 D InsDataManager: trimBuffers - nsmBuffer size: 26
05-01 07:49:45.254  2814  3842 D InsDataManager: Too short for collecting additional normal data
05-01 07:49:45.254  2814  3842 D SemInsManager: {"bssid": "bd55f12c5200","rssi": -26.0,"latency": 0.0,"outage_count": 0,"lq_callback_triggered": true,"outage_log": "Unreliable statistics: -26.0 / 0 / 146 / 2 / 0 || bd55f12c5200: 0.000 / 0.000 / @ || N N / 0 0 / Y 2.0 / Y X 0 / 163977727 0 || Invalid""Magnetic Sensor Events size": "0""Pressure Sensor Events size": "0"}
05-01 07:49:45.257  2814  3860 D SGM:GameManager: identifyGamePackage. dev.warp.mobile, mCurrentUserId: 0, callingMethodInfo: com.samsung.android.game.SemGameManager.isGamePackage(SemGameManager.java:106)
05-01 07:49:45.257  2814  3860 D SGM:SemGameManager: isGamePackage(), pkgName=dev.warp.mobile, ret=false
05-01 07:49:45.257 16310 16310 I warp-android-host: warp_mobile_android_host::vulkan: present_ok frame=3375 ts=163977731
05-01 07:49:45.266 16310 16310 I warp-android-host: warp_mobile_android_host::vulkan: present_ok frame=3376 ts=163977740
05-01 07:49:45.274 16310 16310 I warp-android-host: warp_mobile_android_host::vulkan: present_ok frame=3377 ts=163977748
05-01 07:49:45.282 16310 16310 I warp-android-host: warp_mobile_android_host::vulkan: present_ok frame=3378 ts=163977756
05-01 07:49:45.291 16310 16310 I warp-android-host: warp_mobile_android_host::vulkan: present_ok frame=3379 ts=163977765
05-01 07:49:45.299 16310 16310 I warp-android-host: warp_mobile_android_host::vulkan: present_ok frame=3380 ts=163977773
05-01 07:49:45.307 16310 16310 I warp-android-host: warp_mobile_android_host::vulkan: present_ok frame=3381 ts=163977781
05-01 07:49:45.316 16310 16310 I warp-android-host: warp_mobile_android_host::vulkan: present_ok frame=3382 ts=163977790
05-01 07:49:45.324 16310 16310 I warp-android-host: warp_mobile_android_host::vulkan: present_ok frame=3383 ts=163977798
05-01 07:49:45.326  1802  2321 I CompositionEngine: [setDisplaySize] size=(434, 42)
05-01 07:49:45.333 16310 16310 I warp-android-host: warp_mobile_android_host::vulkan: present_ok frame=3384 ts=163977806
05-01 07:49:45.340 16310 16310 I warp-android-host: warp_mobile_android_host::vulkan: present_ok frame=3385 ts=163977814
05-01 07:49:45.348 16310 16310 I warp-android-host: warp_mobile_android_host::vulkan: present_ok frame=3386 ts=163977822
05-01 07:49:45.357 16310 16310 I warp-android-host: warp_mobile_android_host::vulkan: present_ok frame=3387 ts=163977831
05-01 07:49:45.365 16310 16310 I warp-android-host: warp_mobile_android_host::vulkan: present_ok frame=3388 ts=163977839
05-01 07:49:45.373 16310 16310 I warp-android-host: warp_mobile_android_host::vulkan: present_ok frame=3389 ts=163977847
05-01 07:49:45.382 16310 16310 I warp-android-host: warp_mobile_android_host::vulkan: present_ok frame=3390 ts=163977856
05-01 07:49:45.390 16310 16310 I warp-android-host: warp_mobile_android_host::vulkan: present_ok frame=3391 ts=163977864
05-01 07:49:45.398 16310 16310 I warp-android-host: warp_mobile_android_host::vulkan: present_ok frame=3392 ts=163977872
05-01 07:49:45.407 16310 16310 I warp-android-host: warp_mobile_android_host::vulkan: present_ok frame=3393 ts=163977881
05-01 07:49:45.414 17156 17156 D AndroidRuntime: >>>>>> START com.android.internal.os.RuntimeInit uid 2000 <<<<<<
05-01 07:49:45.415 16310 16310 I warp-android-host: warp_mobile_android_host::vulkan: present_ok frame=3394 ts=163977889
05-01 07:49:45.418 17156 17156 I AndroidRuntime: Using default boot image
05-01 07:49:45.418 17156 17156 I AndroidRuntime: Leaving lock profiling enabled
05-01 07:49:45.419 17156 17156 I app_process: Using CollectorTypeCMC GC.
05-01 07:49:45.423 16310 16310 I warp-android-host: warp_mobile_android_host::vulkan: present_ok frame=3395 ts=163977897
05-01 07:49:45.426  1802  2321 I CompositionEngine: [setDisplaySize] size=(434, 42)
05-01 07:49:45.432 16310 16310 I warp-android-host: warp_mobile_android_host::vulkan: present_ok frame=3396 ts=163977906
05-01 07:49:45.440 16310 16310 I warp-android-host: warp_mobile_android_host::vulkan: present_ok frame=3397 ts=163977914
05-01 07:49:45.449 16310 16310 I warp-android-host: warp_mobile_android_host::vulkan: present_ok frame=3398 ts=163977923
05-01 07:49:45.457 16310 16310 I warp-android-host: warp_mobile_android_host::vulkan: present_ok frame=3399 ts=163977931
05-01 07:49:45.465 17156 17156 D nativeloader: InitDefaultPublicLibraries for_preload=1: libandroid.so:libaaudio.so:libamidi.so:libbinder_ndk.so:libc.so:libcamera2ndk.so:libdl.so:libEGL.so:libGLESv1_CM.so:libGLESv2.so:libGLESv3.so:libicu.so:libicui18n.so:libicuuc.so:libjnigraphics.so:liblog.so:libmediandk.so:libm.so:libnativehelper.so:libnativewindow.so:libOpenMAXAL.so:libOpenSLES.so:libRS.so:libstdc++.so:libsync.so:libvulkan.so:libwebviewchromium_plat_support.so:libz.so
05-01 07:49:45.466 16310 16310 I warp-android-host: warp_mobile_android_host::vulkan: present_ok frame=3400 ts=163977939
05-01 07:49:45.473 17156 17156 D nativeloader: Load libicu_jni.so using APEX ns com_android_art for caller /apex/com.android.art/javalib/core-oj.jar: ok
05-01 07:49:45.473 17156 17156 D app_process: u_setTimeZoneFilesDirectory("/apex/com.android.tzdata/etc/tz/versioned/9/icu") succeeded. 
05-01 07:49:45.473 17156 17156 D app_process: I18n APEX ICU file found: /apex/com.android.i18n/etc/icu/icudt76l.dat
05-01 07:49:45.473 17156 17156 D nativeloader: Load libjavacore.so using APEX ns com_android_art for caller /apex/com.android.art/javalib/core-oj.jar: ok
05-01 07:49:45.474 17156 17156 D nativeloader: Load libopenjdk.so using APEX ns com_android_art for caller /apex/com.android.art/javalib/core-oj.jar: ok
05-01 07:49:45.474 16310 16310 I warp-android-host: warp_mobile_android_host::vulkan: present_ok frame=3401 ts=163977948
05-01 07:49:45.474 17156 17156 I app_process: Priority-to-niceness mapping: 19, 16, 13, 10, 0, -2, -4, -5, -6, -8
05-01 07:49:45.482 16310 16310 I warp-android-host: warp_mobile_android_host::vulkan: present_ok frame=3402 ts=163977956
05-01 07:49:45.483 17156 17156 E SemDvfsManager_JNI: SemDvfsManager: registerfunction enter
05-01 07:49:45.483 17156 17156 E SemAffinityControl: SemAffinityControl: registerfunction enter
05-01 07:49:45.488 17156 17156 D nativeloader: Load libframework-connectivity-tiramisu-jni.so using APEX ns com_android_tethering for caller /apex/com.android.tethering/javalib/framework-connectivity-t.jar: ok
05-01 07:49:45.488 17156 17156 D AndroidRuntime: Calling main entry com.android.commands.svc.Svc
05-01 07:49:45.489 17156 17156 W PlatformAconfigPackage: android.os.flagging.AconfigStorageReadException: ERROR_CANNOT_READ_STORAGE_FILE: Fail to mmap storage
05-01 07:49:45.489 17156 17156 I AconfigPackage: android.graphics.pdf.flags is mapped to com.android.mediaprovider
05-01 07:49:45.489 17156 17156 I AconfigPackage: com.android.providers.media.flags is mapped to com.android.mediaprovider
05-01 07:49:45.489 17156 17156 I AconfigPackage: android.graphics.pdf.flags.readonly is mapped to com.android.mediaprovider
05-01 07:49:45.489 17156 17156 I AconfigPackage: com.android.adservices.flags is mapped to com.android.adservices
05-01 07:49:45.489 17156 17156 I AconfigPackage: com.android.sdksandbox.flags is mapped to com.android.adservices
05-01 07:49:45.489 17156 17156 I AconfigPackage: android.uprobestats.mainline.flags is mapped to com.android.uprobestats
05-01 07:49:45.489 17156 17156 I AconfigPackage: com.android.uwb.flags is mapped to com.android.uwb
05-01 07:49:45.489 17156 17156 I AconfigPackage: com.android.ranging.flags is mapped to com.android.uwb
05-01 07:49:45.489 17156 17156 I AconfigPackage: android.os.profiling is mapped to com.android.profiling
05-01 07:49:45.489 17156 17156 I AconfigPackage: com.android.wifi.flags is mapped to com.android.wifi
05-01 07:49:45.489 17156 17156 I AconfigPackage: com.android.art.flags is mapped to com.android.art
05-01 07:49:45.489 17156 17156 I AconfigPackage: com.android.art.rw.flags is mapped to com.android.art
05-01 07:49:45.489 17156 17156 I AconfigPackage: com.android.libcore is mapped to com.android.art
05-01 07:49:45.489 17156 17156 I AconfigPackage: com.android.tethering.mainline.beta is mapped to com.android.tethering
05-01 07:49:45.489 17156 17156 I AconfigPackage: android.net.http is mapped to com.android.tethering
05-01 07:49:45.489 17156 17156 I AconfigPackage: com.android.tethering.readonly.flags is mapped to com.android.tethering
05-01 07:49:45.489 17156 17156 I AconfigPackage: android.net.vcn is mapped to com.android.tethering
05-01 07:49:45.489 17156 17156 I AconfigPackage: com.android.net.flags is mapped to com.android.tethering
05-01 07:49:45.489 17156 17156 I AconfigPackage: com.android.tethering.flags is mapped to com.android.tethering
05-01 07:49:45.489 17156 17156 I AconfigPackage: com.android.tethering.beta.test is mapped to com.android.tethering
05-01 07:49:45.489 17156 17156 I AconfigPackage: com.android.nearby.flags is mapped to com.android.tethering
05-01 07:49:45.489 17156 17156 I AconfigPackage: com.android.net.thread.flags is mapped to com.android.tethering
05-01 07:49:45.489 17156 17156 I AconfigPackage: com.android.net.ct.flags is mapped to com.android.tethering
05-01 07:49:45.490 17156 17156 I AconfigPackage: com.android.cellbroadcastreceiver.flags is mapped to com.android.cellbroadcast
05-01 07:49:45.490 17156 17156 I AconfigPackage: com.android.org.conscrypt.flags is mapped to com.android.conscrypt
05-01 07:49:45.490 17156 17156 I AconfigPackage: com.android.org.conscrypt.net.flags is mapped to com.android.conscrypt
05-01 07:49:45.490 17156 17156 I AconfigPackage: android.media.swcodec.flags is mapped to com.android.media.swcodec
05-01 07:49:45.490 17156 17156 I AconfigPackage: com.android.bluetooth.flags is mapped to com.android.bt
05-01 07:49:45.490 16310 16310 I warp-android-host: warp_mobile_android_host::vulkan: present_ok frame=3403 ts=163977963
05-01 07:49:45.490 17156 17156 I AconfigPackage: com.android.ipsec.flags is mapped to com.android.ipsec
05-01 07:49:45.490 17156 17156 I AconfigPackage: com.android.os.statsd.flags is mapped to com.android.os.statsd
05-01 07:49:45.490 17156 17156 I AconfigPackage: android.provider.flags is mapped to com.android.configinfrastructure
05-01 07:49:45.490 17156 17156 I AconfigPackage: com.android.server.deviceconfig is mapped to com.android.configinfrastructure
05-01 07:49:45.490 17156 17156 I AconfigPackage: com.android.permission.flags is mapped to com.android.permission
05-01 07:49:45.490 17156 17156 I AconfigPackage: com.android.permissioncontroller.flags is mapped to com.android.permission
05-01 07:49:45.490 17156 17156 I AconfigPackage: com.android.media.extractor.flags is mapped to com.android.media
05-01 07:49:45.490 17156 17156 I AconfigPackage: com.android.media.mainline.flags is mapped to com.android.media
05-01 07:49:45.490 17156 17156 I AconfigPackage: com.android.adservices.ondevicepersonalization.flags is mapped to com.android.ondevicepersonalization
05-01 07:49:45.490 17156 17156 I AconfigPackage: com.android.system.virtualmachine.flags is mapped to com.android.virt
05-01 07:49:45.490 17156 17156 I AconfigPackage: com.android.rkpd.flags is mapped to com.android.rkpd
05-01 07:49:45.490 17156 17156 I AconfigPackage: com.android.devicelock.flags is mapped to com.android.devicelock
05-01 07:49:45.490 17156 17156 I AconfigPackage: com.android.healthfitness.flags is mapped to com.android.healthfitness
05-01 07:49:45.490 17156 17156 I AconfigPackage: com.android.icu is mapped to com.android.i18n
05-01 07:49:45.490 17156 17156 I AconfigPackage: com.android.appsearch.flags is mapped to com.android.appsearch
05-01 07:49:45.490 17156 17156 I AconfigPackage: com.android.adbd.flags is mapped to com.android.adbd
05-01 07:49:45.490 17156 17156 E FeatureFlagsImplExport: android.os.flagging.AconfigStorageReadException: ERROR_PACKAGE_NOT_FOUND: package android.xr cannot be found on the device
05-01 07:49:45.491  2814  4406 D PowerManagerService: [api] wakeUp (uid: 2000 pid: 17156) eventTime = 163977965
05-01 07:49:45.491  2814  4406 D PowerManagerService: [api] setStayOnSetting: 15 (uid: 2000 pid: 17156)
05-01 07:49:45.491  2814  4406 D KNOX_MDM_SettingsProvider: isChangeAllowed() : name = stay_on_while_plugged_in
05-01 07:49:45.491  2814  4406 D KNOX_MDM_SettingsProvider: edmUri: content://com.sec.knox.provider/RestrictionPolicy1
05-01 07:49:45.491  2814  4406 D KNOX_MDM_SettingsProvider: projectionArgs: isDeveloperModeAllowed
05-01 07:49:45.491  2814  4406 D SecContentProvider: query(), uri = 15 selection = isDeveloperModeAllowed
05-01 07:49:45.491  2814  4406 D SecContentProvider: called from android.uid.system:1000
05-01 07:49:45.491  2814  4406 D RestrictionPolicy: isDeveloperModeAllowed : true
05-01 07:49:45.491  2814  4406 D KNOX_MDM_SettingsProvider: ret = 1
05-01 07:49:45.492 17156 17156 D AndroidRuntime: Shutting down VM
05-01 07:49:45.492 17156 17176 W IPCThreadState: call to talkWithDriver in joinThreadPool returned error: -9 (Bad file descriptor), FD: -1
05-01 07:49:45.494 17156 17177 W app_process: Thread attaching while runtime is shutting down: binder:17156_2
05-01 07:49:45.494 17156 17177 I AndroidRuntime: NOTE: attach of thread 'binder:17156_2' failed
