05-01 07:49:37.585 16310 16310 I warp-android-host: warp_mobile_android_host::vulkan: present_ok frame=2453 ts=163970059
05-01 07:49:37.585 16310 16310 D warp-android-host: android_logger: android_logger: log::set_logger failed: attempted to set a logger after the logging system was already initialized
05-01 07:49:37.585 16310 16310 I warp-android-host: warp_mobile_android_host: terminal_set_scroll_offset requested=0 clamped=0
05-01 07:49:37.593 16310 16310 I warp-android-host: warp_mobile_android_host::vulkan: present_ok frame=2454 ts=163970067
05-01 07:49:37.601 16310 16310 I warp-android-host: warp_mobile_android_host::vulkan: present_ok frame=2455 ts=163970075
05-01 07:49:37.609 16310 16310 I warp-android-host: warp_mobile_android_host::vulkan: present_ok frame=2456 ts=163970083
05-01 07:49:37.618 16310 16310 I warp-android-host: warp_mobile_android_host::vulkan: present_ok frame=2457 ts=163970092
05-01 07:49:37.618 16310 16310 D warp-android-host: android_logger: android_logger: log::set_logger failed: attempted to set a logger after the logging system was already initialized
05-01 07:49:37.618 16310 16310 I warp-android-host: warp_mobile_android_host: terminal_set_scroll_offset requested=0 clamped=0
05-01 07:49:37.620  1667  5342 I vendor.qti.bluetooth@1.1-ibs_handler: ProcessIbsCmd: Received IBS_WAKE_IND: 0xFD
05-01 07:49:37.621  1667  5342 D vendor.qti.bluetooth@1.1-ibs_handler: SerialClockVote: vote for UART CLK ON
05-01 07:49:37.621  1667  5342 I vendor.qti.bluetooth@1.1-ibs_handler: ProcessIbsCmd: Writing IBS_WAKE_ACK
05-01 07:49:37.626 16310 16310 I warp-android-host: warp_mobile_android_host::vulkan: present_ok frame=2458 ts=163970100
05-01 07:49:37.627  4283  5396 I ScanController: onScanResult to scannerId: 6- eventType=0x1b, addressType=1, address=XX:XX:XX:XX:67:70, primaryPhy=1, secondaryPhy=0, advertisingSid=0xff, txPower=127, rssi=-63, periodicAdvInt=0x0
05-01 07:49:37.634 16310 16310 I warp-android-host: warp_mobile_android_host::vulkan: present_ok frame=2459 ts=163970108
05-01 07:49:37.643 16310 16310 I warp-android-host: warp_mobile_android_host::vulkan: present_ok frame=2460 ts=163970116
05-01 07:49:37.651 16310 16310 I warp-android-host: warp_mobile_android_host::vulkan: present_ok frame=2461 ts=163970125
05-01 07:49:37.658  3937  3937 I wpa_supplicant: Heartbeat 22270
05-01 07:49:37.659 16310 16310 I warp-android-host: warp_mobile_android_host::vulkan: present_ok frame=2462 ts=163970133
05-01 07:49:37.663  1667  5342 I vendor.qti.bluetooth@1.1-ibs_handler: ProcessIbsCmd: Received IBS_SLEEP_IND: 0xFE
05-01 07:49:37.663  1667  5342 D vendor.qti.bluetooth@1.1-ibs_handler: SerialClockVote: vote for UART CLK OFF
05-01 07:49:37.668 16310 16310 I warp-android-host: warp_mobile_android_host::vulkan: present_ok frame=2463 ts=163970142
05-01 07:49:37.668 16310 16310 D warp-android-host: android_logger: android_logger: log::set_logger failed: attempted to set a logger after the logging system was already initialized
05-01 07:49:37.668 16310 16310 I warp-android-host: warp_mobile_android_host: terminal_set_scroll_offset requested=0 clamped=0
05-01 07:49:37.676 16310 16310 I warp-android-host: warp_mobile_android_host::vulkan: present_ok frame=2464 ts=163970150
05-01 07:49:37.679  1802  2321 I CompositionEngine: [setDisplaySize] size=(434, 42)
05-01 07:49:37.685 16310 16310 I warp-android-host: warp_mobile_android_host::vulkan: present_ok frame=2465 ts=163970158
05-01 07:49:37.693 16310 16310 I warp-android-host: warp_mobile_android_host::vulkan: present_ok frame=2466 ts=163970166
05-01 07:49:37.700 16310 16310 I warp-android-host: warp_mobile_android_host::vulkan: present_ok frame=2467 ts=163970174
05-01 07:49:37.708 16310 16310 I warp-android-host: warp_mobile_android_host::vulkan: present_ok frame=2468 ts=163970182
05-01 07:49:37.717 16310 16310 I warp-android-host: warp_mobile_android_host::vulkan: present_ok frame=2469 ts=163970191
05-01 07:49:37.726 16310 16310 I warp-android-host: warp_mobile_android_host::vulkan: present_ok frame=2470 ts=163970200
05-01 07:49:37.734 16310 16310 I warp-android-host: warp_mobile_android_host::vulkan: present_ok frame=2471 ts=163970208
05-01 07:49:37.734 16310 16310 D warp-android-host: android_logger: android_logger: log::set_logger failed: attempted to set a logger after the logging system was already initialized
05-01 07:49:37.734 16310 16310 I warp-android-host: warp_mobile_android_host: terminal_set_scroll_offset requested=0 clamped=0
05-01 07:49:37.735  2814  4051 D InputDispatcher: Inject motion (17020/2000): action=0x0, time=163970208000000, f=0x0, d=0 dsdx=1.000000 dtdx=0.000000
05-01 07:49:37.738  2814  3644 I InputDispatcher: Delivering touch to (3998): action: 0x4, f=0x0, d=0, 'c5a7fd5', t=1 
05-01 07:49:37.738  2814  3644 I InputDispatcher: Delivering touch to (16310): action: 0x0, f=0x0, d=0, '3ff34e4', t=1 
05-01 07:49:37.738 16310 16310 I VRI[MainActivity]@afeb858: ViewPostIme pointer 0
05-01 07:49:37.738 16310 16310 I WarpIme : touch_down x=540.0 y=1500.0
05-01 07:49:37.738 16310 16310 D warp-android-host: android_logger: android_logger: log::set_logger failed: attempted to set a logger after the logging system was already initialized
05-01 07:49:37.738 16310 16310 I warp-android-host: warp_mobile_android_host::input: input_event kind=touch_down x=540.0 y=1500.0 vx=0.0 vy=0.0 events_total=14
05-01 07:49:37.738  2814  3644 D PowerManagerService: [api] userActivityFromNative : touch displayId=0 eventTime=163970208
05-01 07:49:37.738 16310 16310 I GestureDetector: obtain mCurrentDownEvent. id: -901814986 caller: dev.warp.mobile.WarpInputView.onTouchEvent:392 android.view.View.performOnTouchCallback:17234 android.view.View.dispatchTouchEvent:17187 
05-01 07:49:37.739  2814  3005 I GestureDetector: obtain mCurrentDownEvent. id: -901814986 caller: com.android.server.wm.SystemGesturesPointerEventListener.onPointerEvent:17 com.android.server.wm.PointerEventDispatcher.onInputEvent:51 android.view.InputEventReceiver.dispatchInputEvent:392 
05-01 07:49:37.739  2814  3005 I GestureDetector: obtain mCurrentDownEvent. id: -901814986 caller: com.android.server.wm.SystemPerformancePointerEventListener.onPointerEvent:13 com.android.server.wm.PointerEventDispatcher.onInputEvent:51 android.view.InputEventReceiver.dispatchInputEvent:392 
05-01 07:49:37.739  4483  4483 I HoneySpace.GestureInputHandler: inputConsumers = [com.honeyspace.gesture.inputconsumer.InputConsumer$Companion$NO_OP$1@3c5d14e]
05-01 07:49:37.740  4483  4483 I HoneySpace.InputSession: inputConsumers = NO_OP
05-01 07:49:37.740  4483  4483 I HoneySpace.InputSession: open
05-01 07:49:37.741  7128  7128 I SemDvfsHyPerManager: acquire hyper - TATouchBoost/7128@30, type = -999
05-01 07:49:37.741  7128  7128 I SemDvfsHyPerManager: acquire hyper - TA_TOUCH_SHARE/7128@31, type = -999
05-01 07:49:37.742  1684  1724 I HYPER-HAL: [RequestManager.cpp]acquire(): Acquired ID : 25622091  [7128 / 30]    HINT :      list : [TABoost / 1] [TIMEOUT / 1500] 
05-01 07:49:37.742 16310 16310 I warp-android-host: warp_mobile_android_host::vulkan: present_ok frame=2472 ts=163970216
05-01 07:49:37.743  1684  1724 I HYPER-HAL: [RequestManager.cpp]acquire(): Acquired ID : 25629251  [7128 / 31]    HINT : TA_TOUCH_SHARE    list : [TIMEOUT / 1500] 
05-01 07:49:37.744  2814  3005 I GestureDetector: obtain mCurrentMotionEventRaw. action: 2 id: -473952796
05-01 07:49:37.744  2814  3005 I GestureDetector: obtain mCurrentMotionEventRaw. action: 2 id: -473952796
05-01 07:49:37.745  2814  2814 I SemDvfsHyPerManager: acquire hyper - WM_SCROLL_DETECTED/2814@2, type = -999
05-01 07:49:37.745  1684  1724 I HYPER-HAL: [RequestManager.cpp]acquire(): Acquired ID : 3966338  [2814 / 2]    HINT :      list : [CoreNumBigMin / 3] 
05-01 07:49:37.746  1792  1822 E HeatmapThread: ECT Thread time in milliseconds: 1777592977
05-01 07:49:37.748  1792  1822 D HeatmapThread: !@ batteryplugType : 2
05-01 07:49:37.748  1792  1822 D HeatmapThread: !@ batteryLevel : 100  batteryTemperature : 320 
05-01 07:49:37.748  1792  1822 D HeatmapThread: !@ Heatmap currtime: 29626549
05-01 07:49:37.748  1792  1822 D HeatmapThread: !@ Heatmap prevtime: 29626524
05-01 07:49:37.748  1792  1822 D HeatmapThread: !@ Heatmap plugstarttime: 29625649
05-01 07:49:37.748  1792  1822 D HeatmapThread: !@ Heatmap prevv_dsoh_update_time: 29626542
05-01 07:49:37.748  1792  1822 E HeatmapThread: !@ CAM New BSOH: 100
05-01 07:49:37.748  1792  1822 E HeatmapThread: !@ CAM is Working
05-01 07:49:37.750 16310 16310 I GestureDetector: obtain mCurrentMotionEventRaw. action: 2 id: -473952796
05-01 07:49:37.750 16310 16310 D WarpIme : gesture_scroll x=540.0 y=1371.0459 dx=0.0 dy=128.9541 vx=0.0 vy=-13000.004
05-01 07:49:37.750 16310 16310 D warp-android-host: android_logger: android_logger: log::set_logger failed: attempted to set a logger after the logging system was already initialized
05-01 07:49:37.750 16310 16310 I warp-android-host: warp_mobile_android_host::input: input_event kind=scroll x=540.0 y=1371.0 vx=0.0 vy=-13000.0 events_total=15
05-01 07:49:37.750 16310 16310 D warp-android-host: android_logger: android_logger: log::set_logger failed: attempted to set a logger after the logging system was already initialized
05-01 07:49:37.750 16310 16310 I warp-android-host: warp_mobile_android_host: terminal_set_scroll_offset requested=0 clamped=0
05-01 07:49:37.752 16310 16310 I warp-android-host: warp_mobile_android_host::vulkan: present_ok frame=2473 ts=163970226
05-01 07:49:37.758 16310 16310 D WarpIme : gesture_scroll x=540.0 y=1262.834 dx=0.0 dy=108.211914 vx=-0.08731155 vy=-13000.352
05-01 07:49:37.758 16310 16310 D warp-android-host: android_logger: android_logger: log::set_logger failed: attempted to set a logger after the logging system was already initialized
05-01 07:49:37.758 16310 16310 I warp-android-host: warp_mobile_android_host::input: input_event kind=scroll x=540.0 y=1262.8 vx=-0.1 vy=-13000.4 events_total=16
05-01 07:49:37.758 16310 16310 D warp-android-host: android_logger: android_logger: log::set_logger failed: attempted to set a logger after the logging system was already initialized
05-01 07:49:37.759 16310 16310 I warp-android-host: warp_mobile_android_host: terminal_set_scroll_offset requested=0 clamped=0
05-01 07:49:37.761 16310 16310 I warp-android-host: warp_mobile_android_host::vulkan: present_ok frame=2474 ts=163970234
05-01 07:49:37.766 16310 16310 D WarpIme : gesture_scroll x=540.0 y=1154.6816 dx=0.0 dy=108.15234 vx=0.0 vy=-13000.171
05-01 07:49:37.767 16310 16310 D warp-android-host: android_logger: android_logger: log::set_logger failed: attempted to set a logger after the logging system was already initialized
05-01 07:49:37.767 16310 16310 I warp-android-host: warp_mobile_android_host::input: input_event kind=scroll x=540.0 y=1154.7 vx=0.0 vy=-13000.2 events_total=17
05-01 07:49:37.767 16310 16310 D warp-android-host: android_logger: android_logger: log::set_logger failed: attempted to set a logger after the logging system was already initialized
05-01 07:49:37.767 16310 16310 I warp-android-host: warp_mobile_android_host: terminal_set_scroll_offset requested=0 clamped=0
05-01 07:49:37.769 16310 16310 I warp-android-host: warp_mobile_android_host::vulkan: present_ok frame=2475 ts=163970243
05-01 07:49:37.775 16310 16310 D WarpIme : gesture_scroll x=540.0 y=1046.5303 dx=0.0 dy=108.15137 vx=0.0 vy=-12999.632
05-01 07:49:37.775 16310 16310 D warp-android-host: android_logger: android_logger: log::set_logger failed: attempted to set a logger after the logging system was already initialized
05-01 07:49:37.775 16310 16310 I warp-android-host: warp_mobile_android_host::input: input_event kind=scroll x=540.0 y=1046.5 vx=0.0 vy=-12999.6 events_total=18
05-01 07:49:37.775 16310 16310 D warp-android-host: android_logger: android_logger: log::set_logger failed: attempted to set a logger after the logging system was already initialized
05-01 07:49:37.775 16310 16310 I warp-android-host: warp_mobile_android_host: terminal_set_scroll_offset requested=0 clamped=0
05-01 07:49:37.778 16310 16310 I warp-android-host: warp_mobile_android_host::vulkan: present_ok frame=2476 ts=163970251
05-01 07:49:37.783 16310 16310 D WarpIme : gesture_scroll x=540.0 y=938.3799 dx=0.0 dy=108.15039 vx=-0.079446994 vy=-13000.437
05-01 07:49:37.783 16310 16310 D warp-android-host: android_logger: android_logger: log::set_logger failed: attempted to set a logger after the logging system was already initialized
05-01 07:49:37.783 16310 16310 I warp-android-host: warp_mobile_android_host::input: input_event kind=scroll x=540.0 y=938.4 vx=-0.1 vy=-13000.4 events_total=19
05-01 07:49:37.783 16310 16310 D warp-android-host: android_logger: android_logger: log::set_logger failed: attempted to set a logger after the logging system was already initialized
05-01 07:49:37.783 16310 16310 I warp-android-host: warp_mobile_android_host: terminal_set_scroll_offset requested=0 clamped=0
05-01 07:49:37.785  1802  2321 I CompositionEngine: [setDisplaySize] size=(434, 42)
05-01 07:49:37.785 16310 16310 I warp-android-host: warp_mobile_android_host::vulkan: present_ok frame=2477 ts=163970259
05-01 07:49:37.791 16310 16310 D WarpIme : gesture_scroll x=540.0 y=830.23047 dx=0.0 dy=108.149414 vx=-0.18194284 vy=-13000.058
05-01 07:49:37.792 16310 16310 D warp-android-host: android_logger: android_logger: log::set_logger failed: attempted to set a logger after the logging system was already initialized
05-01 07:49:37.792 16310 16310 I warp-android-host: warp_mobile_android_host::input: input_event kind=scroll x=540.0 y=830.2 vx=-0.2 vy=-13000.1 events_total=20
05-01 07:49:37.792 16310 16310 D warp-android-host: android_logger: android_logger: log::set_logger failed: attempted to set a logger after the logging system was already initialized
05-01 07:49:37.792 16310 16310 I warp-android-host: warp_mobile_android_host: terminal_set_scroll_offset requested=0 clamped=0
05-01 07:49:37.794 16310 16310 I warp-android-host: warp_mobile_android_host::vulkan: present_ok frame=2478 ts=163970268
05-01 07:49:37.800 16310 16310 D WarpIme : gesture_scroll x=540.0 y=722.0801 dx=0.0 dy=108.15039 vx=0.034557395 vy=-12999.989
05-01 07:49:37.800 16310 16310 D warp-android-host: android_logger: android_logger: log::set_logger failed: attempted to set a logger after the logging system was already initialized
05-01 07:49:37.800 16310 16310 I warp-android-host: warp_mobile_android_host::input: input_event kind=scroll x=540.0 y=722.1 vx=0.0 vy=-13000.0 events_total=21
05-01 07:49:37.800 16310 16310 D warp-android-host: android_logger: android_logger: log::set_logger failed: attempted to set a logger after the logging system was already initialized
05-01 07:49:37.800 16310 16310 I warp-android-host: warp_mobile_android_host: terminal_set_scroll_offset requested=0 clamped=0
05-01 07:49:37.802 16310 16310 I warp-android-host: warp_mobile_android_host::vulkan: present_ok frame=2479 ts=163970276
05-01 07:49:37.808 16310 16310 D WarpIme : gesture_scroll x=540.0 y=613.9297 dx=0.0 dy=108.15039 vx=-0.10174625 vy=-12999.946
05-01 07:49:37.808 16310 16310 D warp-android-host: android_logger: android_logger: log::set_logger failed: attempted to set a logger after the logging system was already initialized
05-01 07:49:37.808 16310 16310 I warp-android-host: warp_mobile_android_host::input: input_event kind=scroll x=540.0 y=613.9 vx=-0.1 vy=-12999.9 events_total=22
05-01 07:49:37.808 16310 16310 D warp-android-host: android_logger: android_logger: log::set_logger failed: attempted to set a logger after the logging system was already initialized
05-01 07:49:37.808 16310 16310 I warp-android-host: warp_mobile_android_host: terminal_set_scroll_offset requested=0 clamped=0
05-01 07:49:37.810 16310 16310 I warp-android-host: warp_mobile_android_host::vulkan: present_ok frame=2480 ts=163970284
05-01 07:49:37.813  1667  4712 D vendor.qti.bluetooth@1.1-wake_lock: Release wakelock is released 
05-01 07:49:37.816 16310 16310 D WarpIme : gesture_scroll x=540.0 y=505.78027 dx=0.0 dy=108.149414 vx=0.06452423 vy=-13000.144
05-01 07:49:37.817 16310 16310 D warp-android-host: android_logger: android_logger: log::set_logger failed: attempted to set a logger after the logging system was already initialized
05-01 07:49:37.817 16310 16310 I warp-android-host: warp_mobile_android_host::input: input_event kind=scroll x=540.0 y=505.8 vx=0.1 vy=-13000.1 events_total=23
05-01 07:49:37.817 16310 16310 D warp-android-host: android_logger: android_logger: log::set_logger failed: attempted to set a logger after the logging system was already initialized
05-01 07:49:37.817 16310 16310 I warp-android-host: warp_mobile_android_host: terminal_set_scroll_offset requested=0 clamped=0
05-01 07:49:37.819 16310 16310 I warp-android-host: warp_mobile_android_host::vulkan: present_ok frame=2481 ts=163970293
05-01 07:49:37.825 16310 16310 D WarpIme : gesture_scroll x=540.0 y=397.6289 dx=0.0 dy=108.15137 vx=-0.0026714813 vy=-12999.852
05-01 07:49:37.825 16310 16310 D warp-android-host: android_logger: android_logger: log::set_logger failed: attempted to set a logger after the logging system was already initialized
05-01 07:49:37.825 16310 16310 I warp-android-host: warp_mobile_android_host::input: input_event kind=scroll x=540.0 y=397.6 vx=-0.0 vy=-12999.9 events_total=24
05-01 07:49:37.825 16310 16310 D warp-android-host: android_logger: android_logger: log::set_logger failed: attempted to set a logger after the logging system was already initialized
05-01 07:49:37.825 16310 16310 I warp-android-host: warp_mobile_android_host: terminal_set_scroll_offset requested=0 clamped=0
05-01 07:49:37.827 16310 16310 I warp-android-host: warp_mobile_android_host::vulkan: present_ok frame=2482 ts=163970301
05-01 07:49:37.833 16310 16310 D WarpIme : gesture_scroll x=540.0 y=289.47656 dx=0.0 dy=108.15234 vx=0.0 vy=-13000.007
05-01 07:49:37.833 16310 16310 D warp-android-host: android_logger: android_logger: log::set_logger failed: attempted to set a logger after the logging system was already initialized
05-01 07:49:37.833 16310 16310 I warp-android-host: warp_mobile_android_host::input: input_event kind=scroll x=540.0 y=289.5 vx=0.0 vy=-13000.0 events_total=25
05-01 07:49:37.833 16310 16310 D warp-android-host: android_logger: android_logger: log::set_logger failed: attempted to set a logger after the logging system was already initialized
05-01 07:49:37.833 16310 16310 I warp-android-host: warp_mobile_android_host: terminal_set_scroll_offset requested=0 clamped=0
05-01 07:49:37.836 16310 16310 I warp-android-host: warp_mobile_android_host::vulkan: present_ok frame=2483 ts=163970309
05-01 07:49:37.835  2814  4051 D InputDispatcher: Inject motion (17020/2000): action=0x1, time=163970308000000, f=0x0, d=0 dsdx=1.000000 dtdx=0.000000
05-01 07:49:37.840  2814  3644 I InputDispatcher: Delivering touch to (16310): action: 0x1, f=0x0, d=0, '3ff34e4', t=1 
05-01 07:49:37.840 16310 16310 I VRI[MainActivity]@afeb858: ViewPostIme pointer 1
05-01 07:49:37.840 16310 16310 I WarpIme : touch_up x=540.0 y=200.0
05-01 07:49:37.840 16310 16310 D warp-android-host: android_logger: android_logger: log::set_logger failed: attempted to set a logger after the logging system was already initialized
05-01 07:49:37.840 16310 16310 I warp-android-host: warp_mobile_android_host::input: input_event kind=touch_up x=540.0 y=200.0 vx=0.0 vy=0.0 events_total=26
05-01 07:49:37.840 16310 16310 I WarpIme : gesture_fling vx=0.0 vy=-13000.007
05-01 07:49:37.842  4483  4483 I HoneySpace.GestureInputHandler: reset
05-01 07:49:37.842  4483  4483 I HoneySpace.InputSession: close
05-01 07:49:37.842 16310 16310 I warp-android-host: warp_mobile_android_host::vulkan: present_ok frame=2484 ts=163970316
05-01 07:49:37.844  2814  2814 I SemDvfsHyPerManager: acquire hyper - GESTURE_DETECTED_HRR/2814@29, type = -999
05-01 07:49:37.844  2814  2814 I SemDvfsHyPerManager: acquire hyper - SMOOTH_SCROLL/2814@25, type = -999
05-01 07:49:37.844  2814  2814 I SemDvfsHyPerManager: acquire hyper - GESTURE_DETECTED_HRR/2814@29, type = -999
05-01 07:49:37.844  1684  1724 I HYPER-HAL: [RequestManager.cpp]releaseLocked(): Released ID : 3966338
05-01 07:49:37.845  1684  1724 I HYPER-HAL: [RequestManager.cpp]acquire(): Acquired ID : 4042775  [2814 / 29]    HINT : GESTURE_DETECTED_HRR    list : [TIMEOUT / 2083] 
05-01 07:49:37.845  1684  1724 I HYPER-HAL: [RequestManager.cpp]acquire(): Acquired ID : 4042775  [2814 / 29]    HINT : GESTURE_DETECTED_HRR    list : [TIMEOUT / 2282] 
05-01 07:49:37.847  7128  7723 I SDHMS:x : SIOP:: AP:370 BAT:320 USB:308 CHG:369 PA:365 WIFI:356 CF:338 BLK:0 SUBBAT:0 LRPTHM:334 SKIN:342 SKINF:328 SKINB:342 LRP2:342 LRF2:328 LRB2:342 AP2:342 CHG2:338 WIFI2:342 RCV2:319 SPK2:300 FCAM:308 UPSPK:334 DNSPK:308 VAP02:375 VWIFI:349 AMB2:268 AVGCUR:-17 AVGSYS:383 POWER:-74
05-01 07:49:37.852 16310 16310 I warp-android-host: warp_mobile_android_host::vulkan: present_ok frame=2485 ts=163970326
05-01 07:49:37.857 16310 16310 D warp-android-host: android_logger: android_logger: log::set_logger failed: attempted to set a logger after the logging system was already initialized
05-01 07:49:37.857 16310 16310 I warp-android-host: warp_mobile_android_host: terminal_set_scroll_offset requested=0 clamped=0
05-01 07:49:37.859 16310 16310 I warp-android-host: warp_mobile_android_host::vulkan: present_ok frame=2486 ts=163970333
05-01 07:49:37.867 16310 16310 I warp-android-host: warp_mobile_android_host::vulkan: present_ok frame=2487 ts=163970341
05-01 07:49:37.874 16310 16310 D warp-android-host: android_logger: android_logger: log::set_logger failed: attempted to set a logger after the logging system was already initialized
05-01 07:49:37.874 16310 16310 I warp-android-host: warp_mobile_android_host: terminal_set_scroll_offset requested=0 clamped=0
05-01 07:49:37.876 16310 16310 I warp-android-host: warp_mobile_android_host::vulkan: present_ok frame=2488 ts=163970350
05-01 07:49:37.885 16310 16310 I warp-android-host: warp_mobile_android_host::vulkan: present_ok frame=2489 ts=163970358
05-01 07:49:37.887  1802  2321 I CompositionEngine: [setDisplaySize] size=(434, 42)
05-01 07:49:37.890 16310 16310 D warp-android-host: android_logger: android_logger: log::set_logger failed: attempted to set a logger after the logging system was already initialized
05-01 07:49:37.890 16310 16310 I warp-android-host: warp_mobile_android_host: terminal_set_scroll_offset requested=0 clamped=0
05-01 07:49:37.893 16310 16310 I warp-android-host: warp_mobile_android_host::vulkan: present_ok frame=2490 ts=163970367
05-01 07:49:37.901 16310 16310 I warp-android-host: warp_mobile_android_host::vulkan: present_ok frame=2491 ts=163970375
05-01 07:49:37.907 16310 16310 D warp-android-host: android_logger: android_logger: log::set_logger failed: attempted to set a logger after the logging system was already initialized
05-01 07:49:37.907 16310 16310 I warp-android-host: warp_mobile_android_host: terminal_set_scroll_offset requested=0 clamped=0
05-01 07:49:37.910 16310 16310 I warp-android-host: warp_mobile_android_host::vulkan: present_ok frame=2492 ts=163970383
05-01 07:49:37.918 16310 16310 I warp-android-host: warp_mobile_android_host::vulkan: present_ok frame=2493 ts=163970391
05-01 07:49:37.922 16310 16310 D warp-android-host: android_logger: android_logger: log::set_logger failed: attempted to set a logger after the logging system was already initialized
05-01 07:49:37.923 16310 16310 I warp-android-host: warp_mobile_android_host: terminal_set_scroll_offset requested=0 clamped=0
05-01 07:49:37.926 16310 16310 I warp-android-host: warp_mobile_android_host::vulkan: present_ok frame=2494 ts=163970400
05-01 07:49:37.934 16310 16310 I warp-android-host: warp_mobile_android_host::vulkan: present_ok frame=2495 ts=163970408
05-01 07:49:37.938 16310 16310 D warp-android-host: android_logger: android_logger: log::set_logger failed: attempted to set a logger after the logging system was already initialized
05-01 07:49:37.938 16310 16310 I warp-android-host: warp_mobile_android_host: terminal_set_scroll_offset requested=0 clamped=0
05-01 07:49:37.943 16310 16310 I warp-android-host: warp_mobile_android_host::vulkan: present_ok frame=2496 ts=163970417
05-01 07:49:37.951 16310 16310 I warp-android-host: warp_mobile_android_host::vulkan: present_ok frame=2497 ts=163970425
05-01 07:49:37.955 16310 16310 D warp-android-host: android_logger: android_logger: log::set_logger failed: attempted to set a logger after the logging system was already initialized
05-01 07:49:37.955 16310 16310 I warp-android-host: warp_mobile_android_host: terminal_set_scroll_offset requested=0 clamped=0
05-01 07:49:37.959 16310 16310 I warp-android-host: warp_mobile_android_host::vulkan: present_ok frame=2498 ts=163970433
05-01 07:49:37.968 16310 16310 I warp-android-host: warp_mobile_android_host::vulkan: present_ok frame=2499 ts=163970441
05-01 07:49:37.971 16310 16310 D warp-android-host: android_logger: android_logger: log::set_logger failed: attempted to set a logger after the logging system was already initialized
05-01 07:49:37.971 16310 16310 I warp-android-host: warp_mobile_android_host: terminal_set_scroll_offset requested=0 clamped=0
05-01 07:49:37.976 16310 16310 I warp-android-host: warp_mobile_android_host::vulkan: present_ok frame=2500 ts=163970450
05-01 07:49:37.984 16310 16310 I warp-android-host: warp_mobile_android_host::vulkan: present_ok frame=2501 ts=163970458
05-01 07:49:37.987 16310 16310 D warp-android-host: android_logger: android_logger: log::set_logger failed: attempted to set a logger after the logging system was already initialized
05-01 07:49:37.987 16310 16310 I warp-android-host: warp_mobile_android_host: terminal_set_scroll_offset requested=0 clamped=0
05-01 07:49:37.993 16310 16310 I warp-android-host: warp_mobile_android_host::vulkan: present_ok frame=2502 ts=163970466
05-01 07:49:37.994  2814  4051 W ActivityManager: Unable to start service Intent { act=com.skms.android.agent.remote.SKMSAgentProxyService xflg=0x4 pkg=com.skms.android.agent.remote } U=0: not found
05-01 07:49:37.995  1802  2321 I CompositionEngine: [setDisplaySize] size=(434, 42)
05-01 07:49:38.001 16310 16310 I warp-android-host: warp_mobile_android_host::vulkan: present_ok frame=2503 ts=163970475
05-01 07:49:38.004 16310 16310 D warp-android-host: android_logger: android_logger: log::set_logger failed: attempted to set a logger after the logging system was already initialized
05-01 07:49:38.004 16310 16310 I warp-android-host: warp_mobile_android_host: terminal_set_scroll_offset requested=0 clamped=0
05-01 07:49:38.009 16310 16310 I warp-android-host: warp_mobile_android_host::vulkan: present_ok frame=2504 ts=163970483
05-01 07:49:38.018 16310 16310 I warp-android-host: warp_mobile_android_host::vulkan: present_ok frame=2505 ts=163970491
05-01 07:49:38.020 16310 16310 D warp-android-host: android_logger: android_logger: log::set_logger failed: attempted to set a logger after the logging system was already initialized
05-01 07:49:38.020 16310 16310 I warp-android-host: warp_mobile_android_host: terminal_set_scroll_offset requested=0 clamped=0
05-01 07:49:38.026 16310 16310 I warp-android-host: warp_mobile_android_host::vulkan: present_ok frame=2506 ts=163970500
05-01 07:49:38.034 16310 16310 I warp-android-host: warp_mobile_android_host::vulkan: present_ok frame=2507 ts=163970508
05-01 07:49:38.037 16310 16310 D warp-android-host: android_logger: android_logger: log::set_logger failed: attempted to set a logger after the logging system was already initialized
05-01 07:49:38.037 16310 16310 I warp-android-host: warp_mobile_android_host: terminal_set_scroll_offset requested=0 clamped=0
05-01 07:49:38.042 16310 16310 I warp-android-host: warp_mobile_android_host::vulkan: present_ok frame=2508 ts=163970516
05-01 07:49:38.050 16310 16310 I warp-android-host: warp_mobile_android_host::vulkan: present_ok frame=2509 ts=163970524
05-01 07:49:38.053 16310 16310 D warp-android-host: android_logger: android_logger: log::set_logger failed: attempted to set a logger after the logging system was already initialized
05-01 07:49:38.053 16310 16310 I warp-android-host: warp_mobile_android_host: terminal_set_scroll_offset requested=0 clamped=0
05-01 07:49:38.059 16310 16310 I warp-android-host: warp_mobile_android_host::vulkan: present_ok frame=2510 ts=163970533
05-01 07:49:38.067 16310 16310 I warp-android-host: warp_mobile_android_host::vulkan: present_ok frame=2511 ts=163970540
05-01 07:49:38.069 16310 16310 D warp-android-host: android_logger: android_logger: log::set_logger failed: attempted to set a logger after the logging system was already initialized
05-01 07:49:38.069 16310 16310 I warp-android-host: warp_mobile_android_host: terminal_set_scroll_offset requested=0 clamped=0
05-01 07:49:38.076 16310 16310 I warp-android-host: warp_mobile_android_host::vulkan: present_ok frame=2512 ts=163970550
05-01 07:49:38.084 16310 16310 I warp-android-host: warp_mobile_android_host::vulkan: present_ok frame=2513 ts=163970558
05-01 07:49:38.085 16310 16310 D warp-android-host: android_logger: android_logger: log::set_logger failed: attempted to set a logger after the logging system was already initialized
05-01 07:49:38.086 16310 16310 I warp-android-host: warp_mobile_android_host: terminal_set_scroll_offset requested=0 clamped=0
05-01 07:49:38.092 16310 16310 I warp-android-host: warp_mobile_android_host::vulkan: present_ok frame=2514 ts=163970566
05-01 07:49:38.094  1802  2321 I CompositionEngine: [setDisplaySize] size=(434, 42)
05-01 07:49:38.098  2814  4051 D InputDispatcher: Inject motion (17026/2000): action=0x0, time=163970572000000, f=0x0, d=0 dsdx=1.000000 dtdx=0.000000
05-01 07:49:38.100  2814  3644 I InputDispatcher: Delivering touch to (3998): action: 0x4, f=0x0, d=0, 'c5a7fd5', t=1 
05-01 07:49:38.100  2814  3644 I InputDispatcher: Delivering touch to (16310): action: 0x0, f=0x0, d=0, '3ff34e4', t=1 
05-01 07:49:38.101 16310 16310 I warp-android-host: warp_mobile_android_host::vulkan: present_ok frame=2515 ts=163970575
05-01 07:49:38.102 16310 16310 I VRI[MainActivity]@afeb858: ViewPostIme pointer 0
05-01 07:49:38.102  2814  3005 I GestureDetector: obtain mCurrentDownEvent. id: -722837174 caller: com.android.server.wm.SystemGesturesPointerEventListener.onPointerEvent:17 com.android.server.wm.PointerEventDispatcher.onInputEvent:51 android.view.InputEventReceiver.dispatchInputEvent:392 
05-01 07:49:38.102  2814  3005 I GestureDetector: obtain mCurrentDownEvent. id: -722837174 caller: com.android.server.wm.SystemPerformancePointerEventListener.onPointerEvent:13 com.android.server.wm.PointerEventDispatcher.onInputEvent:51 android.view.InputEventReceiver.dispatchInputEvent:392 
05-01 07:49:38.102 16310 16310 D warp-android-host: android_logger: android_logger: log::set_logger failed: attempted to set a logger after the logging system was already initialized
05-01 07:49:38.102 16310 16310 I warp-android-host: warp_mobile_android_host: terminal_set_scroll_offset requested=0 clamped=0
05-01 07:49:38.103  7128  7128 I SemDvfsHyPerManager: acquire hyper - TATouchBoost/7128@30, type = -999
05-01 07:49:38.103  7128  7128 I SemDvfsHyPerManager: acquire hyper - TA_TOUCH_SHARE/7128@31, type = -999
05-01 07:49:38.103  4483  4483 I HoneySpace.GestureInputHandler: inputConsumers = [com.honeyspace.gesture.inputconsumer.InputConsumer$Companion$NO_OP$1@3c5d14e]
05-01 07:49:38.103  1684  1724 I HYPER-HAL: [RequestManager.cpp]acquire(): Acquired ID : 25622091  [7128 / 30]    HINT :      list : [TABoost / 1] [TIMEOUT / 1500] 
05-01 07:49:38.103  1684  1724 I HYPER-HAL: [RequestManager.cpp]acquire(): Acquired ID : 25629251  [7128 / 31]    HINT : TA_TOUCH_SHARE    list : [TIMEOUT / 1500] 
05-01 07:49:38.103  4483  4483 I HoneySpace.InputSession: inputConsumers = NO_OP
05-01 07:49:38.104  4483  4483 I HoneySpace.InputSession: open
05-01 07:49:38.109  2814  3005 I GestureDetector: obtain mCurrentMotionEventRaw. action: 2 id: -546065046
05-01 07:49:38.109 16310 16310 I warp-android-host: warp_mobile_android_host::vulkan: present_ok frame=2516 ts=163970583
05-01 07:49:38.109  2814  3005 I GestureDetector: obtain mCurrentMotionEventRaw. action: 2 id: -546065046
05-01 07:49:38.109  2814  2814 I SemDvfsHyPerManager: acquire hyper - WM_SCROLL_DETECTED/2814@2, type = -999
05-01 07:49:38.110  1684  1724 I HYPER-HAL: [RequestManager.cpp]acquire(): Acquired ID : 3966338  [2814 / 2]    HINT :      list : [CoreNumBigMin / 3] 
05-01 07:49:38.118 16310 16310 I warp-android-host: warp_mobile_android_host::vulkan: present_ok frame=2517 ts=163970592
05-01 07:49:38.118 16310 16310 D warp-android-host: android_logger: android_logger: log::set_logger failed: attempted to set a logger after the logging system was already initialized
05-01 07:49:38.119 16310 16310 I warp-android-host: warp_mobile_android_host: terminal_set_scroll_offset requested=0 clamped=0
05-01 07:49:38.126 16310 16310 I warp-android-host: warp_mobile_android_host::vulkan: present_ok frame=2518 ts=163970600
05-01 07:49:38.135 16310 16310 I warp-android-host: warp_mobile_android_host::vulkan: present_ok frame=2519 ts=163970609
05-01 07:49:38.135 16310 16310 D warp-android-host: android_logger: android_logger: log::set_logger failed: attempted to set a logger after the logging system was already initialized
05-01 07:49:38.135 16310 16310 I warp-android-host: warp_mobile_android_host: terminal_set_scroll_offset requested=0 clamped=0
05-01 07:49:38.145 16310 16310 I warp-android-host: warp_mobile_android_host::vulkan: present_ok frame=2520 ts=163970618
05-01 07:49:38.152 16310 16310 I warp-android-host: warp_mobile_android_host::vulkan: present_ok frame=2521 ts=163970625
05-01 07:49:38.152 16310 16310 D warp-android-host: android_logger: android_logger: log::set_logger failed: attempted to set a logger after the logging system was already initialized
05-01 07:49:38.152 16310 16310 I warp-android-host: warp_mobile_android_host: terminal_set_scroll_offset requested=0 clamped=0
05-01 07:49:38.160 16310 16310 I warp-android-host: warp_mobile_android_host::vulkan: present_ok frame=2522 ts=163970634
05-01 07:49:38.168 16310 16310 I warp-android-host: warp_mobile_android_host::vulkan: present_ok frame=2523 ts=163970642
05-01 07:49:38.169 16310 16310 D warp-android-host: android_logger: android_logger: log::set_logger failed: attempted to set a logger after the logging system was already initialized
05-01 07:49:38.169 16310 16310 I warp-android-host: warp_mobile_android_host: terminal_set_scroll_offset requested=0 clamped=0
05-01 07:49:38.177 16310 16310 I warp-android-host: warp_mobile_android_host::vulkan: present_ok frame=2524 ts=163970651
05-01 07:49:38.185 16310 16310 I warp-android-host: warp_mobile_android_host::vulkan: present_ok frame=2525 ts=163970659
05-01 07:49:38.186 16310 16310 D warp-android-host: android_logger: android_logger: log::set_logger failed: attempted to set a logger after the logging system was already initialized
05-01 07:49:38.186 16310 16310 I warp-android-host: warp_mobile_android_host: terminal_set_scroll_offset requested=0 clamped=0
05-01 07:49:38.194 16310 16310 I warp-android-host: warp_mobile_android_host::vulkan: present_ok frame=2526 ts=163970668
05-01 07:49:38.196  1802  2321 I CompositionEngine: [setDisplaySize] size=(434, 42)
05-01 07:49:38.200  2814  4051 D InputDispatcher: Inject motion (17026/2000): action=0x1, time=163970673000000, f=0x0, d=0 dsdx=1.000000 dtdx=0.000000
05-01 07:49:38.200  2814  3644 I InputDispatcher: Delivering touch to (16310): action: 0x1, f=0x0, d=0, '3ff34e4', t=1 
05-01 07:49:38.202 16310 16310 I warp-android-host: warp_mobile_android_host::vulkan: present_ok frame=2527 ts=163970675
05-01 07:49:38.202  4483  4483 I HoneySpace.GestureInputHandler: reset
05-01 07:49:38.202  4483  4483 I HoneySpace.InputSession: close
05-01 07:49:38.202 16310 16310 I VRI[MainActivity]@afeb858: ViewPostIme pointer 1
05-01 07:49:38.202 16310 16310 D warp-android-host: android_logger: android_logger: log::set_logger failed: attempted to set a logger after the logging system was already initialized
05-01 07:49:38.202 16310 16310 I warp-android-host: warp_mobile_android_host: terminal_set_scroll_offset requested=0 clamped=0
05-01 07:49:38.203  7128  7128 I SemDvfsHyPerManager: acquire hyper - TATouchBoost/7128@30, type = -999
05-01 07:49:38.203  2814  2814 I SemDvfsHyPerManager: acquire hyper - GESTURE_DETECTED_HRR/2814@29, type = -999
05-01 07:49:38.203  2814  2814 I SemDvfsHyPerManager: acquire hyper - SMOOTH_SCROLL/2814@25, type = -999
05-01 07:49:38.203  7128  7128 I SemDvfsHyPerManager: acquire hyper - TA_TOUCH_SHARE/7128@31, type = -999
05-01 07:49:38.203  2814  2814 I SemDvfsHyPerManager: acquire hyper - GESTURE_DETECTED_HRR/2814@29, type = -999
05-01 07:49:38.205  1684  1724 I HYPER-HAL: [RequestManager.cpp]releaseLocked(): Released ID : 3966338
05-01 07:49:38.205  1684  1724 I HYPER-HAL: [RequestManager.cpp]acquire(): Acquired ID : 4042775  [2814 / 29]    HINT : GESTURE_DETECTED_HRR    list : [TIMEOUT / 2083] 
05-01 07:49:38.205  1684  1724 I HYPER-HAL: [RequestManager.cpp]acquire(): Acquired ID : 25622091  [7128 / 30]    HINT :      list : [TABoost / 1] [TIMEOUT / 1500] 
05-01 07:49:38.205  1684  1724 I HYPER-HAL: [RequestManager.cpp]acquire(): Acquired ID : 25629251  [7128 / 31]    HINT : TA_TOUCH_SHARE    list : [TIMEOUT / 1500] 
05-01 07:49:38.205  1684  1724 I HYPER-HAL: [RequestManager.cpp]acquire(): Acquired ID : 4042775  [2814 / 29]    HINT : GESTURE_DETECTED_HRR    list : [TIMEOUT / 2282] 
05-01 07:49:38.209 16310 16310 I warp-android-host: warp_mobile_android_host::vulkan: present_ok frame=2528 ts=163970683
05-01 07:49:38.217 16310 16310 I warp-android-host: warp_mobile_android_host::vulkan: present_ok frame=2529 ts=163970691
05-01 07:49:38.218 16310 16310 D warp-android-host: android_logger: android_logger: log::set_logger failed: attempted to set a logger after the logging system was already initialized
05-01 07:49:38.219 16310 16310 I warp-android-host: warp_mobile_android_host: terminal_set_scroll_offset requested=0 clamped=0
05-01 07:49:38.226 16310 16310 I warp-android-host: warp_mobile_android_host::vulkan: present_ok frame=2530 ts=163970700
05-01 07:49:38.234 16310 16310 I warp-android-host: warp_mobile_android_host::vulkan: present_ok frame=2531 ts=163970708
05-01 07:49:38.243 16310 16310 I warp-android-host: warp_mobile_android_host::vulkan: present_ok frame=2532 ts=163970716
05-01 07:49:38.251 16310 16310 I warp-android-host: warp_mobile_android_host::vulkan: present_ok frame=2533 ts=163970724
05-01 07:49:38.251 16310 16310 D warp-android-host: android_logger: android_logger: log::set_logger failed: attempted to set a logger after the logging system was already initialized
05-01 07:49:38.251 16310 16310 I warp-android-host: warp_mobile_android_host: terminal_set_scroll_offset requested=0 clamped=0
05-01 07:49:38.259 16310 16310 I warp-android-host: warp_mobile_android_host::vulkan: present_ok frame=2534 ts=163970733
05-01 07:49:38.267 16310 16310 I warp-android-host: warp_mobile_android_host::vulkan: present_ok frame=2535 ts=163970741
05-01 07:49:38.268 16310 16310 D warp-android-host: android_logger: android_logger: log::set_logger failed: attempted to set a logger after the logging system was already initialized
05-01 07:49:38.268 16310 16310 I warp-android-host: warp_mobile_android_host: terminal_set_scroll_offset requested=0 clamped=0
05-01 07:49:38.276 16310 16310 I warp-android-host: warp_mobile_android_host::vulkan: present_ok frame=2536 ts=163970749
05-01 07:49:38.284 16310 16310 I warp-android-host: warp_mobile_android_host::vulkan: present_ok frame=2537 ts=163970758
05-01 07:49:38.292 16310 16310 I warp-android-host: warp_mobile_android_host::vulkan: present_ok frame=2538 ts=163970766
05-01 07:49:38.296  1802  2321 I CompositionEngine: [setDisplaySize] size=(434, 42)
05-01 07:49:38.301 16310 16310 I warp-android-host: warp_mobile_android_host::vulkan: present_ok frame=2539 ts=163970775
05-01 07:49:38.302 16310 16310 D warp-android-host: android_logger: android_logger: log::set_logger failed: attempted to set a logger after the logging system was already initialized
05-01 07:49:38.302 16310 16310 I warp-android-host: warp_mobile_android_host: terminal_set_scroll_offset requested=0 clamped=0
05-01 07:49:38.309 16310 16310 I warp-android-host: warp_mobile_android_host::vulkan: present_ok frame=2540 ts=163970783
05-01 07:49:38.317 16310 16310 I warp-android-host: warp_mobile_android_host::vulkan: present_ok frame=2541 ts=163970791
05-01 07:49:38.326 16310 16310 I warp-android-host: warp_mobile_android_host::vulkan: present_ok frame=2542 ts=163970799
05-01 07:49:38.334 16310 16310 I warp-android-host: warp_mobile_android_host::vulkan: present_ok frame=2543 ts=163970808
05-01 07:49:38.334  1672  2586 I sensors-hal: handle_sns_std_sensor_event:90, light_cct: ts = 244691496659763 ns; value = [0, 0, 5, 5, 0, 15, 0, 0, 0, 0]
05-01 07:49:38.342 16310 16310 I warp-android-host: warp_mobile_android_host::vulkan: present_ok frame=2544 ts=163970816
05-01 07:49:38.350 16310 16310 I warp-android-host: warp_mobile_android_host::vulkan: present_ok frame=2545 ts=163970824
05-01 07:49:38.351 16310 16310 D warp-android-host: android_logger: android_logger: log::set_logger failed: attempted to set a logger after the logging system was already initialized
05-01 07:49:38.351 16310 16310 I warp-android-host: warp_mobile_android_host: terminal_set_scroll_offset requested=0 clamped=0
05-01 07:49:38.358  1186  1186 D io_stats: !@   8,0 r 25046387 369517652 w 13776287 211643472 d 1117162 382662068 f 500176 1537083 iot 5417600 0 th 0 0 0 pt 0 inp 0 0 163970.832
05-01 07:49:38.359 16310 16310 I warp-android-host: warp_mobile_android_host::vulkan: present_ok frame=2546 ts=163970833
05-01 07:49:38.360  1186  1186 D io_stats: !@ Read_top(KB): obal.driver.sea(28141) 24 screencap(16921) 12 f2fs_ckpt-254:6(1341) 4
05-01 07:49:38.360  1186  1186 D io_stats: !@ Write_top(KB): nordvpn.android(15130) 1152 f2fs_ckpt-254:6(1341) 36 soft.appmanager(9478) 16
05-01 07:49:38.367 16310 16310 I warp-android-host: warp_mobile_android_host::vulkan: present_ok frame=2547 ts=163970841
05-01 07:49:38.376 16310 16310 I warp-android-host: warp_mobile_android_host::vulkan: present_ok frame=2548 ts=163970849
05-01 07:49:38.384 16310 16310 I warp-android-host: warp_mobile_android_host::vulkan: present_ok frame=2549 ts=163970857
05-01 07:49:38.392 16310 16310 I warp-android-host: warp_mobile_android_host::vulkan: present_ok frame=2550 ts=163970866
05-01 07:49:38.400 16310 16310 I warp-android-host: warp_mobile_android_host::vulkan: present_ok frame=2551 ts=163970874
05-01 07:49:38.401  1802  2321 I CompositionEngine: [setDisplaySize] size=(434, 42)
05-01 07:49:38.409 16310 16310 I warp-android-host: warp_mobile_android_host::vulkan: present_ok frame=2552 ts=163970883
05-01 07:49:38.417 16310 16310 I warp-android-host: warp_mobile_android_host::vulkan: present_ok frame=2553 ts=163970890
05-01 07:49:38.417 16310 16310 D warp-android-host: android_logger: android_logger: log::set_logger failed: attempted to set a logger after the logging system was already initialized
05-01 07:49:38.417 16310 16310 I warp-android-host: warp_mobile_android_host: terminal_set_scroll_offset requested=0 clamped=0
05-01 07:49:38.425 16310 16310 I warp-android-host: warp_mobile_android_host::vulkan: present_ok frame=2554 ts=163970899
05-01 07:49:38.433 16310 16310 I warp-android-host: warp_mobile_android_host::vulkan: present_ok frame=2555 ts=163970907
05-01 07:49:38.441 16310 16310 I warp-android-host: warp_mobile_android_host::vulkan: present_ok frame=2556 ts=163970915
05-01 07:49:38.451 16310 16310 I warp-android-host: warp_mobile_android_host::vulkan: present_ok frame=2557 ts=163970924
05-01 07:49:38.459 16310 16310 I warp-android-host: warp_mobile_android_host::vulkan: present_ok frame=2558 ts=163970932
05-01 07:49:38.467 16310 16310 I warp-android-host: warp_mobile_android_host::vulkan: present_ok frame=2559 ts=163970940
05-01 07:49:38.468  2814  4051 D InputDispatcher: Inject motion (17032/2000): action=0x0, time=163970942000000, f=0x0, d=0 dsdx=1.000000 dtdx=0.000000
05-01 07:49:38.470  2814  3644 I InputDispatcher: Delivering touch to (3998): action: 0x4, f=0x0, d=0, 'c5a7fd5', t=1 
05-01 07:49:38.470  2814  3644 I InputDispatcher: Delivering touch to (16310): action: 0x0, f=0x0, d=0, '3ff34e4', t=1 
05-01 07:49:38.470 16310 16310 I VRI[MainActivity]@afeb858: ViewPostIme pointer 0
05-01 07:49:38.470 16310 16310 I WarpIme : touch_down x=540.0 y=1500.0
05-01 07:49:38.470 16310 16310 D warp-android-host: android_logger: android_logger: log::set_logger failed: attempted to set a logger after the logging system was already initialized
05-01 07:49:38.470 16310 16310 I warp-android-host: warp_mobile_android_host::input: input_event kind=touch_down x=540.0 y=1500.0 vx=0.0 vy=0.0 events_total=27
05-01 07:49:38.470 16310 16310 I GestureDetector: obtain mCurrentDownEvent. id: -762893767 caller: dev.warp.mobile.WarpInputView.onTouchEvent:392 android.view.View.performOnTouchCallback:17234 android.view.View.dispatchTouchEvent:17187 
05-01 07:49:38.471  7128  7128 I SemDvfsHyPerManager: acquire hyper - TATouchBoost/7128@30, type = -999
05-01 07:49:38.472  7128  7128 I SemDvfsHyPerManager: acquire hyper - TA_TOUCH_SHARE/7128@31, type = -999
05-01 07:49:38.472  4483  4483 I HoneySpace.GestureInputHandler: inputConsumers = [com.honeyspace.gesture.inputconsumer.InputConsumer$Companion$NO_OP$1@3c5d14e]
05-01 07:49:38.472  2814  3005 I GestureDetector: obtain mCurrentDownEvent. id: -762893767 caller: com.android.server.wm.SystemGesturesPointerEventListener.onPointerEvent:17 com.android.server.wm.PointerEventDispatcher.onInputEvent:51 android.view.InputEventReceiver.dispatchInputEvent:392 
05-01 07:49:38.472  4483  4483 I HoneySpace.InputSession: inputConsumers = NO_OP
05-01 07:49:38.473  2814  3005 I GestureDetector: obtain mCurrentDownEvent. id: -762893767 caller: com.android.server.wm.SystemPerformancePointerEventListener.onPointerEvent:13 com.android.server.wm.PointerEventDispatcher.onInputEvent:51 android.view.InputEventReceiver.dispatchInputEvent:392 
05-01 07:49:38.473  4483  4483 I HoneySpace.InputSession: open
05-01 07:49:38.474  1684  1724 I HYPER-HAL: [RequestManager.cpp]acquire(): Acquired ID : 25622091  [7128 / 30]    HINT :      list : [TABoost / 1] [TIMEOUT / 1500] 
05-01 07:49:38.474  1684  1724 I HYPER-HAL: [RequestManager.cpp]acquire(): Acquired ID : 25629251  [7128 / 31]    HINT : TA_TOUCH_SHARE    list : [TIMEOUT / 1500] 
05-01 07:49:38.475 16310 16310 I warp-android-host: warp_mobile_android_host::vulkan: present_ok frame=2560 ts=163970948
05-01 07:49:38.478  2814  3005 I GestureDetector: obtain mCurrentMotionEventRaw. action: 2 id: -185979424
05-01 07:49:38.479  2814  3005 I GestureDetector: obtain mCurrentMotionEventRaw. action: 2 id: -185979424
05-01 07:49:38.479  2814  2814 I SemDvfsHyPerManager: acquire hyper - WM_SCROLL_DETECTED/2814@2, type = -999
05-01 07:49:38.479  1684  1724 I HYPER-HAL: [RequestManager.cpp]acquire(): Acquired ID : 3966338  [2814 / 2]    HINT :      list : [CoreNumBigMin / 3] 
05-01 07:49:38.482 16310 16310 I GestureDetector: obtain mCurrentMotionEventRaw. action: 2 id: -185979424
05-01 07:49:38.482 16310 16310 D WarpIme : gesture_scroll x=540.0 y=1391.9443 dx=0.0 dy=108.055664 vx=0.0 vy=-13000.004
05-01 07:49:38.482 16310 16310 D warp-android-host: android_logger: android_logger: log::set_logger failed: attempted to set a logger after the logging system was already initialized
05-01 07:49:38.482 16310 16310 I warp-android-host: warp_mobile_android_host::input: input_event kind=scroll x=540.0 y=1391.9 vx=0.0 vy=-13000.0 events_total=28
05-01 07:49:38.482 16310 16310 D warp-android-host: android_logger: android_logger: log::set_logger failed: attempted to set a logger after the logging system was already initialized
05-01 07:49:38.482 16310 16310 I warp-android-host: warp_mobile_android_host: terminal_set_scroll_offset requested=0 clamped=0
05-01 07:49:38.485 16310 16310 I warp-android-host: warp_mobile_android_host::vulkan: present_ok frame=2561 ts=163970958
05-01 07:49:38.490 16310 16310 D WarpIme : gesture_scroll x=540.0 y=1283.752 dx=0.0 dy=108.19238 vx=-0.08731155 vy=-13000.352
05-01 07:49:38.490 16310 16310 D warp-android-host: android_logger: android_logger: log::set_logger failed: attempted to set a logger after the logging system was already initialized
05-01 07:49:38.490 16310 16310 I warp-android-host: warp_mobile_android_host::input: input_event kind=scroll x=540.0 y=1283.8 vx=-0.1 vy=-13000.4 events_total=29
05-01 07:49:38.490 16310 16310 D warp-android-host: android_logger: android_logger: log::set_logger failed: attempted to set a logger after the logging system was already initialized
05-01 07:49:38.490 16310 16310 I warp-android-host: warp_mobile_android_host: terminal_set_scroll_offset requested=0 clamped=0
05-01 07:49:38.492 16310 16310 I warp-android-host: warp_mobile_android_host::vulkan: present_ok frame=2562 ts=163970966
05-01 07:49:38.499 16310 16310 D WarpIme : gesture_scroll x=540.0 y=1169.0605 dx=0.0 dy=114.69141 vx=0.0 vy=-13000.171
05-01 07:49:38.499 16310 16310 D warp-android-host: android_logger: android_logger: log::set_logger failed: attempted to set a logger after the logging system was already initialized
05-01 07:49:38.499 16310 16310 I warp-android-host: warp_mobile_android_host::input: input_event kind=scroll x=540.0 y=1169.1 vx=0.0 vy=-13000.2 events_total=30
05-01 07:49:38.499 16310 16310 D warp-android-host: android_logger: android_logger: log::set_logger failed: attempted to set a logger after the logging system was already initialized
05-01 07:49:38.499 16310 16310 I warp-android-host: warp_mobile_android_host: terminal_set_scroll_offset requested=0 clamped=0
