05-01 07:49:39.291 16310 16310 I warp-android-host: warp_mobile_android_host::vulkan: present_ok frame=2658 ts=163971765
05-01 07:49:39.299 16310 16310 I warp-android-host: warp_mobile_android_host::vulkan: present_ok frame=2659 ts=163971773
05-01 07:49:39.301 16310 16310 D warp-android-host: android_logger: android_logger: log::set_logger failed: attempted to set a logger after the logging system was already initialized
05-01 07:49:39.301 16310 16310 I warp-android-host: warp_mobile_android_host: terminal_set_scroll_offset requested=0 clamped=0
05-01 07:49:39.307 16310 16310 I warp-android-host: warp_mobile_android_host::vulkan: present_ok frame=2660 ts=163971781
05-01 07:49:39.310  1802  2321 I CompositionEngine: [setDisplaySize] size=(434, 42)
05-01 07:49:39.316 16310 16310 I warp-android-host: warp_mobile_android_host::vulkan: present_ok frame=2661 ts=163971790
05-01 07:49:39.317 16310 16310 D warp-android-host: android_logger: android_logger: log::set_logger failed: attempted to set a logger after the logging system was already initialized
05-01 07:49:39.317 16310 16310 I warp-android-host: warp_mobile_android_host: terminal_set_scroll_offset requested=0 clamped=0
05-01 07:49:39.324 16310 16310 I warp-android-host: warp_mobile_android_host::vulkan: present_ok frame=2662 ts=163971798
05-01 07:49:39.332 16310 16310 I warp-android-host: warp_mobile_android_host::vulkan: present_ok frame=2663 ts=163971806
05-01 07:49:39.334 16310 16310 D warp-android-host: android_logger: android_logger: log::set_logger failed: attempted to set a logger after the logging system was already initialized
05-01 07:49:39.334 16310 16310 I warp-android-host: warp_mobile_android_host: terminal_set_scroll_offset requested=0 clamped=0
05-01 07:49:39.341 16310 16310 I warp-android-host: warp_mobile_android_host::vulkan: present_ok frame=2664 ts=163971815
05-01 07:49:39.349 16310 16310 I warp-android-host: warp_mobile_android_host::vulkan: present_ok frame=2665 ts=163971823
05-01 07:49:39.351 16310 16310 D warp-android-host: android_logger: android_logger: log::set_logger failed: attempted to set a logger after the logging system was already initialized
05-01 07:49:39.351 16310 16310 I warp-android-host: warp_mobile_android_host: terminal_set_scroll_offset requested=0 clamped=0
05-01 07:49:39.358 16310 16310 I warp-android-host: warp_mobile_android_host::vulkan: present_ok frame=2666 ts=163971831
05-01 07:49:39.366 16310 16310 I warp-android-host: warp_mobile_android_host::vulkan: present_ok frame=2667 ts=163971839
05-01 07:49:39.367 16310 16310 D warp-android-host: android_logger: android_logger: log::set_logger failed: attempted to set a logger after the logging system was already initialized
05-01 07:49:39.367 16310 16310 I warp-android-host: warp_mobile_android_host: terminal_set_scroll_offset requested=0 clamped=0
05-01 07:49:39.374 16310 16310 I warp-android-host: warp_mobile_android_host::vulkan: present_ok frame=2668 ts=163971848
05-01 07:49:39.383 16310 16310 I warp-android-host: warp_mobile_android_host::vulkan: present_ok frame=2669 ts=163971856
05-01 07:49:39.383 16310 16310 D warp-android-host: android_logger: android_logger: log::set_logger failed: attempted to set a logger after the logging system was already initialized
05-01 07:49:39.383 16310 16310 I warp-android-host: warp_mobile_android_host: terminal_set_scroll_offset requested=0 clamped=0
05-01 07:49:39.391 16310 16310 I warp-android-host: warp_mobile_android_host::vulkan: present_ok frame=2670 ts=163971865
05-01 07:49:39.399 16310 16310 I warp-android-host: warp_mobile_android_host::vulkan: present_ok frame=2671 ts=163971873
05-01 07:49:39.400 16310 16310 D warp-android-host: android_logger: android_logger: log::set_logger failed: attempted to set a logger after the logging system was already initialized
05-01 07:49:39.400 16310 16310 I warp-android-host: warp_mobile_android_host: terminal_set_scroll_offset requested=0 clamped=0
05-01 07:49:39.407 16310 16310 I warp-android-host: warp_mobile_android_host::vulkan: present_ok frame=2672 ts=163971881
05-01 07:49:39.411  1802  2321 I CompositionEngine: [setDisplaySize] size=(434, 42)
05-01 07:49:39.416 16310 16310 I warp-android-host: warp_mobile_android_host::vulkan: present_ok frame=2673 ts=163971890
05-01 07:49:39.417 16310 16310 D warp-android-host: android_logger: android_logger: log::set_logger failed: attempted to set a logger after the logging system was already initialized
05-01 07:49:39.417 16310 16310 I warp-android-host: warp_mobile_android_host: terminal_set_scroll_offset requested=0 clamped=0
05-01 07:49:39.424 16310 16310 I warp-android-host: warp_mobile_android_host::vulkan: present_ok frame=2674 ts=163971898
05-01 07:49:39.432 16310 16310 I warp-android-host: warp_mobile_android_host::vulkan: present_ok frame=2675 ts=163971906
05-01 07:49:39.434 16310 16310 D warp-android-host: android_logger: android_logger: log::set_logger failed: attempted to set a logger after the logging system was already initialized
05-01 07:49:39.434 16310 16310 I warp-android-host: warp_mobile_android_host: terminal_set_scroll_offset requested=0 clamped=0
05-01 07:49:39.440 16310 16310 I warp-android-host: warp_mobile_android_host::vulkan: present_ok frame=2676 ts=163971914
05-01 07:49:39.448 16310 16310 I warp-android-host: warp_mobile_android_host::vulkan: present_ok frame=2677 ts=163971922
05-01 07:49:39.450 16310 16310 D warp-android-host: android_logger: android_logger: log::set_logger failed: attempted to set a logger after the logging system was already initialized
05-01 07:49:39.450 16310 16310 I warp-android-host: warp_mobile_android_host: terminal_set_scroll_offset requested=0 clamped=0
05-01 07:49:39.457 16310 16310 I warp-android-host: warp_mobile_android_host::vulkan: present_ok frame=2678 ts=163971930
05-01 07:49:39.465 16310 16310 I warp-android-host: warp_mobile_android_host::vulkan: present_ok frame=2679 ts=163971939
05-01 07:49:39.467 16310 16310 D warp-android-host: android_logger: android_logger: log::set_logger failed: attempted to set a logger after the logging system was already initialized
05-01 07:49:39.467 16310 16310 I warp-android-host: warp_mobile_android_host: terminal_set_scroll_offset requested=0 clamped=0
05-01 07:49:39.474 16310 16310 I warp-android-host: warp_mobile_android_host::vulkan: present_ok frame=2680 ts=163971947
05-01 07:49:39.482 16310 16310 I warp-android-host: warp_mobile_android_host::vulkan: present_ok frame=2681 ts=163971956
05-01 07:49:39.482  2814  4051 D InputDispatcher: Inject motion (17053/2000): action=0x0, time=163971956000000, f=0x0, d=0 dsdx=1.000000 dtdx=0.000000
05-01 07:49:39.484 16310 16310 D warp-android-host: android_logger: android_logger: log::set_logger failed: attempted to set a logger after the logging system was already initialized
05-01 07:49:39.484 16310 16310 I warp-android-host: warp_mobile_android_host: terminal_set_scroll_offset requested=0 clamped=0
05-01 07:49:39.484  2814  3644 I InputDispatcher: Delivering touch to (3998): action: 0x4, f=0x0, d=0, 'c5a7fd5', t=1 
05-01 07:49:39.484  2814  3644 I InputDispatcher: Delivering touch to (16310): action: 0x0, f=0x0, d=0, '3ff34e4', t=1 
05-01 07:49:39.484 16310 16310 I VRI[MainActivity]@afeb858: ViewPostIme pointer 0
05-01 07:49:39.486  4483  4483 I HoneySpace.GestureInputHandler: inputConsumers = [com.honeyspace.gesture.inputconsumer.InputConsumer$Companion$NO_OP$1@3c5d14e]
05-01 07:49:39.486  7128  7128 I SemDvfsHyPerManager: acquire hyper - TATouchBoost/7128@30, type = -999
05-01 07:49:39.486  2814  3005 I GestureDetector: obtain mCurrentDownEvent. id: -623550508 caller: com.android.server.wm.SystemGesturesPointerEventListener.onPointerEvent:17 com.android.server.wm.PointerEventDispatcher.onInputEvent:51 android.view.InputEventReceiver.dispatchInputEvent:392 
05-01 07:49:39.487  7128  7128 I SemDvfsHyPerManager: acquire hyper - TA_TOUCH_SHARE/7128@31, type = -999
05-01 07:49:39.487  4483  4483 I HoneySpace.InputSession: inputConsumers = NO_OP
05-01 07:49:39.487  2814  3005 I GestureDetector: obtain mCurrentDownEvent. id: -623550508 caller: com.android.server.wm.SystemPerformancePointerEventListener.onPointerEvent:13 com.android.server.wm.PointerEventDispatcher.onInputEvent:51 android.view.InputEventReceiver.dispatchInputEvent:392 
05-01 07:49:39.487  4483  4483 I HoneySpace.InputSession: open
05-01 07:49:39.487  1684  1724 I HYPER-HAL: [RequestManager.cpp]acquire(): Acquired ID : 25622091  [7128 / 30]    HINT :      list : [TABoost / 1] [TIMEOUT / 1500] 
05-01 07:49:39.487  1684  1724 I HYPER-HAL: [RequestManager.cpp]acquire(): Acquired ID : 25629251  [7128 / 31]    HINT : TA_TOUCH_SHARE    list : [TIMEOUT / 1500] 
05-01 07:49:39.490 16310 16310 I warp-android-host: warp_mobile_android_host::vulkan: present_ok frame=2682 ts=163971964
05-01 07:49:39.492  2814  3005 I GestureDetector: obtain mCurrentMotionEventRaw. action: 2 id: -196024582
05-01 07:49:39.492  2814  3005 I GestureDetector: obtain mCurrentMotionEventRaw. action: 2 id: -196024582
05-01 07:49:39.493  2814  2814 I SemDvfsHyPerManager: acquire hyper - WM_SCROLL_DETECTED/2814@2, type = -999
05-01 07:49:39.493  1684  1724 I HYPER-HAL: [RequestManager.cpp]acquire(): Acquired ID : 3966338  [2814 / 2]    HINT :      list : [CoreNumBigMin / 3] 
05-01 07:49:39.500 16310 16310 I warp-android-host: warp_mobile_android_host::vulkan: present_ok frame=2683 ts=163971973
05-01 07:49:39.500 16310 16310 D warp-android-host: android_logger: android_logger: log::set_logger failed: attempted to set a logger after the logging system was already initialized
05-01 07:49:39.500 16310 16310 I warp-android-host: warp_mobile_android_host: terminal_set_scroll_offset requested=0 clamped=0
05-01 07:49:39.508 16310 16310 I warp-android-host: warp_mobile_android_host::vulkan: present_ok frame=2684 ts=163971981
05-01 07:49:39.516 16310 16310 I warp-android-host: warp_mobile_android_host::vulkan: present_ok frame=2685 ts=163971989
05-01 07:49:39.516 16310 16310 D warp-android-host: android_logger: android_logger: log::set_logger failed: attempted to set a logger after the logging system was already initialized
05-01 07:49:39.516 16310 16310 I warp-android-host: warp_mobile_android_host: terminal_set_scroll_offset requested=0 clamped=0
05-01 07:49:39.517  1802  2321 I CompositionEngine: [setDisplaySize] size=(434, 42)
05-01 07:49:39.525 16310 16310 I warp-android-host: warp_mobile_android_host::vulkan: present_ok frame=2686 ts=163971999
05-01 07:49:39.533 16310 16310 I warp-android-host: warp_mobile_android_host::vulkan: present_ok frame=2687 ts=163972007
05-01 07:49:39.533 16310 16310 D warp-android-host: android_logger: android_logger: log::set_logger failed: attempted to set a logger after the logging system was already initialized
05-01 07:49:39.534 16310 16310 I warp-android-host: warp_mobile_android_host: terminal_set_scroll_offset requested=0 clamped=0
05-01 07:49:39.542 16310 16310 I warp-android-host: warp_mobile_android_host::vulkan: present_ok frame=2688 ts=163972015
05-01 07:49:39.549 16310 16310 I warp-android-host: warp_mobile_android_host::vulkan: present_ok frame=2689 ts=163972023
05-01 07:49:39.550 16310 16310 D warp-android-host: android_logger: android_logger: log::set_logger failed: attempted to set a logger after the logging system was already initialized
05-01 07:49:39.550 16310 16310 I warp-android-host: warp_mobile_android_host: terminal_set_scroll_offset requested=0 clamped=0
05-01 07:49:39.552  1667  5342 I vendor.qti.bluetooth@1.1-ibs_handler: ProcessIbsCmd: Received IBS_WAKE_IND: 0xFD
05-01 07:49:39.553  1667  5342 D vendor.qti.bluetooth@1.1-ibs_handler: SerialClockVote: vote for UART CLK ON
05-01 07:49:39.553  1667  5342 D vendor.qti.bluetooth@1.1-wake_lock: Acquire wakelock is acquired 
05-01 07:49:39.553  1667  5342 I vendor.qti.bluetooth@1.1-ibs_handler: ProcessIbsCmd: Writing IBS_WAKE_ACK
05-01 07:49:39.558 16310 16310 I warp-android-host: warp_mobile_android_host::vulkan: present_ok frame=2690 ts=163972031
05-01 07:49:39.562  4283  5396 I ScanController: onScanResult to scannerId: 6- eventType=0x1b, addressType=1, address=XX:XX:XX:XX:56:F4, primaryPhy=1, secondaryPhy=0, advertisingSid=0xff, txPower=127, rssi=-47, periodicAdvInt=0x0
05-01 07:49:39.566 16310 16310 I warp-android-host: warp_mobile_android_host::vulkan: present_ok frame=2691 ts=163972040
05-01 07:49:39.567 16310 16310 D warp-android-host: android_logger: android_logger: log::set_logger failed: attempted to set a logger after the logging system was already initialized
05-01 07:49:39.567 16310 16310 I warp-android-host: warp_mobile_android_host: terminal_set_scroll_offset requested=0 clamped=0
05-01 07:49:39.574 16310 16310 I warp-android-host: warp_mobile_android_host::vulkan: present_ok frame=2692 ts=163972048
05-01 07:49:39.583 16310 16310 I warp-android-host: warp_mobile_android_host::vulkan: present_ok frame=2693 ts=163972056
05-01 07:49:39.583 16310 16310 D warp-android-host: android_logger: android_logger: log::set_logger failed: attempted to set a logger after the logging system was already initialized
05-01 07:49:39.583 16310 16310 I warp-android-host: warp_mobile_android_host: terminal_set_scroll_offset requested=0 clamped=0
05-01 07:49:39.589  2814  4051 D InputDispatcher: Inject motion (17053/2000): action=0x1, time=163972063000000, f=0x0, d=0 dsdx=1.000000 dtdx=0.000000
05-01 07:49:39.590  2814  3644 I InputDispatcher: Delivering touch to (16310): action: 0x1, f=0x0, d=0, '3ff34e4', t=1 
05-01 07:49:39.591 16310 16310 I warp-android-host: warp_mobile_android_host::vulkan: present_ok frame=2694 ts=163972065
05-01 07:49:39.591 16310 16310 I VRI[MainActivity]@afeb858: ViewPostIme pointer 1
05-01 07:49:39.592  4483  4483 I HoneySpace.GestureInputHandler: reset
05-01 07:49:39.592  4483  4483 I HoneySpace.InputSession: close
05-01 07:49:39.592  2814  2814 I SemDvfsHyPerManager: acquire hyper - GESTURE_DETECTED_HRR/2814@29, type = -999
05-01 07:49:39.593  2814  2814 I SemDvfsHyPerManager: acquire hyper - GESTURE_DETECTED_HRR/2814@29, type = -999
05-01 07:49:39.593  2814  2814 I SemDvfsHyPerManager: acquire hyper - SMOOTH_SCROLL/2814@25, type = -999
05-01 07:49:39.595  1684  1724 I HYPER-HAL: [RequestManager.cpp]releaseLocked(): Released ID : 3966338
05-01 07:49:39.595  1684  1724 I HYPER-HAL: [RequestManager.cpp]acquire(): Acquired ID : 4042775  [2814 / 29]    HINT : GESTURE_DETECTED_HRR    list : [TIMEOUT / 2083] 
05-01 07:49:39.595  1684  1724 I HYPER-HAL: [RequestManager.cpp]acquire(): Acquired ID : 4042775  [2814 / 29]    HINT : GESTURE_DETECTED_HRR    list : [TIMEOUT / 2282] 
05-01 07:49:39.599 16310 16310 I warp-android-host: warp_mobile_android_host::vulkan: present_ok frame=2695 ts=163972073
05-01 07:49:39.599 16310 16310 D warp-android-host: android_logger: android_logger: log::set_logger failed: attempted to set a logger after the logging system was already initialized
05-01 07:49:39.599 16310 16310 I warp-android-host: warp_mobile_android_host: terminal_set_scroll_offset requested=0 clamped=0
05-01 07:49:39.602  1667  5342 I vendor.qti.bluetooth@1.1-ibs_handler: ProcessIbsCmd: Received IBS_SLEEP_IND: 0xFE
05-01 07:49:39.602  1667  5342 D vendor.qti.bluetooth@1.1-ibs_handler: SerialClockVote: vote for UART CLK OFF
05-01 07:49:39.606 16310 16310 I warp-android-host: warp_mobile_android_host::vulkan: present_ok frame=2696 ts=163972080
05-01 07:49:39.615  1672  2564 I sensors-hal: handle_sns_std_sensor_event:409, [SSC_LIGHT] P: 0(0),c:1,b:15,m:13,cl:0,l:0,s:0,l0:0,l1:0,s0:0,s1:0,acl:1,opr:0.01,f(r):77,u(bl):100,if:0,wi:0,si:0,po:0(N:0)
05-01 07:49:39.615  1672  6806 I sensors-hal: handle_sns_std_sensor_event:131, [SSC_LIGHT] A: 0(0),c:1,b:15,m:13,cl:0,l:0,s:0,l0:0,l1:0,s0:0,s1:0,acl:1,opr:0.01,f(r):77,u(bl):100,if:0,wi:0,si:0,po:0(N:0)
05-01 07:49:39.615 16310 16310 I warp-android-host: warp_mobile_android_host::vulkan: present_ok frame=2697 ts=163972089
05-01 07:49:39.615 16310 16310 D warp-android-host: android_logger: android_logger: log::set_logger failed: attempted to set a logger after the logging system was already initialized
05-01 07:49:39.615 16310 16310 I warp-android-host: warp_mobile_android_host: terminal_set_scroll_offset requested=0 clamped=0
05-01 07:49:39.618  1802  2321 I CompositionEngine: [setDisplaySize] size=(434, 42)
05-01 07:49:39.624 16310 16310 I warp-android-host: warp_mobile_android_host::vulkan: present_ok frame=2698 ts=163972098
05-01 07:49:39.632 16310 16310 I warp-android-host: warp_mobile_android_host::vulkan: present_ok frame=2699 ts=163972106
05-01 07:49:39.641 16310 16310 I warp-android-host: warp_mobile_android_host::vulkan: present_ok frame=2700 ts=163972114
05-01 07:49:39.649 16310 16310 I warp-android-host: warp_mobile_android_host::vulkan: present_ok frame=2701 ts=163972123
05-01 07:49:39.650 16310 16310 D warp-android-host: android_logger: android_logger: log::set_logger failed: attempted to set a logger after the logging system was already initialized
05-01 07:49:39.650 16310 16310 I warp-android-host: warp_mobile_android_host: terminal_set_scroll_offset requested=0 clamped=0
05-01 07:49:39.657 16310 16310 I warp-android-host: warp_mobile_android_host::vulkan: present_ok frame=2702 ts=163972131
05-01 07:49:39.665 16310 16310 I warp-android-host: warp_mobile_android_host::vulkan: present_ok frame=2703 ts=163972139
05-01 07:49:39.666 16310 16310 D warp-android-host: android_logger: android_logger: log::set_logger failed: attempted to set a logger after the logging system was already initialized
05-01 07:49:39.666 16310 16310 I warp-android-host: warp_mobile_android_host: terminal_set_scroll_offset requested=0 clamped=0
05-01 07:49:39.674 16310 16310 I warp-android-host: warp_mobile_android_host::vulkan: present_ok frame=2704 ts=163972147
05-01 07:49:39.682 16310 16310 I warp-android-host: warp_mobile_android_host::vulkan: present_ok frame=2705 ts=163972156
05-01 07:49:39.690 16310 16310 I warp-android-host: warp_mobile_android_host::vulkan: present_ok frame=2706 ts=163972164
05-01 07:49:39.698 16310 16310 I warp-android-host: warp_mobile_android_host::vulkan: present_ok frame=2707 ts=163972172
05-01 07:49:39.707 16310 16310 I warp-android-host: warp_mobile_android_host::vulkan: present_ok frame=2708 ts=163972181
05-01 07:49:39.716 16310 16310 I warp-android-host: warp_mobile_android_host::vulkan: present_ok frame=2709 ts=163972190
05-01 07:49:39.717 16310 16310 D warp-android-host: android_logger: android_logger: log::set_logger failed: attempted to set a logger after the logging system was already initialized
05-01 07:49:39.717 16310 16310 I warp-android-host: warp_mobile_android_host: terminal_set_scroll_offset requested=0 clamped=0
05-01 07:49:39.718  1802  2321 I CompositionEngine: [setDisplaySize] size=(434, 42)
05-01 07:49:39.724 16310 16310 I warp-android-host: warp_mobile_android_host::vulkan: present_ok frame=2710 ts=163972198
05-01 07:49:39.732 16310 16310 I warp-android-host: warp_mobile_android_host::vulkan: present_ok frame=2711 ts=163972205
05-01 07:49:39.740 16310 16310 I warp-android-host: warp_mobile_android_host::vulkan: present_ok frame=2712 ts=163972214
05-01 07:49:39.746  1792  1822 E HeatmapThread: ECT Thread time in milliseconds: 1777592979
05-01 07:49:39.749 16310 16310 I warp-android-host: warp_mobile_android_host::vulkan: present_ok frame=2713 ts=163972222
05-01 07:49:39.749 16310 16310 D warp-android-host: android_logger: android_logger: log::set_logger failed: attempted to set a logger after the logging system was already initialized
05-01 07:49:39.750 16310 16310 I warp-android-host: warp_mobile_android_host: terminal_set_scroll_offset requested=0 clamped=0
05-01 07:49:39.752  1667  4712 D vendor.qti.bluetooth@1.1-wake_lock: Release wakelock is released 
05-01 07:49:39.753  1792  1822 D HeatmapThread: !@ batteryplugType : 2
05-01 07:49:39.754  1792  1822 D HeatmapThread: !@ batteryLevel : 100  batteryTemperature : 320 
05-01 07:49:39.754  1792  1822 D HeatmapThread: !@ Heatmap currtime: 29626549
05-01 07:49:39.754  1792  1822 D HeatmapThread: !@ Heatmap prevtime: 29626524
05-01 07:49:39.754  1792  1822 D HeatmapThread: !@ Heatmap plugstarttime: 29625649
05-01 07:49:39.754  1792  1822 D HeatmapThread: !@ Heatmap prevv_dsoh_update_time: 29626542
05-01 07:49:39.754  1792  1822 E HeatmapThread: !@ CAM New BSOH: 100
05-01 07:49:39.754  1792  1822 E HeatmapThread: !@ CAM is Working
05-01 07:49:39.757 16310 16310 I warp-android-host: warp_mobile_android_host::vulkan: present_ok frame=2714 ts=163972231
05-01 07:49:39.765 16310 16310 I warp-android-host: warp_mobile_android_host::vulkan: present_ok frame=2715 ts=163972239
05-01 07:49:39.774 16310 16310 I warp-android-host: warp_mobile_android_host::vulkan: present_ok frame=2716 ts=163972247
05-01 07:49:39.782 16310 16310 I warp-android-host: warp_mobile_android_host::vulkan: present_ok frame=2717 ts=163972256
05-01 07:49:39.790 16310 16310 I warp-android-host: warp_mobile_android_host::vulkan: present_ok frame=2718 ts=163972264
05-01 07:49:39.797 16310 16310 I warp-android-host: warp_mobile_android_host::vulkan: present_ok frame=2719 ts=163972271
05-01 07:49:39.806 16310 16310 I warp-android-host: warp_mobile_android_host::vulkan: present_ok frame=2720 ts=163972280
05-01 07:49:39.815 16310 16310 I warp-android-host: warp_mobile_android_host::vulkan: present_ok frame=2721 ts=163972289
05-01 07:49:39.815 16310 16310 D warp-android-host: android_logger: android_logger: log::set_logger failed: attempted to set a logger after the logging system was already initialized
05-01 07:49:39.815 16310 16310 I warp-android-host: warp_mobile_android_host: terminal_set_scroll_offset requested=0 clamped=0
05-01 07:49:39.823 16310 16310 I warp-android-host: warp_mobile_android_host::vulkan: present_ok frame=2722 ts=163972297
05-01 07:49:39.824  1802  2321 I CompositionEngine: [setDisplaySize] size=(434, 42)
05-01 07:49:39.832 16310 16310 I warp-android-host: warp_mobile_android_host::vulkan: present_ok frame=2723 ts=163972306
05-01 07:49:39.835  2814  4051 D InputDispatcher: Inject motion (17062/2000): action=0x0, time=163972308000000, f=0x0, d=0 dsdx=1.000000 dtdx=0.000000
05-01 07:49:39.835  2814  3644 I InputDispatcher: Delivering touch to (3998): action: 0x4, f=0x0, d=0, 'c5a7fd5', t=1 
05-01 07:49:39.836  2814  3644 I InputDispatcher: Delivering touch to (16310): action: 0x0, f=0x0, d=0, '3ff34e4', t=1 
05-01 07:49:39.836 16310 16310 I VRI[MainActivity]@afeb858: ViewPostIme pointer 0
05-01 07:49:39.836 16310 16310 I WarpIme : touch_down x=540.0 y=1500.0
05-01 07:49:39.836 16310 16310 D warp-android-host: android_logger: android_logger: log::set_logger failed: attempted to set a logger after the logging system was already initialized
05-01 07:49:39.836 16310 16310 I warp-android-host: warp_mobile_android_host::input: input_event kind=touch_down x=540.0 y=1500.0 vx=0.0 vy=0.0 events_total=52
05-01 07:49:39.836  2814  3644 D PowerManagerService: [api] userActivityFromNative : touch displayId=0 eventTime=163972308
05-01 07:49:39.836 16310 16310 I GestureDetector: obtain mCurrentDownEvent. id: -900948185 caller: dev.warp.mobile.WarpInputView.onTouchEvent:392 android.view.View.performOnTouchCallback:17234 android.view.View.dispatchTouchEvent:17187 
05-01 07:49:39.837  4483  4483 I HoneySpace.GestureInputHandler: inputConsumers = [com.honeyspace.gesture.inputconsumer.InputConsumer$Companion$NO_OP$1@3c5d14e]
05-01 07:49:39.837  4483  4483 I HoneySpace.InputSession: inputConsumers = NO_OP
05-01 07:49:39.838  4483  4483 I HoneySpace.InputSession: open
05-01 07:49:39.838  7128  7128 I SemDvfsHyPerManager: acquire hyper - TATouchBoost/7128@30, type = -999
05-01 07:49:39.839  7128  7128 I SemDvfsHyPerManager: acquire hyper - TA_TOUCH_SHARE/7128@31, type = -999
05-01 07:49:39.839  1684  1724 I HYPER-HAL: [RequestManager.cpp]acquire(): Acquired ID : 25622091  [7128 / 30]    HINT :      list : [TABoost / 1] [TIMEOUT / 1500] 
05-01 07:49:39.839  1684  1724 I HYPER-HAL: [RequestManager.cpp]acquire(): Acquired ID : 25629251  [7128 / 31]    HINT : TA_TOUCH_SHARE    list : [TIMEOUT / 1500] 
05-01 07:49:39.840 16310 16310 I warp-android-host: warp_mobile_android_host::vulkan: present_ok frame=2724 ts=163972313
05-01 07:49:39.840  2814  3005 I GestureDetector: obtain mCurrentDownEvent. id: -900948185 caller: com.android.server.wm.SystemGesturesPointerEventListener.onPointerEvent:17 com.android.server.wm.PointerEventDispatcher.onInputEvent:51 android.view.InputEventReceiver.dispatchInputEvent:392 
05-01 07:49:39.840  2814  3005 I GestureDetector: obtain mCurrentDownEvent. id: -900948185 caller: com.android.server.wm.SystemPerformancePointerEventListener.onPointerEvent:13 com.android.server.wm.PointerEventDispatcher.onInputEvent:51 android.view.InputEventReceiver.dispatchInputEvent:392 
05-01 07:49:39.844  2814  3005 I GestureDetector: obtain mCurrentMotionEventRaw. action: 2 id: -51082688
05-01 07:49:39.844  2814  3005 I GestureDetector: obtain mCurrentMotionEventRaw. action: 2 id: -51082688
05-01 07:49:39.844  2814  2814 I SemDvfsHyPerManager: acquire hyper - WM_SCROLL_DETECTED/2814@2, type = -999
05-01 07:49:39.845  1684  1724 I HYPER-HAL: [RequestManager.cpp]acquire(): Acquired ID : 3966338  [2814 / 2]    HINT :      list : [CoreNumBigMin / 3] 
05-01 07:49:39.848 16310 16310 I warp-android-host: warp_mobile_android_host::vulkan: present_ok frame=2725 ts=163972322
05-01 07:49:39.855 16310 16310 I GestureDetector: obtain mCurrentMotionEventRaw. action: 2 id: -51082688
05-01 07:49:39.856 16310 16310 D WarpIme : gesture_scroll x=540.0 y=1344.0 dx=0.0 dy=156.0 vx=0.0 vy=-13000.004
05-01 07:49:39.856 16310 16310 D warp-android-host: android_logger: android_logger: log::set_logger failed: attempted to set a logger after the logging system was already initialized
05-01 07:49:39.856 16310 16310 I warp-android-host: warp_mobile_android_host::input: input_event kind=scroll x=540.0 y=1344.0 vx=0.0 vy=-13000.0 events_total=53
05-01 07:49:39.856 16310 16310 D warp-android-host: android_logger: android_logger: log::set_logger failed: attempted to set a logger after the logging system was already initialized
05-01 07:49:39.856 16310 16310 I warp-android-host: warp_mobile_android_host: terminal_set_scroll_offset requested=0 clamped=0
05-01 07:49:39.858 16310 16310 I warp-android-host: warp_mobile_android_host::vulkan: present_ok frame=2726 ts=163972332
05-01 07:49:39.863 16310 16310 D WarpIme : gesture_scroll x=540.0 y=1191.2256 dx=0.0 dy=152.77441 vx=-0.1117194 vy=-13000.017
05-01 07:49:39.864 16310 16310 D warp-android-host: android_logger: android_logger: log::set_logger failed: attempted to set a logger after the logging system was already initialized
05-01 07:49:39.864 16310 16310 I warp-android-host: warp_mobile_android_host::input: input_event kind=scroll x=540.0 y=1191.2 vx=-0.1 vy=-13000.0 events_total=54
05-01 07:49:39.864 16310 16310 D warp-android-host: android_logger: android_logger: log::set_logger failed: attempted to set a logger after the logging system was already initialized
05-01 07:49:39.864 16310 16310 I warp-android-host: warp_mobile_android_host: terminal_set_scroll_offset requested=0 clamped=0
05-01 07:49:39.866 16310 16310 I warp-android-host: warp_mobile_android_host::vulkan: present_ok frame=2727 ts=163972340
05-01 07:49:39.867  1722  1746 E BatteryDump: !@new_battery_dump : 4362,-2,1500,1708,100,322,308,367,322,0,338,367,0,Full,NO_CHARGING,None,Good,PDIC,0,Normal,0,0,5400,0x0,0x10000,0x0,0,0,0000,0000,00000000,0,0,0,0,727,4363,9978,980,0,
05-01 07:49:39.868  1750  1750 I seh_thermal_service: getTemperaturesWithType SehTemperatureType: 3
05-01 07:49:39.868  1722  1722 I sehhealth-service: updateLrpSysfs: write: 342
05-01 07:49:39.872 16310 16310 D WarpIme : gesture_scroll x=540.0 y=1083.044 dx=0.0 dy=108.18164 vx=0.117795885 vy=-12999.573
05-01 07:49:39.872 16310 16310 D warp-android-host: android_logger: android_logger: log::set_logger failed: attempted to set a logger after the logging system was already initialized
05-01 07:49:39.872 16310 16310 I warp-android-host: warp_mobile_android_host::input: input_event kind=scroll x=540.0 y=1083.0 vx=0.1 vy=-12999.6 events_total=55
05-01 07:49:39.872 16310 16310 D warp-android-host: android_logger: android_logger: log::set_logger failed: attempted to set a logger after the logging system was already initialized
05-01 07:49:39.872 16310 16310 I warp-android-host: warp_mobile_android_host: terminal_set_scroll_offset requested=0 clamped=0
05-01 07:49:39.874 16310 16310 I warp-android-host: warp_mobile_android_host::vulkan: present_ok frame=2728 ts=163972348
05-01 07:49:39.880 16310 16310 D WarpIme : gesture_scroll x=540.0 y=974.8662 dx=0.0 dy=108.177734 vx=0.0 vy=-13000.021
05-01 07:49:39.881 16310 16310 D warp-android-host: android_logger: android_logger: log::set_logger failed: attempted to set a logger after the logging system was already initialized
05-01 07:49:39.881 16310 16310 I warp-android-host: warp_mobile_android_host::input: input_event kind=scroll x=540.0 y=974.9 vx=0.0 vy=-13000.0 events_total=56
05-01 07:49:39.881 16310 16310 D warp-android-host: android_logger: android_logger: log::set_logger failed: attempted to set a logger after the logging system was already initialized
05-01 07:49:39.881 16310 16310 I warp-android-host: warp_mobile_android_host: terminal_set_scroll_offset requested=0 clamped=0
05-01 07:49:39.883 16310 16310 I warp-android-host: warp_mobile_android_host::vulkan: present_ok frame=2729 ts=163972357
05-01 07:49:39.889 16310 16310 D WarpIme : gesture_scroll x=540.0 y=866.6914 dx=0.0 dy=108.174805 vx=0.0 vy=-13000.122
05-01 07:49:39.889 16310 16310 D warp-android-host: android_logger: android_logger: log::set_logger failed: attempted to set a logger after the logging system was already initialized
05-01 07:49:39.889 16310 16310 I warp-android-host: warp_mobile_android_host::input: input_event kind=scroll x=540.0 y=866.7 vx=0.0 vy=-13000.1 events_total=57
05-01 07:49:39.889 16310 16310 D warp-android-host: android_logger: android_logger: log::set_logger failed: attempted to set a logger after the logging system was already initialized
05-01 07:49:39.889 16310 16310 I warp-android-host: warp_mobile_android_host: terminal_set_scroll_offset requested=0 clamped=0
05-01 07:49:39.892 16310 16310 I warp-android-host: warp_mobile_android_host::vulkan: present_ok frame=2730 ts=163972366
05-01 07:49:39.897 16310 16310 D WarpIme : gesture_scroll x=540.0 y=758.51953 dx=0.0 dy=108.171875 vx=-0.04056109 vy=-13000.049
05-01 07:49:39.897 16310 16310 D warp-android-host: android_logger: android_logger: log::set_logger failed: attempted to set a logger after the logging system was already initialized
05-01 07:49:39.897 16310 16310 I warp-android-host: warp_mobile_android_host::input: input_event kind=scroll x=540.0 y=758.5 vx=-0.0 vy=-13000.0 events_total=58
05-01 07:49:39.897 16310 16310 D warp-android-host: android_logger: android_logger: log::set_logger failed: attempted to set a logger after the logging system was already initialized
05-01 07:49:39.897 16310 16310 I warp-android-host: warp_mobile_android_host: terminal_set_scroll_offset requested=0 clamped=0
05-01 07:49:39.899 16310 16310 I warp-android-host: warp_mobile_android_host::vulkan: present_ok frame=2731 ts=163972373
05-01 07:49:39.905 16310 16310 D WarpIme : gesture_scroll x=540.0 y=650.35156 dx=0.0 dy=108.16797 vx=0.0 vy=-12999.839
05-01 07:49:39.905 16310 16310 D warp-android-host: android_logger: android_logger: log::set_logger failed: attempted to set a logger after the logging system was already initialized
05-01 07:49:39.906 16310 16310 I warp-android-host: warp_mobile_android_host::input: input_event kind=scroll x=540.0 y=650.4 vx=0.0 vy=-12999.8 events_total=59
05-01 07:49:39.906 16310 16310 D warp-android-host: android_logger: android_logger: log::set_logger failed: attempted to set a logger after the logging system was already initialized
05-01 07:49:39.906 16310 16310 I warp-android-host: warp_mobile_android_host: terminal_set_scroll_offset requested=0 clamped=0
05-01 07:49:39.909 16310 16310 I warp-android-host: warp_mobile_android_host::vulkan: present_ok frame=2732 ts=163972382
05-01 07:49:39.914 16310 16310 D WarpIme : gesture_scroll x=540.0 y=542.18555 dx=0.0 dy=108.166016 vx=0.041476514 vy=-12999.945
05-01 07:49:39.914 16310 16310 D warp-android-host: android_logger: android_logger: log::set_logger failed: attempted to set a logger after the logging system was already initialized
05-01 07:49:39.914 16310 16310 I warp-android-host: warp_mobile_android_host::input: input_event kind=scroll x=540.0 y=542.2 vx=0.0 vy=-12999.9 events_total=60
05-01 07:49:39.914 16310 16310 D warp-android-host: android_logger: android_logger: log::set_logger failed: attempted to set a logger after the logging system was already initialized
05-01 07:49:39.914 16310 16310 I warp-android-host: warp_mobile_android_host: terminal_set_scroll_offset requested=0 clamped=0
05-01 07:49:39.917 16310 16310 I warp-android-host: warp_mobile_android_host::vulkan: present_ok frame=2733 ts=163972391
05-01 07:49:39.922 16310 16310 D WarpIme : gesture_scroll x=540.0 y=434.0205 dx=0.0 dy=108.16504 vx=0.0 vy=-12999.879
05-01 07:49:39.922 16310 16310 D warp-android-host: android_logger: android_logger: log::set_logger failed: attempted to set a logger after the logging system was already initialized
05-01 07:49:39.922 16310 16310 I warp-android-host: warp_mobile_android_host::input: input_event kind=scroll x=540.0 y=434.0 vx=0.0 vy=-12999.9 events_total=61
05-01 07:49:39.922 16310 16310 D warp-android-host: android_logger: android_logger: log::set_logger failed: attempted to set a logger after the logging system was already initialized
05-01 07:49:39.923 16310 16310 I warp-android-host: warp_mobile_android_host: terminal_set_scroll_offset requested=0 clamped=0
05-01 07:49:39.925  1802  2321 I CompositionEngine: [setDisplaySize] size=(434, 42)
05-01 07:49:39.925 16310 16310 I warp-android-host: warp_mobile_android_host::vulkan: present_ok frame=2734 ts=163972399
05-01 07:49:39.930 16310 16310 D WarpIme : gesture_scroll x=540.0 y=325.85547 dx=0.0 dy=108.16504 vx=-0.023128346 vy=-13000.096
05-01 07:49:39.930 16310 16310 D warp-android-host: android_logger: android_logger: log::set_logger failed: attempted to set a logger after the logging system was already initialized
05-01 07:49:39.931 16310 16310 I warp-android-host: warp_mobile_android_host::input: input_event kind=scroll x=540.0 y=325.9 vx=-0.0 vy=-13000.1 events_total=62
05-01 07:49:39.931 16310 16310 D warp-android-host: android_logger: android_logger: log::set_logger failed: attempted to set a logger after the logging system was already initialized
05-01 07:49:39.931 16310 16310 I warp-android-host: warp_mobile_android_host: terminal_set_scroll_offset requested=0 clamped=0
05-01 07:49:39.933 16310 16310 I warp-android-host: warp_mobile_android_host::vulkan: present_ok frame=2735 ts=163972407
05-01 07:49:39.939 16310 16310 D WarpIme : gesture_scroll x=540.0 y=217.6914 dx=0.0 dy=108.16406 vx=-0.014674761 vy=-12999.884
05-01 07:49:39.939 16310 16310 D warp-android-host: android_logger: android_logger: log::set_logger failed: attempted to set a logger after the logging system was already initialized
05-01 07:49:39.939 16310 16310 I warp-android-host: warp_mobile_android_host::input: input_event kind=scroll x=540.0 y=217.7 vx=-0.0 vy=-12999.9 events_total=63
05-01 07:49:39.939 16310 16310 D warp-android-host: android_logger: android_logger: log::set_logger failed: attempted to set a logger after the logging system was already initialized
05-01 07:49:39.939 16310 16310 I warp-android-host: warp_mobile_android_host: terminal_set_scroll_offset requested=0 clamped=0
05-01 07:49:39.939  2814  4051 D InputDispatcher: Inject motion (17062/2000): action=0x1, time=163972413000000, f=0x0, d=0 dsdx=1.000000 dtdx=0.000000
05-01 07:49:39.940  2814  3644 I InputDispatcher: Delivering touch to (16310): action: 0x1, f=0x0, d=0, '3ff34e4', t=1 
05-01 07:49:39.941  4483  4483 I HoneySpace.GestureInputHandler: reset
05-01 07:49:39.941  4483  4483 I HoneySpace.InputSession: close
05-01 07:49:39.941 16310 16310 I warp-android-host: warp_mobile_android_host::vulkan: present_ok frame=2736 ts=163972415
05-01 07:49:39.942 16310 16310 I VRI[MainActivity]@afeb858: ViewPostIme pointer 1
05-01 07:49:39.942 16310 16310 I WarpIme : touch_up x=540.0 y=200.0
05-01 07:49:39.942 16310 16310 D warp-android-host: android_logger: android_logger: log::set_logger failed: attempted to set a logger after the logging system was already initialized
05-01 07:49:39.942 16310 16310 I warp-android-host: warp_mobile_android_host::input: input_event kind=touch_up x=540.0 y=200.0 vx=0.0 vy=0.0 events_total=64
05-01 07:49:39.942 16310 16310 I WarpIme : gesture_fling vx=-0.014674761 vy=-12999.884
05-01 07:49:39.943  2814  2814 I SemDvfsHyPerManager: acquire hyper - GESTURE_DETECTED_HRR/2814@29, type = -999
05-01 07:49:39.943  2814  2814 I SemDvfsHyPerManager: acquire hyper - SMOOTH_SCROLL/2814@25, type = -999
05-01 07:49:39.944  2814  2814 I SemDvfsHyPerManager: acquire hyper - GESTURE_DETECTED_HRR/2814@29, type = -999
05-01 07:49:39.944  7128  7128 I SemDvfsHyPerManager: acquire hyper - TATouchBoost/7128@30, type = -999
05-01 07:49:39.944  7128  7128 I SemDvfsHyPerManager: acquire hyper - TA_TOUCH_SHARE/7128@31, type = -999
05-01 07:49:39.945  1684  1724 I HYPER-HAL: [RequestManager.cpp]releaseLocked(): Released ID : 3966338
05-01 07:49:39.945  1684  1724 I HYPER-HAL: [RequestManager.cpp]acquire(): Acquired ID : 4042775  [2814 / 29]    HINT : GESTURE_DETECTED_HRR    list : [TIMEOUT / 2083] 
05-01 07:49:39.945  1684  1724 I HYPER-HAL: [RequestManager.cpp]acquire(): Acquired ID : 4042775  [2814 / 29]    HINT : GESTURE_DETECTED_HRR    list : [TIMEOUT / 2282] 
05-01 07:49:39.945  1684  1724 I HYPER-HAL: [RequestManager.cpp]acquire(): Acquired ID : 25622091  [7128 / 30]    HINT :      list : [TABoost / 1] [TIMEOUT / 1500] 
05-01 07:49:39.945  1684  1724 I HYPER-HAL: [RequestManager.cpp]acquire(): Acquired ID : 25629251  [7128 / 31]    HINT : TA_TOUCH_SHARE    list : [TIMEOUT / 1500] 
05-01 07:49:39.948 16310 16310 I warp-android-host: warp_mobile_android_host::vulkan: present_ok frame=2737 ts=163972422
05-01 07:49:39.956 16310 16310 I warp-android-host: warp_mobile_android_host::vulkan: present_ok frame=2738 ts=163972430
05-01 07:49:39.958 16310 16310 D warp-android-host: android_logger: android_logger: log::set_logger failed: attempted to set a logger after the logging system was already initialized
05-01 07:49:39.958 16310 16310 I warp-android-host: warp_mobile_android_host: terminal_set_scroll_offset requested=0 clamped=0
05-01 07:49:39.965 16310 16310 I warp-android-host: warp_mobile_android_host::vulkan: present_ok frame=2739 ts=163972439
05-01 07:49:39.973 16310 16310 I warp-android-host: warp_mobile_android_host::vulkan: present_ok frame=2740 ts=163972447
05-01 07:49:39.974 16310 16310 D warp-android-host: android_logger: android_logger: log::set_logger failed: attempted to set a logger after the logging system was already initialized
05-01 07:49:39.974 16310 16310 I warp-android-host: warp_mobile_android_host: terminal_set_scroll_offset requested=0 clamped=0
05-01 07:49:39.982 16310 16310 I warp-android-host: warp_mobile_android_host::vulkan: present_ok frame=2741 ts=163972455
05-01 07:49:39.990 16310 16310 I warp-android-host: warp_mobile_android_host::vulkan: present_ok frame=2742 ts=163972464
05-01 07:49:39.990 16310 16310 D warp-android-host: android_logger: android_logger: log::set_logger failed: attempted to set a logger after the logging system was already initialized
05-01 07:49:39.991 16310 16310 I warp-android-host: warp_mobile_android_host: terminal_set_scroll_offset requested=0 clamped=0
05-01 07:49:39.998 16310 16310 I warp-android-host: warp_mobile_android_host::vulkan: present_ok frame=2743 ts=163972472
05-01 07:49:40.001  2814  4051 W ActivityManager: Unable to start service Intent { act=com.skms.android.agent.remote.SKMSAgentProxyService xflg=0x4 pkg=com.skms.android.agent.remote } U=0: not found
05-01 07:49:40.007 16310 16310 I warp-android-host: warp_mobile_android_host::vulkan: present_ok frame=2744 ts=163972480
05-01 07:49:40.007 16310 16310 D warp-android-host: android_logger: android_logger: log::set_logger failed: attempted to set a logger after the logging system was already initialized
05-01 07:49:40.007 16310 16310 I warp-android-host: warp_mobile_android_host: terminal_set_scroll_offset requested=0 clamped=0
05-01 07:49:40.015 16310 16310 I warp-android-host: warp_mobile_android_host::vulkan: present_ok frame=2745 ts=163972489
05-01 07:49:40.023 16310 16310 I warp-android-host: warp_mobile_android_host::vulkan: present_ok frame=2746 ts=163972497
05-01 07:49:40.024 16310 16310 D warp-android-host: android_logger: android_logger: log::set_logger failed: attempted to set a logger after the logging system was already initialized
05-01 07:49:40.024 16310 16310 I warp-android-host: warp_mobile_android_host: terminal_set_scroll_offset requested=0 clamped=0
05-01 07:49:40.025  1802  2321 I CompositionEngine: [setDisplaySize] size=(434, 42)
05-01 07:49:40.032 16310 16310 I warp-android-host: warp_mobile_android_host::vulkan: present_ok frame=2747 ts=163972506
05-01 07:49:40.040 16310 16310 I warp-android-host: warp_mobile_android_host::vulkan: present_ok frame=2748 ts=163972514
05-01 07:49:40.041 16310 16310 D warp-android-host: android_logger: android_logger: log::set_logger failed: attempted to set a logger after the logging system was already initialized
05-01 07:49:40.041 16310 16310 I warp-android-host: warp_mobile_android_host: terminal_set_scroll_offset requested=0 clamped=0
05-01 07:49:40.048 16310 16310 I warp-android-host: warp_mobile_android_host::vulkan: present_ok frame=2749 ts=163972522
05-01 07:49:40.057 16310 16310 I warp-android-host: warp_mobile_android_host::vulkan: present_ok frame=2750 ts=163972530
05-01 07:49:40.057 16310 16310 D warp-android-host: android_logger: android_logger: log::set_logger failed: attempted to set a logger after the logging system was already initialized
05-01 07:49:40.057 16310 16310 I warp-android-host: warp_mobile_android_host: terminal_set_scroll_offset requested=0 clamped=0
05-01 07:49:40.065 16310 16310 I warp-android-host: warp_mobile_android_host::vulkan: present_ok frame=2751 ts=163972539
05-01 07:49:40.073 16310 16310 I warp-android-host: warp_mobile_android_host::vulkan: present_ok frame=2752 ts=163972547
05-01 07:49:40.073 16310 16310 D warp-android-host: android_logger: android_logger: log::set_logger failed: attempted to set a logger after the logging system was already initialized
05-01 07:49:40.074 16310 16310 I warp-android-host: warp_mobile_android_host: terminal_set_scroll_offset requested=0 clamped=0
05-01 07:49:40.081 16310 16310 I warp-android-host: warp_mobile_android_host::vulkan: present_ok frame=2753 ts=163972555
05-01 07:49:40.090 16310 16310 I warp-android-host: warp_mobile_android_host::vulkan: present_ok frame=2754 ts=163972564
05-01 07:49:40.090 16310 16310 D warp-android-host: android_logger: android_logger: log::set_logger failed: attempted to set a logger after the logging system was already initialized
05-01 07:49:40.091 16310 16310 I warp-android-host: warp_mobile_android_host: terminal_set_scroll_offset requested=0 clamped=0
05-01 07:49:40.098 16310 16310 I warp-android-host: warp_mobile_android_host::vulkan: present_ok frame=2755 ts=163972572
05-01 07:49:40.106 16310 16310 I warp-android-host: warp_mobile_android_host::vulkan: present_ok frame=2756 ts=163972580
05-01 07:49:40.107 16310 16310 D warp-android-host: android_logger: android_logger: log::set_logger failed: attempted to set a logger after the logging system was already initialized
05-01 07:49:40.107 16310 16310 I warp-android-host: warp_mobile_android_host: terminal_set_scroll_offset requested=0 clamped=0
05-01 07:49:40.115 16310 16310 I warp-android-host: warp_mobile_android_host::vulkan: present_ok frame=2757 ts=163972588
05-01 07:49:40.123 16310 16310 I warp-android-host: warp_mobile_android_host::vulkan: present_ok frame=2758 ts=163972597
05-01 07:49:40.123 16310 16310 D warp-android-host: android_logger: android_logger: log::set_logger failed: attempted to set a logger after the logging system was already initialized
05-01 07:49:40.123 16310 16310 I warp-android-host: warp_mobile_android_host: terminal_set_scroll_offset requested=0 clamped=0
05-01 07:49:40.126  1802  2321 I CompositionEngine: [setDisplaySize] size=(434, 42)
05-01 07:49:40.132 16310 16310 I warp-android-host: warp_mobile_android_host::vulkan: present_ok frame=2759 ts=163972605
05-01 07:49:40.139 16310 16310 I warp-android-host: warp_mobile_android_host::vulkan: present_ok frame=2760 ts=163972613
05-01 07:49:40.140 16310 16310 D warp-android-host: android_logger: android_logger: log::set_logger failed: attempted to set a logger after the logging system was already initialized
05-01 07:49:40.140 16310 16310 I warp-android-host: warp_mobile_android_host: terminal_set_scroll_offset requested=0 clamped=0
05-01 07:49:40.148 16310 16310 I warp-android-host: warp_mobile_android_host::vulkan: present_ok frame=2761 ts=163972622
05-01 07:49:40.156 16310 16310 I warp-android-host: warp_mobile_android_host::vulkan: present_ok frame=2762 ts=163972630
05-01 07:49:40.156 16310 16310 D warp-android-host: android_logger: android_logger: log::set_logger failed: attempted to set a logger after the logging system was already initialized
05-01 07:49:40.156 16310 16310 I warp-android-host: warp_mobile_android_host: terminal_set_scroll_offset requested=0 clamped=0
05-01 07:49:40.164 16310 16310 I warp-android-host: warp_mobile_android_host::vulkan: present_ok frame=2763 ts=163972638
05-01 07:49:40.173 16310 16310 I warp-android-host: warp_mobile_android_host::vulkan: present_ok frame=2764 ts=163972647
05-01 07:49:40.173 16310 16310 D warp-android-host: android_logger: android_logger: log::set_logger failed: attempted to set a logger after the logging system was already initialized
05-01 07:49:40.173 16310 16310 I warp-android-host: warp_mobile_android_host: terminal_set_scroll_offset requested=0 clamped=0
05-01 07:49:40.181 16310 16310 I warp-android-host: warp_mobile_android_host::vulkan: present_ok frame=2765 ts=163972655
05-01 07:49:40.189 16310 16310 I warp-android-host: warp_mobile_android_host::vulkan: present_ok frame=2766 ts=163972663
05-01 07:49:40.190 16310 16310 D warp-android-host: android_logger: android_logger: log::set_logger failed: attempted to set a logger after the logging system was already initialized
05-01 07:49:40.190 16310 16310 I warp-android-host: warp_mobile_android_host: terminal_set_scroll_offset requested=0 clamped=0
05-01 07:49:40.192  2814  4051 D InputDispatcher: Inject motion (17068/2000): action=0x0, time=163972666000000, f=0x0, d=0 dsdx=1.000000 dtdx=0.000000
05-01 07:49:40.194  2814  3644 I InputDispatcher: Delivering touch to (3998): action: 0x4, f=0x0, d=0, 'c5a7fd5', t=1 
05-01 07:49:40.194  2814  3644 I InputDispatcher: Delivering touch to (16310): action: 0x0, f=0x0, d=0, '3ff34e4', t=1 
05-01 07:49:40.194 16310 16310 I VRI[MainActivity]@afeb858: ViewPostIme pointer 0
05-01 07:49:40.195  4483  4483 I HoneySpace.GestureInputHandler: inputConsumers = [com.honeyspace.gesture.inputconsumer.InputConsumer$Companion$NO_OP$1@3c5d14e]
05-01 07:49:40.195  4483  4483 I HoneySpace.InputSession: inputConsumers = NO_OP
05-01 07:49:40.195  2814  3005 I GestureDetector: obtain mCurrentDownEvent. id: -403902973 caller: com.android.server.wm.SystemGesturesPointerEventListener.onPointerEvent:17 com.android.server.wm.PointerEventDispatcher.onInputEvent:51 android.view.InputEventReceiver.dispatchInputEvent:392 
05-01 07:49:40.197  4483  4483 I HoneySpace.InputSession: open
05-01 07:49:40.196  2814  3005 I GestureDetector: obtain mCurrentDownEvent. id: -403902973 caller: com.android.server.wm.SystemPerformancePointerEventListener.onPointerEvent:13 com.android.server.wm.PointerEventDispatcher.onInputEvent:51 android.view.InputEventReceiver.dispatchInputEvent:392 
05-01 07:49:40.198 16310 16310 I warp-android-host: warp_mobile_android_host::vulkan: present_ok frame=2767 ts=163972671
05-01 07:49:40.200  7128  7128 I SemDvfsHyPerManager: acquire hyper - TATouchBoost/7128@30, type = -999
05-01 07:49:40.200  7128  7128 I SemDvfsHyPerManager: acquire hyper - TA_TOUCH_SHARE/7128@31, type = -999
05-01 07:49:40.200  1684  1724 I HYPER-HAL: [RequestManager.cpp]acquire(): Acquired ID : 25622091  [7128 / 30]    HINT :      list : [TABoost / 1] [TIMEOUT / 1500] 
05-01 07:49:40.200  1684  1724 I HYPER-HAL: [RequestManager.cpp]acquire(): Acquired ID : 25629251  [7128 / 31]    HINT : TA_TOUCH_SHARE    list : [TIMEOUT / 1500] 
05-01 07:49:40.202  2814  3005 I GestureDetector: obtain mCurrentMotionEventRaw. action: 2 id: -680984587
05-01 07:49:40.202  2814  3005 I GestureDetector: obtain mCurrentMotionEventRaw. action: 2 id: -680984587
05-01 07:49:40.202  2814  2814 I SemDvfsHyPerManager: acquire hyper - WM_SCROLL_DETECTED/2814@2, type = -999
05-01 07:49:40.203  1684  1724 I HYPER-HAL: [RequestManager.cpp]acquire(): Acquired ID : 3966338  [2814 / 2]    HINT :      list : [CoreNumBigMin / 3] 
05-01 07:49:40.206 16310 16310 I warp-android-host: warp_mobile_android_host::vulkan: present_ok frame=2768 ts=163972680
05-01 07:49:40.207 16310 16310 D warp-android-host: android_logger: android_logger: log::set_logger failed: attempted to set a logger after the logging system was already initialized
05-01 07:49:40.207 16310 16310 I warp-android-host: warp_mobile_android_host: terminal_set_scroll_offset requested=0 clamped=0
05-01 07:49:40.215 16310 16310 I warp-android-host: warp_mobile_android_host::vulkan: present_ok frame=2769 ts=163972689
05-01 07:49:40.223 16310 16310 I warp-android-host: warp_mobile_android_host::vulkan: present_ok frame=2770 ts=163972697
