05-01 06:47:29.744 21724 21746 I AdrenoVK-0: Engine Name         : android framework
05-01 06:47:29.744 21724 21746 I AdrenoVK-0: Engine Version      : 0x00000000
05-01 06:47:29.744 21724 21746 I AdrenoVK-0: Api Version         : 0x00401000
05-01 06:47:29.746  8465  8673 I Routine@Core[4.9.04.13]: AppFunctionsActionHandler: isSupported: supportStatus = SUPPORTED, tag = appfunction://com.samsung.android.support.senl.nt.app.main.appfunction#NoteFunctions_showNote
05-01 06:47:29.746  1792  1822 E HeatmapThread: ECT Thread time in milliseconds: 1777589249
05-01 06:47:29.746 21724 21724 D nativeloader: Load /data/app/~~qy89k4NNya33R5qR-bvEiQ==/dev.warp.mobile-uDRKQyBkBrUaZXyjNZkAIg==/lib/arm64/libwarp_mobile_android_host.so using class loader ns clns-9 (caller=/data/app/~~qy89k4NNya33R5qR-bvEiQ==/dev.warp.mobile-uDRKQyBkBrUaZXyjNZkAIg==/base.apk!classes3.dex): ok
05-01 06:47:29.746 21724 21724 I warp-android-host: warp_mobile_android_host: ping called
05-01 06:47:29.747 21724 21724 I WarpRender: MainActivity ready ping=Rust ping ok from arm64-v8a input_focus=true
05-01 06:47:29.747 21724 21724 D warp-android-host: android_logger: android_logger: log::set_logger failed: attempted to set a logger after the logging system was already initialized
05-01 06:47:29.747  3998  4122 D SurfaceComposerClient: setCornerRadius ## Task=2133#43674 cornerRadius=4.500000
05-01 06:47:29.747  8465  8673 I Routine@Core[4.9.04.13]: TASKD/ActionTaskAdapterFactoryImpl: getAdapter - metaId=appfunction://com.samsung.android.support.senl.nt.app.main.appfunction#NoteFunctions_updateNote(id=679)
05-01 06:47:29.747 21724 21724 I warp-android-host: warp_mobile_android_host: terminal_resize rows=24 cols=80
05-01 06:47:29.747 21724 21724 I WarpRender: terminal_mode requested rows=24 cols=80 font_size_px=22.0 cell=13.5x27.0px
05-01 06:47:29.748  1792  1822 D HeatmapThread: !@ batteryplugType : 2
05-01 06:47:29.748  1792  1822 D HeatmapThread: !@ batteryLevel : 100  batteryTemperature : 317 
05-01 06:47:29.748  1792  1822 D HeatmapThread: !@ Heatmap currtime: 29626487
05-01 06:47:29.748  1792  1822 D HeatmapThread: !@ Heatmap prevtime: 29626464
05-01 06:47:29.748  1792  1822 D HeatmapThread: !@ Heatmap plugstarttime: 29625649
05-01 06:47:29.748  1792  1822 D HeatmapThread: !@ Heatmap prevv_dsoh_update_time: 29626482
05-01 06:47:29.748  1792  1822 E HeatmapThread: !@ CAM New BSOH: 100
05-01 06:47:29.748  1792  1822 E HeatmapThread: !@ CAM is Working
05-01 06:47:29.751  2814  2834 I system_server: Background concurrent mark compact GC freed 38MB AllocSpace bytes, 124(5712KB) LOS objects, 17% free, 218MB/266MB, paused 2.258ms,7.204ms total 441.350ms
05-01 06:47:29.755  3998  4122 D SurfaceComposerClient: setCornerRadius ## Task=2133#43674 cornerRadius=4.500000
05-01 06:47:29.756  2814  3752 D MdnieScenarioControlService:  packageName : dev.warp.mobile    className : dev.warp.mobile.MainActivity
05-01 06:47:29.757  2814  3752 V MdnieScenarioControlService: setUIMode from UI function(3)
05-01 06:47:29.757  2814  3021 D PackageSettings: ++ writeStateForUserSyncLPr(150)
05-01 06:47:29.757  8465  8673 I Routine@Core[4.9.04.13]: AppFunctionsActionHandler: isSupported: supportStatus = SUPPORTED, tag = appfunction://com.samsung.android.support.senl.nt.app.main.appfunction#NoteFunctions_updateNote
05-01 06:47:29.757  2814  3021 W PackageSettings: -- writeStateForUserSyncLPr(150)
05-01 06:47:29.758  8465  8673 I Routine@Core[4.9.04.13]: TASKD/ActionTaskAdapterFactoryImpl: getAdapter - metaId=appfunction://com.samsung.android.support.senl.nt.app.main.appfunction#NoteFunctions_findNotes(id=680)
05-01 06:47:29.759 21724 21724 D ViewRootImpl: desktopMode is false
05-01 06:47:29.760 21724 21724 I ViewRootImpl: dVRR is disabled
05-01 06:47:29.760  1667  5342 I vendor.qti.bluetooth@1.1-ibs_handler: ProcessIbsCmd: Received IBS_SLEEP_IND: 0xFE
05-01 06:47:29.760  1667  5342 D vendor.qti.bluetooth@1.1-ibs_handler: SerialClockVote: vote for UART CLK OFF
05-01 06:47:29.760 21724 21724 D HardwareRenderer: onDisplayChanged. displayId=0 current wxh=1080x2340 mLargest wxh=0x0
05-01 06:47:29.760 21724 21724 D HardwareRenderer: Set largestWidth and largestHeight as logical resolution. (1080x2340)
05-01 06:47:29.760 21724 21746 D HWUI    : setMaxSurfaceArea requested wxh=(1080,2340) requestedSurfaceArea(2527200) mMaxSurfaceArea(2073600)
05-01 06:47:29.760 21724 21746 D NativeCustomFrequencyManager: [NativeCFMS] BpCustomFrequencyManager::BpCustomFrequencyManager()
05-01 06:47:29.761  2814  2836 W System  : A resource failed to call release. 
05-01 06:47:29.761   856   856 I hwservicemanager: getTransport: Cannot find entry android.hardware.graphics.allocator@4.0::IAllocator/default in either framework or device VINTF manifest.
05-01 06:47:29.762  2814  4203 D InputTransport: Input channel constructed: 'c96d871', fd=1595
05-01 06:47:29.762  2814  4203 D InputTransport: Input channel constructed: 'c96d871', fd=1622
05-01 06:47:29.762  2814  4203 D InputTransport: Input channel constructed: 'c96d871', fd=1634
05-01 06:47:29.762  2814  4203 D InputTransport: Input channel destroyed: 'c96d871', fd=1622
05-01 06:47:29.762  1802  1881 I SurfaceFlinger: id=43682 createSurf, flag=84004, c96d871 dev.warp.mobile/dev.warp.mobile.MainActivity#43682
05-01 06:47:29.762  2814  4203 D RestrictionPolicy: isScreenCaptureEnabled : ret=true userId=0
05-01 06:47:29.763  2814  4203 D RestrictionPolicy: isScreenCaptureEnabled : ret=true userId=0
05-01 06:47:29.763  1802  1802 I SurfaceFlinger: [c96d871 dev.warp.mobile/dev.warp.mobile.MainActivity#43682] attach to parent LayerHierarchy{RequestedLayerState{ActivityRecord{54809081 u0 dev.warp.mobile/.MainActivity t2133}#43675 parentId=43674} 3 children}
05-01 06:47:29.763  1684  1724 I HYPER-HAL: [RequestManager.cpp]acquire(): Acquired ID : 53347597  [1687 / 8641]    HINT :      list : [TID_LOW_LATENCY / 1] [TID / 21751] [TID / 21752] [TID / 21724] [TID / 21746] 
05-01 06:47:29.763  2814  4203 D InputTransport: Input channel destroyed: 'c96d871', fd=1634
05-01 06:47:29.763 21724 21724 D InputTransport: Input channel constructed: 'c96d871', fd=119
05-01 06:47:29.763  3998  4122 D SurfaceComposerClient: setCornerRadius ## Task=2133#43674 cornerRadius=4.500000
05-01 06:47:29.764 21724 21724 I InsetsController: onStateChanged: host=dev.warp.mobile/dev.warp.mobile.MainActivity, from=android.view.ViewRootImpl.onInsetsStateChanged:3026, state=InsetsState: {mDisplayFrame=Rect(0, 0 - 1080, 2340), mDisplayCutout=DisplayCutout{insets=Rect(0, 84 - 0, 0) waterfall=Insets{left=0, top=0, right=0, bottom=0} boundingRect={Bounds=[Rect(0, 0 - 0, 0), Rect(515, 0 - 566, 84), Rect(0, 0 - 0, 0), Rect(0, 0 - 0, 0)]} cutoutPathParserInfo={CutoutPathParserInfo{displayWidth=1080 displayHeight=2340 physicalDisplayWidth=1080 physicalDisplayHeight=2340 density={2.8125} cutoutSpec={M 0,0 H -9.066666666666667 V 29.86666666666667 H 9.066666666666667 V 0 H 0 Z @dp} rotation={0} scale={1.0} physicalPixelDisplaySizeRatio={1.0}}} sideOverrides={}}, mRoundedCorners=RoundedCorners{[RoundedCorner{position=TopLeft, radius=6, center=Point(6, 6)}, RoundedCorner{position=TopRight, radius=6, center=Point(1074, 6)}, RoundedCorner{position=BottomRight, radius=6, center=Point(1074, 2334)}, RoundedCorner{position=BottomLeft, radius=6, center=Point(6, 2334)}]}  mRoundedCornerFrame=Rect(0, 0 - 1080, 2340), mPrivacyIndicatorBounds=PrivacyIndicatorBounds {static bounds=Rect(956, 0 - 1080, 84) rotation=0}, mDisplayShape=DisplayShape{ spec=1406003047 displayWidth=1080 displayHeight=2340 physicalPixelDisplaySizeRatio=0.75 rotation=0 offsetX=0 offsetY=0 scale=1.0}, mSources= { InsetsSource: {8dca0001 mType=navigationBars mFrame=[0,2298][1080,2340] mVisible=true mFlags=SUPPRESS_SCRIM mSideHint=BOTTOM mBoundingRects=null}, InsetsSource: {8dca0004 mType=systemGestures mFrame=[0,0][112,2340] mVisible=true mFlags= mSideHint=LEFT mBoundingRects=null}, InsetsSource: {8dca0005 mType=mandatorySystemGestures mFrame=[0,2250][1080,2340] mVisible=true mFlags= mSideHint=BOTTOM mBoundingRects=null}, InsetsSource: {8dca0006 mType=tappableElement mFrame=[0,0][0,0] mVisible=true mFlags= mSideHint=NONE mBoundingRects=null}, InsetsSource: {8dca0024 mType=systemGestures mFrame=[968,0][1080,2340] mVisible=true mFlags= mSideHint=RIGHT mBoundingRects=null}, InsetsSource: {3 mType=ime mFrame=[0,0][0,0] mVisible=false mFlags= mSideHint=NONE mBoundingRects=null}, InsetsSource: {27 mType=displayCutout mFrame=[0,0][1080,84] mVisible=true mFlags= mSideHint=TOP mBoundingRects=null}, InsetsSource: {42420000 mType=statusBars mFrame=[0,0][1080,84] mVisible=true mFlags= mSideHint=TOP mBoundingRects=null}, InsetsSource: {42420005 mType=mandatorySystemGestures mFrame=[0,0][1080,118] mVisible=true mFlags= mSideHint=TOP mBoundingRects=null}, InsetsSource: {42420006 mType=tappableElement mFrame=[0,0][1080,84] mVisible=true mFlags= mSideHint=TOP mBoundingRects=null} }
05-01 06:47:29.764 21724 21724 I VRI[MainActivity]@afeb858: synced displayState. AttachInfo displayState=2
05-01 06:47:29.764 21724 21724 I VRI[MainActivity]@afeb858: setView = com.android.internal.policy.DecorView@d30204 IsHRR=false mFlingFrameRateChange=0 TM=true
05-01 06:47:29.764 21724 21724 I IDS_TAG : Clearing training data of android.app.Application@aeadd49
05-01 06:47:29.765 21724 21724 I IDS_TAG : Starting IDS observe window
05-01 06:47:29.765 21724 21724 I IDS_TAG : Getting Shared Preference for android.app.Application@aeadd49 uid = 11186
05-01 06:47:29.766 21724 21724 I IDS_TAG : App android.app.Application@aeadd49 has not finished training
05-01 06:47:29.766  2814  3126 D AnalyticsContainerHandler: handleMessage : { when=0 what=1 target=com.android.server.knox.KnoxAnalyticsContainer$AnalyticsHandler }
05-01 06:47:29.766  2814  3126 D AnalyticsContainerHandler: handleMessage : { when=0 what=2 target=com.android.server.knox.KnoxAnalyticsContainer$AnalyticsHandler }
05-01 06:47:29.767  8465  8673 I Routine@Core[4.9.04.13]: AppFunctionsActionHandler: isSupported: supportStatus = SUPPORTED, tag = appfunction://com.samsung.android.support.senl.nt.app.main.appfunction#NoteFunctions_findNotes
05-01 06:47:29.768  8465  8673 I Routine@Core[4.9.04.13]: TASKD/ActionTaskAdapterFactoryImpl: getAdapter - metaId=appfunction://com.samsung.android.gallery.crossapp.function#PhotoFunctions_findMediaItems(id=681)
05-01 06:47:29.770 21724 21724 I WarpTerminal: zsh_body.sh already extracted at /data/user/0/dev.warp.mobile/files/warp/zsh_body.sh (66492 bytes); skipping
05-01 06:47:29.770 21724 21724 I WarpTerminal: WarpTerminalService created, receivers registered
05-01 06:47:29.771  3998  4122 D SurfaceComposerClient: setCornerRadius ## Task=2133#43674 cornerRadius=4.500000
05-01 06:47:29.772  2814  4203 W ForegroundServiceTypeLoggerModule: Foreground service start for UID: 11186 does not have any types
05-01 06:47:29.773  3998  5107 D SecFgsManagerController: onForegroundStateChanged: [dialog:false]:[isForeground:true]:[packageName:dev.warp.mobile]:[token:android.os.BinderProxy@ead577f]:[userId:0]
05-01 06:47:29.773  1802  2321 I CompositionEngine: [setDisplaySize] size=(434, 42)
05-01 06:47:29.774  3998  5107 D SecFgsManagerController: updateUiControl[dev.warp.mobile]: -1
05-01 06:47:29.774  3998  5107 D SecFgsManagerController: updateNumberOfVisibleRunningPackagesLocked: 2
05-01 06:47:29.774  2814  3808 D BackgroundInstallControlService: Package event received: 0
05-01 06:47:29.775 21724 21746 D HWUI    : HWUI - treat SMPTE_170M as sRGB
05-01 06:47:29.775 21724 21724 I IDS_TAG : Closing IDS observe window
05-01 06:47:29.775 21724 21724 I IDS_TAG : Getting Shared Preference for android.app.Application@aeadd49 uid = 11186
05-01 06:47:29.775 21724 21724 I IDS_TAG : IDS count updated to 1 for android.app.Application@aeadd49
05-01 06:47:29.777  2814  4860 D CoreBackPreview: Window{c96d871 u0 dev.warp.mobile/dev.warp.mobile.MainActivity}: Setting back callback OnBackInvokedCallbackInfo{mCallback=android.window.IOnBackInvokedCallback$Stub$Proxy@3d0e548, mPriority=-1, mIsAnimationCallback=false, mOverrideBehavior=0}
05-01 06:47:29.777  8465  8673 I Routine@Core[4.9.04.13]: AppFunctionsActionHandler: isSupported: supportStatus = SUPPORTED, tag = appfunction://com.samsung.android.gallery.crossapp.function#PhotoFunctions_findMediaItems
05-01 06:47:29.777 21724 21724 I SV[11405691 MainActivity]: onWindowVisibilityChanged(0) true android.view.SurfaceView{ae097b V.E...... ......I. 0,0-0,0} of VRI[MainActivity]@afeb858
05-01 06:47:29.777 21724 21724 D SurfaceView: 11405691 updateSurface: has no frame
05-01 06:47:29.777  8465  8673 I Routine@Core[4.9.04.13]: ConflictItemConverter: convertConflictActions - 28
05-01 06:47:29.777  8465  8673 I Routine@Core[4.9.04.13]: RoutineDataMigrator: migration - begin
05-01 06:47:29.779 21724 21724 I WarpRender: window_insets ime.bottom=0 sysBars={top=242 l=0 r=0 b=42} effectiveBottom=42
05-01 06:47:29.779 21724 21724 D warp-android-host: android_logger: android_logger: log::set_logger failed: attempted to set a logger after the logging system was already initialized
05-01 06:47:29.779 21724 21724 I warp-android-host: warp_mobile_android_host: render_insets top=242 left=0 right=0 bottom=42
05-01 06:47:29.779  1802  1802 I SurfaceFlinger: RequestedLayer [c96d871 dev.warp.mobile/dev.warp.mobile.MainActivity#43682] hidden!! flag  from(1) --> to(0)
05-01 06:47:29.779  2814  4860 I WindowManager: Relayout Window{c96d871 u0 dev.warp.mobile/dev.warp.mobile.MainActivity}: viewVisibility=0 req=1080x2340 ty=1 d0
05-01 06:47:29.779  1802  3943 I SurfaceFlinger: id=43683 createSurf, flag=44004, dev.warp.mobile/dev.warp.mobile.MainActivity$_21724#43683
05-01 06:47:29.780  2814  4860 D WindowManager: makeSurface duration=0 name=dev.warp.mobile/dev.warp.mobile.MainActivity$_21724
05-01 06:47:29.780  2814  4860 D SurfaceComposerClient: setCornerRadius ## 8df6f20 Splash Screen dev.warp.mobile#43676 cornerRadius=0.000000
05-01 06:47:29.780  2814  4860 D SurfaceComposerClient: setCornerRadius ## c96d871 dev.warp.mobile/dev.warp.mobile.MainActivity#43682 cornerRadius=0.000000
05-01 06:47:29.780  2814  4860 D SurfaceComposerClient: setCornerRadius ## 8df6f20 Splash Screen dev.warp.mobile#43676 cornerRadius=0.000000
05-01 06:47:29.780  2814  4860 D SurfaceComposerClient: setCornerRadius ## c96d871 dev.warp.mobile/dev.warp.mobile.MainActivity#43682 cornerRadius=0.000000
05-01 06:47:29.780  2814  4860 D WindowManager: Changing focus from null to Window{c96d871 u0 dev.warp.mobile/dev.warp.mobile.MainActivity} displayId=0 Callers=com.android.server.wm.WindowManagerService.relayoutWindow:1366 com.android.server.wm.Session.relayout:27 android.view.IWindowSession$Stub.onTransact:829 com.android.server.wm.Session.onTransact:1 
05-01 06:47:29.780  2814  4860 I WindowManager: Cancelling animation restarting=true, leash=Surface(name=Surface(name=f55aae8 StatusBar)/@0xae07dd7 - animation-leash of insets_animation)/@0x8afcc47
05-01 06:47:29.780  2814  4860 I WindowManager: Reparenting to original parent: Surface(name=WindowToken{ecf0c0b type=2000 android.os.BinderProxy@4593585})/@0x33746c4, destroy=false, surface=Surface(name=f55aae8 StatusBar)/@0xae07dd7
05-01 06:47:29.780  2814  4860 I WindowManager: Reparenting to leash, surface=Surface(name=f55aae8 StatusBar)/@0xae07dd7, leashParent=Surface(name=WindowToken{ecf0c0b type=2000 android.os.BinderProxy@4593585})/@0x33746c4
05-01 06:47:29.781  3998  4122 D SurfaceComposerClient: setCornerRadius ## Task=2133#43674 cornerRadius=4.500000
05-01 06:47:29.781  1802  3943 I SurfaceFlinger: id=43684 createSurf, flag=24000, Surface(name=f55aae8 StatusBar)/@0xae07dd7 - animation-leash of insets_animation#43684
05-01 06:47:29.781  2814  4860 D WindowManager: makeSurface duration=1 leash=Surface(name=Surface(name=f55aae8 StatusBar)/@0xae07dd7 - animation-leash of insets_animation)/@0x6077106
05-01 06:47:29.781  2814  4860 D InsetsSourceProvider: updateControlForTarget: control=InsetsSourceControl: {42420000 mType=statusBars initiallyVisible mSurfacePosition=Point(0, 0) mInsetsHint=Insets{left=0, top=84, right=0, bottom=0}}, target=Window{c96d871 u0 dev.warp.mobile/dev.warp.mobile.MainActivity}, from=com.android.server.wm.InsetsStateController.onControlTargetChanged:83 com.android.server.wm.InsetsPolicy.updateBarControlTarget:212 com.android.server.wm.DisplayPolicy.updateSystemBarAttributes:262 com.android.server.wm.WindowManagerService.updateFocusedWindowLocked:372 com.android.server.wm.WindowManagerService.relayoutWindow:1366 
05-01 06:47:29.781  2814  4860 I WindowManager: Cancelling animation restarting=true, leash=Surface(name=Surface(name=c5a7fd5 NavigationBar0)/@0x62204e2 - animation-leash of insets_animation)/@0x7c7959d
05-01 06:47:29.781  2814  4860 I WindowManager: Reparenting to original parent: Surface(name=WindowToken{b2aedbf type=2019 android.os.BinderProxy@894b19})/@0x2c52073, destroy=false, surface=Surface(name=c5a7fd5 NavigationBar0)/@0x62204e2
05-01 06:47:29.781  2814  4860 I WindowManager: Reparenting to leash, surface=Surface(name=c5a7fd5 NavigationBar0)/@0x62204e2, leashParent=Surface(name=WindowToken{b2aedbf type=2019 android.os.BinderProxy@894b19})/@0x2c52073
05-01 06:47:29.781  1802  1881 I SurfaceFlinger: id=43685 createSurf, flag=24000, Surface(name=c5a7fd5 NavigationBar0)/@0x62204e2 - animation-leash of insets_animation#43685
05-01 06:47:29.781  2814  4860 D WindowManager: makeSurface duration=0 leash=Surface(name=Surface(name=c5a7fd5 NavigationBar0)/@0x62204e2 - animation-leash of insets_animation)/@0x8b30df4
05-01 06:47:29.781  2814  4860 D InsetsSourceProvider: updateControlForTarget: control=InsetsSourceControl: {8dca0001 mType=navigationBars initiallyVisible mSurfacePosition=Point(0, 2205) mInsetsHint=Insets{left=0, top=0, right=0, bottom=42}}, target=Window{c96d871 u0 dev.warp.mobile/dev.warp.mobile.MainActivity}, from=com.android.server.wm.InsetsStateController.onControlTargetChanged:83 com.android.server.wm.InsetsPolicy.updateBarControlTarget:225 com.android.server.wm.DisplayPolicy.updateSystemBarAttributes:262 com.android.server.wm.WindowManagerService.updateFocusedWindowLocked:372 com.android.server.wm.WindowManagerService.relayoutWindow:1366 
05-01 06:47:29.782  2814  4860 V SystemKeyManager: updateFocusedWindow() is called, dev.warp.mobile/dev.warp.mobile.MainActivity
05-01 06:47:29.782  2814  4860 I WindowManager: Relayout hash=c96d871, pid=21724, syncId=-1: mAttrs={(0,0)(fillxfill) sim={adjust=pan forwardNavigation} layoutInDisplayCutoutMode=always ty=BASE_APPLICATION fmt=TRANSLUCENT wanim=0x1030317
05-01 06:47:29.782  2814  4860 I WindowManager:   fl=81810180
05-01 06:47:29.782  2814  4860 I WindowManager:   pfl=100088c0
05-01 06:47:29.782  2814  4860 I WindowManager:   bhv=1
05-01 06:47:29.782  2814  4860 I WindowManager:   fitSides=0
05-01 06:47:29.782  2814  4860 I WindowManager:   frameRateBoostOnTouch=true
05-01 06:47:29.782  2814  4860 I WindowManager:   dvrrWindowFrameRateHint=true naviIconColor=0}
05-01 06:47:29.783 21724 21724 E dev.warp.mobile: Unable to open libpenguin.so: dlopen failed: library "libpenguin.so" not found.
05-01 06:47:29.783 21724 21724 W libc    : Access denied finding property "vendor.display.enable_optimal_refresh_rate"
05-01 06:47:29.783 21724 21724 I BufferQueueProducer: [](id:54dc00000000,api:0,p:488530672,c:21724) setDequeueTimeout:2077252342
05-01 06:47:29.783 21724 21724 I BLASTBufferQueue_Java: new BLASTBufferQueue, mName= VRI[MainActivity]@afeb858 mNativeObject= 0xb4000070ed20e3c0 caller= android.view.ViewRootImpl.updateBlastSurfaceIfNeeded:3585 android.view.ViewRootImpl.relayoutWindow:11685 android.view.ViewRootImpl.performTraversals:4804 android.view.ViewRootImpl.doTraversal:3924 android.view.ViewRootImpl$TraversalRunnable.run:12903 android.view.Choreographer$CallbackRecord.run:1901 android.view.Choreographer$CallbackRecord.run:1910 android.view.Choreographer.doCallbacks:1367 android.view.Choreographer.doFrame:1292 android.view.Choreographer$FrameDisplayEventReceiver.run:1870 
05-01 06:47:29.783 21724 21724 I BLASTBufferQueue_Java: update, w= 1080 h= 2340 mName = VRI[MainActivity]@afeb858 mNativeObject= 0xb4000070ed20e3c0 sc.mNativeObject= 0xb40000723d1db590 format= -3 caller= android.view.ViewRootImpl.updateBlastSurfaceIfNeeded:3590 android.view.ViewRootImpl.relayoutWindow:11685 android.view.ViewRootImpl.performTraversals:4804 android.view.ViewRootImpl.doTraversal:3924 android.view.ViewRootImpl$TraversalRunnable.run:12903 android.view.Choreographer$CallbackRecord.run:1901 
05-01 06:47:29.784 21724 21724 W libc    : Access denied finding property "vendor.display.enable_optimal_refresh_rate"
05-01 06:47:29.784 21724 21724 I VRI[MainActivity]@afeb858: Relayout returned: old=(0,0,1080,2340) new=(0,0,1080,2340) relayoutAsync=false req=(1080,2340)0 dur=4 res=0x3 s={true 0xb40000716d204430} ch=true seqId=0
05-01 06:47:29.784 21724 21724 I VRI[MainActivity]@afeb858: performConfigurationChange setNightDimText nightDimLevel=0
05-01 06:47:29.784 21724 21724 D VRI[MainActivity]@afeb858: mThreadedRenderer.initialize() mSurface={isValid=true 0xb40000716d204430} hwInitialized=true
05-01 06:47:29.785 21724 21724 D SurfaceView: 11405691 updateSurface: has no frame
05-01 06:47:29.785 21724 21724 I SV[11405691 MainActivity]: windowStopped(false) true android.view.SurfaceView{ae097b V.E...... ......ID 0,0-1080,2340} of VRI[MainActivity]@afeb858
05-01 06:47:29.785 21724 21724 D SurfaceView: 11405691 updateSurface: has no frame
05-01 06:47:29.785 21724 21724 D VRI[MainActivity]@afeb858: reportNextDraw android.view.ViewRootImpl.performTraversals:5443 android.view.ViewRootImpl.doTraversal:3924 android.view.ViewRootImpl$TraversalRunnable.run:12903 android.view.Choreographer$CallbackRecord.run:1901 android.view.Choreographer$CallbackRecord.run:1910 
05-01 06:47:29.785 21724 21724 I SurfaceView: 11405691 Changes: creating=true format=true size=true visible=true alpha=false hint=false left=true top=true z=false attached=true lifecycleStrategy=false
05-01 06:47:29.786  1802  1881 I SurfaceFlinger: id=43686 createSurf, flag=20004, Bounds for - dev.warp.mobile/dev.warp.mobile.MainActivity@0#43686
05-01 06:47:29.786  1802  1881 I SurfaceFlinger: id=43687 createSurf, flag=84004, ae097b SurfaceView[dev.warp.mobile/dev.warp.mobile.MainActivity]@0#43687
05-01 06:47:29.786  1802  1881 I SurfaceFlinger: id=43688 createSurf, flag=44400, ae097b SurfaceView[dev.warp.mobile/dev.warp.mobile.MainActivity]@0(BLAST)#43688
05-01 06:47:29.786  1802  1881 I SurfaceFlinger: id=43689 createSurf, flag=20404, Background for ae097b SurfaceView[dev.warp.mobile/dev.warp.mobile.MainActivity]@0#43689
05-01 06:47:29.786 21724 21724 W libc    : Access denied finding property "vendor.display.enable_optimal_refresh_rate"
05-01 06:47:29.786 21724 21724 I BufferQueueProducer: [](id:54dc00000001,api:0,p:0,c:21724) setDequeueTimeout:2077252342
05-01 06:47:29.787 21724 21724 I BLASTBufferQueue_Java: new BLASTBufferQueue, mName= ae097b SurfaceView[dev.warp.mobile/dev.warp.mobile.MainActivity]@0 mNativeObject= 0xb4000070ed20a380 caller= android.view.SurfaceView.createBlastSurfaceControls:1781 android.view.SurfaceView.updateSurface:1450 android.view.SurfaceView.lambda$new$0:280 android.view.SurfaceView.$r8$lambda$NfZyM_TG8F8lqzaOVZ7noREFjzU:0 android.view.SurfaceView$$ExternalSyntheticLambda1.onPreDraw:0 android.view.ViewTreeObserver.dispatchOnPreDraw:1229 android.view.ViewRootImpl.performTraversals:5448 android.view.ViewRootImpl.doTraversal:3924 android.view.ViewRootImpl$TraversalRunnable.run:12903 android.view.Choreographer$CallbackRecord.run:1901 
05-01 06:47:29.787 21724 21724 I BLASTBufferQueue_Java: update, w= 1080 h= 2340 mName = ae097b SurfaceView[dev.warp.mobile/dev.warp.mobile.MainActivity]@0 mNativeObject= 0xb4000070ed20a380 sc.mNativeObject= 0xb40000723d1dbad0 format= 4 caller= android.view.SurfaceView.createBlastSurfaceControls:1782 android.view.SurfaceView.updateSurface:1450 android.view.SurfaceView.lambda$new$0:280 android.view.SurfaceView.$r8$lambda$NfZyM_TG8F8lqzaOVZ7noREFjzU:0 android.view.SurfaceView$$ExternalSyntheticLambda1.onPreDraw:0 android.view.ViewTreeObserver.dispatchOnPreDraw:1229 
05-01 06:47:29.787 21724 21724 I SurfaceView: 11405691 Cur surface: Surface(name=null mNativeObject=0)/@0x93ce788
05-01 06:47:29.787 21724 21724 D SurfaceComposerClient: setCornerRadius ## ae097b SurfaceView[dev.warp.mobile/dev.warp.mobile.MainActivity]@0#43687 cornerRadius=0.000000
05-01 06:47:29.787 21724 21724 I SV[11405691 MainActivity]: pST: sr = Rect(0, 0 - 1080, 2340) sw = 1080 sh = 2340
05-01 06:47:29.787 21724 21724 D SurfaceView: 11405691 performSurfaceTransaction RenderWorker position = [0, 0, 1080, 2340] surfaceSize = 1080x2340
05-01 06:47:29.787 21724 21724 W libc    : Access denied finding property "vendor.display.enable_optimal_refresh_rate"
05-01 06:47:29.787 21724 21724 I SV[11405691 MainActivity]: updateSurface: mVisible = true mSurface.isValid() = true
05-01 06:47:29.787 21724 21724 I SV[11405691 MainActivity]: updateSurface: mSurfaceCreated = false surfaceChanged = true visibleChanged = true
05-01 06:47:29.787 21724 21724 I SurfaceView: 11405691 visibleChanged -- surfaceCreated
05-01 06:47:29.787 21724 21724 I SV[11405691 MainActivity]: surfaceCreated 1 #8 android.view.SurfaceView{ae097b V.E...... ......ID 0,0-1080,2340}
05-01 06:47:29.787 21724 21724 I WarpRender: surfaceCreated_ts=160242261
05-01 06:47:29.787 21724 21724 D warp-android-host: android_logger: android_logger: log::set_logger failed: attempted to set a logger after the logging system was already initialized
05-01 06:47:29.787 21724 21724 I warp-android-host: warp_mobile_android_host::vulkan: VK_LAYER_KHRONOS_validation enabled
05-01 06:47:29.788  1802  1802 I SurfaceFlinger: [LayerHierarchy{RequestedLayerState{c5a7fd5 NavigationBar0#91 parentId=43685} 1 children}] reparent to LayerHierarchy{RequestedLayerState{Surface(name=c5a7fd5 NavigationBar0)/@0x62204e2 - animation-leash of insets_animation#43685 parentId=90} 1 children}
05-01 06:47:29.788  1802  1802 I SurfaceFlinger: [LayerHierarchy{RequestedLayerState{f55aae8 StatusBar#98 parentId=43684} 1 children}] reparent to LayerHierarchy{RequestedLayerState{Surface(name=f55aae8 StatusBar)/@0xae07dd7 - animation-leash of insets_animation#43684 parentId=97} 1 children}
05-01 06:47:29.788  1802  1802 I SurfaceFlinger: [LayerHierarchy{RequestedLayerState{Surface(name=c5a7fd5 NavigationBar0)/@0x62204e2 - animation-leash of insets_animation#43680} no children}] reparent to OffscreenRoot
05-01 06:47:29.788  1802  1802 I SurfaceFlinger: [LayerHierarchy{RequestedLayerState{Surface(name=c5a7fd5 NavigationBar0)/@0x62204e2 - animation-leash of insets_animation#43680} no children}] RelativeParent to null
05-01 06:47:29.788  1802  1802 I SurfaceFlinger: [LayerHierarchy{RequestedLayerState{Surface(name=f55aae8 StatusBar)/@0xae07dd7 - animation-leash of insets_animation#43679} no children}] reparent to OffscreenRoot
05-01 06:47:29.788  1802  1802 I SurfaceFlinger: [LayerHierarchy{RequestedLayerState{Surface(name=f55aae8 StatusBar)/@0xae07dd7 - animation-leash of insets_animation#43679} no children}] RelativeParent to null
05-01 06:47:29.788  1802  1802 I SurfaceFlinger: [dev.warp.mobile/dev.warp.mobile.MainActivity$_21724#43683] attach to parent LayerHierarchy{RequestedLayerState{c96d871 dev.warp.mobile/dev.warp.mobile.MainActivity#43682 parentId=43675} 1 children}
05-01 06:47:29.788  1802  1802 I SurfaceFlinger: [Surface(name=f55aae8 StatusBar)/@0xae07dd7 - animation-leash of insets_animation#43684] attach to parent LayerHierarchy{RequestedLayerState{WindowToken{ecf0c0b type=2000 android.os.BinderProxy@4593585}#97 parentId=17} 1 children}
05-01 06:47:29.788  1802  1802 I SurfaceFlinger: [Surface(name=c5a7fd5 NavigationBar0)/@0x62204e2 - animation-leash of insets_animation#43685] attach to parent LayerHierarchy{RequestedLayerState{WindowToken{b2aedbf type=2019 android.os.BinderProxy@894b19}#90 parentId=34} 1 children}
05-01 06:47:29.788  1802  1802 I SurfaceFlinger: [Bounds for - dev.warp.mobile/dev.warp.mobile.MainActivity@0#43686] attach to parent LayerHierarchy{RequestedLayerState{dev.warp.mobile/dev.warp.mobile.MainActivity$_21724#43683 parentId=43682} 1 children}
05-01 06:47:29.788  1802  1802 I SurfaceFlinger: [ae097b SurfaceView[dev.warp.mobile/dev.warp.mobile.MainActivity]@0#43687] attach to parent LayerHierarchy{RequestedLayerState{Bounds for - dev.warp.mobile/dev.warp.mobile.MainActivity@0#43686 parentId=43683} 1 children}
05-01 06:47:29.788  1802  1802 I SurfaceFlinger: [ae097b SurfaceView[dev.warp.mobile/dev.warp.mobile.MainActivity]@0(BLAST)#43688] attach to parent LayerHierarchy{RequestedLayerState{ae097b SurfaceView[dev.warp.mobile/dev.warp.mobile.MainActivity]@0#43687 parentId=43686} 1 children}
05-01 06:47:29.788  1802  1802 I SurfaceFlinger: [Background for ae097b SurfaceView[dev.warp.mobile/dev.warp.mobile.MainActivity]@0#43689] attach to parent LayerHierarchy{RequestedLayerState{ae097b SurfaceView[dev.warp.mobile/dev.warp.mobile.MainActivity]@0#43687 parentId=43686} 2 children}
05-01 06:47:29.789  2814  3008 I WindowManager: notifyInsetsControlChanged, removed=false, win=Window{8df6f20 u0 Splash Screen dev.warp.mobile}, caller=com.android.server.wm.InsetsStateController$$ExternalSyntheticLambda1.run:137 com.android.server.wm.WindowAnimator$$ExternalSyntheticLambda2.onTransactionCommitted:26 android.view.SurfaceControl$Transaction$$ExternalSyntheticLambda4.run:0 android.os.Handler.handleCallback:995 android.os.Handler.dispatchMessage:103 android.os.Looper.loopOnce:273 
05-01 06:47:29.789  3998  4140 I VRI[mobile]@fee40a7: onActiveControlsChanged, removed=false, mAdded=true, caller=android.view.ViewRootImpl.handleInsetsControlChanged:3002 android.view.ViewRootImpl$ViewRootHandler.handleMessageImpl:8352 android.view.ViewRootImpl$ViewRootHandler.handleMessage:8301 android.os.Handler.dispatchMessage:110 android.os.Looper.loopOnce:273 
05-01 06:47:29.790 21724 21724 I vulkan  : Loaded layer VK_LAYER_KHRONOS_validation
05-01 06:47:29.790  1802  2571 I SurfaceFlinger: id=43679 Removed Surface(name=f55aae8 StatusBar)/@0xae07dd7 - animation-leash of insets_animation#43679 (192)
05-01 06:47:29.790  1802  1881 I SurfaceFlinger: id=43680 Removed Surface(name=c5a7fd5 NavigationBar0)/@0x62204e2 - animation-leash of insets_animation#43680 (192)
05-01 06:47:29.790  3998  4122 D SurfaceComposerClient: setCornerRadius ## Task=2133#43674 cornerRadius=4.500000
05-01 06:47:29.793 21724 21724 I AdrenoVK-0: QUALCOMM build          : c81b28e1a5, I5a61fcf667
05-01 06:47:29.793 21724 21724 I AdrenoVK-0: Build Date              : 06/20/25
05-01 06:47:29.793 21724 21724 I AdrenoVK-0: Shader Compiler Version : E031.45.02.26
05-01 06:47:29.793 21724 21724 I AdrenoVK-0: Local Branch            : 
05-01 06:47:29.793 21724 21724 I AdrenoVK-0: Remote Branch           : refs/tags/AU_LINUX_ANDROID_LA.VENDOR.14.3.0.11.00.00.973.948
05-01 06:47:29.793 21724 21724 I AdrenoVK-0: Remote Branch           : NONE
05-01 06:47:29.793 21724 21724 I AdrenoVK-0: Reconstruct Branch      : NOTHING
05-01 06:47:29.793 21724 21724 I AdrenoVK-0: Build Config            : S P 16.1.2 AArch64
05-01 06:47:29.793 21724 21724 I AdrenoVK-0: Driver Path             : /vendor/lib64/hw/vulkan.adreno.so
05-01 06:47:29.793 21724 21724 I AdrenoVK-0: Driver Version          : 0762.39
05-01 06:47:29.793 21724 21724 I AdrenoVK-0: PFP                     : 0x01520181
05-01 06:47:29.793 21724 21724 I AdrenoVK-0: ME                      : 0x01520023
05-01 06:47:29.793 21724 21724 I AdrenoVK-0: Application Name    : warp-mobile
05-01 06:47:29.793 21724 21724 I AdrenoVK-0: Application Version : 0x00001000
05-01 06:47:29.793 21724 21724 I AdrenoVK-0: Engine Name         : warp-android-host
05-01 06:47:29.793 21724 21724 I AdrenoVK-0: Engine Version      : 0x00001000
05-01 06:47:29.793 21724 21724 I AdrenoVK-0: Api Version         : 0x00401000
05-01 06:47:29.793 21724 21724 I warp-android-host: warp_mobile_android_host::vulkan: physical_device_count=1
05-01 06:47:29.793 21724 21724 I warp-android-host: warp_mobile_android_host::vulkan: device=Adreno (TM) 750 queue_family=0 surface_support=true
05-01 06:47:29.795  8465  8673 I Routine@Core[4.9.04.13]: MigrationParser: getMigrationData rawMigrationData : [vibrate_once, custom_key_v3, aircommand_open_with_pen, text_to_speech, unlock_with_finger_print, edge_panel_routine_v3, edge_panel_routine_v3, data_saver_routine]
05-01 06:47:29.795  8465  8673 I Routine@Core[4.9.04.13]: MigrationParser: getMemoryMigrationData rawMemoryMigrationData : [motion_smoothness_v3, motion_smoothness_and_screen_resolution_v3, cover_screen_motion_smoothness_v3, brightness_v3, font_size_v3, screen_zoom_v3, screen_layout_and_zoom_v3, screen_resolution_v3, screen_timeout_v3, rotation_screen_v3, multi_window_tray_v3, dark_mode_v3, bixby_text_command_v3, bixby_quick_command_v3, bixby_voice_wake_up_v3, spotify_playlist_v3, play_media_v3, launch_app_v3, close_app_v3, separate_app_sound_v3, dnd_mode_on_v3, custom_notification_v3, hard_key_v3, quick_decline_message_v3, quick_decline_message_v3, video_enhancer_v3, bluetooth_on_v3, instant_session_v3, airplane_mode_on_v3, mobile_network_mode_setting_v3, mobile_data_on_v3, hotspot_on_v3, gps_on_v3, auto_data_sync_v3, sound_sdk3, vibrate_once, connect_url_sdk3, wifi_on_sdk3, lockscreen_shortcut_v3, launch_app_v3, launch_game_v3, samsung_health_during_exercise_v3, samsung_health_during_exercise_when_starting_v3, notification_with_keyword_v3, specify_wifi_v3, wifi_rssi_v3, specify_bluetooth_v3, specify_bluetooth_only_connected_v3, nfc_tagged_v3, airplane_mode_v3, specific_time_v3, time_v3, plugin_gps_location_v3, plugin_gps_location_only_arrived_v3, calling_v3, during_call_v3, connected_headset_v3, plugged_battery_v3, battery_condition_v3, dex_mode_on_v3, fold_state_v3, ringer_mode_v3, night_mode_v3, wifi_on_sdk3]
05-01 06:47:29.795  8465  8673 I Routine@Core[4.9.04.13]: RoutineDataMigrator: isAvailableToMigrate() newPackageName:com.samsung.android.app.routines, newTag:read_notifications, isAvailableToMigrate:true
05-01 06:47:29.795  8465  8673 I Routine@Core[4.9.04.13]: RoutineDataMigrator: isAvailableToMigrate() newPackageName:com.samsung.android.app.routines, newTag:flashlight, isAvailableToMigrate:true
05-01 06:47:29.795  8465  8673 I Routine@Core[4.9.04.13]: RoutineDataMigrator: isAvailableToMigrate() newPackageName:com.samsung.android.app.routines, newTag:message_received, isAvailableToMigrate:true
05-01 06:47:29.795  8465  8673 I Routine@Core[4.9.04.13]: RoutineDataMigrator: isAvailableToMigrate() newPackageName:com.samsung.android.app.routines, newTag:message_received, isAvailableToMigrate:true
05-01 06:47:29.795  8465  8673 I Routine@Core[4.9.04.13]: RoutineDataMigrator: isAvailableToMigrate() newPackageName:com.samsung.android.app.aodservice, newTag:aod_main_setting, isAvailableToMigrate:true
05-01 06:47:29.795  8465  8673 I Routine@Core[4.9.04.13]: RoutineDataMigrator: isAvailableToMigrate() newPackageName:com.android.settings, newTag:sec_eye_comfort_shield_routine, isAvailableToMigrate:true
05-01 06:47:29.795  8465  8673 I Routine@Core[4.9.04.13]: RoutineDataMigrator: isAvailableToMigrate() newPackageName:com.samsung.android.app.routines, newTag:control_smartthings_not_reversible, isAvailableToMigrate:true
05-01 06:47:29.795  8465  8673 I Routine@Core[4.9.04.13]: RoutineDataMigrator: isAvailableToMigrate() newPackageName:com.samsung.android.app.routines, newTag:control_smartthings_not_reversible, isAvailableToMigrate:true
05-01 06:47:29.795  8465  8673 I Routine@Core[4.9.04.13]: RoutineDataMigrator: isAvailableToMigrate() newPackageName:com.android.settings, newTag:accessibility_color_correction, isAvailableToMigrate:true
05-01 06:47:29.795  8465  8673 I Routine@Core[4.9.04.13]: RoutineDataMigrator: isAvailableToMigrate() newPackageName:com.samsung.android.lool, newTag:dc_power_mode_action, isAvailableToMigrate:true
05-01 06:47:29.795  8465  8673 I Routine@Core[4.9.04.13]: RoutineDataMigrator: isAvailableToMigrate() newPackageName:com.samsung.accessibility, newTag:accessibility_amplify_ambient_sound, isAvailableToMigrate:true
05-01 06:47:29.795  8465  8673 I Routine@Core[4.9.04.13]: RoutineDataMigrator: isAvailableToMigrate() newPackageName:com.android.settings, newTag:accessibility_camera_flash, isAvailableToMigrate:true
05-01 06:47:29.795  8465  8673 I Routine@Core[4.9.04.13]: RoutineDataMigrator: isAvailableToMigrate() newPackageName:com.android.settings, newTag:accessibility_color_correction, isAvailableToMigrate:true
05-01 06:47:29.795  8465  8673 I Routine@Core[4.9.04.13]: RoutineDataMigrator: isAvailableToMigrate() newPackageName:com.android.settings, newTag:accessibility_color_filter, isAvailableToMigrate:true
05-01 06:47:29.795  8465  8673 I Routine@Core[4.9.04.13]: RoutineDataMigrator: isAvailableToMigrate() newPackageName:com.android.settings, newTag:accessibility_color_inversion, isAvailableToMigrate:true
05-01 06:47:29.795  8465  8673 I Routine@Core[4.9.04.13]: RoutineDataMigrator: isAvailableToMigrate() newPackageName:com.android.settings, newTag:accessibility_extra_dim, isAvailableToMigrate:true
05-01 06:47:29.795  2814  2814 I Telecom : SamsungTelecomServiceImpl : isInManagedCall - callingPackage : android / callingUser : UserHandle{0} / hasCrossUserAccess : true
05-01 06:47:29.796 21724 21724 D warp-android-host: warp_mobile_android_host::vulkan: [VkVal] vkCreateDevice(): Cannot open shader validation cache at /tmp/shader_validation_cache-11186.bin for reading (it may not exist yet)
05-01 06:47:29.796  1802  1802 I SurfaceFlinger: destroyed Surface(name=c5a7fd5 NavigationBar0)/@0x62204e2 - animation-leash of insets_animation#43680 form LifecycleManager
05-01 06:47:29.796  1802  1802 I SurfaceFlinger: destroyed Surface(name=f55aae8 StatusBar)/@0xae07dd7 - animation-leash of insets_animation#43679 form LifecycleManager
05-01 06:47:29.796  1802  1802 I SurfaceFlinger: id=43680 onLayerDestroyed from LayerHierarchyBuilder(RequestedLayerState{Surface(name=c5a7fd5 NavigationBar0)/@0x62204e2 - animation-leash of insets_animation#43680 !handle})
05-01 06:47:29.796  1802  1802 I SurfaceFlinger: id=43679 onLayerDestroyed from LayerHierarchyBuilder(RequestedLayerState{Surface(name=f55aae8 StatusBar)/@0xae07dd7 - animation-leash of insets_animation#43679 !handle})
05-01 06:47:29.796  1802  1802 I Layer   : id=43680 Destroyed Surface(name=c5a7fd5 NavigationBar0)/@0x62204e2 - animation-leash of insets_animation#43680
05-01 06:47:29.796  1802  1802 I Layer   : id=43679 Destroyed Surface(name=f55aae8 StatusBar)/@0xae07dd7 - animation-leash of insets_animation#43679
05-01 06:47:29.796  8465  8673 I Routine@Core[4.9.04.13]: RoutineDataMigrator: isAvailableToMigrate() newPackageName:com.android.settings, newTag:accessibility_live_caption, isAvailableToMigrate:true
05-01 06:47:29.796  8465  8673 I Routine@Core[4.9.04.13]: RoutineDataMigrator: isAvailableToMigrate() newPackageName:com.android.settings, newTag:accessibility_mono_audio, isAvailableToMigrate:true
05-01 06:47:29.796  8465  8673 I Routine@Core[4.9.04.13]: RoutineDataMigrator: isAvailableToMigrate() newPackageName:com.android.settings, newTag:accessibility_mute_all_sounds, isAvailableToMigrate:true
05-01 06:47:29.797  8465  8673 I Routine@Core[4.9.04.13]: RoutineDataMigrator: isAvailableToMigrate() newPackageName:com.android.settings, newTag:accessibility_screen_flash, isAvailableToMigrate:true
05-01 06:47:29.797  8465  8673 I Routine@Core[4.9.04.13]: RoutineDataMigrator: isAvailableToMigrate() newPackageName:com.android.settings, newTag:accessibility_sound_balance, isAvailableToMigrate:true
05-01 06:47:29.797  8465  8673 I Routine@Core[4.9.04.13]: RoutineDataMigrator: isAvailableToMigrate() newPackageName:com.samsung.android.waterplugin, newTag:watch_theater_mode, isAvailableToMigrate:false
05-01 06:47:29.797  8465  8673 I Routine@Core[4.9.04.13]: RoutineDataMigrator: isAvailableToMigrate() newPackageName:com.samsung.android.heartplugin, newTag:watch_theater_mode, isAvailableToMigrate:false
05-01 06:47:29.797  8465  8673 I Routine@Core[4.9.04.13]: RoutineDataMigrator: isAvailableToMigrate() newPackageName:com.samsung.android.lool, newTag:dc_enhanced_processing, isAvailableToMigrate:false
05-01 06:47:29.797  8465  8673 I Routine@Core[4.9.04.13]: RoutineDataMigrator: isAvailableToMigrate() newPackageName:com.samsung.android.lool, newTag:dc_fast_cable_charging, isAvailableToMigrate:true
05-01 06:47:29.797  8465  8673 I Routine@Core[4.9.04.13]: RoutineDataMigrator: isAvailableToMigrate() newPackageName:com.samsung.android.lool, newTag:dc_fast_wireless_charging, isAvailableToMigrate:true
05-01 06:47:29.797  8465  8673 I Routine@Core[4.9.04.13]: RoutineDataMigrator: isAvailableToMigrate() newPackageName:com.samsung.android.lool, newTag:dc_processing_speed, isAvailableToMigrate:false
05-01 06:47:29.797  8465  8673 I Routine@Core[4.9.04.13]: RoutineDataMigrator: isAvailableToMigrate() newPackageName:com.samsung.android.lool, newTag:dc_protect_battery, isAvailableToMigrate:true
05-01 06:47:29.797 21724 21724 I AdrenoUtils: <ReadGpuID:357>: Reading chip ID through GSL
05-01 06:47:29.797  8465  8673 I Routine@Core[4.9.04.13]: RoutineDataMigrator: isAvailableToMigrate() newPackageName:com.samsung.android.lool, newTag:dc_super_fast_cable_charging, isAvailableToMigrate:false
05-01 06:47:29.797  8465  8673 I Routine@Core[4.9.04.13]: RoutineDataMigrator: isAvailableToMigrate() newPackageName:com.samsung.android.sm_cn, newTag:dc_enhanced_processing, isAvailableToMigrate:false
05-01 06:47:29.797  8465  8673 I Routine@Core[4.9.04.13]: RoutineDataMigrator: isAvailableToMigrate() newPackageName:com.samsung.android.sm_cn, newTag:dc_fast_cable_charging, isAvailableToMigrate:false
05-01 06:47:29.797  8465  8673 I Routine@Core[4.9.04.13]: RoutineDataMigrator: isAvailableToMigrate() newPackageName:com.samsung.android.sm_cn, newTag:dc_fast_wireless_charging, isAvailableToMigrate:false
05-01 06:47:29.797  8465  8673 I Routine@Core[4.9.04.13]: RoutineDataMigrator: isAvailableToMigrate() newPackageName:com.samsung.android.sm_cn, newTag:dc_power_mode_action, isAvailableToMigrate:false
05-01 06:47:29.797 21724 21724 W qdgralloc: GetSize: Pixel format: 0x3b is not supported by gralloc
05-01 06:47:29.797 21724 21724 W qdgralloc: gralloc failed to allocate buffer for size 0 format 59 AWxAH 1x1 usage 2816
05-01 06:47:29.797  8465  8673 I Routine@Core[4.9.04.13]: RoutineDataMigrator: isAvailableToMigrate() newPackageName:com.samsung.android.sm_cn, newTag:dc_processing_speed, isAvailableToMigrate:false
05-01 06:47:29.797 21724 21724 E Gralloc4: isSupported(1, 1, 59, 1, ...) failed with 7
05-01 06:47:29.797  8465  8673 I Routine@Core[4.9.04.13]: RoutineDataMigrator: isAvailableToMigrate() newPackageName:com.samsung.android.sm_cn, newTag:dc_protect_battery, isAvailableToMigrate:false
05-01 06:47:29.797  8465  8673 I Routine@Core[4.9.04.13]: RoutineDataMigrator: isAvailableToMigrate() newPackageName:com.samsung.android.sm_cn, newTag:dc_super_fast_cable_charging, isAvailableToMigrate:false
05-01 06:47:29.797  8465  8673 I Routine@Core[4.9.04.13]: RoutineDataMigrator: isAvailableToMigrate() newPackageName:com.samsung.android.app.dressroom, newTag:change_lock_screen_wallpaper_profile, isAvailableToMigrate:true
05-01 06:47:29.797  8465  8673 I Routine@Core[4.9.04.13]: RoutineDataMigrator: deprecateOldTag() should not deprecate oldTag(lockscreen_shortcut
05-01 06:47:29.797  8465  8673 I Routine@Core[4.9.04.13]: RoutineDataMigrator: isAvailableToMigrate() newPackageName:com.samsung.android.app.routines, newTag:nfc_on_off, isAvailableToMigrate:true
05-01 06:47:29.797  8465  8673 I Routine@Core[4.9.04.13]: RoutineDataMigrator: isAvailableToMigrate() newPackageName:com.sec.android.app.launcher, newTag:edge_panel, isAvailableToMigrate:false
05-01 06:47:29.797  8465  8673 I Routine@Core[4.9.04.13]: RoutineDataMigrator: isAvailableToMigrate() newPackageName:com.android.settings, newTag:as_dialing_keypad_tones, isAvailableToMigrate:true
05-01 06:47:29.797  8465  8673 I Routine@Core[4.9.04.13]: RoutineDataMigrator: isAvailableToMigrate() newPackageName:com.android.settings, newTag:as_keyboard_sound, isAvailableToMigrate:true
05-01 06:47:29.797  1697 10358 W qdgralloc: GetSize: Pixel format: 0x3b is not supported by gralloc
05-01 06:47:29.797  8465  8673 I Routine@Core[4.9.04.13]: RoutineDataMigrator: isAvailableToMigrate() newPackageName:com.android.settings, newTag:as_keyboard_vibration, isAvailableToMigrate:true
05-01 06:47:29.797  1697 10358 W qdgralloc: gralloc failed to allocate buffer for size 0 format 59 AWxAH 4x4 usage 2816
05-01 06:47:29.797  8465  8673 I Routine@Core[4.9.04.13]: RoutineDataMigrator: isAvailableToMigrate() newPackageName:com.android.settings, newTag:as_media_volume, isAvailableToMigrate:true
05-01 06:47:29.797  8465  8673 I Routine@Core[4.9.04.13]: RoutineDataMigrator: isAvailableToMigrate() newPackageName:com.android.settings, newTag:as_volume, isAvailableToMigrate:true
05-01 06:47:29.797 21724 21724 E GraphicBufferAllocator: Failed to allocate (4 x 4) layerCount 1 format 59 usage b00: 2
05-01 06:47:29.797 21724 21724 E AHardwareBuffer: GraphicBuffer(w=4, h=4, lc=1) failed (Unknown error -2), handle=0x0
05-01 06:47:29.797  8465  8673 I Routine@Core[4.9.04.13]: RoutineDataMigrator: isAvailableToMigrate() newPackageName:com.sec.android.app.clockpackage, newTag:appfunction://com.sec.android.app.clockpackage.crossappactions#StopwatchCrossAppFunctions_startStopwatch, isAvailableToMigrate:true
05-01 06:47:29.797  8465  8673 I Routine@Core[4.9.04.13]: RoutineDataMigrator: isAvailableToMigrate() newPackageName:com.sec.android.app.launcher, newTag:samsung_dex, isAvailableToMigrate:true
05-01 06:47:29.797  8465  8673 I Routine@Core[4.9.04.13]: RoutineDataMigrator: isAvailableToMigrate() newPackageName:com.samsung.android.secondscreen, newTag:second_screen_condition_tag, isAvailableToMigrate:false
05-01 06:47:29.797 21724 21724 W qdgralloc: GetSize: Pixel format: 0x3b is not supported by gralloc
05-01 06:47:29.797 21724 21724 W qdgralloc: gralloc failed to allocate buffer for size 0 format 59 AWxAH 1x1 usage 2816
05-01 06:47:29.797 21724 21724 E Gralloc4: isSupported(1, 1, 59, 1, ...) failed with 7
05-01 06:47:29.797  8465  8673 I Routine@Core[4.9.04.13]: RoutineDataMigrator: isAvailableToMigrate() newPackageName:com.samsung.android.app.routines, newTag:vibrate_once, isAvailableToMigrate:true
05-01 06:47:29.797  8465  8673 I Routine@Core[4.9.04.13]: RoutineDataMigrator: isAvailableToMigrate() newPackageName:com.samsung.android.app.routineplus, newTag:custom_key_v3, isAvailableToMigrate:false
05-01 06:47:29.797  8465  8673 I Routine@Core[4.9.04.13]: RoutineDataMigrator: isAvailableToMigrate() newPackageName:com.samsung.android.service.aircommand, newTag:aircommand_open_with_pen, isAvailableToMigrate:true
05-01 06:47:29.797  8465  8673 I Routine@Core[4.9.04.13]: RoutineDataMigrator: deprecateOldTag() should not deprecate oldTag(aircommand_open_with_pen
05-01 06:47:29.797  8465  8673 I Routine@Core[4.9.04.13]: RoutineDataMigrator: isAvailableToMigrate() newPackageName:com.samsung.android.app.routines, newTag:text_to_speech, isAvailableToMigrate:true
05-01 06:47:29.797  8465  8673 I Routine@Core[4.9.04.13]: RoutineDataMigrator: isAvailableToMigrate() newPackageName:com.samsung.android.app.routines, newTag:unlock_with_finger_print, isAvailableToMigrate:true
05-01 06:47:29.797  1697 26347 W qdgralloc: GetSize: Pixel format: 0x3b is not supported by gralloc
05-01 06:47:29.797  1697 26347 W qdgralloc: gralloc failed to allocate buffer for size 0 format 59 AWxAH 4x4 usage 2816
05-01 06:47:29.797  8465  8673 I Routine@Core[4.9.04.13]: RoutineDataMigrator: isAvailableToMigrate() newPackageName:com.sec.android.app.launcher, newTag:edge_panel_routine_v3, isAvailableToMigrate:true
05-01 06:47:29.797  8465  8673 I Routine@Core[4.9.04.13]: RoutineDataMigrator: isAvailableToMigrate() newPackageName:com.sec.android.app.launcher, newTag:edge_panel_routine_v3, isAvailableToMigrate:true
05-01 06:47:29.797  8465  8673 I Routine@Core[4.9.04.13]: RoutineDataMigrator: isAvailableToMigrate() newPackageName:com.android.settings, newTag:data_saver_routine, isAvailableToMigrate:true
05-01 06:47:29.797 21724 21724 E GraphicBufferAllocator: Failed to allocate (4 x 4) layerCount 1 format 59 usage b00: 2
05-01 06:47:29.797  8465  8673 I Routine@Core[4.9.04.13]: RoutineDataMigrator: isAvailableToMigrate() newPackageName:com.samsung.android.app.routines, newTag:motion_smoothness_v3, isAvailableToMigrate:true
05-01 06:47:29.797 21724 21724 E AHardwareBuffer: GraphicBuffer(w=4, h=4, lc=1) failed (Unknown error -2), handle=0x0
05-01 06:47:29.797  8465  8673 I Routine@Core[4.9.04.13]: RoutineDataMigrator: isAvailableToMigrate() newPackageName:com.samsung.android.app.routines, newTag:motion_smoothness_and_screen_resolution_v3, isAvailableToMigrate:false
05-01 06:47:29.797  8465  8673 I Routine@Core[4.9.04.13]: RoutineDataMigrator: isAvailableToMigrate() newPackageName:com.samsung.android.app.routines, newTag:cover_screen_motion_smoothness_v3, isAvailableToMigrate:false
05-01 06:47:29.797 21724 21724 I warp-android-host: warp_mobile_android_host::vulkan: composite_alpha selected: INHERIT (supported_mask=0x8)
05-01 06:47:29.797  8465  8673 I Routine@Core[4.9.04.13]: RoutineDataMigrator: isAvailableToMigrate() newPackageName:com.samsung.android.app.routines, newTag:brightness_v3, isAvailableToMigrate:true
05-01 06:47:29.797  8465  8673 I Routine@Core[4.9.04.13]: RoutineDataMigrator: isAvailableToMigrate() newPackageName:com.samsung.android.app.routines, newTag:font_size_v3, isAvailableToMigrate:true
05-01 06:47:29.797  8465  8673 I Routine@Core[4.9.04.13]: RoutineDataMigrator: isAvailableToMigrate() newPackageName:com.samsung.android.app.routines, newTag:screen_zoom_v3, isAvailableToMigrate:true
