--------- beginning of main
05-01 07:49:36.536 16310 16310 I warp-android-host: warp_mobile_android_host::vulkan: present_ok frame=2327 ts=163969009
05-01 07:49:36.545 16310 16310 I warp-android-host: warp_mobile_android_host::vulkan: present_ok frame=2328 ts=163969019
05-01 07:49:36.552 16310 16310 I warp-android-host: warp_mobile_android_host::vulkan: present_ok frame=2329 ts=163969026
05-01 07:49:36.561 16310 16310 I warp-android-host: warp_mobile_android_host::vulkan: present_ok frame=2330 ts=163969035
05-01 07:49:36.569 16310 16310 I warp-android-host: warp_mobile_android_host::vulkan: present_ok frame=2331 ts=163969043
05-01 07:49:36.571  1802  2321 I CompositionEngine: [setDisplaySize] size=(434, 42)
05-01 07:49:36.578 16310 16310 I warp-android-host: warp_mobile_android_host::vulkan: present_ok frame=2332 ts=163969052
05-01 07:49:36.586 16310 16310 I warp-android-host: warp_mobile_android_host::vulkan: present_ok frame=2333 ts=163969059
05-01 07:49:36.594 16310 16310 I warp-android-host: warp_mobile_android_host::vulkan: present_ok frame=2334 ts=163969068
05-01 07:49:36.603 16310 16310 I warp-android-host: warp_mobile_android_host::vulkan: present_ok frame=2335 ts=163969076
05-01 07:49:36.611 16310 16310 I warp-android-host: warp_mobile_android_host::vulkan: present_ok frame=2336 ts=163969085
05-01 07:49:36.619 16310 16310 I warp-android-host: warp_mobile_android_host::vulkan: present_ok frame=2337 ts=163969093
05-01 07:49:36.627 16310 16310 I warp-android-host: warp_mobile_android_host::vulkan: present_ok frame=2338 ts=163969101
05-01 07:49:36.636 16310 16310 I warp-android-host: warp_mobile_android_host::vulkan: present_ok frame=2339 ts=163969109
05-01 07:49:36.644 16310 16310 I warp-android-host: warp_mobile_android_host::vulkan: present_ok frame=2340 ts=163969118
05-01 07:49:36.653 16310 16310 I warp-android-host: warp_mobile_android_host::vulkan: present_ok frame=2341 ts=163969126
05-01 07:49:36.661 16310 16310 I warp-android-host: warp_mobile_android_host::vulkan: present_ok frame=2342 ts=163969134
05-01 07:49:36.669 16310 16310 I warp-android-host: warp_mobile_android_host::vulkan: present_ok frame=2343 ts=163969143
05-01 07:49:36.671  1802  2321 I CompositionEngine: [setDisplaySize] size=(434, 42)
05-01 07:49:36.678 16310 16310 I warp-android-host: warp_mobile_android_host::vulkan: present_ok frame=2344 ts=163969152
05-01 07:49:36.685 16310 16310 I warp-android-host: warp_mobile_android_host::vulkan: present_ok frame=2345 ts=163969159
05-01 07:49:36.693 16310 16310 I warp-android-host: warp_mobile_android_host::vulkan: present_ok frame=2346 ts=163969167
05-01 07:49:36.701 16310 16310 I warp-android-host: warp_mobile_android_host::vulkan: present_ok frame=2347 ts=163969175
05-01 07:49:36.710 16310 16310 I warp-android-host: warp_mobile_android_host::vulkan: present_ok frame=2348 ts=163969184
05-01 07:49:36.718 16310 16310 I warp-android-host: warp_mobile_android_host::vulkan: present_ok frame=2349 ts=163969192
05-01 07:49:36.721  2814  4051 D InputDispatcher: Inject motion (16937/2000): action=0x0, time=163969195000000, f=0x0, d=0 dsdx=1.000000 dtdx=0.000000
05-01 07:49:36.723  2814  3644 I InputDispatcher: Delivering touch to (3998): action: 0x4, f=0x0, d=0, 'c5a7fd5', t=1 
05-01 07:49:36.723  2814  3644 I InputDispatcher: Delivering touch to (16310): action: 0x0, f=0x0, d=0, '3ff34e4', t=1 
--------- beginning of system
05-01 07:49:36.724  2814  3644 D PowerManagerService: [api] userActivityFromNative : touch displayId=0 eventTime=163969195
05-01 07:49:36.723  7128  7128 I SDHMS:LOAD: type: LoadsFreqs, value: 29:0:2:938111:3398400:672000:935807:3148800:499200:231:231:231
05-01 07:49:36.725  2814  3005 I GestureDetector: obtain mCurrentDownEvent. id: -1026653691 caller: com.android.server.wm.SystemGesturesPointerEventListener.onPointerEvent:17 com.android.server.wm.PointerEventDispatcher.onInputEvent:51 android.view.InputEventReceiver.dispatchInputEvent:392 
05-01 07:49:36.725  2814  3005 I GestureDetector: obtain mCurrentDownEvent. id: -1026653691 caller: com.android.server.wm.SystemPerformancePointerEventListener.onPointerEvent:13 com.android.server.wm.PointerEventDispatcher.onInputEvent:51 android.view.InputEventReceiver.dispatchInputEvent:392 
05-01 07:49:36.725  4483  4483 I HoneySpace.GestureInputHandler: inputConsumers = [com.honeyspace.gesture.inputconsumer.InputConsumer$Companion$NO_OP$1@3c5d14e]
05-01 07:49:36.726  4483  4483 I HoneySpace.InputSession: inputConsumers = NO_OP
05-01 07:49:36.726  4483  4483 I HoneySpace.InputSession: open
05-01 07:49:36.726  2814  3644 D PowerManagerService: UserActivityStateListenerState: 1
05-01 07:49:36.726 16310 16310 I VRI[MainActivity]@afeb858: ViewPostIme pointer 0
05-01 07:49:36.727 16310 16310 I VRI[MainActivity]@afeb858: call setFrameRateCategory for touch hint category=high hint, reason=touch, vri=VRI[MainActivity]@afeb858
05-01 07:49:36.728  7128  7128 I SemDvfsHyPerManager: acquire hyper - TATouchBoost/7128@30, type = -999
05-01 07:49:36.728  7128  7128 I SemDvfsHyPerManager: acquire hyper - TA_TOUCH_SHARE/7128@31, type = -999
05-01 07:49:36.729  1684  1724 I HYPER-HAL: [RequestManager.cpp]acquire(): Acquired ID : 25622091  [7128 / 30]    HINT :      list : [TABoost / 1] [TIMEOUT / 1500] 
05-01 07:49:36.729 16310 16310 I warp-android-host: warp_mobile_android_host::vulkan: present_ok frame=2350 ts=163969203
05-01 07:49:36.729  1684  1724 I HYPER-HAL: [RequestManager.cpp]acquire(): Acquired ID : 25629251  [7128 / 31]    HINT : TA_TOUCH_SHARE    list : [TIMEOUT / 1500] 
05-01 07:49:36.731  2814  3005 I GestureDetector: obtain mCurrentMotionEventRaw. action: 2 id: -739763728
05-01 07:49:36.732  2814  3005 I GestureDetector: obtain mCurrentMotionEventRaw. action: 2 id: -739763728
05-01 07:49:36.732  2814  2814 I SemDvfsHyPerManager: acquire hyper - WM_SCROLL_DETECTED/2814@2, type = -999
05-01 07:49:36.732  1684  1724 I HYPER-HAL: [RequestManager.cpp]acquire(): Acquired ID : 3966338  [2814 / 2]    HINT :      list : [CoreNumBigMin / 3] 
05-01 07:49:36.734  1802  1802 I SurfaceFlinger: [dev.warp.mobile/dev.warp.mobile.MainActivity$_16310#43976] setFrameRateCategory: HighHint
05-01 07:49:36.736 16310 16310 I warp-android-host: warp_mobile_android_host::vulkan: present_ok frame=2351 ts=163969210
05-01 07:49:36.744 16310 16310 I warp-android-host: warp_mobile_android_host::vulkan: present_ok frame=2352 ts=163969217
05-01 07:49:36.746  1792  1822 E HeatmapThread: ECT Thread time in milliseconds: 1777592976
05-01 07:49:36.749  1792  1822 D HeatmapThread: !@ batteryplugType : 2
05-01 07:49:36.749  1792  1822 D HeatmapThread: !@ batteryLevel : 100  batteryTemperature : 320 
05-01 07:49:36.749  1792  1822 D HeatmapThread: !@ Heatmap currtime: 29626549
05-01 07:49:36.749  1792  1822 D HeatmapThread: !@ Heatmap prevtime: 29626524
05-01 07:49:36.749  1792  1822 D HeatmapThread: !@ Heatmap plugstarttime: 29625649
05-01 07:49:36.749  1792  1822 D HeatmapThread: !@ Heatmap prevv_dsoh_update_time: 29626542
05-01 07:49:36.749  1792  1822 E HeatmapThread: !@ CAM New BSOH: 100
05-01 07:49:36.750  1792  1822 E HeatmapThread: !@ CAM is Working
05-01 07:49:36.752 16310 16310 I warp-android-host: warp_mobile_android_host::vulkan: present_ok frame=2353 ts=163969226
05-01 07:49:36.761 16310 16310 I warp-android-host: warp_mobile_android_host::vulkan: present_ok frame=2354 ts=163969234
05-01 07:49:36.769 16310 16310 I warp-android-host: warp_mobile_android_host::vulkan: present_ok frame=2355 ts=163969243
05-01 07:49:36.772  1802  2321 I CompositionEngine: [setDisplaySize] size=(434, 42)
05-01 07:49:36.778 16310 16310 I warp-android-host: warp_mobile_android_host::vulkan: present_ok frame=2356 ts=163969252
05-01 07:49:36.786 16310 16310 I warp-android-host: warp_mobile_android_host::vulkan: present_ok frame=2357 ts=163969260
05-01 07:49:36.795 16310 16310 I warp-android-host: warp_mobile_android_host::vulkan: present_ok frame=2358 ts=163969268
05-01 07:49:36.803 16310 16310 I warp-android-host: warp_mobile_android_host::vulkan: present_ok frame=2359 ts=163969277
05-01 07:49:36.811 16310 16310 I warp-android-host: warp_mobile_android_host::vulkan: present_ok frame=2360 ts=163969285
05-01 07:49:36.820 16310 16310 I warp-android-host: warp_mobile_android_host::vulkan: present_ok frame=2361 ts=163969294
05-01 07:49:36.826  2814  4051 D InputDispatcher: Inject motion (16937/2000): action=0x1, time=163969300000000, f=0x0, d=0 dsdx=1.000000 dtdx=0.000000
05-01 07:49:36.827  2814  3644 I InputDispatcher: Delivering touch to (16310): action: 0x1, f=0x0, d=0, '3ff34e4', t=1 
05-01 07:49:36.828  4483  4483 I HoneySpace.GestureInputHandler: reset
05-01 07:49:36.828  4483  4483 I HoneySpace.InputSession: close
05-01 07:49:36.829 16310 16310 I warp-android-host: warp_mobile_android_host::vulkan: present_ok frame=2362 ts=163969302
05-01 07:49:36.829  2814  2814 I SemDvfsHyPerManager: acquire hyper - SMOOTH_SCROLL/2814@25, type = -999
05-01 07:49:36.829  2814  2814 I SemDvfsHyPerManager: acquire hyper - GESTURE_DETECTED_HRR/2814@29, type = -999
05-01 07:49:36.829  2814  2814 I SemDvfsHyPerManager: acquire hyper - GESTURE_DETECTED_HRR/2814@29, type = -999
05-01 07:49:36.829  7128  7128 I SemDvfsHyPerManager: acquire hyper - TATouchBoost/7128@30, type = -999
05-01 07:49:36.829 16310 16310 I VRI[MainActivity]@afeb858: ViewPostIme pointer 1
05-01 07:49:36.829  7128  7128 I SemDvfsHyPerManager: acquire hyper - TA_TOUCH_SHARE/7128@31, type = -999
05-01 07:49:36.830  1684  1724 I HYPER-HAL: [RequestManager.cpp]releaseLocked(): Released ID : 3966338
05-01 07:49:36.830  1684  1724 I HYPER-HAL: [RequestManager.cpp]acquire(): Acquired ID : 4042775  [2814 / 29]    HINT : GESTURE_DETECTED_HRR    list : [TIMEOUT / 2083] 
05-01 07:49:36.831  1684  1724 I HYPER-HAL: [RequestManager.cpp]acquire(): Acquired ID : 4042775  [2814 / 29]    HINT : GESTURE_DETECTED_HRR    list : [TIMEOUT / 2282] 
05-01 07:49:36.831  1684  1724 I HYPER-HAL: [RequestManager.cpp]acquire(): Acquired ID : 25622091  [7128 / 30]    HINT :      list : [TABoost / 1] [TIMEOUT / 1500] 
05-01 07:49:36.831  1684  1724 I HYPER-HAL: [RequestManager.cpp]acquire(): Acquired ID : 25629251  [7128 / 31]    HINT : TA_TOUCH_SHARE    list : [TIMEOUT / 1500] 
05-01 07:49:36.836 16310 16310 I warp-android-host: warp_mobile_android_host::vulkan: present_ok frame=2363 ts=163969309
05-01 07:49:36.844 16310 16310 I warp-android-host: warp_mobile_android_host::vulkan: present_ok frame=2364 ts=163969317
05-01 07:49:36.852 16310 16310 I warp-android-host: warp_mobile_android_host::vulkan: present_ok frame=2365 ts=163969326
05-01 07:49:36.860 16310 16310 I warp-android-host: warp_mobile_android_host::vulkan: present_ok frame=2366 ts=163969334
05-01 07:49:36.869 16310 16310 I warp-android-host: warp_mobile_android_host::vulkan: present_ok frame=2367 ts=163969342
05-01 07:49:36.872  1802  2321 I CompositionEngine: [setDisplaySize] size=(434, 42)
05-01 07:49:36.878 16310 16310 I warp-android-host: warp_mobile_android_host::vulkan: present_ok frame=2368 ts=163969351
05-01 07:49:36.885 16310 16310 I warp-android-host: warp_mobile_android_host::vulkan: present_ok frame=2369 ts=163969359
05-01 07:49:36.894 16310 16310 I warp-android-host: warp_mobile_android_host::vulkan: present_ok frame=2370 ts=163969368
05-01 07:49:36.902 16310 16310 I warp-android-host: warp_mobile_android_host::vulkan: present_ok frame=2371 ts=163969376
05-01 07:49:36.910 16310 16310 I warp-android-host: warp_mobile_android_host::vulkan: present_ok frame=2372 ts=163969384
05-01 07:49:36.919 16310 16310 I warp-android-host: warp_mobile_android_host::vulkan: present_ok frame=2373 ts=163969393
05-01 07:49:36.927 16310 16310 I warp-android-host: warp_mobile_android_host::vulkan: present_ok frame=2374 ts=163969401
05-01 07:49:36.935 16310 16310 I warp-android-host: warp_mobile_android_host::vulkan: present_ok frame=2375 ts=163969409
05-01 07:49:36.944 16310 16310 I warp-android-host: warp_mobile_android_host::vulkan: present_ok frame=2376 ts=163969418
05-01 07:49:36.952 16310 16310 I warp-android-host: warp_mobile_android_host::vulkan: present_ok frame=2377 ts=163969426
05-01 07:49:36.960 16310 16310 I warp-android-host: warp_mobile_android_host::vulkan: present_ok frame=2378 ts=163969434
05-01 07:49:36.965  1667  5349 I vendor.qti.bluetooth@1.1-ibs_handler: DeviceSleep: TX Awake, Sending SLEEP_IND
05-01 07:49:36.965  1667  5349 D vendor.qti.bluetooth@1.1-ibs_handler: SerialClockVote: vote for UART CLK OFF
05-01 07:49:36.969 16310 16310 I warp-android-host: warp_mobile_android_host::vulkan: present_ok frame=2379 ts=163969442
05-01 07:49:36.977 16310 16310 I warp-android-host: warp_mobile_android_host::vulkan: present_ok frame=2380 ts=163969451
05-01 07:49:36.977  1802  2321 I CompositionEngine: [setDisplaySize] size=(434, 42)
05-01 07:49:36.986 16310 16310 I warp-android-host: warp_mobile_android_host::vulkan: present_ok frame=2381 ts=163969459
05-01 07:49:36.990  2814  4051 W ActivityManager: Unable to start service Intent { act=com.skms.android.agent.remote.SKMSAgentProxyService xflg=0x4 pkg=com.skms.android.agent.remote } U=0: not found
05-01 07:49:36.994 16310 16310 I warp-android-host: warp_mobile_android_host::vulkan: present_ok frame=2382 ts=163969468
05-01 07:49:37.002 16310 16310 I warp-android-host: warp_mobile_android_host::vulkan: present_ok frame=2383 ts=163969476
05-01 07:49:37.010 16310 16310 I warp-android-host: warp_mobile_android_host::vulkan: present_ok frame=2384 ts=163969484
05-01 07:49:37.018 16310 16310 I warp-android-host: warp_mobile_android_host::vulkan: present_ok frame=2385 ts=163969492
05-01 07:49:37.026 16310 16310 I warp-android-host: warp_mobile_android_host::vulkan: present_ok frame=2386 ts=163969500
05-01 07:49:37.035 16310 16310 I warp-android-host: warp_mobile_android_host::vulkan: present_ok frame=2387 ts=163969509
05-01 07:49:37.043 16310 16310 I warp-android-host: warp_mobile_android_host::vulkan: present_ok frame=2388 ts=163969517
05-01 07:49:37.049  2814  4051 D InputDispatcher: Inject motion (17004/2000): action=0x0, time=163969523000000, f=0x0, d=0 dsdx=1.000000 dtdx=0.000000
05-01 07:49:37.050  2814  3644 I InputDispatcher: Delivering touch to (3998): action: 0x4, f=0x0, d=0, 'c5a7fd5', t=1 
05-01 07:49:37.051  2814  3644 I InputDispatcher: Delivering touch to (16310): action: 0x0, f=0x0, d=0, '3ff34e4', t=1 
05-01 07:49:37.052 16310 16310 I warp-android-host: warp_mobile_android_host::vulkan: present_ok frame=2389 ts=163969525
05-01 07:49:37.052 16310 16310 I VRI[MainActivity]@afeb858: ViewPostIme pointer 0
05-01 07:49:37.052 16310 16310 I WarpIme : touch_down x=540.0 y=1500.0
05-01 07:49:37.052 16310 16310 D warp-android-host: android_logger: android_logger: log::set_logger failed: attempted to set a logger after the logging system was already initialized
05-01 07:49:37.052 16310 16310 I warp-android-host: warp_mobile_android_host::input: input_event kind=touch_down x=540.0 y=1500.0 vx=0.0 vy=0.0 events_total=1
05-01 07:49:37.053  4483  4483 I HoneySpace.GestureInputHandler: inputConsumers = [com.honeyspace.gesture.inputconsumer.InputConsumer$Companion$NO_OP$1@3c5d14e]
05-01 07:49:37.053 16310 16310 I GestureDetector: obtain mCurrentDownEvent. id: -56309915 caller: dev.warp.mobile.WarpInputView.onTouchEvent:392 android.view.View.performOnTouchCallback:17234 android.view.View.dispatchTouchEvent:17187 
05-01 07:49:37.053  4483  4483 I HoneySpace.InputSession: inputConsumers = NO_OP
05-01 07:49:37.054  4483  4483 I HoneySpace.InputSession: open
05-01 07:49:37.054  2814  3005 I GestureDetector: obtain mCurrentDownEvent. id: -56309915 caller: com.android.server.wm.SystemGesturesPointerEventListener.onPointerEvent:17 com.android.server.wm.PointerEventDispatcher.onInputEvent:51 android.view.InputEventReceiver.dispatchInputEvent:392 
05-01 07:49:37.054  2814  3005 I GestureDetector: obtain mCurrentDownEvent. id: -56309915 caller: com.android.server.wm.SystemPerformancePointerEventListener.onPointerEvent:13 com.android.server.wm.PointerEventDispatcher.onInputEvent:51 android.view.InputEventReceiver.dispatchInputEvent:392 
05-01 07:49:37.055  7128  7128 I SemDvfsHyPerManager: acquire hyper - TATouchBoost/7128@30, type = -999
05-01 07:49:37.055  7128  7128 I SemDvfsHyPerManager: acquire hyper - TA_TOUCH_SHARE/7128@31, type = -999
05-01 07:49:37.056  1684  1724 I HYPER-HAL: [RequestManager.cpp]acquire(): Acquired ID : 25622091  [7128 / 30]    HINT :      list : [TABoost / 1] [TIMEOUT / 1500] 
05-01 07:49:37.056  1684  1724 I HYPER-HAL: [RequestManager.cpp]acquire(): Acquired ID : 25629251  [7128 / 31]    HINT : TA_TOUCH_SHARE    list : [TIMEOUT / 1500] 
05-01 07:49:37.059  2814  3005 I GestureDetector: obtain mCurrentMotionEventRaw. action: 2 id: -693535644
05-01 07:49:37.059  2814  3005 I GestureDetector: obtain mCurrentMotionEventRaw. action: 2 id: -693535644
05-01 07:49:37.060  2814  2814 I SemDvfsHyPerManager: acquire hyper - WM_SCROLL_DETECTED/2814@2, type = -999
05-01 07:49:37.060 16310 16310 I warp-android-host: warp_mobile_android_host::vulkan: present_ok frame=2390 ts=163969533
05-01 07:49:37.060  1684  1724 I HYPER-HAL: [RequestManager.cpp]acquire(): Acquired ID : 3966338  [2814 / 2]    HINT :      list : [CoreNumBigMin / 3] 
05-01 07:49:37.067 16310 16310 I GestureDetector: obtain mCurrentMotionEventRaw. action: 2 id: -693535644
05-01 07:49:37.068 16310 16310 D WarpIme : gesture_scroll x=540.0 y=1338.3838 dx=0.0 dy=161.61621 vx=-0.009590749 vy=-13000.02
05-01 07:49:37.068 16310 16310 D warp-android-host: android_logger: android_logger: log::set_logger failed: attempted to set a logger after the logging system was already initialized
05-01 07:49:37.068 16310 16310 I warp-android-host: warp_mobile_android_host::input: input_event kind=scroll x=540.0 y=1338.4 vx=-0.0 vy=-13000.0 events_total=2
05-01 07:49:37.068 16310 16310 D warp-android-host: android_logger: android_logger: log::set_logger failed: attempted to set a logger after the logging system was already initialized
05-01 07:49:37.068 16310 16310 I warp-android-host: warp_mobile_android_host: terminal_set_scroll_offset requested=0 clamped=0
05-01 07:49:37.072 16310 16310 I warp-android-host: warp_mobile_android_host::vulkan: dynamic_grid_fast_path_ok dt_ms=3 instances=667 fast_path_updates=6 full_reinits=1
05-01 07:49:37.074 16310 16310 I warp-android-host: warp_mobile_android_host::vulkan: present_ok frame=2391 ts=163969547
05-01 07:49:37.074 16310 16310 I warp-android-host: warp_mobile_android_host: terminal_push_frame_dynamic ok=true cells=1920 rows=24 cols=80
05-01 07:49:37.075 16310 16310 D WarpIme : gesture_scroll x=540.0 y=1230.1855 dx=0.0 dy=108.19824 vx=0.0 vy=-13000.109
05-01 07:49:37.075 16310 16310 D warp-android-host: android_logger: android_logger: log::set_logger failed: attempted to set a logger after the logging system was already initialized
05-01 07:49:37.075 16310 16310 I warp-android-host: warp_mobile_android_host::input: input_event kind=scroll x=540.0 y=1230.2 vx=0.0 vy=-13000.1 events_total=3
05-01 07:49:37.075 16310 16310 D warp-android-host: android_logger: android_logger: log::set_logger failed: attempted to set a logger after the logging system was already initialized
05-01 07:49:37.076 16310 16310 I warp-android-host: warp_mobile_android_host: terminal_set_scroll_offset requested=0 clamped=0
05-01 07:49:37.078  1802  2321 I CompositionEngine: [setDisplaySize] size=(434, 42)
05-01 07:49:37.078 16310 16310 I warp-android-host: warp_mobile_android_host::vulkan: present_ok frame=2392 ts=163969551
05-01 07:49:37.084 16310 16310 D WarpIme : gesture_scroll x=540.0 y=1121.9863 dx=0.0 dy=108.19922 vx=-0.061186206 vy=-13000.191
05-01 07:49:37.084 16310 16310 D warp-android-host: android_logger: android_logger: log::set_logger failed: attempted to set a logger after the logging system was already initialized
05-01 07:49:37.084 16310 16310 I warp-android-host: warp_mobile_android_host::input: input_event kind=scroll x=540.0 y=1122.0 vx=-0.1 vy=-13000.2 events_total=4
05-01 07:49:37.084 16310 16310 D warp-android-host: android_logger: android_logger: log::set_logger failed: attempted to set a logger after the logging system was already initialized
05-01 07:49:37.084 16310 16310 I warp-android-host: warp_mobile_android_host: terminal_set_scroll_offset requested=0 clamped=0
05-01 07:49:37.086 16310 16310 I warp-android-host: warp_mobile_android_host::vulkan: present_ok frame=2393 ts=163969560
05-01 07:49:37.092 16310 16310 D WarpIme : gesture_scroll x=540.0 y=1013.7871 dx=0.0 dy=108.19922 vx=0.0 vy=-12999.966
05-01 07:49:37.092 16310 16310 D warp-android-host: android_logger: android_logger: log::set_logger failed: attempted to set a logger after the logging system was already initialized
05-01 07:49:37.092 16310 16310 I warp-android-host: warp_mobile_android_host::input: input_event kind=scroll x=540.0 y=1013.8 vx=0.0 vy=-13000.0 events_total=5
05-01 07:49:37.092 16310 16310 D warp-android-host: android_logger: android_logger: log::set_logger failed: attempted to set a logger after the logging system was already initialized
05-01 07:49:37.092 16310 16310 I warp-android-host: warp_mobile_android_host: terminal_set_scroll_offset requested=0 clamped=0
05-01 07:49:37.094 16310 16310 I warp-android-host: warp_mobile_android_host::vulkan: present_ok frame=2394 ts=163969568
05-01 07:49:37.095 30192 15517 I NearbyMediums: Found Fast Ble Advertisements :
05-01 07:49:37.095 30192 15517 I NearbyMediums: BleAdvertisement { version=2, socketVersion=2, isFast=true, serviceIdHash=null, data=[ 0x23 0x30 0x36 0x57 0x41 0x11 0x34 0xa1 0xd0 0x2a 0x07 0xcb 0xfa 0x57 0xba 0x86 0x42 0xf7 0x15 0x94 0xcf 0xf4 0x6f ], deviceToken=[ 0xc7 0x1a ], rxAdvertisement=null } : 2 times.
05-01 07:49:37.095 30192 15517 I NearbyMediums: Total 2 fast advertisements from 1 unique advertisers.
05-01 07:49:37.096 30192 15517 I NearbyMediums: Current Tracked Scanning Clients are : {NearbyConnections.EnvironmentMonitor, NearbySharing, NearbyConnections.TxAdvertisement}
05-01 07:49:37.100 16310 16310 D WarpIme : gesture_scroll x=540.0 y=905.5869 dx=0.0 dy=108.200195 vx=-0.046490222 vy=-13000.062
05-01 07:49:37.100 16310 16310 D warp-android-host: android_logger: android_logger: log::set_logger failed: attempted to set a logger after the logging system was already initialized
05-01 07:49:37.101 16310 16310 I warp-android-host: warp_mobile_android_host::input: input_event kind=scroll x=540.0 y=905.6 vx=-0.0 vy=-13000.1 events_total=6
05-01 07:49:37.101 16310 16310 D warp-android-host: android_logger: android_logger: log::set_logger failed: attempted to set a logger after the logging system was already initialized
05-01 07:49:37.101 16310 16310 I warp-android-host: warp_mobile_android_host: terminal_set_scroll_offset requested=0 clamped=0
05-01 07:49:37.103 16310 16310 I warp-android-host: warp_mobile_android_host::vulkan: present_ok frame=2395 ts=163969576
05-01 07:49:37.109 16310 16310 D WarpIme : gesture_scroll x=540.0 y=797.3867 dx=0.0 dy=108.200195 vx=-0.030599954 vy=-12999.941
05-01 07:49:37.109 16310 16310 D warp-android-host: android_logger: android_logger: log::set_logger failed: attempted to set a logger after the logging system was already initialized
05-01 07:49:37.109 16310 16310 I warp-android-host: warp_mobile_android_host::input: input_event kind=scroll x=540.0 y=797.4 vx=-0.0 vy=-12999.9 events_total=7
05-01 07:49:37.109 16310 16310 D warp-android-host: android_logger: android_logger: log::set_logger failed: attempted to set a logger after the logging system was already initialized
05-01 07:49:37.109 16310 16310 I warp-android-host: warp_mobile_android_host: terminal_set_scroll_offset requested=0 clamped=0
05-01 07:49:37.111 16310 16310 I warp-android-host: warp_mobile_android_host::vulkan: present_ok frame=2396 ts=163969585
05-01 07:49:37.115  1667  4712 D vendor.qti.bluetooth@1.1-wake_lock: Release wakelock is released 
05-01 07:49:37.117 16310 16310 D WarpIme : gesture_scroll x=540.0 y=689.1875 dx=0.0 dy=108.19922 vx=-0.062737994 vy=-12999.894
05-01 07:49:37.117 16310 16310 D warp-android-host: android_logger: android_logger: log::set_logger failed: attempted to set a logger after the logging system was already initialized
05-01 07:49:37.117 16310 16310 I warp-android-host: warp_mobile_android_host::input: input_event kind=scroll x=540.0 y=689.2 vx=-0.1 vy=-12999.9 events_total=8
05-01 07:49:37.117 16310 16310 D warp-android-host: android_logger: android_logger: log::set_logger failed: attempted to set a logger after the logging system was already initialized
05-01 07:49:37.117 16310 16310 I warp-android-host: warp_mobile_android_host: terminal_set_scroll_offset requested=0 clamped=0
05-01 07:49:37.120 16310 16310 I warp-android-host: warp_mobile_android_host::vulkan: present_ok frame=2397 ts=163969594
05-01 07:49:37.126 16310 16310 D WarpIme : gesture_scroll x=540.0 y=580.9863 dx=0.0 dy=108.20117 vx=0.10157574 vy=-13000.074
05-01 07:49:37.126 16310 16310 D warp-android-host: android_logger: android_logger: log::set_logger failed: attempted to set a logger after the logging system was already initialized
05-01 07:49:37.126 16310 16310 I warp-android-host: warp_mobile_android_host::input: input_event kind=scroll x=540.0 y=581.0 vx=0.1 vy=-13000.1 events_total=9
05-01 07:49:37.126 16310 16310 D warp-android-host: android_logger: android_logger: log::set_logger failed: attempted to set a logger after the logging system was already initialized
05-01 07:49:37.126 16310 16310 I warp-android-host: warp_mobile_android_host: terminal_set_scroll_offset requested=0 clamped=0
05-01 07:49:37.128 16310 16310 I warp-android-host: warp_mobile_android_host::vulkan: present_ok frame=2398 ts=163969602
05-01 07:49:37.134 16310 16310 D WarpIme : gesture_scroll x=540.0 y=472.78516 dx=0.0 dy=108.20117 vx=0.0 vy=-13000.092
05-01 07:49:37.134 16310 16310 D warp-android-host: android_logger: android_logger: log::set_logger failed: attempted to set a logger after the logging system was already initialized
05-01 07:49:37.134 16310 16310 I warp-android-host: warp_mobile_android_host::input: input_event kind=scroll x=540.0 y=472.8 vx=0.0 vy=-13000.1 events_total=10
05-01 07:49:37.134 16310 16310 D warp-android-host: android_logger: android_logger: log::set_logger failed: attempted to set a logger after the logging system was already initialized
05-01 07:49:37.134 16310 16310 I warp-android-host: warp_mobile_android_host: terminal_set_scroll_offset requested=0 clamped=0
05-01 07:49:37.136 16310 16310 I warp-android-host: warp_mobile_android_host::vulkan: present_ok frame=2399 ts=163969610
05-01 07:49:37.142 16310 16310 D WarpIme : gesture_scroll x=540.0 y=364.58398 dx=0.0 dy=108.20117 vx=0.017195819 vy=-12999.957
05-01 07:49:37.142 16310 16310 D warp-android-host: android_logger: android_logger: log::set_logger failed: attempted to set a logger after the logging system was already initialized
05-01 07:49:37.142 16310 16310 I warp-android-host: warp_mobile_android_host::input: input_event kind=scroll x=540.0 y=364.6 vx=0.0 vy=-13000.0 events_total=11
05-01 07:49:37.142 16310 16310 D warp-android-host: android_logger: android_logger: log::set_logger failed: attempted to set a logger after the logging system was already initialized
05-01 07:49:37.143 16310 16310 I warp-android-host: warp_mobile_android_host: terminal_set_scroll_offset requested=0 clamped=0
05-01 07:49:37.145 16310 16310 I warp-android-host: warp_mobile_android_host::vulkan: present_ok frame=2400 ts=163969618
05-01 07:49:37.151 16310 16310 D WarpIme : gesture_scroll x=540.0 y=256.3838 dx=0.0 dy=108.200195 vx=-0.095298275 vy=-12999.933
05-01 07:49:37.151 16310 16310 D warp-android-host: android_logger: android_logger: log::set_logger failed: attempted to set a logger after the logging system was already initialized
05-01 07:49:37.151 16310 16310 I warp-android-host: warp_mobile_android_host::input: input_event kind=scroll x=540.0 y=256.4 vx=-0.1 vy=-12999.9 events_total=12
05-01 07:49:37.151 16310 16310 D warp-android-host: android_logger: android_logger: log::set_logger failed: attempted to set a logger after the logging system was already initialized
05-01 07:49:37.151 16310 16310 I warp-android-host: warp_mobile_android_host: terminal_set_scroll_offset requested=0 clamped=0
05-01 07:49:37.152  2814  4051 D InputDispatcher: Inject motion (17004/2000): action=0x1, time=163969626000000, f=0x0, d=0 dsdx=1.000000 dtdx=0.000000
05-01 07:49:37.152  2814  3644 I InputDispatcher: Delivering touch to (16310): action: 0x1, f=0x0, d=0, '3ff34e4', t=1 
05-01 07:49:37.153 16310 16310 I warp-android-host: warp_mobile_android_host::vulkan: present_ok frame=2401 ts=163969627
05-01 07:49:37.154 16310 16310 I VRI[MainActivity]@afeb858: ViewPostIme pointer 1
05-01 07:49:37.154 16310 16310 I WarpIme : touch_up x=540.0 y=200.0
05-01 07:49:37.154 16310 16310 D warp-android-host: android_logger: android_logger: log::set_logger failed: attempted to set a logger after the logging system was already initialized
05-01 07:49:37.154 16310 16310 I warp-android-host: warp_mobile_android_host::input: input_event kind=touch_up x=540.0 y=200.0 vx=0.0 vy=0.0 events_total=13
05-01 07:49:37.154  7128  7128 I SemDvfsHyPerManager: acquire hyper - TATouchBoost/7128@30, type = -999
05-01 07:49:37.154  7128  7128 I SemDvfsHyPerManager: acquire hyper - TA_TOUCH_SHARE/7128@31, type = -999
05-01 07:49:37.154 16310 16310 I WarpIme : gesture_fling vx=-0.095298275 vy=-12999.933
05-01 07:49:37.154  4483  4483 I HoneySpace.GestureInputHandler: reset
05-01 07:49:37.155  4483  4483 I HoneySpace.InputSession: close
05-01 07:49:37.155  2814  2814 I SemDvfsHyPerManager: acquire hyper - SMOOTH_SCROLL/2814@25, type = -999
05-01 07:49:37.155  2814  2814 I SemDvfsHyPerManager: acquire hyper - GESTURE_DETECTED_HRR/2814@29, type = -999
05-01 07:49:37.155  2814  2814 I SemDvfsHyPerManager: acquire hyper - GESTURE_DETECTED_HRR/2814@29, type = -999
05-01 07:49:37.156  1684  1724 I HYPER-HAL: [RequestManager.cpp]acquire(): Acquired ID : 25622091  [7128 / 30]    HINT :      list : [TABoost / 1] [TIMEOUT / 1500] 
05-01 07:49:37.157  1684  1724 I HYPER-HAL: [RequestManager.cpp]acquire(): Acquired ID : 25629251  [7128 / 31]    HINT : TA_TOUCH_SHARE    list : [TIMEOUT / 1500] 
05-01 07:49:37.157  1684  1724 I HYPER-HAL: [RequestManager.cpp]releaseLocked(): Released ID : 3966338
05-01 07:49:37.157  1684  1724 I HYPER-HAL: [RequestManager.cpp]acquire(): Acquired ID : 4042775  [2814 / 29]    HINT : GESTURE_DETECTED_HRR    list : [TIMEOUT / 2083] 
05-01 07:49:37.158  1684  1724 I HYPER-HAL: [RequestManager.cpp]acquire(): Acquired ID : 4042775  [2814 / 29]    HINT : GESTURE_DETECTED_HRR    list : [TIMEOUT / 2282] 
05-01 07:49:37.160 16310 16310 I warp-android-host: warp_mobile_android_host::vulkan: present_ok frame=2402 ts=163969634
05-01 07:49:37.168 16310 16310 I warp-android-host: warp_mobile_android_host::vulkan: present_ok frame=2403 ts=163969642
05-01 07:49:37.171 16310 16310 D warp-android-host: android_logger: android_logger: log::set_logger failed: attempted to set a logger after the logging system was already initialized
05-01 07:49:37.171 16310 16310 I warp-android-host: warp_mobile_android_host: terminal_set_scroll_offset requested=0 clamped=0
05-01 07:49:37.177 16310 16310 I warp-android-host: warp_mobile_android_host::vulkan: present_ok frame=2404 ts=163969650
05-01 07:49:37.178  1802  2321 I CompositionEngine: [setDisplaySize] size=(434, 42)
05-01 07:49:37.186 16310 16310 I warp-android-host: warp_mobile_android_host::vulkan: present_ok frame=2405 ts=163969659
05-01 07:49:37.187 16310 16310 D warp-android-host: android_logger: android_logger: log::set_logger failed: attempted to set a logger after the logging system was already initialized
05-01 07:49:37.187 16310 16310 I warp-android-host: warp_mobile_android_host: terminal_set_scroll_offset requested=0 clamped=0
05-01 07:49:37.193 16310 16310 I warp-android-host: warp_mobile_android_host::vulkan: present_ok frame=2406 ts=163969667
05-01 07:49:37.202 16310 16310 I warp-android-host: warp_mobile_android_host::vulkan: present_ok frame=2407 ts=163969676
05-01 07:49:37.204 16310 16310 D warp-android-host: android_logger: android_logger: log::set_logger failed: attempted to set a logger after the logging system was already initialized
05-01 07:49:37.204 16310 16310 I warp-android-host: warp_mobile_android_host: terminal_set_scroll_offset requested=0 clamped=0
05-01 07:49:37.210 16310 16310 I warp-android-host: warp_mobile_android_host::vulkan: present_ok frame=2408 ts=163969684
05-01 07:49:37.219 16310 16310 I warp-android-host: warp_mobile_android_host::vulkan: present_ok frame=2409 ts=163969692
05-01 07:49:37.219 16310 16310 D warp-android-host: android_logger: android_logger: log::set_logger failed: attempted to set a logger after the logging system was already initialized
05-01 07:49:37.219 16310 16310 I warp-android-host: warp_mobile_android_host: terminal_set_scroll_offset requested=0 clamped=0
05-01 07:49:37.227 16310 16310 I warp-android-host: warp_mobile_android_host::vulkan: present_ok frame=2410 ts=163969700
05-01 07:49:37.235 16310 16310 I warp-android-host: warp_mobile_android_host::vulkan: present_ok frame=2411 ts=163969709
05-01 07:49:37.235 16310 16310 D warp-android-host: android_logger: android_logger: log::set_logger failed: attempted to set a logger after the logging system was already initialized
05-01 07:49:37.235 16310 16310 I warp-android-host: warp_mobile_android_host: terminal_set_scroll_offset requested=0 clamped=0
05-01 07:49:37.243 16310 16310 I warp-android-host: warp_mobile_android_host::vulkan: present_ok frame=2412 ts=163969717
05-01 07:49:37.251 16310 16310 I warp-android-host: warp_mobile_android_host::vulkan: present_ok frame=2413 ts=163969725
05-01 07:49:37.252 16310 16310 D warp-android-host: android_logger: android_logger: log::set_logger failed: attempted to set a logger after the logging system was already initialized
05-01 07:49:37.252 16310 16310 I warp-android-host: warp_mobile_android_host: terminal_set_scroll_offset requested=0 clamped=0
05-01 07:49:37.260 16310 16310 I warp-android-host: warp_mobile_android_host::vulkan: present_ok frame=2414 ts=163969734
05-01 07:49:37.268 16310 16310 I warp-android-host: warp_mobile_android_host::vulkan: present_ok frame=2415 ts=163969742
05-01 07:49:37.269 16310 16310 D warp-android-host: android_logger: android_logger: log::set_logger failed: attempted to set a logger after the logging system was already initialized
05-01 07:49:37.269 16310 16310 I warp-android-host: warp_mobile_android_host: terminal_set_scroll_offset requested=0 clamped=0
05-01 07:49:37.277 16310 16310 I warp-android-host: warp_mobile_android_host::vulkan: present_ok frame=2416 ts=163969750
05-01 07:49:37.278  1802  2321 I CompositionEngine: [setDisplaySize] size=(434, 42)
05-01 07:49:37.285 16310 16310 I warp-android-host: warp_mobile_android_host::vulkan: present_ok frame=2417 ts=163969759
05-01 07:49:37.286 16310 16310 D warp-android-host: android_logger: android_logger: log::set_logger failed: attempted to set a logger after the logging system was already initialized
05-01 07:49:37.286 16310 16310 I warp-android-host: warp_mobile_android_host: terminal_set_scroll_offset requested=0 clamped=0
05-01 07:49:37.293 16310 16310 I warp-android-host: warp_mobile_android_host::vulkan: present_ok frame=2418 ts=163969767
05-01 07:49:37.302 16310 16310 I warp-android-host: warp_mobile_android_host::vulkan: present_ok frame=2419 ts=163969775
05-01 07:49:37.302 16310 16310 D warp-android-host: android_logger: android_logger: log::set_logger failed: attempted to set a logger after the logging system was already initialized
05-01 07:49:37.302 16310 16310 I warp-android-host: warp_mobile_android_host: terminal_set_scroll_offset requested=0 clamped=0
05-01 07:49:37.310 16310 16310 I warp-android-host: warp_mobile_android_host::vulkan: present_ok frame=2420 ts=163969783
05-01 07:49:37.318 16310 16310 I warp-android-host: warp_mobile_android_host::vulkan: present_ok frame=2421 ts=163969792
05-01 07:49:37.319 16310 16310 D warp-android-host: android_logger: android_logger: log::set_logger failed: attempted to set a logger after the logging system was already initialized
05-01 07:49:37.319 16310 16310 I warp-android-host: warp_mobile_android_host: terminal_set_scroll_offset requested=0 clamped=0
05-01 07:49:37.326 16310 16310 I warp-android-host: warp_mobile_android_host::vulkan: present_ok frame=2422 ts=163969800
05-01 07:49:37.335 16310 16310 I warp-android-host: warp_mobile_android_host::vulkan: present_ok frame=2423 ts=163969808
05-01 07:49:37.335 16310 16310 D warp-android-host: android_logger: android_logger: log::set_logger failed: attempted to set a logger after the logging system was already initialized
05-01 07:49:37.335 16310 16310 I warp-android-host: warp_mobile_android_host: terminal_set_scroll_offset requested=0 clamped=0
05-01 07:49:37.343 16310 16310 I warp-android-host: warp_mobile_android_host::vulkan: present_ok frame=2424 ts=163969817
05-01 07:49:37.351 16310 16310 I warp-android-host: warp_mobile_android_host::vulkan: present_ok frame=2425 ts=163969825
05-01 07:49:37.351 16310 16310 D warp-android-host: android_logger: android_logger: log::set_logger failed: attempted to set a logger after the logging system was already initialized
05-01 07:49:37.352 16310 16310 I warp-android-host: warp_mobile_android_host: terminal_set_scroll_offset requested=0 clamped=0
05-01 07:49:37.359 16310 16310 I warp-android-host: warp_mobile_android_host::vulkan: present_ok frame=2426 ts=163969833
05-01 07:49:37.367 16310 16310 I warp-android-host: warp_mobile_android_host::vulkan: present_ok frame=2427 ts=163969841
05-01 07:49:37.367 16310 16310 D warp-android-host: android_logger: android_logger: log::set_logger failed: attempted to set a logger after the logging system was already initialized
05-01 07:49:37.368 16310 16310 I warp-android-host: warp_mobile_android_host: terminal_set_scroll_offset requested=0 clamped=0
05-01 07:49:37.377 16310 16310 I warp-android-host: warp_mobile_android_host::vulkan: present_ok frame=2428 ts=163969850
05-01 07:49:37.378  1802  2321 I CompositionEngine: [setDisplaySize] size=(434, 42)
05-01 07:49:37.383  1672  6806 I sensors-hal: handle_sns_client_event:190, auto_rotation_debug_2 mode,255, type,1,0 acc,0.426,0.924,9.739, ar,0, ver,14, pedo,1,e,1,i,3
05-01 07:49:37.385 16310 16310 I warp-android-host: warp_mobile_android_host::vulkan: present_ok frame=2429 ts=163969859
05-01 07:49:37.386 16310 16310 D warp-android-host: android_logger: android_logger: log::set_logger failed: attempted to set a logger after the logging system was already initialized
05-01 07:49:37.386 16310 16310 I warp-android-host: warp_mobile_android_host: terminal_set_scroll_offset requested=0 clamped=0
05-01 07:49:37.393 16310 16310 I warp-android-host: warp_mobile_android_host::vulkan: present_ok frame=2430 ts=163969867
05-01 07:49:37.396  2814  4051 D InputDispatcher: Inject motion (17013/2000): action=0x0, time=163969870000000, f=0x0, d=0 dsdx=1.000000 dtdx=0.000000
05-01 07:49:37.398  2814  3644 I InputDispatcher: Delivering touch to (3998): action: 0x4, f=0x0, d=0, 'c5a7fd5', t=1 
05-01 07:49:37.398  2814  3644 I InputDispatcher: Delivering touch to (16310): action: 0x0, f=0x0, d=0, '3ff34e4', t=1 
05-01 07:49:37.398 16310 16310 I VRI[MainActivity]@afeb858: ViewPostIme pointer 0
05-01 07:49:37.400  4483  4483 I HoneySpace.GestureInputHandler: inputConsumers = [com.honeyspace.gesture.inputconsumer.InputConsumer$Companion$NO_OP$1@3c5d14e]
05-01 07:49:37.400  7128  7128 I SemDvfsHyPerManager: acquire hyper - TATouchBoost/7128@30, type = -999
05-01 07:49:37.400  4483  4483 I HoneySpace.InputSession: inputConsumers = NO_OP
05-01 07:49:37.401  7128  7128 I SemDvfsHyPerManager: acquire hyper - TA_TOUCH_SHARE/7128@31, type = -999
05-01 07:49:37.401  4483  4483 I HoneySpace.InputSession: open
05-01 07:49:37.401 16310 16310 I warp-android-host: warp_mobile_android_host::vulkan: present_ok frame=2431 ts=163969875
05-01 07:49:37.402  1684  1724 I HYPER-HAL: [RequestManager.cpp]acquire(): Acquired ID : 25622091  [7128 / 30]    HINT :      list : [TABoost / 1] [TIMEOUT / 1500] 
05-01 07:49:37.402  2814  3005 I GestureDetector: obtain mCurrentDownEvent. id: -101923027 caller: com.android.server.wm.SystemGesturesPointerEventListener.onPointerEvent:17 com.android.server.wm.PointerEventDispatcher.onInputEvent:51 android.view.InputEventReceiver.dispatchInputEvent:392 
05-01 07:49:37.402  2814  3005 I GestureDetector: obtain mCurrentDownEvent. id: -101923027 caller: com.android.server.wm.SystemPerformancePointerEventListener.onPointerEvent:13 com.android.server.wm.PointerEventDispatcher.onInputEvent:51 android.view.InputEventReceiver.dispatchInputEvent:392 
05-01 07:49:37.402 16310 16310 D warp-android-host: android_logger: android_logger: log::set_logger failed: attempted to set a logger after the logging system was already initialized
05-01 07:49:37.402 16310 16310 I warp-android-host: warp_mobile_android_host: terminal_set_scroll_offset requested=0 clamped=0
05-01 07:49:37.403  1684  1724 I HYPER-HAL: [RequestManager.cpp]acquire(): Acquired ID : 25629251  [7128 / 31]    HINT : TA_TOUCH_SHARE    list : [TIMEOUT / 1500] 
05-01 07:49:37.406  2814  3005 I GestureDetector: obtain mCurrentMotionEventRaw. action: 2 id: -107484197
05-01 07:49:37.406  2814  3005 I GestureDetector: obtain mCurrentMotionEventRaw. action: 2 id: -107484197
05-01 07:49:37.407  2814  2814 I SemDvfsHyPerManager: acquire hyper - WM_SCROLL_DETECTED/2814@2, type = -999
05-01 07:49:37.408  1684  1724 I HYPER-HAL: [RequestManager.cpp]acquire(): Acquired ID : 3966338  [2814 / 2]    HINT :      list : [CoreNumBigMin / 3] 
05-01 07:49:37.410 16310 16310 I warp-android-host: warp_mobile_android_host::vulkan: present_ok frame=2432 ts=163969884
05-01 07:49:37.419 16310 16310 I warp-android-host: warp_mobile_android_host::vulkan: present_ok frame=2433 ts=163969892
05-01 07:49:37.419 16310 16310 D warp-android-host: android_logger: android_logger: log::set_logger failed: attempted to set a logger after the logging system was already initialized
05-01 07:49:37.419 16310 16310 I warp-android-host: warp_mobile_android_host: terminal_set_scroll_offset requested=0 clamped=0
05-01 07:49:37.427 16310 16310 I warp-android-host: warp_mobile_android_host::vulkan: present_ok frame=2434 ts=163969901
05-01 07:49:37.435 16310 16310 I warp-android-host: warp_mobile_android_host::vulkan: present_ok frame=2435 ts=163969909
05-01 07:49:37.436 16310 16310 D warp-android-host: android_logger: android_logger: log::set_logger failed: attempted to set a logger after the logging system was already initialized
05-01 07:49:37.436 16310 16310 I warp-android-host: warp_mobile_android_host: terminal_set_scroll_offset requested=0 clamped=0
05-01 07:49:37.444 16310 16310 I warp-android-host: warp_mobile_android_host::vulkan: present_ok frame=2436 ts=163969918
05-01 07:49:37.452 16310 16310 I warp-android-host: warp_mobile_android_host::vulkan: present_ok frame=2437 ts=163969926
05-01 07:49:37.452 16310 16310 D warp-android-host: android_logger: android_logger: log::set_logger failed: attempted to set a logger after the logging system was already initialized
05-01 07:49:37.452 16310 16310 I warp-android-host: warp_mobile_android_host: terminal_set_scroll_offset requested=0 clamped=0
05-01 07:49:37.460 16310 16310 I warp-android-host: warp_mobile_android_host::vulkan: present_ok frame=2438 ts=163969934
05-01 07:49:37.468 16310 16310 I warp-android-host: warp_mobile_android_host::vulkan: present_ok frame=2439 ts=163969942
05-01 07:49:37.468 16310 16310 D warp-android-host: android_logger: android_logger: log::set_logger failed: attempted to set a logger after the logging system was already initialized
05-01 07:49:37.469 16310 16310 I warp-android-host: warp_mobile_android_host: terminal_set_scroll_offset requested=0 clamped=0
05-01 07:49:37.476 16310 16310 I warp-android-host: warp_mobile_android_host::vulkan: present_ok frame=2440 ts=163969950
05-01 07:49:37.479  1802  2321 I CompositionEngine: [setDisplaySize] size=(434, 42)
05-01 07:49:37.485 16310 16310 I warp-android-host: warp_mobile_android_host::vulkan: present_ok frame=2441 ts=163969959
05-01 07:49:37.486 16310 16310 D warp-android-host: android_logger: android_logger: log::set_logger failed: attempted to set a logger after the logging system was already initialized
05-01 07:49:37.486 16310 16310 I warp-android-host: warp_mobile_android_host: terminal_set_scroll_offset requested=0 clamped=0
05-01 07:49:37.494 16310 16310 I warp-android-host: warp_mobile_android_host::vulkan: present_ok frame=2442 ts=163969968
05-01 07:49:37.501  2814  4051 D InputDispatcher: Inject motion (17013/2000): action=0x1, time=163969974000000, f=0x0, d=0 dsdx=1.000000 dtdx=0.000000
05-01 07:49:37.501  2814  3644 I InputDispatcher: Delivering touch to (16310): action: 0x1, f=0x0, d=0, '3ff34e4', t=1 
05-01 07:49:37.502 16310 16310 I warp-android-host: warp_mobile_android_host::vulkan: present_ok frame=2443 ts=163969976
05-01 07:49:37.502 16310 16310 I VRI[MainActivity]@afeb858: ViewPostIme pointer 1
05-01 07:49:37.503 16310 16310 D warp-android-host: android_logger: android_logger: log::set_logger failed: attempted to set a logger after the logging system was already initialized
05-01 07:49:37.503 16310 16310 I warp-android-host: warp_mobile_android_host: terminal_set_scroll_offset requested=0 clamped=0
05-01 07:49:37.504  4483  4483 I HoneySpace.GestureInputHandler: reset
05-01 07:49:37.504  4483  4483 I HoneySpace.InputSession: close
05-01 07:49:37.504  7128  7128 I SemDvfsHyPerManager: acquire hyper - TATouchBoost/7128@30, type = -999
05-01 07:49:37.504  7128  7128 I SemDvfsHyPerManager: acquire hyper - TA_TOUCH_SHARE/7128@31, type = -999
05-01 07:49:37.504  1684  1724 I HYPER-HAL: [RequestManager.cpp]acquire(): Acquired ID : 25622091  [7128 / 30]    HINT :      list : [TABoost / 1] [TIMEOUT / 1500] 
05-01 07:49:37.505  1684  1724 I HYPER-HAL: [RequestManager.cpp]acquire(): Acquired ID : 25629251  [7128 / 31]    HINT : TA_TOUCH_SHARE    list : [TIMEOUT / 1500] 
05-01 07:49:37.505  2814  2814 I SemDvfsHyPerManager: acquire hyper - SMOOTH_SCROLL/2814@25, type = -999
05-01 07:49:37.506  2814  2814 I SemDvfsHyPerManager: acquire hyper - GESTURE_DETECTED_HRR/2814@29, type = -999
05-01 07:49:37.506  2814  2814 I SemDvfsHyPerManager: acquire hyper - GESTURE_DETECTED_HRR/2814@29, type = -999
05-01 07:49:37.507  1684  1724 I HYPER-HAL: [RequestManager.cpp]releaseLocked(): Released ID : 3966338
05-01 07:49:37.507  1684  1724 I HYPER-HAL: [RequestManager.cpp]acquire(): Acquired ID : 4042775  [2814 / 29]    HINT : GESTURE_DETECTED_HRR    list : [TIMEOUT / 2083] 
05-01 07:49:37.507  1684  1724 I HYPER-HAL: [RequestManager.cpp]acquire(): Acquired ID : 4042775  [2814 / 29]    HINT : GESTURE_DETECTED_HRR    list : [TIMEOUT / 2282] 
05-01 07:49:37.510 16310 16310 I warp-android-host: warp_mobile_android_host::vulkan: present_ok frame=2444 ts=163969984
05-01 07:49:37.518 16310 16310 I warp-android-host: warp_mobile_android_host::vulkan: present_ok frame=2445 ts=163969991
05-01 07:49:37.518 16310 16310 D warp-android-host: android_logger: android_logger: log::set_logger failed: attempted to set a logger after the logging system was already initialized
05-01 07:49:37.518 16310 16310 I warp-android-host: warp_mobile_android_host: terminal_set_scroll_offset requested=0 clamped=0
05-01 07:49:37.523  1667  5342 I vendor.qti.bluetooth@1.1-ibs_handler: ProcessIbsCmd: Received IBS_WAKE_IND: 0xFD
05-01 07:49:37.523  1667  5342 D vendor.qti.bluetooth@1.1-ibs_handler: SerialClockVote: vote for UART CLK ON
05-01 07:49:37.523  1667  5342 D vendor.qti.bluetooth@1.1-wake_lock: Acquire wakelock is acquired 
05-01 07:49:37.523  1667  5342 I vendor.qti.bluetooth@1.1-ibs_handler: ProcessIbsCmd: Writing IBS_WAKE_ACK
05-01 07:49:37.526 16310 16310 I warp-android-host: warp_mobile_android_host::vulkan: present_ok frame=2446 ts=163970000
05-01 07:49:37.534 16310 16310 I warp-android-host: warp_mobile_android_host::vulkan: present_ok frame=2447 ts=163970008
05-01 07:49:37.535 16310 16310 D warp-android-host: android_logger: android_logger: log::set_logger failed: attempted to set a logger after the logging system was already initialized
05-01 07:49:37.535 16310 16310 I warp-android-host: warp_mobile_android_host: terminal_set_scroll_offset requested=0 clamped=0
05-01 07:49:37.536  4283  5396 I ScanController: onScanResult to scannerId: 6- eventType=0x1b, addressType=1, address=XX:XX:XX:XX:7F:A1, primaryPhy=1, secondaryPhy=0, advertisingSid=0xff, txPower=127, rssi=-65, periodicAdvInt=0x0
05-01 07:49:37.543 16310 16310 I warp-android-host: warp_mobile_android_host::vulkan: present_ok frame=2448 ts=163970017
05-01 07:49:37.551 16310 16310 I warp-android-host: warp_mobile_android_host::vulkan: present_ok frame=2449 ts=163970025
05-01 07:49:37.559 16310 16310 I warp-android-host: warp_mobile_android_host::vulkan: present_ok frame=2450 ts=163970033
05-01 07:49:37.568 16310 16310 I warp-android-host: warp_mobile_android_host::vulkan: present_ok frame=2451 ts=163970042
05-01 07:49:37.568 16310 16310 D warp-android-host: android_logger: android_logger: log::set_logger failed: attempted to set a logger after the logging system was already initialized
05-01 07:49:37.568 16310 16310 I warp-android-host: warp_mobile_android_host: terminal_set_scroll_offset requested=0 clamped=0
05-01 07:49:37.570  1667  5342 I vendor.qti.bluetooth@1.1-ibs_handler: ProcessIbsCmd: Received IBS_SLEEP_IND: 0xFE
05-01 07:49:37.570  1667  5342 D vendor.qti.bluetooth@1.1-ibs_handler: SerialClockVote: vote for UART CLK OFF
05-01 07:49:37.576 16310 16310 I warp-android-host: warp_mobile_android_host::vulkan: present_ok frame=2452 ts=163970050
05-01 07:49:37.579  1802  2321 I CompositionEngine: [setDisplaySize] size=(434, 42)
